2026-01-06T08:13:02.9440316Z ##[group]Run dtolnay/rust-toolchain@stable
2026-01-06T08:13:02.9440657Z with:
2026-01-06T08:13:02.9440821Z   toolchain: stable
2026-01-06T08:13:02.9440998Z ##[endgroup]
2026-01-06T08:13:02.9660632Z ##[group]Run : parse toolchain version
2026-01-06T08:13:02.9660993Z [36;1m: parse toolchain version[0m
2026-01-06T08:13:02.9661236Z [36;1mif [[ -z $toolchain ]]; then[0m
2026-01-06T08:13:02.9661691Z [36;1m  # GitHub does not enforce `required: true` inputs itself. https://github.com/actions/runner/issues/1070[0m
2026-01-06T08:13:02.9662156Z [36;1m  echo "'toolchain' is a required input" >&2[0m
2026-01-06T08:13:02.9662411Z [36;1m  exit 1[0m
2026-01-06T08:13:02.9662685Z [36;1melif [[ $toolchain =~ ^stable' '[0-9]+' '(year|month|week|day)s?' 'ago$ ]]; then[0m
2026-01-06T08:13:02.9663028Z [36;1m  if [[ Windows == macOS ]]; then[0m
2026-01-06T08:13:02.9663448Z [36;1m    echo "toolchain=1.$((($(date -v-$(sed 's/stable \([0-9]*\) \(.\).*/\1\2/' <<< $toolchain) +%s)/60/60/24-16569)/7/6))" >> $GITHUB_OUTPUT[0m
2026-01-06T08:13:02.9663871Z [36;1m  else[0m
2026-01-06T08:13:02.9664195Z [36;1m    echo "toolchain=1.$((($(date --date "${toolchain#stable }" +%s)/60/60/24-16569)/7/6))" >> $GITHUB_OUTPUT[0m
2026-01-06T08:13:02.9664555Z [36;1m  fi[0m
2026-01-06T08:13:02.9664796Z [36;1melif [[ $toolchain =~ ^stable' 'minus' '[0-9]+' 'releases?$ ]]; then[0m
2026-01-06T08:13:02.9665230Z [36;1m  echo "toolchain=1.$((($(date +%s)/60/60/24-16569)/7/6-${toolchain//[^0-9]/}))" >> $GITHUB_OUTPUT[0m
2026-01-06T08:13:02.9665606Z [36;1melif [[ $toolchain =~ ^1\.[0-9]+$ ]]; then[0m
2026-01-06T08:13:02.9666443Z [36;1m  echo "toolchain=1.$((i=${toolchain#1.}, c=($(date +%s)/60/60/24-16569)/7/6, i+9*i*(10*i<=c)+90*i*(100*i<=c)))" >> $GITHUB_OUTPUT[0m
2026-01-06T08:13:02.9666835Z [36;1melse[0m
2026-01-06T08:13:02.9667034Z [36;1m  echo "toolchain=$toolchain" >> $GITHUB_OUTPUT[0m
2026-01-06T08:13:02.9667276Z [36;1mfi[0m
2026-01-06T08:13:02.9687924Z shell: C:\Program Files\Git\bin\bash.EXE --noprofile --norc -e -o pipefail {0}
2026-01-06T08:13:02.9688304Z env:
2026-01-06T08:13:02.9688457Z   toolchain: stable
2026-01-06T08:13:02.9688627Z ##[endgroup]
2026-01-06T08:13:03.0489883Z ##[group]Run : construct rustup command line
2026-01-06T08:13:03.0490198Z [36;1m: construct rustup command line[0m
2026-01-06T08:13:03.0490575Z [36;1mecho "targets=$(for t in ${targets//,/ }; do echo -n ' --target' $t; done)" >> $GITHUB_OUTPUT[0m
2026-01-06T08:13:03.0491088Z [36;1mecho "components=$(for c in ${components//,/ }; do echo -n ' --component' $c; done)" >> $GITHUB_OUTPUT[0m
2026-01-06T08:13:03.0491484Z [36;1mecho "downgrade=" >> $GITHUB_OUTPUT[0m
2026-01-06T08:13:03.0507115Z shell: C:\Program Files\Git\bin\bash.EXE --noprofile --norc -e -o pipefail {0}
2026-01-06T08:13:03.0507473Z env:
2026-01-06T08:13:03.0507613Z   targets: 
2026-01-06T08:13:03.0507760Z   components: 
2026-01-06T08:13:03.0507918Z ##[endgroup]
2026-01-06T08:13:03.1340998Z ##[group]Run : set $CARGO_HOME
2026-01-06T08:13:03.1341265Z [36;1m: set $CARGO_HOME[0m
2026-01-06T08:13:03.1341559Z [36;1mecho CARGO_HOME=${CARGO_HOME:-"$USERPROFILE\.cargo"} >> $GITHUB_ENV[0m
2026-01-06T08:13:03.1356117Z shell: C:\Program Files\Git\bin\bash.EXE --noprofile --norc -e -o pipefail {0}
2026-01-06T08:13:03.1356479Z ##[endgroup]
2026-01-06T08:13:03.1980195Z ##[group]Run : install rustup if needed on windows
2026-01-06T08:13:03.1980520Z [36;1m: install rustup if needed on windows[0m
2026-01-06T08:13:03.1980788Z [36;1mif ! command -v rustup &>/dev/null; then[0m
2026-01-06T08:13:03.1981429Z [36;1m  curl --proto '=https' --tlsv1.2 --retry 10 --retry-connrefused --location --silent --show-error --fail https://win.rustup.rs/x86_64 --output 'D:\a\_temp\rustup-init.exe'[0m
2026-01-06T08:13:03.1982312Z [36;1m  'D:\a\_temp\rustup-init.exe' --default-toolchain none --no-modify-path -y[0m
2026-01-06T08:13:03.1982664Z [36;1m  echo "$CARGO_HOME\bin" >> $GITHUB_PATH[0m
2026-01-06T08:13:03.1982885Z [36;1mfi[0m
2026-01-06T08:13:03.1997858Z shell: C:\Program Files\Git\bin\bash.EXE --noprofile --norc -e -o pipefail {0}
2026-01-06T08:13:03.2000554Z env:
2026-01-06T08:13:03.2000741Z   CARGO_HOME: C:\Users\runneradmin\.cargo
2026-01-06T08:13:03.2000969Z ##[endgroup]
2026-01-06T08:13:03.7168724Z ##[group]Run rustup toolchain install stable --profile minimal --no-self-update
2026-01-06T08:13:03.7169225Z [36;1mrustup toolchain install stable --profile minimal --no-self-update[0m
2026-01-06T08:13:03.7184565Z shell: C:\Program Files\Git\bin\bash.EXE --noprofile --norc -e -o pipefail {0}
2026-01-06T08:13:03.7184915Z env:
2026-01-06T08:13:03.7185086Z   CARGO_HOME: C:\Users\runneradmin\.cargo
2026-01-06T08:13:03.7185351Z   RUSTUP_PERMIT_COPY_RENAME: 1
2026-01-06T08:13:03.7185548Z ##[endgroup]
2026-01-06T08:13:11.9211908Z info: syncing channel updates for 'stable-x86_64-pc-windows-msvc'
2026-01-06T08:13:12.8505197Z 
2026-01-06T08:13:12.8702055Z   stable-x86_64-pc-windows-msvc unchanged - rustc 1.92.0 (ded5c06cf 2025-12-08)
2026-01-06T08:13:12.8703152Z 
2026-01-06T08:13:12.8914734Z ##[group]Run rustup default stable
2026-01-06T08:13:12.8914994Z [36;1mrustup default stable[0m
2026-01-06T08:13:12.8928286Z shell: C:\Program Files\Git\bin\bash.EXE --noprofile --norc -e -o pipefail {0}
2026-01-06T08:13:12.8928625Z env:
2026-01-06T08:13:12.8928799Z   CARGO_HOME: C:\Users\runneradmin\.cargo
2026-01-06T08:13:12.8929033Z ##[endgroup]
2026-01-06T08:13:12.9798464Z info: using existing install for 'stable-x86_64-pc-windows-msvc'
2026-01-06T08:13:13.0400188Z info: default toolchain set to 'stable-x86_64-pc-windows-msvc'
2026-01-06T08:13:13.0400574Z 
2026-01-06T08:13:13.0599456Z   stable-x86_64-pc-windows-msvc unchanged - rustc 1.92.0 (ded5c06cf 2025-12-08)
2026-01-06T08:13:13.0599826Z 
2026-01-06T08:13:13.0800630Z ##[group]Run : create cachekey
2026-01-06T08:13:13.0800886Z [36;1m: create cachekey[0m
2026-01-06T08:13:13.0801309Z [36;1mDATE=$(rustc +stable --version --verbose | sed -ne 's/^commit-date: \(20[0-9][0-9]\)-\([01][0-9]\)-\([0-3][0-9]\)$/\1\2\3/p')[0m
2026-01-06T08:13:13.0801864Z [36;1mHASH=$(rustc +stable --version --verbose | sed -ne 's/^commit-hash: //p')[0m
2026-01-06T08:13:13.0802287Z [36;1mecho "cachekey=$(echo $DATE$HASH | head -c12)" >> $GITHUB_OUTPUT[0m
2026-01-06T08:13:13.0816569Z shell: C:\Program Files\Git\bin\bash.EXE --noprofile --norc -e -o pipefail {0}
2026-01-06T08:13:13.0816925Z env:
2026-01-06T08:13:13.0817098Z   CARGO_HOME: C:\Users\runneradmin\.cargo
2026-01-06T08:13:13.0817342Z ##[endgroup]
2026-01-06T08:13:14.8091488Z ##[group]Run : disable incremental compilation
2026-01-06T08:13:14.8091817Z [36;1m: disable incremental compilation[0m
2026-01-06T08:13:14.8092106Z [36;1mif [ -z "${CARGO_INCREMENTAL+set}" ]; then[0m
2026-01-06T08:13:14.8092385Z [36;1m  echo CARGO_INCREMENTAL=0 >> $GITHUB_ENV[0m
2026-01-06T08:13:14.8092618Z [36;1mfi[0m
2026-01-06T08:13:14.8107866Z shell: C:\Program Files\Git\bin\bash.EXE --noprofile --norc -e -o pipefail {0}
2026-01-06T08:13:14.8108214Z env:
2026-01-06T08:13:14.8108399Z   CARGO_HOME: C:\Users\runneradmin\.cargo
2026-01-06T08:13:14.8108624Z ##[endgroup]
2026-01-06T08:13:14.8665254Z ##[group]Run : enable colors in Cargo output
2026-01-06T08:13:14.8665551Z [36;1m: enable colors in Cargo output[0m
2026-01-06T08:13:14.8665822Z [36;1mif [ -z "${CARGO_TERM_COLOR+set}" ]; then[0m
2026-01-06T08:13:14.8666108Z [36;1m  echo CARGO_TERM_COLOR=always >> $GITHUB_ENV[0m
2026-01-06T08:13:14.8666540Z [36;1mfi[0m
2026-01-06T08:13:14.8680171Z shell: C:\Program Files\Git\bin\bash.EXE --noprofile --norc -e -o pipefail {0}
2026-01-06T08:13:14.8680510Z env:
2026-01-06T08:13:14.8681404Z   CARGO_HOME: C:\Users\runneradmin\.cargo
2026-01-06T08:13:14.8681642Z   CARGO_INCREMENTAL: 0
2026-01-06T08:13:14.8681811Z ##[endgroup]
2026-01-06T08:13:14.9249993Z ##[group]Run : enable Cargo sparse registry
2026-01-06T08:13:14.9250312Z [36;1m: enable Cargo sparse registry[0m
2026-01-06T08:13:14.9250629Z [36;1m# implemented in 1.66, stabilized in 1.68, made default in 1.70[0m
2026-01-06T08:13:14.9251896Z [36;1mif [ -z "${CARGO_REGISTRIES_CRATES_IO_PROTOCOL+set}" -o -f "D:\a\_temp"/.implicit_cargo_registries_crates_io_protocol ]; then[0m
2026-01-06T08:13:14.9252478Z [36;1m  if rustc +stable --version --verbose | grep -q '^release: 1\.6[89]\.'; then[0m
2026-01-06T08:13:14.9252917Z [36;1m    touch "D:\a\_temp"/.implicit_cargo_registries_crates_io_protocol || true[0m
2026-01-06T08:13:14.9253325Z [36;1m    echo CARGO_REGISTRIES_CRATES_IO_PROTOCOL=sparse >> $GITHUB_ENV[0m
2026-01-06T08:13:14.9253753Z [36;1m  elif rustc +stable --version --verbose | grep -q '^release: 1\.6[67]\.'; then[0m
2026-01-06T08:13:14.9254200Z [36;1m    touch "D:\a\_temp"/.implicit_cargo_registries_crates_io_protocol || true[0m
2026-01-06T08:13:14.9254601Z [36;1m    echo CARGO_REGISTRIES_CRATES_IO_PROTOCOL=git >> $GITHUB_ENV[0m
2026-01-06T08:13:14.9254886Z [36;1m  fi[0m
2026-01-06T08:13:14.9255040Z [36;1mfi[0m
2026-01-06T08:13:14.9269595Z shell: C:\Program Files\Git\bin\bash.EXE --noprofile --norc -e -o pipefail {0}
2026-01-06T08:13:14.9269957Z env:
2026-01-06T08:13:14.9270131Z   CARGO_HOME: C:\Users\runneradmin\.cargo
2026-01-06T08:13:14.9270378Z   CARGO_INCREMENTAL: 0
2026-01-06T08:13:14.9270557Z   CARGO_TERM_COLOR: always
2026-01-06T08:13:14.9270750Z ##[endgroup]
2026-01-06T08:13:15.1470416Z ##[group]Run : work around spurious network errors in curl 8.0
2026-01-06T08:13:15.1470981Z [36;1m: work around spurious network errors in curl 8.0[0m
2026-01-06T08:13:15.1471476Z [36;1m# https://rust-lang.zulipchat.com/#narrow/stream/246057-t-cargo/topic/timeout.20investigation[0m
2026-01-06T08:13:15.1472567Z [36;1mif rustc +stable --version --verbose | grep -q '^release: 1\.7[01]\.'; then[0m
2026-01-06T08:13:15.1474814Z [36;1m  echo CARGO_HTTP_MULTIPLEXING=false >> $GITHUB_ENV[0m
2026-01-06T08:13:15.1475465Z [36;1mfi[0m
2026-01-06T08:13:15.1491659Z shell: C:\Program Files\Git\bin\bash.EXE --noprofile --norc -e -o pipefail {0}
2026-01-06T08:13:15.1491999Z env:
2026-01-06T08:13:15.1492326Z   CARGO_HOME: C:\Users\runneradmin\.cargo
2026-01-06T08:13:15.1492660Z   CARGO_INCREMENTAL: 0
2026-01-06T08:13:15.1492843Z   CARGO_TERM_COLOR: always
2026-01-06T08:13:15.1493029Z ##[endgroup]
2026-01-06T08:13:15.2907183Z ##[group]Run rustc +stable --version --verbose
2026-01-06T08:13:15.2907696Z [36;1mrustc +stable --version --verbose[0m
2026-01-06T08:13:15.2930920Z shell: C:\Program Files\Git\bin\bash.EXE --noprofile --norc -e -o pipefail {0}
2026-01-06T08:13:15.2931521Z env:
2026-01-06T08:13:15.2931799Z   CARGO_HOME: C:\Users\runneradmin\.cargo
2026-01-06T08:13:15.2932204Z   CARGO_INCREMENTAL: 0
2026-01-06T08:13:15.2932532Z   CARGO_TERM_COLOR: always
2026-01-06T08:13:15.2932853Z ##[endgroup]
2026-01-06T08:13:15.3773700Z rustc 1.92.0 (ded5c06cf 2025-12-08)
2026-01-06T08:13:15.3774329Z binary: rustc
2026-01-06T08:13:15.3775200Z commit-hash: ded5c06cf21d2b93bffd5d884aa6e96934ee4234
2026-01-06T08:13:15.3775832Z commit-date: 2025-12-08
2026-01-06T08:13:15.3776294Z host: x86_64-pc-windows-msvc
2026-01-06T08:13:15.3776796Z release: 1.92.0
2026-01-06T08:13:15.3777190Z LLVM version: 21.1.3
