check (windows-latest)	Set up job	ï»¿2026-01-03T18:10:26.5301664Z Current runner version: '2.330.0'
check (windows-latest)	Set up job	2026-01-03T18:10:26.5358765Z ##[group]Runner Image Provisioner
check (windows-latest)	Set up job	2026-01-03T18:10:26.5360052Z Hosted Compute Agent
check (windows-latest)	Set up job	2026-01-03T18:10:26.5360804Z Version: 20251211.462
check (windows-latest)	Set up job	2026-01-03T18:10:26.5361704Z Commit: 6cbad8c2bb55d58165063d031ccabf57e2d2db61
check (windows-latest)	Set up job	2026-01-03T18:10:26.5362851Z Build Date: 2025-12-11T16:28:49Z
check (windows-latest)	Set up job	2026-01-03T18:10:26.5363895Z Worker ID: {6fff882e-9e32-4d16-852c-fbc7bb315960}
check (windows-latest)	Set up job	2026-01-03T18:10:26.5364933Z ##[endgroup]
check (windows-latest)	Set up job	2026-01-03T18:10:26.5365777Z ##[group]Operating System
check (windows-latest)	Set up job	2026-01-03T18:10:26.5366716Z Microsoft Windows Server 2025
check (windows-latest)	Set up job	2026-01-03T18:10:26.5367574Z 10.0.26100
check (windows-latest)	Set up job	2026-01-03T18:10:26.5368332Z Datacenter
check (windows-latest)	Set up job	2026-01-03T18:10:26.5369007Z ##[endgroup]
check (windows-latest)	Set up job	2026-01-03T18:10:26.5369739Z ##[group]Runner Image
check (windows-latest)	Set up job	2026-01-03T18:10:26.5370507Z Image: windows-2025
check (windows-latest)	Set up job	2026-01-03T18:10:26.5371279Z Version: 20251216.149.1
check (windows-latest)	Set up job	2026-01-03T18:10:26.5372935Z Included Software: https://github.com/actions/runner-images/blob/win25/20251216.149/images/windows/Windows2025-Readme.md
check (windows-latest)	Set up job	2026-01-03T18:10:26.5376102Z Image Release: https://github.com/actions/runner-images/releases/tag/win25%2F20251216.149
check (windows-latest)	Set up job	2026-01-03T18:10:26.5377995Z ##[endgroup]
check (windows-latest)	Set up job	2026-01-03T18:10:26.5379758Z ##[group]GITHUB_TOKEN Permissions
check (windows-latest)	Set up job	2026-01-03T18:10:26.5382173Z Contents: read
check (windows-latest)	Set up job	2026-01-03T18:10:26.5383051Z Metadata: read
check (windows-latest)	Set up job	2026-01-03T18:10:26.5383812Z Packages: read
check (windows-latest)	Set up job	2026-01-03T18:10:26.5384597Z ##[endgroup]
check (windows-latest)	Set up job	2026-01-03T18:10:26.5387364Z Secret source: Actions
check (windows-latest)	Set up job	2026-01-03T18:10:26.5388455Z Prepare workflow directory
check (windows-latest)	Set up job	2026-01-03T18:10:26.5908976Z Prepare all required actions
check (windows-latest)	Set up job	2026-01-03T18:10:26.5964503Z Getting action download info
check (windows-latest)	Set up job	2026-01-03T18:10:27.1092263Z Download action repository 'actions/checkout@v4' (SHA:34e114876b0b11c390a56381ad16ebd13914f8d5)
check (windows-latest)	Set up job	2026-01-03T18:10:27.2292561Z Download action repository 'actions/setup-node@v4' (SHA:49933ea5288caeca8642d1e84afbd3f7d6820020)
check (windows-latest)	Set up job	2026-01-03T18:10:27.3899716Z Download action repository 'dtolnay/rust-toolchain@stable' (SHA:4be9e76fd7c4901c61fb841f559994984270fce7)
check (windows-latest)	Set up job	2026-01-03T18:10:27.7652093Z Download action repository 'Swatinem/rust-cache@v2' (SHA:779680da715d629ac1d338a641029a2f4372abb5)
check (windows-latest)	Set up job	2026-01-03T18:10:28.4913377Z Complete job name: check (windows-latest)
check (windows-latest)	Checkout repository	ï»¿2026-01-03T18:10:28.6368836Z ##[group]Run actions/checkout@v4
check (windows-latest)	Checkout repository	2026-01-03T18:10:28.6370896Z with:
check (windows-latest)	Checkout repository	2026-01-03T18:10:28.6371706Z   repository: ImL1s/screen_inu
check (windows-latest)	Checkout repository	2026-01-03T18:10:28.6373032Z   token: ***
check (windows-latest)	Checkout repository	2026-01-03T18:10:28.6373803Z   ssh-strict: true
check (windows-latest)	Checkout repository	2026-01-03T18:10:28.6374587Z   ssh-user: git
check (windows-latest)	Checkout repository	2026-01-03T18:10:28.6375379Z   persist-credentials: true
check (windows-latest)	Checkout repository	2026-01-03T18:10:28.6376268Z   clean: true
check (windows-latest)	Checkout repository	2026-01-03T18:10:28.6377065Z   sparse-checkout-cone-mode: true
check (windows-latest)	Checkout repository	2026-01-03T18:10:28.6377932Z   fetch-depth: 1
check (windows-latest)	Checkout repository	2026-01-03T18:10:28.6378564Z   fetch-tags: false
check (windows-latest)	Checkout repository	2026-01-03T18:10:28.6379204Z   show-progress: true
check (windows-latest)	Checkout repository	2026-01-03T18:10:28.6379849Z   lfs: false
check (windows-latest)	Checkout repository	2026-01-03T18:10:28.6380439Z   submodules: false
check (windows-latest)	Checkout repository	2026-01-03T18:10:28.6381082Z   set-safe-directory: true
check (windows-latest)	Checkout repository	2026-01-03T18:10:28.6382075Z ##[endgroup]
check (windows-latest)	Checkout repository	2026-01-03T18:10:28.8260575Z Syncing repository: ImL1s/screen_inu
check (windows-latest)	Checkout repository	2026-01-03T18:10:28.8264267Z ##[group]Getting Git version info
check (windows-latest)	Checkout repository	2026-01-03T18:10:28.8265908Z Working directory is 'D:\a\screen_inu\screen_inu'
check (windows-latest)	Checkout repository	2026-01-03T18:10:28.9439194Z [command]"C:\Program Files\Git\bin\git.exe" version
check (windows-latest)	Checkout repository	2026-01-03T18:10:29.1208505Z git version 2.52.0.windows.1
check (windows-latest)	Checkout repository	2026-01-03T18:10:29.1270246Z ##[endgroup]
check (windows-latest)	Checkout repository	2026-01-03T18:10:29.1297357Z Temporarily overriding HOME='D:\a\_temp\39db8c94-cac3-4d82-aca3-7eb4e7fdc2e1' before making global git config changes
check (windows-latest)	Checkout repository	2026-01-03T18:10:29.1300845Z Adding repository directory to the temporary git global config as a safe directory
check (windows-latest)	Checkout repository	2026-01-03T18:10:29.1309145Z [command]"C:\Program Files\Git\bin\git.exe" config --global --add safe.directory D:\a\screen_inu\screen_inu
check (windows-latest)	Checkout repository	2026-01-03T18:10:29.1631095Z Deleting the contents of 'D:\a\screen_inu\screen_inu'
check (windows-latest)	Checkout repository	2026-01-03T18:10:29.1639384Z ##[group]Initializing the repository
check (windows-latest)	Checkout repository	2026-01-03T18:10:29.1653943Z [command]"C:\Program Files\Git\bin\git.exe" init D:\a\screen_inu\screen_inu
check (windows-latest)	Checkout repository	2026-01-03T18:10:29.2157227Z Initialized empty Git repository in D:/a/screen_inu/screen_inu/.git/
check (windows-latest)	Checkout repository	2026-01-03T18:10:29.2210277Z [command]"C:\Program Files\Git\bin\git.exe" remote add origin https://github.com/ImL1s/screen_inu
check (windows-latest)	Checkout repository	2026-01-03T18:10:29.2543472Z ##[endgroup]
check (windows-latest)	Checkout repository	2026-01-03T18:10:29.2545485Z ##[group]Disabling automatic garbage collection
check (windows-latest)	Checkout repository	2026-01-03T18:10:29.2554349Z [command]"C:\Program Files\Git\bin\git.exe" config --local gc.auto 0
check (windows-latest)	Checkout repository	2026-01-03T18:10:29.2859713Z ##[endgroup]
check (windows-latest)	Checkout repository	2026-01-03T18:10:29.2861508Z ##[group]Setting up auth
check (windows-latest)	Checkout repository	2026-01-03T18:10:29.2873590Z [command]"C:\Program Files\Git\bin\git.exe" config --local --name-only --get-regexp core\.sshCommand
check (windows-latest)	Checkout repository	2026-01-03T18:10:29.3285078Z [command]"C:\Program Files\Git\bin\git.exe" submodule foreach --recursive "sh -c \"git config --local --name-only --get-regexp 'core\.sshCommand' && git config --local --unset-all 'core.sshCommand' || :\""
check (windows-latest)	Checkout repository	2026-01-03T18:10:30.3262403Z [command]"C:\Program Files\Git\bin\git.exe" config --local --name-only --get-regexp http\.https\:\/\/github\.com\/\.extraheader
check (windows-latest)	Checkout repository	2026-01-03T18:10:30.3576842Z [command]"C:\Program Files\Git\bin\git.exe" submodule foreach --recursive "sh -c \"git config --local --name-only --get-regexp 'http\.https\:\/\/github\.com\/\.extraheader' && git config --local --unset-all 'http.https://github.com/.extraheader' || :\""
check (windows-latest)	Checkout repository	2026-01-03T18:10:30.9575127Z [command]"C:\Program Files\Git\bin\git.exe" config --local --name-only --get-regexp ^includeIf\.gitdir:
check (windows-latest)	Checkout repository	2026-01-03T18:10:30.9906953Z [command]"C:\Program Files\Git\bin\git.exe" submodule foreach --recursive "git config --local --show-origin --name-only --get-regexp remote.origin.url"
check (windows-latest)	Checkout repository	2026-01-03T18:10:31.5770455Z [command]"C:\Program Files\Git\bin\git.exe" config --local http.https://github.com/.extraheader "AUTHORIZATION: basic ***"
check (windows-latest)	Checkout repository	2026-01-03T18:10:31.6079358Z ##[endgroup]
check (windows-latest)	Checkout repository	2026-01-03T18:10:31.6080465Z ##[group]Fetching the repository
check (windows-latest)	Checkout repository	2026-01-03T18:10:31.6099592Z [command]"C:\Program Files\Git\bin\git.exe" -c protocol.version=2 fetch --no-tags --prune --no-recurse-submodules --depth=1 origin +03ff4f0d66b7c4a08b8bbb5d60764c487adf54b9:refs/remotes/pull/2/merge
check (windows-latest)	Checkout repository	2026-01-03T18:10:35.9850455Z From https://github.com/ImL1s/screen_inu
check (windows-latest)	Checkout repository	2026-01-03T18:10:35.9855298Z  * [new ref]         03ff4f0d66b7c4a08b8bbb5d60764c487adf54b9 -> pull/2/merge
check (windows-latest)	Checkout repository	2026-01-03T18:10:36.0043838Z ##[endgroup]
check (windows-latest)	Checkout repository	2026-01-03T18:10:36.0044701Z ##[group]Determining the checkout info
check (windows-latest)	Checkout repository	2026-01-03T18:10:36.0046644Z ##[endgroup]
check (windows-latest)	Checkout repository	2026-01-03T18:10:36.0062854Z [command]"C:\Program Files\Git\bin\git.exe" sparse-checkout disable
check (windows-latest)	Checkout repository	2026-01-03T18:10:36.0443608Z [command]"C:\Program Files\Git\bin\git.exe" config --local --unset-all extensions.worktreeConfig
check (windows-latest)	Checkout repository	2026-01-03T18:10:36.0762826Z ##[group]Checking out the ref
check (windows-latest)	Checkout repository	2026-01-03T18:10:36.0774952Z [command]"C:\Program Files\Git\bin\git.exe" checkout --progress --force refs/remotes/pull/2/merge
check (windows-latest)	Checkout repository	2026-01-03T18:10:37.3571082Z Updating files:  63% (161/255)
check (windows-latest)	Checkout repository	2026-01-03T18:10:37.3586171Z Updating files:  64% (164/255)
check (windows-latest)	Checkout repository	2026-01-03T18:10:37.3597024Z Updating files:  65% (166/255)
check (windows-latest)	Checkout repository	2026-01-03T18:10:37.3602535Z Updating files:  66% (169/255)
check (windows-latest)	Checkout repository	2026-01-03T18:10:37.3609877Z Updating files:  67% (171/255)
check (windows-latest)	Checkout repository	2026-01-03T18:10:37.3615125Z Updating files:  68% (174/255)
check (windows-latest)	Checkout repository	2026-01-03T18:10:37.3623577Z Updating files:  69% (176/255)
check (windows-latest)	Checkout repository	2026-01-03T18:10:37.3628871Z Updating files:  70% (179/255)
check (windows-latest)	Checkout repository	2026-01-03T18:10:37.3633856Z Updating files:  71% (182/255)
check (windows-latest)	Checkout repository	2026-01-03T18:10:37.3639839Z Updating files:  72% (184/255)
check (windows-latest)	Checkout repository	2026-01-03T18:10:37.4698890Z Updating files:  73% (187/255)
check (windows-latest)	Checkout repository	2026-01-03T18:10:37.6442061Z Updating files:  74% (189/255)
check (windows-latest)	Checkout repository	2026-01-03T18:10:37.7960644Z Updating files:  75% (192/255)
check (windows-latest)	Checkout repository	2026-01-03T18:10:37.7970215Z Updating files:  76% (194/255)
check (windows-latest)	Checkout repository	2026-01-03T18:10:37.7976144Z Updating files:  77% (197/255)
check (windows-latest)	Checkout repository	2026-01-03T18:10:37.7991184Z Updating files:  78% (199/255)
check (windows-latest)	Checkout repository	2026-01-03T18:10:37.8028980Z Updating files:  79% (202/255)
check (windows-latest)	Checkout repository	2026-01-03T18:10:37.8085867Z Updating files:  80% (204/255)
check (windows-latest)	Checkout repository	2026-01-03T18:10:37.8097074Z Updating files:  81% (207/255)
check (windows-latest)	Checkout repository	2026-01-03T18:10:37.8103776Z Updating files:  82% (210/255)
check (windows-latest)	Checkout repository	2026-01-03T18:10:37.8113016Z Updating files:  83% (212/255)
check (windows-latest)	Checkout repository	2026-01-03T18:10:37.8118256Z Updating files:  84% (215/255)
check (windows-latest)	Checkout repository	2026-01-03T18:10:37.8129900Z Updating files:  85% (217/255)
check (windows-latest)	Checkout repository	2026-01-03T18:10:37.8136552Z Updating files:  86% (220/255)
check (windows-latest)	Checkout repository	2026-01-03T18:10:37.8145700Z Updating files:  87% (222/255)
check (windows-latest)	Checkout repository	2026-01-03T18:10:37.8150711Z Updating files:  88% (225/255)
check (windows-latest)	Checkout repository	2026-01-03T18:10:37.8162772Z Updating files:  89% (227/255)
check (windows-latest)	Checkout repository	2026-01-03T18:10:37.8189622Z Updating files:  90% (230/255)
check (windows-latest)	Checkout repository	2026-01-03T18:10:37.8200785Z Updating files:  91% (233/255)
check (windows-latest)	Checkout repository	2026-01-03T18:10:37.8239429Z Updating files:  92% (235/255)
check (windows-latest)	Checkout repository	2026-01-03T18:10:37.8246192Z Updating files:  93% (238/255)
check (windows-latest)	Checkout repository	2026-01-03T18:10:37.8271180Z Updating files:  94% (240/255)
check (windows-latest)	Checkout repository	2026-01-03T18:10:37.8275859Z Updating files:  95% (243/255)
check (windows-latest)	Checkout repository	2026-01-03T18:10:37.8287098Z Updating files:  96% (245/255)
check (windows-latest)	Checkout repository	2026-01-03T18:10:37.8297157Z Updating files:  97% (248/255)
check (windows-latest)	Checkout repository	2026-01-03T18:10:37.9679743Z Updating files:  98% (250/255)
check (windows-latest)	Checkout repository	2026-01-03T18:10:37.9689852Z Updating files:  99% (253/255)
check (windows-latest)	Checkout repository	2026-01-03T18:10:37.9691249Z Updating files: 100% (255/255)
check (windows-latest)	Checkout repository	2026-01-03T18:10:37.9691746Z Updating files: 100% (255/255), done.
check (windows-latest)	Checkout repository	2026-01-03T18:10:37.9852745Z Note: switching to 'refs/remotes/pull/2/merge'.
check (windows-latest)	Checkout repository	2026-01-03T18:10:37.9853184Z 
check (windows-latest)	Checkout repository	2026-01-03T18:10:37.9853550Z You are in 'detached HEAD' state. You can look around, make experimental
check (windows-latest)	Checkout repository	2026-01-03T18:10:37.9854330Z changes and commit them, and you can discard any commits you make in this
check (windows-latest)	Checkout repository	2026-01-03T18:10:37.9855332Z state without impacting any branches by switching back to a branch.
check (windows-latest)	Checkout repository	2026-01-03T18:10:37.9856350Z 
check (windows-latest)	Checkout repository	2026-01-03T18:10:37.9856637Z If you want to create a new branch to retain commits you create, you may
check (windows-latest)	Checkout repository	2026-01-03T18:10:37.9858897Z do so (now or later) by using -c with the switch command. Example:
check (windows-latest)	Checkout repository	2026-01-03T18:10:37.9859548Z 
check (windows-latest)	Checkout repository	2026-01-03T18:10:37.9859787Z   git switch -c <new-branch-name>
check (windows-latest)	Checkout repository	2026-01-03T18:10:37.9860066Z 
check (windows-latest)	Checkout repository	2026-01-03T18:10:37.9860243Z Or undo this operation with:
check (windows-latest)	Checkout repository	2026-01-03T18:10:37.9860563Z 
check (windows-latest)	Checkout repository	2026-01-03T18:10:37.9860697Z   git switch -
check (windows-latest)	Checkout repository	2026-01-03T18:10:37.9860880Z 
check (windows-latest)	Checkout repository	2026-01-03T18:10:37.9861208Z Turn off this advice by setting config variable advice.detachedHead to false
check (windows-latest)	Checkout repository	2026-01-03T18:10:37.9861717Z 
check (windows-latest)	Checkout repository	2026-01-03T18:10:37.9863655Z HEAD is now at 03ff4f0 Merge ae3be28575f964b5d95dee6cb7526f7f9231c551 into 253224b472070fce93faf6028e66ecbf4631530c
check (windows-latest)	Checkout repository	2026-01-03T18:10:38.0137233Z ##[endgroup]
check (windows-latest)	Checkout repository	2026-01-03T18:10:38.0469810Z [command]"C:\Program Files\Git\bin\git.exe" log -1 --format=%H
check (windows-latest)	Checkout repository	2026-01-03T18:10:38.0760154Z 03ff4f0d66b7c4a08b8bbb5d60764c487adf54b9
check (windows-latest)	Node.js setup	ï»¿2026-01-03T18:10:38.1334669Z ##[group]Run actions/setup-node@v4
check (windows-latest)	Node.js setup	2026-01-03T18:10:38.1334995Z with:
check (windows-latest)	Node.js setup	2026-01-03T18:10:38.1335160Z   node-version: 20
check (windows-latest)	Node.js setup	2026-01-03T18:10:38.1335330Z   cache: npm
check (windows-latest)	Node.js setup	2026-01-03T18:10:38.1335537Z   cache-dependency-path: app/package-lock.json
check (windows-latest)	Node.js setup	2026-01-03T18:10:38.1335797Z   always-auth: false
check (windows-latest)	Node.js setup	2026-01-03T18:10:38.1335969Z   check-latest: false
check (windows-latest)	Node.js setup	2026-01-03T18:10:38.1336280Z   token: ***
check (windows-latest)	Node.js setup	2026-01-03T18:10:38.1336438Z ##[endgroup]
check (windows-latest)	Node.js setup	2026-01-03T18:10:38.4087665Z Found in cache @ C:\hostedtoolcache\windows\node\20.19.6\x64
check (windows-latest)	Node.js setup	2026-01-03T18:10:38.4098944Z ##[group]Environment details
check (windows-latest)	Node.js setup	2026-01-03T18:10:42.9543537Z node: v20.19.6
check (windows-latest)	Node.js setup	2026-01-03T18:10:42.9543929Z npm: 10.8.2
check (windows-latest)	Node.js setup	2026-01-03T18:10:42.9544170Z yarn: 1.22.22
check (windows-latest)	Node.js setup	2026-01-03T18:10:42.9545235Z ##[endgroup]
check (windows-latest)	Node.js setup	2026-01-03T18:10:43.0665785Z [command]C:\Windows\system32\cmd.exe /D /S /C "C:\hostedtoolcache\windows\node\20.19.6\x64\npm.cmd config get cache"
check (windows-latest)	Node.js setup	2026-01-03T18:10:43.6191832Z C:\npm\cache
check (windows-latest)	Node.js setup	2026-01-03T18:10:44.0813864Z Cache hit for: node-cache-Windows-x64-npm-a53150749796eebcb19d7665bcd447a5eb0f07d4eabb5fb58b41e7fb6601d2ab
check (windows-latest)	Node.js setup	2026-01-03T18:10:45.3735625Z Received 25165824 of 39505313 (63.7%), 23.9 MBs/sec
check (windows-latest)	Node.js setup	2026-01-03T18:10:45.5422095Z Received 39505313 of 39505313 (100.0%), 32.2 MBs/sec
check (windows-latest)	Node.js setup	2026-01-03T18:10:45.5424746Z Cache Size: ~38 MB (39505313 B)
check (windows-latest)	Node.js setup	2026-01-03T18:10:45.5453107Z [command]"C:\Program Files\Git\usr\bin\tar.exe" -xf D:/a/_temp/fd72cf95-4d8f-43b6-ae22-68868220ee72/cache.tzst -P -C D:/a/screen_inu/screen_inu --force-local --use-compress-program "zstd -d"
check (windows-latest)	Node.js setup	2026-01-03T18:10:46.5227512Z Cache restored successfully
check (windows-latest)	Node.js setup	2026-01-03T18:10:46.5267928Z Cache restored from key: node-cache-Windows-x64-npm-a53150749796eebcb19d7665bcd447a5eb0f07d4eabb5fb58b41e7fb6601d2ab
check (windows-latest)	Install Rust	ï»¿2026-01-03T18:10:46.5698395Z ##[group]Run dtolnay/rust-toolchain@stable
check (windows-latest)	Install Rust	2026-01-03T18:10:46.5698739Z with:
check (windows-latest)	Install Rust	2026-01-03T18:10:46.5698897Z   toolchain: stable
check (windows-latest)	Install Rust	2026-01-03T18:10:46.5699068Z ##[endgroup]
check (windows-latest)	Install Rust	2026-01-03T18:10:46.5930292Z ##[group]Run : parse toolchain version
check (windows-latest)	Install Rust	2026-01-03T18:10:46.5930798Z [36;1m: parse toolchain version[0m
check (windows-latest)	Install Rust	2026-01-03T18:10:46.5931204Z [36;1mif [[ -z $toolchain ]]; then[0m
check (windows-latest)	Install Rust	2026-01-03T18:10:46.5931963Z [36;1m  # GitHub does not enforce `required: true` inputs itself. https://github.com/actions/runner/issues/1070[0m
check (windows-latest)	Install Rust	2026-01-03T18:10:46.5932760Z [36;1m  echo "'toolchain' is a required input" >&2[0m
check (windows-latest)	Install Rust	2026-01-03T18:10:46.5933206Z [36;1m  exit 1[0m
check (windows-latest)	Install Rust	2026-01-03T18:10:46.5933996Z [36;1melif [[ $toolchain =~ ^stable' '[0-9]+' '(year|month|week|day)s?' 'ago$ ]]; then[0m
check (windows-latest)	Install Rust	2026-01-03T18:10:46.5934606Z [36;1m  if [[ Windows == macOS ]]; then[0m
check (windows-latest)	Install Rust	2026-01-03T18:10:46.5935340Z [36;1m    echo "toolchain=1.$((($(date -v-$(sed 's/stable \([0-9]*\) \(.\).*/\1\2/' <<< $toolchain) +%s)/60/60/24-16569)/7/6))" >> $GITHUB_OUTPUT[0m
check (windows-latest)	Install Rust	2026-01-03T18:10:46.5936069Z [36;1m  else[0m
check (windows-latest)	Install Rust	2026-01-03T18:10:46.5936637Z [36;1m    echo "toolchain=1.$((($(date --date "${toolchain#stable }" +%s)/60/60/24-16569)/7/6))" >> $GITHUB_OUTPUT[0m
check (windows-latest)	Install Rust	2026-01-03T18:10:46.5937287Z [36;1m  fi[0m
check (windows-latest)	Install Rust	2026-01-03T18:10:46.5937712Z [36;1melif [[ $toolchain =~ ^stable' 'minus' '[0-9]+' 'releases?$ ]]; then[0m
check (windows-latest)	Install Rust	2026-01-03T18:10:46.5938476Z [36;1m  echo "toolchain=1.$((($(date +%s)/60/60/24-16569)/7/6-${toolchain//[^0-9]/}))" >> $GITHUB_OUTPUT[0m
check (windows-latest)	Install Rust	2026-01-03T18:10:46.5939139Z [36;1melif [[ $toolchain =~ ^1\.[0-9]+$ ]]; then[0m
check (windows-latest)	Install Rust	2026-01-03T18:10:46.5939859Z [36;1m  echo "toolchain=1.$((i=${toolchain#1.}, c=($(date +%s)/60/60/24-16569)/7/6, i+9*i*(10*i<=c)+90*i*(100*i<=c)))" >> $GITHUB_OUTPUT[0m
check (windows-latest)	Install Rust	2026-01-03T18:10:46.5940571Z [36;1melse[0m
check (windows-latest)	Install Rust	2026-01-03T18:10:46.5940902Z [36;1m  echo "toolchain=$toolchain" >> $GITHUB_OUTPUT[0m
check (windows-latest)	Install Rust	2026-01-03T18:10:46.5941320Z [36;1mfi[0m
check (windows-latest)	Install Rust	2026-01-03T18:10:46.5969477Z shell: C:\Program Files\Git\bin\bash.EXE --noprofile --norc -e -o pipefail {0}
check (windows-latest)	Install Rust	2026-01-03T18:10:46.5970072Z env:
check (windows-latest)	Install Rust	2026-01-03T18:10:46.5970326Z   toolchain: stable
check (windows-latest)	Install Rust	2026-01-03T18:10:46.5970613Z ##[endgroup]
check (windows-latest)	Install Rust	2026-01-03T18:10:46.6837956Z ##[group]Run : construct rustup command line
check (windows-latest)	Install Rust	2026-01-03T18:10:46.6838271Z [36;1m: construct rustup command line[0m
check (windows-latest)	Install Rust	2026-01-03T18:10:46.6838659Z [36;1mecho "targets=$(for t in ${targets//,/ }; do echo -n ' --target' $t; done)" >> $GITHUB_OUTPUT[0m
check (windows-latest)	Install Rust	2026-01-03T18:10:46.6839200Z [36;1mecho "components=$(for c in ${components//,/ }; do echo -n ' --component' $c; done)" >> $GITHUB_OUTPUT[0m
check (windows-latest)	Install Rust	2026-01-03T18:10:46.6839673Z [36;1mecho "downgrade=" >> $GITHUB_OUTPUT[0m
check (windows-latest)	Install Rust	2026-01-03T18:10:46.6855446Z shell: C:\Program Files\Git\bin\bash.EXE --noprofile --norc -e -o pipefail {0}
check (windows-latest)	Install Rust	2026-01-03T18:10:46.6855823Z env:
check (windows-latest)	Install Rust	2026-01-03T18:10:46.6855972Z   targets: 
check (windows-latest)	Install Rust	2026-01-03T18:10:46.6856122Z   components: 
check (windows-latest)	Install Rust	2026-01-03T18:10:46.6856289Z ##[endgroup]
check (windows-latest)	Install Rust	2026-01-03T18:10:46.7676042Z ##[group]Run : set $CARGO_HOME
check (windows-latest)	Install Rust	2026-01-03T18:10:46.7676358Z [36;1m: set $CARGO_HOME[0m
check (windows-latest)	Install Rust	2026-01-03T18:10:46.7676645Z [36;1mecho CARGO_HOME=${CARGO_HOME:-"$USERPROFILE\.cargo"} >> $GITHUB_ENV[0m
check (windows-latest)	Install Rust	2026-01-03T18:10:46.7691187Z shell: C:\Program Files\Git\bin\bash.EXE --noprofile --norc -e -o pipefail {0}
check (windows-latest)	Install Rust	2026-01-03T18:10:46.7691545Z ##[endgroup]
check (windows-latest)	Install Rust	2026-01-03T18:10:46.8247056Z ##[group]Run : install rustup if needed on windows
check (windows-latest)	Install Rust	2026-01-03T18:10:46.8247392Z [36;1m: install rustup if needed on windows[0m
check (windows-latest)	Install Rust	2026-01-03T18:10:46.8247666Z [36;1mif ! command -v rustup &>/dev/null; then[0m
check (windows-latest)	Install Rust	2026-01-03T18:10:46.8248312Z [36;1m  curl --proto '=https' --tlsv1.2 --retry 10 --retry-connrefused --location --silent --show-error --fail https://win.rustup.rs/x86_64 --output 'D:\a\_temp\rustup-init.exe'[0m
check (windows-latest)	Install Rust	2026-01-03T18:10:46.8249209Z [36;1m  'D:\a\_temp\rustup-init.exe' --default-toolchain none --no-modify-path -y[0m
check (windows-latest)	Install Rust	2026-01-03T18:10:46.8249571Z [36;1m  echo "$CARGO_HOME\bin" >> $GITHUB_PATH[0m
check (windows-latest)	Install Rust	2026-01-03T18:10:46.8249808Z [36;1mfi[0m
check (windows-latest)	Install Rust	2026-01-03T18:10:46.8264337Z shell: C:\Program Files\Git\bin\bash.EXE --noprofile --norc -e -o pipefail {0}
check (windows-latest)	Install Rust	2026-01-03T18:10:46.8266837Z env:
check (windows-latest)	Install Rust	2026-01-03T18:10:46.8267022Z   CARGO_HOME: C:\Users\runneradmin\.cargo
check (windows-latest)	Install Rust	2026-01-03T18:10:46.8267264Z ##[endgroup]
check (windows-latest)	Install Rust	2026-01-03T18:10:46.8896438Z ##[group]Run rustup toolchain install stable --profile minimal --no-self-update
check (windows-latest)	Install Rust	2026-01-03T18:10:46.8896943Z [36;1mrustup toolchain install stable --profile minimal --no-self-update[0m
check (windows-latest)	Install Rust	2026-01-03T18:10:46.8911727Z shell: C:\Program Files\Git\bin\bash.EXE --noprofile --norc -e -o pipefail {0}
check (windows-latest)	Install Rust	2026-01-03T18:10:46.8912071Z env:
check (windows-latest)	Install Rust	2026-01-03T18:10:46.8912249Z   CARGO_HOME: C:\Users\runneradmin\.cargo
check (windows-latest)	Install Rust	2026-01-03T18:10:46.8912500Z   RUSTUP_PERMIT_COPY_RENAME: 1
check (windows-latest)	Install Rust	2026-01-03T18:10:46.8912712Z ##[endgroup]
check (windows-latest)	Install Rust	2026-01-03T18:10:50.2744898Z info: syncing channel updates for 'stable-x86_64-pc-windows-msvc'
check (windows-latest)	Install Rust	2026-01-03T18:10:50.6608010Z 
check (windows-latest)	Install Rust	2026-01-03T18:10:50.6816558Z   stable-x86_64-pc-windows-msvc unchanged - rustc 1.92.0 (ded5c06cf 2025-12-08)
check (windows-latest)	Install Rust	2026-01-03T18:10:50.6817248Z 
check (windows-latest)	Install Rust	2026-01-03T18:10:50.7059923Z ##[group]Run rustup default stable
check (windows-latest)	Install Rust	2026-01-03T18:10:50.7060198Z [36;1mrustup default stable[0m
check (windows-latest)	Install Rust	2026-01-03T18:10:50.7078647Z shell: C:\Program Files\Git\bin\bash.EXE --noprofile --norc -e -o pipefail {0}
check (windows-latest)	Install Rust	2026-01-03T18:10:50.7079003Z env:
check (windows-latest)	Install Rust	2026-01-03T18:10:50.7079179Z   CARGO_HOME: C:\Users\runneradmin\.cargo
check (windows-latest)	Install Rust	2026-01-03T18:10:50.7079416Z ##[endgroup]
check (windows-latest)	Install Rust	2026-01-03T18:10:50.7834306Z info: using existing install for 'stable-x86_64-pc-windows-msvc'
check (windows-latest)	Install Rust	2026-01-03T18:10:50.8397515Z info: default toolchain set to 'stable-x86_64-pc-windows-msvc'
check (windows-latest)	Install Rust	2026-01-03T18:10:50.8398038Z 
check (windows-latest)	Install Rust	2026-01-03T18:10:50.8603436Z   stable-x86_64-pc-windows-msvc unchanged - rustc 1.92.0 (ded5c06cf 2025-12-08)
check (windows-latest)	Install Rust	2026-01-03T18:10:50.8604043Z 
check (windows-latest)	Install Rust	2026-01-03T18:10:50.8837384Z ##[group]Run : create cachekey
check (windows-latest)	Install Rust	2026-01-03T18:10:50.8837645Z [36;1m: create cachekey[0m
check (windows-latest)	Install Rust	2026-01-03T18:10:50.8838068Z [36;1mDATE=$(rustc +stable --version --verbose | sed -ne 's/^commit-date: \(20[0-9][0-9]\)-\([01][0-9]\)-\([0-3][0-9]\)$/\1\2\3/p')[0m
check (windows-latest)	Install Rust	2026-01-03T18:10:50.8838619Z [36;1mHASH=$(rustc +stable --version --verbose | sed -ne 's/^commit-hash: //p')[0m
check (windows-latest)	Install Rust	2026-01-03T18:10:50.8839042Z [36;1mecho "cachekey=$(echo $DATE$HASH | head -c12)" >> $GITHUB_OUTPUT[0m
check (windows-latest)	Install Rust	2026-01-03T18:10:50.8853204Z shell: C:\Program Files\Git\bin\bash.EXE --noprofile --norc -e -o pipefail {0}
check (windows-latest)	Install Rust	2026-01-03T18:10:50.8853556Z env:
check (windows-latest)	Install Rust	2026-01-03T18:10:50.8853732Z   CARGO_HOME: C:\Users\runneradmin\.cargo
check (windows-latest)	Install Rust	2026-01-03T18:10:50.8853971Z ##[endgroup]
check (windows-latest)	Install Rust	2026-01-03T18:10:51.7081149Z ##[group]Run : disable incremental compilation
check (windows-latest)	Install Rust	2026-01-03T18:10:51.7081477Z [36;1m: disable incremental compilation[0m
check (windows-latest)	Install Rust	2026-01-03T18:10:51.7081779Z [36;1mif [ -z "${CARGO_INCREMENTAL+set}" ]; then[0m
check (windows-latest)	Install Rust	2026-01-03T18:10:51.7082077Z [36;1m  echo CARGO_INCREMENTAL=0 >> $GITHUB_ENV[0m
check (windows-latest)	Install Rust	2026-01-03T18:10:51.7082315Z [36;1mfi[0m
check (windows-latest)	Install Rust	2026-01-03T18:10:51.7097640Z shell: C:\Program Files\Git\bin\bash.EXE --noprofile --norc -e -o pipefail {0}
check (windows-latest)	Install Rust	2026-01-03T18:10:51.7097992Z env:
check (windows-latest)	Install Rust	2026-01-03T18:10:51.7098197Z   CARGO_HOME: C:\Users\runneradmin\.cargo
check (windows-latest)	Install Rust	2026-01-03T18:10:51.7098424Z ##[endgroup]
check (windows-latest)	Install Rust	2026-01-03T18:10:51.7696689Z ##[group]Run : enable colors in Cargo output
check (windows-latest)	Install Rust	2026-01-03T18:10:51.7697218Z [36;1m: enable colors in Cargo output[0m
check (windows-latest)	Install Rust	2026-01-03T18:10:51.7697682Z [36;1mif [ -z "${CARGO_TERM_COLOR+set}" ]; then[0m
check (windows-latest)	Install Rust	2026-01-03T18:10:51.7698185Z [36;1m  echo CARGO_TERM_COLOR=always >> $GITHUB_ENV[0m
check (windows-latest)	Install Rust	2026-01-03T18:10:51.7698610Z [36;1mfi[0m
check (windows-latest)	Install Rust	2026-01-03T18:10:51.7719116Z shell: C:\Program Files\Git\bin\bash.EXE --noprofile --norc -e -o pipefail {0}
check (windows-latest)	Install Rust	2026-01-03T18:10:51.7719466Z env:
check (windows-latest)	Install Rust	2026-01-03T18:10:51.7719639Z   CARGO_HOME: C:\Users\runneradmin\.cargo
check (windows-latest)	Install Rust	2026-01-03T18:10:51.7719876Z   CARGO_INCREMENTAL: 0
check (windows-latest)	Install Rust	2026-01-03T18:10:51.7720875Z ##[endgroup]
check (windows-latest)	Install Rust	2026-01-03T18:10:51.8316740Z ##[group]Run : enable Cargo sparse registry
check (windows-latest)	Install Rust	2026-01-03T18:10:51.8317075Z [36;1m: enable Cargo sparse registry[0m
check (windows-latest)	Install Rust	2026-01-03T18:10:51.8317381Z [36;1m# implemented in 1.66, stabilized in 1.68, made default in 1.70[0m
check (windows-latest)	Install Rust	2026-01-03T18:10:51.8318639Z [36;1mif [ -z "${CARGO_REGISTRIES_CRATES_IO_PROTOCOL+set}" -o -f "D:\a\_temp"/.implicit_cargo_registries_crates_io_protocol ]; then[0m
check (windows-latest)	Install Rust	2026-01-03T18:10:51.8319216Z [36;1m  if rustc +stable --version --verbose | grep -q '^release: 1\.6[89]\.'; then[0m
check (windows-latest)	Install Rust	2026-01-03T18:10:51.8319651Z [36;1m    touch "D:\a\_temp"/.implicit_cargo_registries_crates_io_protocol || true[0m
check (windows-latest)	Install Rust	2026-01-03T18:10:51.8320074Z [36;1m    echo CARGO_REGISTRIES_CRATES_IO_PROTOCOL=sparse >> $GITHUB_ENV[0m
check (windows-latest)	Install Rust	2026-01-03T18:10:51.8320581Z [36;1m  elif rustc +stable --version --verbose | grep -q '^release: 1\.6[67]\.'; then[0m
check (windows-latest)	Install Rust	2026-01-03T18:10:51.8321019Z [36;1m    touch "D:\a\_temp"/.implicit_cargo_registries_crates_io_protocol || true[0m
check (windows-latest)	Install Rust	2026-01-03T18:10:51.8321424Z [36;1m    echo CARGO_REGISTRIES_CRATES_IO_PROTOCOL=git >> $GITHUB_ENV[0m
check (windows-latest)	Install Rust	2026-01-03T18:10:51.8321709Z [36;1m  fi[0m
check (windows-latest)	Install Rust	2026-01-03T18:10:51.8321868Z [36;1mfi[0m
check (windows-latest)	Install Rust	2026-01-03T18:10:51.8336679Z shell: C:\Program Files\Git\bin\bash.EXE --noprofile --norc -e -o pipefail {0}
check (windows-latest)	Install Rust	2026-01-03T18:10:51.8337053Z env:
check (windows-latest)	Install Rust	2026-01-03T18:10:51.8337233Z   CARGO_HOME: C:\Users\runneradmin\.cargo
check (windows-latest)	Install Rust	2026-01-03T18:10:51.8337460Z   CARGO_INCREMENTAL: 0
check (windows-latest)	Install Rust	2026-01-03T18:10:51.8337647Z   CARGO_TERM_COLOR: always
check (windows-latest)	Install Rust	2026-01-03T18:10:51.8337833Z ##[endgroup]
check (windows-latest)	Install Rust	2026-01-03T18:10:52.0264465Z ##[group]Run : work around spurious network errors in curl 8.0
check (windows-latest)	Install Rust	2026-01-03T18:10:52.0265137Z [36;1m: work around spurious network errors in curl 8.0[0m
check (windows-latest)	Install Rust	2026-01-03T18:10:52.0265980Z [36;1m# https://rust-lang.zulipchat.com/#narrow/stream/246057-t-cargo/topic/timeout.20investigation[0m
check (windows-latest)	Install Rust	2026-01-03T18:10:52.0266918Z [36;1mif rustc +stable --version --verbose | grep -q '^release: 1\.7[01]\.'; then[0m
check (windows-latest)	Install Rust	2026-01-03T18:10:52.0267657Z [36;1m  echo CARGO_HTTP_MULTIPLEXING=false >> $GITHUB_ENV[0m
check (windows-latest)	Install Rust	2026-01-03T18:10:52.0268114Z [36;1mfi[0m
check (windows-latest)	Install Rust	2026-01-03T18:10:52.0290493Z shell: C:\Program Files\Git\bin\bash.EXE --noprofile --norc -e -o pipefail {0}
check (windows-latest)	Install Rust	2026-01-03T18:10:52.0291090Z env:
check (windows-latest)	Install Rust	2026-01-03T18:10:52.0291395Z   CARGO_HOME: C:\Users\runneradmin\.cargo
check (windows-latest)	Install Rust	2026-01-03T18:10:52.0291820Z   CARGO_INCREMENTAL: 0
check (windows-latest)	Install Rust	2026-01-03T18:10:52.0292132Z   CARGO_TERM_COLOR: always
check (windows-latest)	Install Rust	2026-01-03T18:10:52.0292494Z ##[endgroup]
check (windows-latest)	Install Rust	2026-01-03T18:10:52.1553561Z ##[group]Run rustc +stable --version --verbose
check (windows-latest)	Install Rust	2026-01-03T18:10:52.1554195Z [36;1mrustc +stable --version --verbose[0m
check (windows-latest)	Install Rust	2026-01-03T18:10:52.1574046Z shell: C:\Program Files\Git\bin\bash.EXE --noprofile --norc -e -o pipefail {0}
check (windows-latest)	Install Rust	2026-01-03T18:10:52.1574463Z env:
check (windows-latest)	Install Rust	2026-01-03T18:10:52.1574728Z   CARGO_HOME: C:\Users\runneradmin\.cargo
check (windows-latest)	Install Rust	2026-01-03T18:10:52.1575092Z   CARGO_INCREMENTAL: 0
check (windows-latest)	Install Rust	2026-01-03T18:10:52.1575372Z   CARGO_TERM_COLOR: always
check (windows-latest)	Install Rust	2026-01-03T18:10:52.1575616Z ##[endgroup]
check (windows-latest)	Install Rust	2026-01-03T18:10:52.2516302Z rustc 1.92.0 (ded5c06cf 2025-12-08)
check (windows-latest)	Install Rust	2026-01-03T18:10:52.2516831Z binary: rustc
check (windows-latest)	Install Rust	2026-01-03T18:10:52.2517320Z commit-hash: ded5c06cf21d2b93bffd5d884aa6e96934ee4234
check (windows-latest)	Install Rust	2026-01-03T18:10:52.2517827Z commit-date: 2025-12-08
check (windows-latest)	Install Rust	2026-01-03T18:10:52.2518203Z host: x86_64-pc-windows-msvc
check (windows-latest)	Install Rust	2026-01-03T18:10:52.2518834Z release: 1.92.0
check (windows-latest)	Install Rust	2026-01-03T18:10:52.2519725Z LLVM version: 21.1.3
check (windows-latest)	Rust cache	ï»¿2026-01-03T18:10:52.2837336Z ##[group]Run Swatinem/rust-cache@v2
check (windows-latest)	Rust cache	2026-01-03T18:10:52.2837657Z with:
check (windows-latest)	Rust cache	2026-01-03T18:10:52.2837848Z   workspaces: ./app/src-tauri -> target
check (windows-latest)	Rust cache	2026-01-03T18:10:52.2838104Z   prefix-key: v0-rust
check (windows-latest)	Rust cache	2026-01-03T18:10:52.2838292Z   add-job-id-key: true
check (windows-latest)	Rust cache	2026-01-03T18:10:52.2838500Z   add-rust-environment-hash-key: true
check (windows-latest)	Rust cache	2026-01-03T18:10:52.2838739Z   cache-targets: true
check (windows-latest)	Rust cache	2026-01-03T18:10:52.2838920Z   cache-all-crates: false
check (windows-latest)	Rust cache	2026-01-03T18:10:52.2839131Z   cache-workspace-crates: false
check (windows-latest)	Rust cache	2026-01-03T18:10:52.2839333Z   save-if: true
check (windows-latest)	Rust cache	2026-01-03T18:10:52.2839500Z   cache-provider: github
check (windows-latest)	Rust cache	2026-01-03T18:10:52.2839897Z   cache-bin: true
check (windows-latest)	Rust cache	2026-01-03T18:10:52.2840067Z   lookup-only: false
check (windows-latest)	Rust cache	2026-01-03T18:10:52.2840227Z env:
check (windows-latest)	Rust cache	2026-01-03T18:10:52.2840387Z   CARGO_HOME: C:\Users\runneradmin\.cargo
check (windows-latest)	Rust cache	2026-01-03T18:10:52.2840617Z   CARGO_INCREMENTAL: 0
check (windows-latest)	Rust cache	2026-01-03T18:10:52.2840789Z   CARGO_TERM_COLOR: always
check (windows-latest)	Rust cache	2026-01-03T18:10:52.2840974Z ##[endgroup]
check (windows-latest)	Rust cache	2026-01-03T18:10:54.9416441Z ##[group]Cache Configuration
check (windows-latest)	Rust cache	2026-01-03T18:10:54.9440950Z Cache Provider:
check (windows-latest)	Rust cache	2026-01-03T18:10:54.9450956Z     github
check (windows-latest)	Rust cache	2026-01-03T18:10:54.9466214Z Workspaces:
check (windows-latest)	Rust cache	2026-01-03T18:10:54.9467679Z     D:\a\screen_inu\screen_inu\app\src-tauri
check (windows-latest)	Rust cache	2026-01-03T18:10:54.9478526Z Cache Paths:
check (windows-latest)	Rust cache	2026-01-03T18:10:54.9488375Z     C:\Users\runneradmin\.cargo\bin
check (windows-latest)	Rust cache	2026-01-03T18:10:54.9489015Z     C:\Users\runneradmin\.cargo\.crates.toml
check (windows-latest)	Rust cache	2026-01-03T18:10:54.9492043Z     C:\Users\runneradmin\.cargo\.crates2.json
check (windows-latest)	Rust cache	2026-01-03T18:10:54.9494595Z     C:\Users\runneradmin\.cargo\registry
check (windows-latest)	Rust cache	2026-01-03T18:10:54.9495631Z     C:\Users\runneradmin\.cargo\git
check (windows-latest)	Rust cache	2026-01-03T18:10:54.9496795Z     D:\a\screen_inu\screen_inu\app\src-tauri\target
check (windows-latest)	Rust cache	2026-01-03T18:10:54.9497587Z Restore Key:
check (windows-latest)	Rust cache	2026-01-03T18:10:54.9498754Z     v0-rust-check-Windows_NT-x64-7a6c70a5
check (windows-latest)	Rust cache	2026-01-03T18:10:54.9499822Z Cache Key:
check (windows-latest)	Rust cache	2026-01-03T18:10:54.9500951Z     v0-rust-check-Windows_NT-x64-7a6c70a5-353142a3
check (windows-latest)	Rust cache	2026-01-03T18:10:54.9502176Z .. Prefix:
check (windows-latest)	Rust cache	2026-01-03T18:10:54.9502978Z   - v0-rust-check-Windows_NT-x64
check (windows-latest)	Rust cache	2026-01-03T18:10:54.9503884Z .. Environment considered:
check (windows-latest)	Rust cache	2026-01-03T18:10:54.9505414Z   - Rust Version: 1.92.0 x86_64-pc-windows-msvc (ded5c06cf21d2b93bffd5d884aa6e96934ee4234)
check (windows-latest)	Rust cache	2026-01-03T18:10:54.9509997Z   - CARGO_HOME
check (windows-latest)	Rust cache	2026-01-03T18:10:54.9512688Z   - CARGO_INCREMENTAL
check (windows-latest)	Rust cache	2026-01-03T18:10:54.9515180Z   - CARGO_TERM_COLOR
check (windows-latest)	Rust cache	2026-01-03T18:10:54.9518143Z .. Lockfiles considered:
check (windows-latest)	Rust cache	2026-01-03T18:10:54.9520905Z   - D:\a\screen_inu\screen_inu\app\src-tauri\Cargo.lock
check (windows-latest)	Rust cache	2026-01-03T18:10:54.9524554Z   - D:\a\screen_inu\screen_inu\app\src-tauri\Cargo.toml
check (windows-latest)	Rust cache	2026-01-03T18:10:54.9527794Z ##[endgroup]
check (windows-latest)	Rust cache	2026-01-03T18:10:54.9535108Z 
check (windows-latest)	Rust cache	2026-01-03T18:10:54.9537625Z ... Restoring cache ...
check (windows-latest)	Rust cache	2026-01-03T18:10:55.3205197Z Cache hit for: v0-rust-check-Windows_NT-x64-7a6c70a5-353142a3
check (windows-latest)	Rust cache	2026-01-03T18:10:56.6266154Z Received 20971520 of 659204805 (3.2%), 19.8 MBs/sec
check (windows-latest)	Rust cache	2026-01-03T18:10:57.6399926Z Received 134217728 of 659204805 (20.4%), 63.3 MBs/sec
check (windows-latest)	Rust cache	2026-01-03T18:10:58.6484307Z Received 255852544 of 659204805 (38.8%), 80.5 MBs/sec
check (windows-latest)	Rust cache	2026-01-03T18:10:59.6549114Z Received 301989888 of 659204805 (45.8%), 71.4 MBs/sec
check (windows-latest)	Rust cache	2026-01-03T18:11:00.6624167Z Received 398458880 of 659204805 (60.4%), 75.3 MBs/sec
check (windows-latest)	Rust cache	2026-01-03T18:11:01.6674962Z Received 503316480 of 659204805 (76.4%), 79.4 MBs/sec
check (windows-latest)	Rust cache	2026-01-03T18:11:02.6765921Z Received 536870912 of 659204805 (81.4%), 72.5 MBs/sec
check (windows-latest)	Rust cache	2026-01-03T18:11:03.6484564Z Received 659204805 of 659204805 (100.0%), 78.3 MBs/sec
check (windows-latest)	Rust cache	2026-01-03T18:11:03.6488384Z Cache Size: ~629 MB (659204805 B)
check (windows-latest)	Rust cache	2026-01-03T18:11:03.6533191Z [command]"C:\Program Files\Git\usr\bin\tar.exe" -xf D:/a/_temp/2582ef91-a55a-4b64-8318-16380a7866f8/cache.tzst -P -C D:/a/screen_inu/screen_inu --force-local --use-compress-program "zstd -d"
check (windows-latest)	Rust cache	2026-01-03T18:11:18.5508516Z Cache restored successfully
check (windows-latest)	Rust cache	2026-01-03T18:11:18.6126901Z Restored from cache key "v0-rust-check-Windows_NT-x64-7a6c70a5-353142a3" full match: true.
check (windows-latest)	Prepare dummy Tesseract sidecars	ï»¿2026-01-03T18:11:18.6481243Z ##[group]Run mkdir -p app/src-tauri/binaries
check (windows-latest)	Prepare dummy Tesseract sidecars	2026-01-03T18:11:18.6481693Z [36;1mmkdir -p app/src-tauri/binaries[0m
check (windows-latest)	Prepare dummy Tesseract sidecars	2026-01-03T18:11:18.6482030Z [36;1mif [ "windows-latest" = "macos-latest" ]; then[0m
check (windows-latest)	Prepare dummy Tesseract sidecars	2026-01-03T18:11:18.6482405Z [36;1m  touch app/src-tauri/binaries/tesseract-aarch64-apple-darwin[0m
check (windows-latest)	Prepare dummy Tesseract sidecars	2026-01-03T18:11:18.6482820Z [36;1m  touch app/src-tauri/binaries/tesseract-x86_64-apple-darwin[0m
check (windows-latest)	Prepare dummy Tesseract sidecars	2026-01-03T18:11:18.6483239Z [36;1m  chmod +x app/src-tauri/binaries/tesseract-aarch64-apple-darwin[0m
check (windows-latest)	Prepare dummy Tesseract sidecars	2026-01-03T18:11:18.6483666Z [36;1m  chmod +x app/src-tauri/binaries/tesseract-x86_64-apple-darwin[0m
check (windows-latest)	Prepare dummy Tesseract sidecars	2026-01-03T18:11:18.6484037Z [36;1melif [ "windows-latest" = "windows-latest" ]; then[0m
check (windows-latest)	Prepare dummy Tesseract sidecars	2026-01-03T18:11:18.6484689Z [36;1m  # Windows sidecars are often .exe, but externalBin config just says 'binaries/tesseract'[0m
check (windows-latest)	Prepare dummy Tesseract sidecars	2026-01-03T18:11:18.6485142Z [36;1m  # Looking at ocr.rs, it expects platform specific names.[0m
check (windows-latest)	Prepare dummy Tesseract sidecars	2026-01-03T18:11:18.6485543Z [36;1m  touch app/src-tauri/binaries/tesseract-x86_64-pc-windows-msvc.exe[0m
check (windows-latest)	Prepare dummy Tesseract sidecars	2026-01-03T18:11:18.6485902Z [36;1mfi[0m
check (windows-latest)	Prepare dummy Tesseract sidecars	2026-01-03T18:11:18.6505395Z shell: C:\Program Files\Git\bin\bash.EXE --noprofile --norc -e -o pipefail {0}
check (windows-latest)	Prepare dummy Tesseract sidecars	2026-01-03T18:11:18.6505766Z env:
check (windows-latest)	Prepare dummy Tesseract sidecars	2026-01-03T18:11:18.6505955Z   CARGO_HOME: C:\Users\runneradmin\.cargo
check (windows-latest)	Prepare dummy Tesseract sidecars	2026-01-03T18:11:18.6506207Z   CARGO_INCREMENTAL: 0
check (windows-latest)	Prepare dummy Tesseract sidecars	2026-01-03T18:11:18.6506401Z   CARGO_TERM_COLOR: always
check (windows-latest)	Prepare dummy Tesseract sidecars	2026-01-03T18:11:18.6506602Z   CACHE_ON_FAILURE: false
check (windows-latest)	Prepare dummy Tesseract sidecars	2026-01-03T18:11:18.6506784Z ##[endgroup]
check (windows-latest)	Install frontend dependencies	ï»¿2026-01-03T18:11:18.7561218Z ##[group]Run npm install
check (windows-latest)	Install frontend dependencies	2026-01-03T18:11:18.7561572Z [36;1mnpm install[0m
check (windows-latest)	Install frontend dependencies	2026-01-03T18:11:18.7713200Z shell: C:\Program Files\PowerShell\7\pwsh.EXE -command ". '{0}'"
check (windows-latest)	Install frontend dependencies	2026-01-03T18:11:18.7713550Z env:
check (windows-latest)	Install frontend dependencies	2026-01-03T18:11:18.7713739Z   CARGO_HOME: C:\Users\runneradmin\.cargo
check (windows-latest)	Install frontend dependencies	2026-01-03T18:11:18.7713985Z   CARGO_INCREMENTAL: 0
check (windows-latest)	Install frontend dependencies	2026-01-03T18:11:18.7714178Z   CARGO_TERM_COLOR: always
check (windows-latest)	Install frontend dependencies	2026-01-03T18:11:18.7714379Z   CACHE_ON_FAILURE: false
check (windows-latest)	Install frontend dependencies	2026-01-03T18:11:18.7714571Z ##[endgroup]
check (windows-latest)	Install frontend dependencies	2026-01-03T18:11:33.7083533Z 
check (windows-latest)	Install frontend dependencies	2026-01-03T18:11:33.7084499Z added 193 packages, and audited 194 packages in 9s
check (windows-latest)	Install frontend dependencies	2026-01-03T18:11:33.7084959Z 
check (windows-latest)	Install frontend dependencies	2026-01-03T18:11:33.7085676Z 36 packages are looking for funding
check (windows-latest)	Install frontend dependencies	2026-01-03T18:11:33.7086151Z   run `npm fund` for details
check (windows-latest)	Install frontend dependencies	2026-01-03T18:11:33.7097366Z 
check (windows-latest)	Install frontend dependencies	2026-01-03T18:11:33.7097728Z found 0 vulnerabilities
check (windows-latest)	Build Check (Tauri)	ï»¿2026-01-03T18:11:38.2291660Z ##[group]Run npm run tauri build -- --no-bundle
check (windows-latest)	Build Check (Tauri)	2026-01-03T18:11:38.2292126Z [36;1mnpm run tauri build -- --no-bundle[0m
check (windows-latest)	Build Check (Tauri)	2026-01-03T18:11:38.2400770Z shell: C:\Program Files\PowerShell\7\pwsh.EXE -command ". '{0}'"
check (windows-latest)	Build Check (Tauri)	2026-01-03T18:11:38.2401130Z env:
check (windows-latest)	Build Check (Tauri)	2026-01-03T18:11:38.2401332Z   CARGO_HOME: C:\Users\runneradmin\.cargo
check (windows-latest)	Build Check (Tauri)	2026-01-03T18:11:38.2401603Z   CARGO_INCREMENTAL: 0
check (windows-latest)	Build Check (Tauri)	2026-01-03T18:11:38.2401810Z   CARGO_TERM_COLOR: always
check (windows-latest)	Build Check (Tauri)	2026-01-03T18:11:38.2402020Z   CACHE_ON_FAILURE: false
check (windows-latest)	Build Check (Tauri)	2026-01-03T18:11:38.2402970Z   GITHUB_TOKEN: ***
check (windows-latest)	Build Check (Tauri)	2026-01-03T18:11:38.2403177Z ##[endgroup]
check (windows-latest)	Build Check (Tauri)	2026-01-03T18:11:39.2660669Z 
check (windows-latest)	Build Check (Tauri)	2026-01-03T18:11:39.2661153Z > app@0.1.2 tauri
check (windows-latest)	Build Check (Tauri)	2026-01-03T18:11:39.2661446Z > tauri build --no-bundle
check (windows-latest)	Build Check (Tauri)	2026-01-03T18:11:39.2661607Z 
check (windows-latest)	Build Check (Tauri)	2026-01-03T18:11:40.8934321Z         Info Looking up installed tauri packages to check mismatched versions...
check (windows-latest)	Build Check (Tauri)	2026-01-03T18:11:42.1628011Z      Running beforeBuildCommand `npm run build`
check (windows-latest)	Build Check (Tauri)	2026-01-03T18:11:42.5225457Z 
check (windows-latest)	Build Check (Tauri)	2026-01-03T18:11:42.5225876Z > app@0.1.2 build
check (windows-latest)	Build Check (Tauri)	2026-01-03T18:11:42.5226370Z > tsc && vite build
check (windows-latest)	Build Check (Tauri)	2026-01-03T18:11:42.5226573Z 
check (windows-latest)	Build Check (Tauri)	2026-01-03T18:11:47.4260185Z [36mvite v7.3.0 [32mbuilding client environment for production...[36m[39m
check (windows-latest)	Build Check (Tauri)	2026-01-03T18:11:48.0246643Z transforming...
check (windows-latest)	Build Check (Tauri)	2026-01-03T18:11:55.0165271Z [32mâœ“[39m 2147 modules transformed.
check (windows-latest)	Build Check (Tauri)	2026-01-03T18:11:55.2200002Z rendering chunks...
check (windows-latest)	Build Check (Tauri)	2026-01-03T18:11:55.3657832Z [33m[plugin vite:reporter] 
check (windows-latest)	Build Check (Tauri)	2026-01-03T18:11:55.3661471Z (!) D:/a/screen_inu/screen_inu/app/node_modules/@tauri-apps/plugin-global-shortcut/dist-js/index.js is dynamically imported by D:/a/screen_inu/screen_inu/app/src/App.tsx, D:/a/screen_inu/screen_inu/app/src/App.tsx, D:/a/screen_inu/screen_inu/app/src/App.tsx but also statically imported by D:/a/screen_inu/screen_inu/app/src/App.tsx, dynamic import will not move module into another chunk.
check (windows-latest)	Build Check (Tauri)	2026-01-03T18:11:55.3664639Z [39m
check (windows-latest)	Build Check (Tauri)	2026-01-03T18:11:55.3665069Z [33m[plugin vite:reporter] 
check (windows-latest)	Build Check (Tauri)	2026-01-03T18:11:55.3668699Z (!) D:/a/screen_inu/screen_inu/app/node_modules/@tauri-apps/api/event.js is dynamically imported by D:/a/screen_inu/screen_inu/app/src/App.tsx but also statically imported by D:/a/screen_inu/screen_inu/app/node_modules/@tauri-apps/api/webview.js, D:/a/screen_inu/screen_inu/app/node_modules/@tauri-apps/api/webviewWindow.js, D:/a/screen_inu/screen_inu/app/node_modules/@tauri-apps/api/window.js, dynamic import will not move module into another chunk.
check (windows-latest)	Build Check (Tauri)	2026-01-03T18:11:55.3671874Z [39m
check (windows-latest)	Build Check (Tauri)	2026-01-03T18:11:55.4689508Z computing gzip size...
check (windows-latest)	Build Check (Tauri)	2026-01-03T18:11:55.4787901Z [2mdist/[22m[32mindex.html                 [39m[1m[2m  0.47 kB[22m[1m[22m[2m â”‚ gzip:   0.30 kB[22m
check (windows-latest)	Build Check (Tauri)	2026-01-03T18:11:55.4853262Z [2mdist/[22m[35massets/index-Dv6ajlN1.css  [39m[1m[2m 28.54 kB[22m[1m[22m[2m â”‚ gzip:   5.79 kB[22m
check (windows-latest)	Build Check (Tauri)	2026-01-03T18:11:55.4854704Z [2mdist/[22m[36massets/index-2NXCFtar.js   [39m[1m[2m  0.13 kB[22m[1m[22m[2m â”‚ gzip:   0.14 kB[22m
check (windows-latest)	Build Check (Tauri)	2026-01-03T18:11:55.4856581Z [2mdist/[22m[36massets/index-DaYUeXkC.js   [39m[1m[2m434.71 kB[22m[1m[22m[2m â”‚ gzip: 136.38 kB[22m
check (windows-latest)	Build Check (Tauri)	2026-01-03T18:11:55.4857461Z [32mâœ“ built in 7.98s[39m
check (windows-latest)	Build Check (Tauri)	2026-01-03T18:11:57.9171825Z [1m[92m    Updating[0m crates.io index
check (windows-latest)	Build Check (Tauri)	2026-01-03T18:12:19.9893351Z [1m[92m   Compiling[0m screen-inu v0.1.0 (D:\a\screen_inu\screen_inu\app\src-tauri)
check (windows-latest)	Build Check (Tauri)	2026-01-03T18:14:40.8891003Z [1m[92m    Finished[0m `release` profile [optimized] target(s) in 2m 44s
check (windows-latest)	Build Check (Tauri)	2026-01-03T18:14:40.9367620Z        Built application at: D:\a\screen_inu\screen_inu\app\src-tauri\target\release\screen-inu.exe
check (windows-latest)	Post Rust cache	ï»¿2026-01-03T18:14:41.0875158Z Post job cleanup.
check (windows-latest)	Post Rust cache	2026-01-03T18:14:41.4391328Z Cache up-to-date.
check (windows-latest)	Post Node.js setup	ï»¿2026-01-03T18:14:41.4691484Z Post job cleanup.
check (windows-latest)	Post Node.js setup	2026-01-03T18:14:41.6844596Z Cache hit occurred on the primary key node-cache-Windows-x64-npm-a53150749796eebcb19d7665bcd447a5eb0f07d4eabb5fb58b41e7fb6601d2ab, not saving cache.
check (windows-latest)	Post Checkout repository	ï»¿2026-01-03T18:14:41.7121724Z Post job cleanup.
check (windows-latest)	Post Checkout repository	2026-01-03T18:14:41.9561053Z [command]"C:\Program Files\Git\bin\git.exe" version
check (windows-latest)	Post Checkout repository	2026-01-03T18:14:41.9833289Z git version 2.52.0.windows.1
check (windows-latest)	Post Checkout repository	2026-01-03T18:14:41.9909777Z Temporarily overriding HOME='D:\a\_temp\491f51f1-b667-4ca5-8c17-a9f4bc2958ad' before making global git config changes
check (windows-latest)	Post Checkout repository	2026-01-03T18:14:41.9910565Z Adding repository directory to the temporary git global config as a safe directory
check (windows-latest)	Post Checkout repository	2026-01-03T18:14:41.9921236Z [command]"C:\Program Files\Git\bin\git.exe" config --global --add safe.directory D:\a\screen_inu\screen_inu
check (windows-latest)	Post Checkout repository	2026-01-03T18:14:42.0249280Z [command]"C:\Program Files\Git\bin\git.exe" config --local --name-only --get-regexp core\.sshCommand
check (windows-latest)	Post Checkout repository	2026-01-03T18:14:42.0559060Z [command]"C:\Program Files\Git\bin\git.exe" submodule foreach --recursive "sh -c \"git config --local --name-only --get-regexp 'core\.sshCommand' && git config --local --unset-all 'core.sshCommand' || :\""
check (windows-latest)	Post Checkout repository	2026-01-03T18:14:42.6037842Z [command]"C:\Program Files\Git\bin\git.exe" config --local --name-only --get-regexp http\.https\:\/\/github\.com\/\.extraheader
check (windows-latest)	Post Checkout repository	2026-01-03T18:14:42.6338739Z http.https://github.com/.extraheader
check (windows-latest)	Post Checkout repository	2026-01-03T18:14:42.6396274Z [command]"C:\Program Files\Git\bin\git.exe" config --local --unset-all http.https://github.com/.extraheader
check (windows-latest)	Post Checkout repository	2026-01-03T18:14:42.6740261Z [command]"C:\Program Files\Git\bin\git.exe" submodule foreach --recursive "sh -c \"git config --local --name-only --get-regexp 'http\.https\:\/\/github\.com\/\.extraheader' && git config --local --unset-all 'http.https://github.com/.extraheader' || :\""
check (windows-latest)	Post Checkout repository	2026-01-03T18:14:43.2092886Z [command]"C:\Program Files\Git\bin\git.exe" config --local --name-only --get-regexp ^includeIf\.gitdir:
check (windows-latest)	Post Checkout repository	2026-01-03T18:14:43.2408802Z [command]"C:\Program Files\Git\bin\git.exe" submodule foreach --recursive "git config --local --show-origin --name-only --get-regexp remote.origin.url"
check (windows-latest)	Complete job	ï»¿2026-01-03T18:14:43.7924839Z Cleaning up orphan processes
check (windows-latest)	Complete job	2026-01-03T18:14:43.8146499Z Terminate orphan process: pid (1640) (vctip)
check (macos-latest)	Set up job	ï»¿2026-01-03T18:10:25.6090720Z Current runner version: '2.330.0'
check (macos-latest)	Set up job	2026-01-03T18:10:25.6111520Z ##[group]Runner Image Provisioner
check (macos-latest)	Set up job	2026-01-03T18:10:25.6112090Z Hosted Compute Agent
check (macos-latest)	Set up job	2026-01-03T18:10:25.6112480Z Version: 20251211.462
check (macos-latest)	Set up job	2026-01-03T18:10:25.6112970Z Commit: 6cbad8c2bb55d58165063d031ccabf57e2d2db61
check (macos-latest)	Set up job	2026-01-03T18:10:25.6113510Z Build Date: 2025-12-11T16:28:49Z
check (macos-latest)	Set up job	2026-01-03T18:10:25.6114010Z Worker ID: {be07f310-7048-469d-81bd-660e928dfc49}
check (macos-latest)	Set up job	2026-01-03T18:10:25.6114470Z ##[endgroup]
check (macos-latest)	Set up job	2026-01-03T18:10:25.6114820Z ##[group]Operating System
check (macos-latest)	Set up job	2026-01-03T18:10:25.6115240Z macOS
check (macos-latest)	Set up job	2026-01-03T18:10:25.6115580Z 15.7.2
check (macos-latest)	Set up job	2026-01-03T18:10:25.6115890Z 24G325
check (macos-latest)	Set up job	2026-01-03T18:10:25.6116340Z ##[endgroup]
check (macos-latest)	Set up job	2026-01-03T18:10:25.6116750Z ##[group]Runner Image
check (macos-latest)	Set up job	2026-01-03T18:10:25.6117180Z Image: macos-15-arm64
check (macos-latest)	Set up job	2026-01-03T18:10:25.6117540Z Version: 20251215.0075.1
check (macos-latest)	Set up job	2026-01-03T18:10:25.6118250Z Included Software: https://github.com/actions/runner-images/blob/macos-15-arm64/20251215.0075/images/macos/macos-15-arm64-Readme.md
check (macos-latest)	Set up job	2026-01-03T18:10:25.6119310Z Image Release: https://github.com/actions/runner-images/releases/tag/macos-15-arm64%2F20251215.0075
check (macos-latest)	Set up job	2026-01-03T18:10:25.6120140Z ##[endgroup]
check (macos-latest)	Set up job	2026-01-03T18:10:25.6131580Z ##[group]GITHUB_TOKEN Permissions
check (macos-latest)	Set up job	2026-01-03T18:10:25.6133930Z Contents: read
check (macos-latest)	Set up job	2026-01-03T18:10:25.6134430Z Metadata: read
check (macos-latest)	Set up job	2026-01-03T18:10:25.6134810Z Packages: read
check (macos-latest)	Set up job	2026-01-03T18:10:25.6135280Z ##[endgroup]
check (macos-latest)	Set up job	2026-01-03T18:10:25.6137080Z Secret source: Actions
check (macos-latest)	Set up job	2026-01-03T18:10:25.6137610Z Prepare workflow directory
check (macos-latest)	Set up job	2026-01-03T18:10:25.6556500Z Prepare all required actions
check (macos-latest)	Set up job	2026-01-03T18:10:25.6603840Z Getting action download info
check (macos-latest)	Set up job	2026-01-03T18:10:25.9948880Z Download action repository 'actions/checkout@v4' (SHA:34e114876b0b11c390a56381ad16ebd13914f8d5)
check (macos-latest)	Set up job	2026-01-03T18:10:26.5115550Z Download action repository 'actions/setup-node@v4' (SHA:49933ea5288caeca8642d1e84afbd3f7d6820020)
check (macos-latest)	Set up job	2026-01-03T18:10:26.6609330Z Download action repository 'dtolnay/rust-toolchain@stable' (SHA:4be9e76fd7c4901c61fb841f559994984270fce7)
check (macos-latest)	Set up job	2026-01-03T18:10:27.5396770Z Download action repository 'Swatinem/rust-cache@v2' (SHA:779680da715d629ac1d338a641029a2f4372abb5)
check (macos-latest)	Set up job	2026-01-03T18:10:29.1671080Z Complete job name: check (macos-latest)
check (macos-latest)	Checkout repository	ï»¿2026-01-03T18:10:29.2110300Z ##[group]Run actions/checkout@v4
check (macos-latest)	Checkout repository	2026-01-03T18:10:29.2110800Z with:
check (macos-latest)	Checkout repository	2026-01-03T18:10:29.2110950Z   repository: ImL1s/screen_inu
check (macos-latest)	Checkout repository	2026-01-03T18:10:29.2111350Z   token: ***
check (macos-latest)	Checkout repository	2026-01-03T18:10:29.2111470Z   ssh-strict: true
check (macos-latest)	Checkout repository	2026-01-03T18:10:29.2111600Z   ssh-user: git
check (macos-latest)	Checkout repository	2026-01-03T18:10:29.2111730Z   persist-credentials: true
check (macos-latest)	Checkout repository	2026-01-03T18:10:29.2111890Z   clean: true
check (macos-latest)	Checkout repository	2026-01-03T18:10:29.2112030Z   sparse-checkout-cone-mode: true
check (macos-latest)	Checkout repository	2026-01-03T18:10:29.2112220Z   fetch-depth: 1
check (macos-latest)	Checkout repository	2026-01-03T18:10:29.2112350Z   fetch-tags: false
check (macos-latest)	Checkout repository	2026-01-03T18:10:29.2112510Z   show-progress: true
check (macos-latest)	Checkout repository	2026-01-03T18:10:29.2112640Z   lfs: false
check (macos-latest)	Checkout repository	2026-01-03T18:10:29.2112760Z   submodules: false
check (macos-latest)	Checkout repository	2026-01-03T18:10:29.2112900Z   set-safe-directory: true
check (macos-latest)	Checkout repository	2026-01-03T18:10:29.2113170Z ##[endgroup]
check (macos-latest)	Checkout repository	2026-01-03T18:10:29.5724980Z Syncing repository: ImL1s/screen_inu
check (macos-latest)	Checkout repository	2026-01-03T18:10:29.5726700Z ##[group]Getting Git version info
check (macos-latest)	Checkout repository	2026-01-03T18:10:29.5727060Z Working directory is '/Users/runner/work/screen_inu/screen_inu'
check (macos-latest)	Checkout repository	2026-01-03T18:10:29.5767710Z [command]/opt/homebrew/bin/git version
check (macos-latest)	Checkout repository	2026-01-03T18:10:29.6479250Z git version 2.50.1
check (macos-latest)	Checkout repository	2026-01-03T18:10:29.6519740Z ##[endgroup]
check (macos-latest)	Checkout repository	2026-01-03T18:10:29.6537050Z Copying '/Users/runner/.gitconfig' to '/Users/runner/work/_temp/77667034-13f1-4c23-ab87-6df28fe087f3/.gitconfig'
check (macos-latest)	Checkout repository	2026-01-03T18:10:29.6541110Z Temporarily overriding HOME='/Users/runner/work/_temp/77667034-13f1-4c23-ab87-6df28fe087f3' before making global git config changes
check (macos-latest)	Checkout repository	2026-01-03T18:10:29.6541890Z Adding repository directory to the temporary git global config as a safe directory
check (macos-latest)	Checkout repository	2026-01-03T18:10:29.6545030Z [command]/opt/homebrew/bin/git config --global --add safe.directory /Users/runner/work/screen_inu/screen_inu
check (macos-latest)	Checkout repository	2026-01-03T18:10:29.6896940Z Deleting the contents of '/Users/runner/work/screen_inu/screen_inu'
check (macos-latest)	Checkout repository	2026-01-03T18:10:29.6944990Z ##[group]Initializing the repository
check (macos-latest)	Checkout repository	2026-01-03T18:10:29.6948360Z [command]/opt/homebrew/bin/git init /Users/runner/work/screen_inu/screen_inu
check (macos-latest)	Checkout repository	2026-01-03T18:10:29.7228650Z hint: Using 'master' as the name for the initial branch. This default branch name
check (macos-latest)	Checkout repository	2026-01-03T18:10:29.7229720Z hint: is subject to change. To configure the initial branch name to use in all
check (macos-latest)	Checkout repository	2026-01-03T18:10:29.7231380Z hint: of your new repositories, which will suppress this warning, call:
check (macos-latest)	Checkout repository	2026-01-03T18:10:29.7232080Z hint:
check (macos-latest)	Checkout repository	2026-01-03T18:10:29.7235670Z hint: 	git config --global init.defaultBranch <name>
check (macos-latest)	Checkout repository	2026-01-03T18:10:29.7236110Z hint:
check (macos-latest)	Checkout repository	2026-01-03T18:10:29.7236510Z hint: Names commonly chosen instead of 'master' are 'main', 'trunk' and
check (macos-latest)	Checkout repository	2026-01-03T18:10:29.7237050Z hint: 'development'. The just-created branch can be renamed via this command:
check (macos-latest)	Checkout repository	2026-01-03T18:10:29.7237440Z hint:
check (macos-latest)	Checkout repository	2026-01-03T18:10:29.7237700Z hint: 	git branch -m <name>
check (macos-latest)	Checkout repository	2026-01-03T18:10:29.7237980Z hint:
check (macos-latest)	Checkout repository	2026-01-03T18:10:29.7238390Z hint: Disable this message with "git config set advice.defaultBranchName false"
check (macos-latest)	Checkout repository	2026-01-03T18:10:29.7239050Z Initialized empty Git repository in /Users/runner/work/screen_inu/screen_inu/.git/
check (macos-latest)	Checkout repository	2026-01-03T18:10:29.7240210Z [command]/opt/homebrew/bin/git remote add origin https://github.com/ImL1s/screen_inu
check (macos-latest)	Checkout repository	2026-01-03T18:10:29.7578470Z ##[endgroup]
check (macos-latest)	Checkout repository	2026-01-03T18:10:29.7579530Z ##[group]Disabling automatic garbage collection
check (macos-latest)	Checkout repository	2026-01-03T18:10:29.7582360Z [command]/opt/homebrew/bin/git config --local gc.auto 0
check (macos-latest)	Checkout repository	2026-01-03T18:10:29.7657320Z ##[endgroup]
check (macos-latest)	Checkout repository	2026-01-03T18:10:29.7658440Z ##[group]Setting up auth
check (macos-latest)	Checkout repository	2026-01-03T18:10:29.7670590Z [command]/opt/homebrew/bin/git config --local --name-only --get-regexp core\.sshCommand
check (macos-latest)	Checkout repository	2026-01-03T18:10:29.7742200Z [command]/opt/homebrew/bin/git submodule foreach --recursive sh -c "git config --local --name-only --get-regexp 'core\.sshCommand' && git config --local --unset-all 'core.sshCommand' || :"
check (macos-latest)	Checkout repository	2026-01-03T18:10:29.8761710Z [command]/opt/homebrew/bin/git config --local --name-only --get-regexp http\.https\:\/\/github\.com\/\.extraheader
check (macos-latest)	Checkout repository	2026-01-03T18:10:29.8826250Z [command]/opt/homebrew/bin/git submodule foreach --recursive sh -c "git config --local --name-only --get-regexp 'http\.https\:\/\/github\.com\/\.extraheader' && git config --local --unset-all 'http.https://github.com/.extraheader' || :"
check (macos-latest)	Checkout repository	2026-01-03T18:10:29.9643630Z [command]/opt/homebrew/bin/git config --local --name-only --get-regexp ^includeIf\.gitdir:
check (macos-latest)	Checkout repository	2026-01-03T18:10:29.9701920Z [command]/opt/homebrew/bin/git submodule foreach --recursive git config --local --show-origin --name-only --get-regexp remote.origin.url
check (macos-latest)	Checkout repository	2026-01-03T18:10:30.0706030Z [command]/opt/homebrew/bin/git config --local http.https://github.com/.extraheader AUTHORIZATION: basic ***
check (macos-latest)	Checkout repository	2026-01-03T18:10:30.0832890Z ##[endgroup]
check (macos-latest)	Checkout repository	2026-01-03T18:10:30.0833440Z ##[group]Fetching the repository
check (macos-latest)	Checkout repository	2026-01-03T18:10:30.0838520Z [command]/opt/homebrew/bin/git -c protocol.version=2 fetch --no-tags --prune --no-recurse-submodules --depth=1 origin +03ff4f0d66b7c4a08b8bbb5d60764c487adf54b9:refs/remotes/pull/2/merge
check (macos-latest)	Checkout repository	2026-01-03T18:10:34.7767030Z From https://github.com/ImL1s/screen_inu
check (macos-latest)	Checkout repository	2026-01-03T18:10:34.7769680Z  * [new ref]         03ff4f0d66b7c4a08b8bbb5d60764c487adf54b9 -> pull/2/merge
check (macos-latest)	Checkout repository	2026-01-03T18:10:34.7866790Z ##[endgroup]
check (macos-latest)	Checkout repository	2026-01-03T18:10:34.7868600Z ##[group]Determining the checkout info
check (macos-latest)	Checkout repository	2026-01-03T18:10:34.7877480Z ##[endgroup]
check (macos-latest)	Checkout repository	2026-01-03T18:10:34.7909880Z [command]/opt/homebrew/bin/git sparse-checkout disable
check (macos-latest)	Checkout repository	2026-01-03T18:10:34.8036720Z [command]/opt/homebrew/bin/git config --local --unset-all extensions.worktreeConfig
check (macos-latest)	Checkout repository	2026-01-03T18:10:34.8198480Z ##[group]Checking out the ref
check (macos-latest)	Checkout repository	2026-01-03T18:10:34.8204450Z [command]/opt/homebrew/bin/git checkout --progress --force refs/remotes/pull/2/merge
check (macos-latest)	Checkout repository	2026-01-03T18:10:35.9163840Z Updating files:  98% (252/255)
check (macos-latest)	Checkout repository	2026-01-03T18:10:35.9169910Z Updating files:  99% (253/255)
check (macos-latest)	Checkout repository	2026-01-03T18:10:35.9171630Z Updating files: 100% (255/255)
check (macos-latest)	Checkout repository	2026-01-03T18:10:35.9172110Z Updating files: 100% (255/255), done.
check (macos-latest)	Checkout repository	2026-01-03T18:10:35.9238460Z HEAD is now at 03ff4f0 Merge ae3be28575f964b5d95dee6cb7526f7f9231c551 into 253224b472070fce93faf6028e66ecbf4631530c
check (macos-latest)	Checkout repository	2026-01-03T18:10:35.9377020Z ##[endgroup]
check (macos-latest)	Checkout repository	2026-01-03T18:10:35.9558380Z [command]/opt/homebrew/bin/git log -1 --format=%H
check (macos-latest)	Checkout repository	2026-01-03T18:10:35.9655810Z 03ff4f0d66b7c4a08b8bbb5d60764c487adf54b9
check (macos-latest)	Node.js setup	ï»¿2026-01-03T18:10:36.0070180Z ##[group]Run actions/setup-node@v4
check (macos-latest)	Node.js setup	2026-01-03T18:10:36.0070540Z with:
check (macos-latest)	Node.js setup	2026-01-03T18:10:36.0070750Z   node-version: 20
check (macos-latest)	Node.js setup	2026-01-03T18:10:36.0070940Z   cache: npm
check (macos-latest)	Node.js setup	2026-01-03T18:10:36.0071310Z   cache-dependency-path: app/package-lock.json
check (macos-latest)	Node.js setup	2026-01-03T18:10:36.0071600Z   always-auth: false
check (macos-latest)	Node.js setup	2026-01-03T18:10:36.0071800Z   check-latest: false
check (macos-latest)	Node.js setup	2026-01-03T18:10:36.0072210Z   token: ***
check (macos-latest)	Node.js setup	2026-01-03T18:10:36.0072420Z ##[endgroup]
check (macos-latest)	Node.js setup	2026-01-03T18:10:36.2361360Z Found in cache @ /Users/runner/hostedtoolcache/node/20.19.6/arm64
check (macos-latest)	Node.js setup	2026-01-03T18:10:36.2365950Z ##[group]Environment details
check (macos-latest)	Node.js setup	2026-01-03T18:10:36.8701290Z node: v20.19.6
check (macos-latest)	Node.js setup	2026-01-03T18:10:36.8753990Z npm: 10.8.2
check (macos-latest)	Node.js setup	2026-01-03T18:10:36.8754600Z yarn: 1.22.22
check (macos-latest)	Node.js setup	2026-01-03T18:10:36.8772390Z ##[endgroup]
check (macos-latest)	Node.js setup	2026-01-03T18:10:36.8774500Z [command]/Users/runner/hostedtoolcache/node/20.19.6/arm64/bin/npm config get cache
check (macos-latest)	Node.js setup	2026-01-03T18:10:37.1530400Z /Users/runner/.npm
check (macos-latest)	Node.js setup	2026-01-03T18:10:37.3881930Z Cache hit for: node-cache-macOS-arm64-npm-a23bca6322e5221cea0af9ce0734db9075e13ef8423e7d088091502d5354904b
check (macos-latest)	Node.js setup	2026-01-03T18:10:37.8408860Z Received 37887022 of 37887022 (100.0%), 91.0 MBs/sec
check (macos-latest)	Node.js setup	2026-01-03T18:10:37.8414070Z Cache Size: ~36 MB (37887022 B)
check (macos-latest)	Node.js setup	2026-01-03T18:10:37.8477030Z [command]/opt/homebrew/bin/gtar -xf /Users/runner/work/_temp/fac761e3-ab31-4c6b-b08d-b779a3969046/cache.tzst -P -C /Users/runner/work/screen_inu/screen_inu --delay-directory-restore --use-compress-program unzstd
check (macos-latest)	Node.js setup	2026-01-03T18:10:38.1303170Z Cache restored successfully
check (macos-latest)	Node.js setup	2026-01-03T18:10:38.1317950Z Cache restored from key: node-cache-macOS-arm64-npm-a23bca6322e5221cea0af9ce0734db9075e13ef8423e7d088091502d5354904b
check (macos-latest)	Install Rust	ï»¿2026-01-03T18:10:38.1915280Z ##[group]Run dtolnay/rust-toolchain@stable
check (macos-latest)	Install Rust	2026-01-03T18:10:38.1915790Z with:
check (macos-latest)	Install Rust	2026-01-03T18:10:38.1916720Z   toolchain: stable
check (macos-latest)	Install Rust	2026-01-03T18:10:38.1917490Z ##[endgroup]
check (macos-latest)	Install Rust	2026-01-03T18:10:38.2128770Z ##[group]Run : parse toolchain version
check (macos-latest)	Install Rust	2026-01-03T18:10:38.2129090Z [36;1m: parse toolchain version[0m
check (macos-latest)	Install Rust	2026-01-03T18:10:38.2129310Z [36;1mif [[ -z $toolchain ]]; then[0m
check (macos-latest)	Install Rust	2026-01-03T18:10:38.2129690Z [36;1m  # GitHub does not enforce `required: true` inputs itself. https://github.com/actions/runner/issues/1070[0m
check (macos-latest)	Install Rust	2026-01-03T18:10:38.2130090Z [36;1m  echo "'toolchain' is a required input" >&2[0m
check (macos-latest)	Install Rust	2026-01-03T18:10:38.2130310Z [36;1m  exit 1[0m
check (macos-latest)	Install Rust	2026-01-03T18:10:38.2130540Z [36;1melif [[ $toolchain =~ ^stable' '[0-9]+' '(year|month|week|day)s?' 'ago$ ]]; then[0m
check (macos-latest)	Install Rust	2026-01-03T18:10:38.2130820Z [36;1m  if [[ macOS == macOS ]]; then[0m
check (macos-latest)	Install Rust	2026-01-03T18:10:38.2131170Z [36;1m    echo "toolchain=1.$((($(date -v-$(sed 's/stable \([0-9]*\) \(.\).*/\1\2/' <<< $toolchain) +%s)/60/60/24-16569)/7/6))" >> $GITHUB_OUTPUT[0m
check (macos-latest)	Install Rust	2026-01-03T18:10:38.2131570Z [36;1m  else[0m
check (macos-latest)	Install Rust	2026-01-03T18:10:38.2131840Z [36;1m    echo "toolchain=1.$((($(date --date "${toolchain#stable }" +%s)/60/60/24-16569)/7/6))" >> $GITHUB_OUTPUT[0m
check (macos-latest)	Install Rust	2026-01-03T18:10:38.2132160Z [36;1m  fi[0m
check (macos-latest)	Install Rust	2026-01-03T18:10:38.2132370Z [36;1melif [[ $toolchain =~ ^stable' 'minus' '[0-9]+' 'releases?$ ]]; then[0m
check (macos-latest)	Install Rust	2026-01-03T18:10:38.2132780Z [36;1m  echo "toolchain=1.$((($(date +%s)/60/60/24-16569)/7/6-${toolchain//[^0-9]/}))" >> $GITHUB_OUTPUT[0m
check (macos-latest)	Install Rust	2026-01-03T18:10:38.2133100Z [36;1melif [[ $toolchain =~ ^1\.[0-9]+$ ]]; then[0m
check (macos-latest)	Install Rust	2026-01-03T18:10:38.2133460Z [36;1m  echo "toolchain=1.$((i=${toolchain#1.}, c=($(date +%s)/60/60/24-16569)/7/6, i+9*i*(10*i<=c)+90*i*(100*i<=c)))" >> $GITHUB_OUTPUT[0m
check (macos-latest)	Install Rust	2026-01-03T18:10:38.2133820Z [36;1melse[0m
check (macos-latest)	Install Rust	2026-01-03T18:10:38.2134130Z [36;1m  echo "toolchain=$toolchain" >> $GITHUB_OUTPUT[0m
check (macos-latest)	Install Rust	2026-01-03T18:10:38.2134350Z [36;1mfi[0m
check (macos-latest)	Install Rust	2026-01-03T18:10:38.2182300Z shell: /bin/bash --noprofile --norc -e -o pipefail {0}
check (macos-latest)	Install Rust	2026-01-03T18:10:38.2182590Z env:
check (macos-latest)	Install Rust	2026-01-03T18:10:38.2182730Z   toolchain: stable
check (macos-latest)	Install Rust	2026-01-03T18:10:38.2182870Z ##[endgroup]
check (macos-latest)	Install Rust	2026-01-03T18:10:38.2740670Z ##[group]Run : construct rustup command line
check (macos-latest)	Install Rust	2026-01-03T18:10:38.2741470Z [36;1m: construct rustup command line[0m
check (macos-latest)	Install Rust	2026-01-03T18:10:38.2741810Z [36;1mecho "targets=$(for t in ${targets//,/ }; do echo -n ' --target' $t; done)" >> $GITHUB_OUTPUT[0m
check (macos-latest)	Install Rust	2026-01-03T18:10:38.2742300Z [36;1mecho "components=$(for c in ${components//,/ }; do echo -n ' --component' $c; done)" >> $GITHUB_OUTPUT[0m
check (macos-latest)	Install Rust	2026-01-03T18:10:38.2742820Z [36;1mecho "downgrade=" >> $GITHUB_OUTPUT[0m
check (macos-latest)	Install Rust	2026-01-03T18:10:38.2788480Z shell: /bin/bash --noprofile --norc -e -o pipefail {0}
check (macos-latest)	Install Rust	2026-01-03T18:10:38.2788780Z env:
check (macos-latest)	Install Rust	2026-01-03T18:10:38.2788960Z   targets: 
check (macos-latest)	Install Rust	2026-01-03T18:10:38.2789100Z   components: 
check (macos-latest)	Install Rust	2026-01-03T18:10:38.2789250Z ##[endgroup]
check (macos-latest)	Install Rust	2026-01-03T18:10:38.3208430Z ##[group]Run : set $CARGO_HOME
check (macos-latest)	Install Rust	2026-01-03T18:10:38.3208750Z [36;1m: set $CARGO_HOME[0m
check (macos-latest)	Install Rust	2026-01-03T18:10:38.3209000Z [36;1mecho CARGO_HOME=${CARGO_HOME:-"$HOME/.cargo"} >> $GITHUB_ENV[0m
check (macos-latest)	Install Rust	2026-01-03T18:10:38.3254690Z shell: /bin/bash --noprofile --norc -e -o pipefail {0}
check (macos-latest)	Install Rust	2026-01-03T18:10:38.3255200Z ##[endgroup]
check (macos-latest)	Install Rust	2026-01-03T18:10:38.4407880Z ##[group]Run : install rustup if needed
check (macos-latest)	Install Rust	2026-01-03T18:10:38.4408500Z [36;1m: install rustup if needed[0m
check (macos-latest)	Install Rust	2026-01-03T18:10:38.4408740Z [36;1mif ! command -v rustup &>/dev/null; then[0m
check (macos-latest)	Install Rust	2026-01-03T18:10:38.4409430Z [36;1m  curl --proto '=https' --tlsv1.2 --retry 10 --retry-connrefused --location --silent --show-error --fail https://sh.rustup.rs | sh -s -- --default-toolchain none -y[0m
check (macos-latest)	Install Rust	2026-01-03T18:10:38.4410070Z [36;1m  echo "$CARGO_HOME/bin" >> $GITHUB_PATH[0m
check (macos-latest)	Install Rust	2026-01-03T18:10:38.4410300Z [36;1mfi[0m
check (macos-latest)	Install Rust	2026-01-03T18:10:38.4440200Z shell: /bin/bash --noprofile --norc -e -o pipefail {0}
check (macos-latest)	Install Rust	2026-01-03T18:10:38.4440470Z env:
check (macos-latest)	Install Rust	2026-01-03T18:10:38.4440620Z   CARGO_HOME: /Users/runner/.cargo
check (macos-latest)	Install Rust	2026-01-03T18:10:38.4440800Z ##[endgroup]
check (macos-latest)	Install Rust	2026-01-03T18:10:38.4992100Z ##[group]Run rustup toolchain install stable --profile minimal --no-self-update
check (macos-latest)	Install Rust	2026-01-03T18:10:38.4993050Z [36;1mrustup toolchain install stable --profile minimal --no-self-update[0m
check (macos-latest)	Install Rust	2026-01-03T18:10:38.5021790Z shell: /bin/bash --noprofile --norc -e -o pipefail {0}
check (macos-latest)	Install Rust	2026-01-03T18:10:38.5022060Z env:
check (macos-latest)	Install Rust	2026-01-03T18:10:38.5022220Z   CARGO_HOME: /Users/runner/.cargo
check (macos-latest)	Install Rust	2026-01-03T18:10:38.5022420Z   RUSTUP_PERMIT_COPY_RENAME: 1
check (macos-latest)	Install Rust	2026-01-03T18:10:38.5022650Z ##[endgroup]
check (macos-latest)	Install Rust	2026-01-03T18:10:38.9259490Z info: syncing channel updates for 'stable-aarch64-apple-darwin'
check (macos-latest)	Install Rust	2026-01-03T18:10:38.9675280Z 
check (macos-latest)	Install Rust	2026-01-03T18:10:38.9780040Z info: self-update is disabled for this build of rustup
check (macos-latest)	Install Rust	2026-01-03T18:10:38.9784600Z   stable-aarch64-apple-darwin unchanged - rustc 1.92.0 (ded5c06cf 2025-12-08)
check (macos-latest)	Install Rust	2026-01-03T18:10:38.9788620Z info: any updates to rustup will need to be fetched with your system package manager
check (macos-latest)	Install Rust	2026-01-03T18:10:38.9788950Z 
check (macos-latest)	Install Rust	2026-01-03T18:10:38.9820500Z ##[group]Run rustup default stable
check (macos-latest)	Install Rust	2026-01-03T18:10:38.9820740Z [36;1mrustup default stable[0m
check (macos-latest)	Install Rust	2026-01-03T18:10:38.9851070Z shell: /bin/bash --noprofile --norc -e -o pipefail {0}
check (macos-latest)	Install Rust	2026-01-03T18:10:38.9851310Z env:
check (macos-latest)	Install Rust	2026-01-03T18:10:38.9851460Z   CARGO_HOME: /Users/runner/.cargo
check (macos-latest)	Install Rust	2026-01-03T18:10:38.9851700Z ##[endgroup]
check (macos-latest)	Install Rust	2026-01-03T18:10:39.0277340Z info: using existing install for 'stable-aarch64-apple-darwin'
check (macos-latest)	Install Rust	2026-01-03T18:10:39.0564910Z info: default toolchain set to 'stable-aarch64-apple-darwin'
check (macos-latest)	Install Rust	2026-01-03T18:10:39.0565910Z 
check (macos-latest)	Install Rust	2026-01-03T18:10:39.0665290Z   stable-aarch64-apple-darwin unchanged - rustc 1.92.0 (ded5c06cf 2025-12-08)
check (macos-latest)	Install Rust	2026-01-03T18:10:39.0668850Z 
check (macos-latest)	Install Rust	2026-01-03T18:10:39.0699510Z ##[group]Run : create cachekey
check (macos-latest)	Install Rust	2026-01-03T18:10:39.0699810Z [36;1m: create cachekey[0m
check (macos-latest)	Install Rust	2026-01-03T18:10:39.0700210Z [36;1mDATE=$(rustc +stable --version --verbose | sed -ne 's/^commit-date: \(20[0-9][0-9]\)-\([01][0-9]\)-\([0-3][0-9]\)$/\1\2\3/p')[0m
check (macos-latest)	Install Rust	2026-01-03T18:10:39.0700700Z [36;1mHASH=$(rustc +stable --version --verbose | sed -ne 's/^commit-hash: //p')[0m
check (macos-latest)	Install Rust	2026-01-03T18:10:39.0701100Z [36;1mecho "cachekey=$(echo $DATE$HASH | head -c12)" >> $GITHUB_OUTPUT[0m
check (macos-latest)	Install Rust	2026-01-03T18:10:39.0730120Z shell: /bin/bash --noprofile --norc -e -o pipefail {0}
check (macos-latest)	Install Rust	2026-01-03T18:10:39.0730400Z env:
check (macos-latest)	Install Rust	2026-01-03T18:10:39.0730770Z   CARGO_HOME: /Users/runner/.cargo
check (macos-latest)	Install Rust	2026-01-03T18:10:39.0730960Z ##[endgroup]
check (macos-latest)	Install Rust	2026-01-03T18:10:39.2116140Z ##[group]Run : disable incremental compilation
check (macos-latest)	Install Rust	2026-01-03T18:10:39.2116500Z [36;1m: disable incremental compilation[0m
check (macos-latest)	Install Rust	2026-01-03T18:10:39.2116760Z [36;1mif [ -z "${CARGO_INCREMENTAL+set}" ]; then[0m
check (macos-latest)	Install Rust	2026-01-03T18:10:39.2117010Z [36;1m  echo CARGO_INCREMENTAL=0 >> $GITHUB_ENV[0m
check (macos-latest)	Install Rust	2026-01-03T18:10:39.2117240Z [36;1mfi[0m
check (macos-latest)	Install Rust	2026-01-03T18:10:39.2148490Z shell: /bin/bash --noprofile --norc -e -o pipefail {0}
check (macos-latest)	Install Rust	2026-01-03T18:10:39.2148800Z env:
check (macos-latest)	Install Rust	2026-01-03T18:10:39.2148950Z   CARGO_HOME: /Users/runner/.cargo
check (macos-latest)	Install Rust	2026-01-03T18:10:39.2149150Z ##[endgroup]
check (macos-latest)	Install Rust	2026-01-03T18:10:39.2562860Z ##[group]Run : enable colors in Cargo output
check (macos-latest)	Install Rust	2026-01-03T18:10:39.2563310Z [36;1m: enable colors in Cargo output[0m
check (macos-latest)	Install Rust	2026-01-03T18:10:39.2563560Z [36;1mif [ -z "${CARGO_TERM_COLOR+set}" ]; then[0m
check (macos-latest)	Install Rust	2026-01-03T18:10:39.2563870Z [36;1m  echo CARGO_TERM_COLOR=always >> $GITHUB_ENV[0m
check (macos-latest)	Install Rust	2026-01-03T18:10:39.2564160Z [36;1mfi[0m
check (macos-latest)	Install Rust	2026-01-03T18:10:39.2639620Z shell: /bin/bash --noprofile --norc -e -o pipefail {0}
check (macos-latest)	Install Rust	2026-01-03T18:10:39.2639950Z env:
check (macos-latest)	Install Rust	2026-01-03T18:10:39.2640130Z   CARGO_HOME: /Users/runner/.cargo
check (macos-latest)	Install Rust	2026-01-03T18:10:39.2640340Z   CARGO_INCREMENTAL: 0
check (macos-latest)	Install Rust	2026-01-03T18:10:39.2640510Z ##[endgroup]
check (macos-latest)	Install Rust	2026-01-03T18:10:39.3083450Z ##[group]Run : enable Cargo sparse registry
check (macos-latest)	Install Rust	2026-01-03T18:10:39.3084380Z [36;1m: enable Cargo sparse registry[0m
check (macos-latest)	Install Rust	2026-01-03T18:10:39.3085190Z [36;1m# implemented in 1.66, stabilized in 1.68, made default in 1.70[0m
check (macos-latest)	Install Rust	2026-01-03T18:10:39.3086550Z [36;1mif [ -z "${CARGO_REGISTRIES_CRATES_IO_PROTOCOL+set}" -o -f "/Users/runner/work/_temp"/.implicit_cargo_registries_crates_io_protocol ]; then[0m
check (macos-latest)	Install Rust	2026-01-03T18:10:39.3088000Z [36;1m  if rustc +stable --version --verbose | grep -q '^release: 1\.6[89]\.'; then[0m
check (macos-latest)	Install Rust	2026-01-03T18:10:39.3089130Z [36;1m    touch "/Users/runner/work/_temp"/.implicit_cargo_registries_crates_io_protocol || true[0m
check (macos-latest)	Install Rust	2026-01-03T18:10:39.3091030Z [36;1m    echo CARGO_REGISTRIES_CRATES_IO_PROTOCOL=sparse >> $GITHUB_ENV[0m
check (macos-latest)	Install Rust	2026-01-03T18:10:39.3092070Z [36;1m  elif rustc +stable --version --verbose | grep -q '^release: 1\.6[67]\.'; then[0m
check (macos-latest)	Install Rust	2026-01-03T18:10:39.3093230Z [36;1m    touch "/Users/runner/work/_temp"/.implicit_cargo_registries_crates_io_protocol || true[0m
check (macos-latest)	Install Rust	2026-01-03T18:10:39.3094410Z [36;1m    echo CARGO_REGISTRIES_CRATES_IO_PROTOCOL=git >> $GITHUB_ENV[0m
check (macos-latest)	Install Rust	2026-01-03T18:10:39.3095140Z [36;1m  fi[0m
check (macos-latest)	Install Rust	2026-01-03T18:10:39.3095510Z [36;1mfi[0m
check (macos-latest)	Install Rust	2026-01-03T18:10:39.3249900Z shell: /bin/bash --noprofile --norc -e -o pipefail {0}
check (macos-latest)	Install Rust	2026-01-03T18:10:39.3250220Z env:
check (macos-latest)	Install Rust	2026-01-03T18:10:39.3250380Z   CARGO_HOME: /Users/runner/.cargo
check (macos-latest)	Install Rust	2026-01-03T18:10:39.3250590Z   CARGO_INCREMENTAL: 0
check (macos-latest)	Install Rust	2026-01-03T18:10:39.3250750Z   CARGO_TERM_COLOR: always
check (macos-latest)	Install Rust	2026-01-03T18:10:39.3250940Z ##[endgroup]
check (macos-latest)	Install Rust	2026-01-03T18:10:39.4296230Z ##[group]Run : work around spurious network errors in curl 8.0
check (macos-latest)	Install Rust	2026-01-03T18:10:39.4296680Z [36;1m: work around spurious network errors in curl 8.0[0m
check (macos-latest)	Install Rust	2026-01-03T18:10:39.4297140Z [36;1m# https://rust-lang.zulipchat.com/#narrow/stream/246057-t-cargo/topic/timeout.20investigation[0m
check (macos-latest)	Install Rust	2026-01-03T18:10:39.4297630Z [36;1mif rustc +stable --version --verbose | grep -q '^release: 1\.7[01]\.'; then[0m
check (macos-latest)	Install Rust	2026-01-03T18:10:39.4297980Z [36;1m  echo CARGO_HTTP_MULTIPLEXING=false >> $GITHUB_ENV[0m
check (macos-latest)	Install Rust	2026-01-03T18:10:39.4298230Z [36;1mfi[0m
check (macos-latest)	Install Rust	2026-01-03T18:10:39.4384370Z shell: /bin/bash --noprofile --norc -e -o pipefail {0}
check (macos-latest)	Install Rust	2026-01-03T18:10:39.4469070Z env:
check (macos-latest)	Install Rust	2026-01-03T18:10:39.4469450Z   CARGO_HOME: /Users/runner/.cargo
check (macos-latest)	Install Rust	2026-01-03T18:10:39.4469720Z   CARGO_INCREMENTAL: 0
check (macos-latest)	Install Rust	2026-01-03T18:10:39.4469920Z   CARGO_TERM_COLOR: always
check (macos-latest)	Install Rust	2026-01-03T18:10:39.4475140Z ##[endgroup]
check (macos-latest)	Install Rust	2026-01-03T18:10:39.5179670Z ##[group]Run rustc +stable --version --verbose
check (macos-latest)	Install Rust	2026-01-03T18:10:39.5180080Z [36;1mrustc +stable --version --verbose[0m
check (macos-latest)	Install Rust	2026-01-03T18:10:39.5231210Z shell: /bin/bash --noprofile --norc -e -o pipefail {0}
check (macos-latest)	Install Rust	2026-01-03T18:10:39.5231500Z env:
check (macos-latest)	Install Rust	2026-01-03T18:10:39.5231670Z   CARGO_HOME: /Users/runner/.cargo
check (macos-latest)	Install Rust	2026-01-03T18:10:39.5232190Z   CARGO_INCREMENTAL: 0
check (macos-latest)	Install Rust	2026-01-03T18:10:39.5232380Z   CARGO_TERM_COLOR: always
check (macos-latest)	Install Rust	2026-01-03T18:10:39.5232580Z ##[endgroup]
check (macos-latest)	Install Rust	2026-01-03T18:10:39.6005780Z rustc 1.92.0 (ded5c06cf 2025-12-08)
check (macos-latest)	Install Rust	2026-01-03T18:10:39.6048680Z binary: rustc
check (macos-latest)	Install Rust	2026-01-03T18:10:39.6151770Z commit-hash: ded5c06cf21d2b93bffd5d884aa6e96934ee4234
check (macos-latest)	Install Rust	2026-01-03T18:10:39.6231270Z commit-date: 2025-12-08
check (macos-latest)	Install Rust	2026-01-03T18:10:39.6286350Z host: aarch64-apple-darwin
check (macos-latest)	Install Rust	2026-01-03T18:10:39.6388140Z release: 1.92.0
check (macos-latest)	Install Rust	2026-01-03T18:10:39.6489820Z LLVM version: 21.1.3
check (macos-latest)	Rust cache	ï»¿2026-01-03T18:10:39.6671920Z ##[group]Run Swatinem/rust-cache@v2
check (macos-latest)	Rust cache	2026-01-03T18:10:39.6672170Z with:
check (macos-latest)	Rust cache	2026-01-03T18:10:39.6672330Z   workspaces: ./app/src-tauri -> target
check (macos-latest)	Rust cache	2026-01-03T18:10:39.6672530Z   prefix-key: v0-rust
check (macos-latest)	Rust cache	2026-01-03T18:10:39.6672690Z   add-job-id-key: true
check (macos-latest)	Rust cache	2026-01-03T18:10:39.6672900Z   add-rust-environment-hash-key: true
check (macos-latest)	Rust cache	2026-01-03T18:10:39.6673100Z   cache-targets: true
check (macos-latest)	Rust cache	2026-01-03T18:10:39.6673260Z   cache-all-crates: false
check (macos-latest)	Rust cache	2026-01-03T18:10:39.6673460Z   cache-workspace-crates: false
check (macos-latest)	Rust cache	2026-01-03T18:10:39.6673690Z   save-if: true
check (macos-latest)	Rust cache	2026-01-03T18:10:39.6673850Z   cache-provider: github
check (macos-latest)	Rust cache	2026-01-03T18:10:39.6674020Z   cache-bin: true
check (macos-latest)	Rust cache	2026-01-03T18:10:39.6674170Z   lookup-only: false
check (macos-latest)	Rust cache	2026-01-03T18:10:39.6674300Z env:
check (macos-latest)	Rust cache	2026-01-03T18:10:39.6674460Z   CARGO_HOME: /Users/runner/.cargo
check (macos-latest)	Rust cache	2026-01-03T18:10:39.6674650Z   CARGO_INCREMENTAL: 0
check (macos-latest)	Rust cache	2026-01-03T18:10:39.6674800Z   CARGO_TERM_COLOR: always
check (macos-latest)	Rust cache	2026-01-03T18:10:39.6674970Z ##[endgroup]
check (macos-latest)	Rust cache	2026-01-03T18:10:40.4115760Z ##[group]Cache Configuration
check (macos-latest)	Rust cache	2026-01-03T18:10:40.4243700Z Cache Provider:
check (macos-latest)	Rust cache	2026-01-03T18:10:40.4362100Z     github
check (macos-latest)	Rust cache	2026-01-03T18:10:40.4463260Z Workspaces:
check (macos-latest)	Rust cache	2026-01-03T18:10:40.4576080Z     /Users/runner/work/screen_inu/screen_inu/app/src-tauri
check (macos-latest)	Rust cache	2026-01-03T18:10:40.4708650Z Cache Paths:
check (macos-latest)	Rust cache	2026-01-03T18:10:40.4810330Z     /Users/runner/.cargo/bin
check (macos-latest)	Rust cache	2026-01-03T18:10:40.4912540Z     /Users/runner/.cargo/.crates.toml
check (macos-latest)	Rust cache	2026-01-03T18:10:40.5014230Z     /Users/runner/.cargo/.crates2.json
check (macos-latest)	Rust cache	2026-01-03T18:10:40.5062930Z     /Users/runner/.cargo/registry
check (macos-latest)	Rust cache	2026-01-03T18:10:40.5097920Z     /Users/runner/.cargo/git
check (macos-latest)	Rust cache	2026-01-03T18:10:40.5099180Z     /Users/runner/work/screen_inu/screen_inu/app/src-tauri/target
check (macos-latest)	Rust cache	2026-01-03T18:10:40.5100020Z Restore Key:
check (macos-latest)	Rust cache	2026-01-03T18:10:40.5100690Z     v0-rust-check-Darwin-arm64-e910a226
check (macos-latest)	Rust cache	2026-01-03T18:10:40.5127870Z Cache Key:
check (macos-latest)	Rust cache	2026-01-03T18:10:40.5128270Z     v0-rust-check-Darwin-arm64-e910a226-353142a3
check (macos-latest)	Rust cache	2026-01-03T18:10:40.5128550Z .. Prefix:
check (macos-latest)	Rust cache	2026-01-03T18:10:40.5128780Z   - v0-rust-check-Darwin-arm64
check (macos-latest)	Rust cache	2026-01-03T18:10:40.5129050Z .. Environment considered:
check (macos-latest)	Rust cache	2026-01-03T18:10:40.5129490Z   - Rust Version: 1.92.0 aarch64-apple-darwin (ded5c06cf21d2b93bffd5d884aa6e96934ee4234)
check (macos-latest)	Rust cache	2026-01-03T18:10:40.5129790Z   - CARGO_HOME
check (macos-latest)	Rust cache	2026-01-03T18:10:40.5130010Z   - CARGO_INCREMENTAL
check (macos-latest)	Rust cache	2026-01-03T18:10:40.5130210Z   - CARGO_TERM_COLOR
check (macos-latest)	Rust cache	2026-01-03T18:10:40.5130590Z .. Lockfiles considered:
check (macos-latest)	Rust cache	2026-01-03T18:10:40.5130990Z   - /Users/runner/work/screen_inu/screen_inu/app/src-tauri/Cargo.lock
check (macos-latest)	Rust cache	2026-01-03T18:10:40.5131470Z   - /Users/runner/work/screen_inu/screen_inu/app/src-tauri/Cargo.toml
check (macos-latest)	Rust cache	2026-01-03T18:10:40.5132020Z ##[endgroup]
check (macos-latest)	Rust cache	2026-01-03T18:10:40.5132160Z 
check (macos-latest)	Rust cache	2026-01-03T18:10:40.5132300Z ... Restoring cache ...
check (macos-latest)	Rust cache	2026-01-03T18:10:40.5639560Z Cache hit for: v0-rust-check-Darwin-arm64-e910a226-353142a3
check (macos-latest)	Rust cache	2026-01-03T18:10:41.6161330Z Received 100663296 of 802455793 (12.5%), 95.1 MBs/sec
check (macos-latest)	Rust cache	2026-01-03T18:10:42.6444910Z Received 201326592 of 802455793 (25.1%), 94.3 MBs/sec
check (macos-latest)	Rust cache	2026-01-03T18:10:43.6655620Z Received 306184192 of 802455793 (38.2%), 95.3 MBs/sec
check (macos-latest)	Rust cache	2026-01-03T18:10:44.7590910Z Received 402653184 of 802455793 (50.2%), 92.5 MBs/sec
check (macos-latest)	Rust cache	2026-01-03T18:10:45.7687110Z Received 524288000 of 802455793 (65.3%), 96.9 MBs/sec
check (macos-latest)	Rust cache	2026-01-03T18:10:46.8642990Z Received 671088640 of 802455793 (83.6%), 102.4 MBs/sec
check (macos-latest)	Rust cache	2026-01-03T18:10:47.8717690Z Received 798261489 of 802455793 (99.5%), 104.7 MBs/sec
check (macos-latest)	Rust cache	2026-01-03T18:10:47.9382960Z Received 802455793 of 802455793 (100.0%), 104.3 MBs/sec
check (macos-latest)	Rust cache	2026-01-03T18:10:47.9493300Z Cache Size: ~765 MB (802455793 B)
check (macos-latest)	Rust cache	2026-01-03T18:10:47.9617830Z [command]/opt/homebrew/bin/gtar -xf /Users/runner/work/_temp/40754e3d-416b-4f7f-9317-6fb74d19027d/cache.tzst -P -C /Users/runner/work/screen_inu/screen_inu --delay-directory-restore --use-compress-program unzstd
check (macos-latest)	Rust cache	2026-01-03T18:10:58.2090430Z Cache restored successfully
check (macos-latest)	Rust cache	2026-01-03T18:10:58.2747480Z Restored from cache key "v0-rust-check-Darwin-arm64-e910a226-353142a3" full match: true.
check (macos-latest)	Prepare dummy Tesseract sidecars	ï»¿2026-01-03T18:10:58.3237830Z ##[group]Run mkdir -p app/src-tauri/binaries
check (macos-latest)	Prepare dummy Tesseract sidecars	2026-01-03T18:10:58.3238340Z [36;1mmkdir -p app/src-tauri/binaries[0m
check (macos-latest)	Prepare dummy Tesseract sidecars	2026-01-03T18:10:58.3238720Z [36;1mif [ "macos-latest" = "macos-latest" ]; then[0m
check (macos-latest)	Prepare dummy Tesseract sidecars	2026-01-03T18:10:58.3239140Z [36;1m  touch app/src-tauri/binaries/tesseract-aarch64-apple-darwin[0m
check (macos-latest)	Prepare dummy Tesseract sidecars	2026-01-03T18:10:58.3239610Z [36;1m  touch app/src-tauri/binaries/tesseract-x86_64-apple-darwin[0m
check (macos-latest)	Prepare dummy Tesseract sidecars	2026-01-03T18:10:58.3240060Z [36;1m  chmod +x app/src-tauri/binaries/tesseract-aarch64-apple-darwin[0m
check (macos-latest)	Prepare dummy Tesseract sidecars	2026-01-03T18:10:58.3240520Z [36;1m  chmod +x app/src-tauri/binaries/tesseract-x86_64-apple-darwin[0m
check (macos-latest)	Prepare dummy Tesseract sidecars	2026-01-03T18:10:58.3241020Z [36;1melif [ "macos-latest" = "windows-latest" ]; then[0m
check (macos-latest)	Prepare dummy Tesseract sidecars	2026-01-03T18:10:58.3241560Z [36;1m  # Windows sidecars are often .exe, but externalBin config just says 'binaries/tesseract'[0m
check (macos-latest)	Prepare dummy Tesseract sidecars	2026-01-03T18:10:58.3242010Z [36;1m  # Looking at ocr.rs, it expects platform specific names.[0m
check (macos-latest)	Prepare dummy Tesseract sidecars	2026-01-03T18:10:58.3242500Z [36;1m  touch app/src-tauri/binaries/tesseract-x86_64-pc-windows-msvc.exe[0m
check (macos-latest)	Prepare dummy Tesseract sidecars	2026-01-03T18:10:58.3243090Z [36;1mfi[0m
check (macos-latest)	Prepare dummy Tesseract sidecars	2026-01-03T18:10:58.3314450Z shell: /bin/bash --noprofile --norc -e -o pipefail {0}
check (macos-latest)	Prepare dummy Tesseract sidecars	2026-01-03T18:10:58.3314870Z env:
check (macos-latest)	Prepare dummy Tesseract sidecars	2026-01-03T18:10:58.3315070Z   CARGO_HOME: /Users/runner/.cargo
check (macos-latest)	Prepare dummy Tesseract sidecars	2026-01-03T18:10:58.3315430Z   CARGO_INCREMENTAL: 0
check (macos-latest)	Prepare dummy Tesseract sidecars	2026-01-03T18:10:58.3315660Z   CARGO_TERM_COLOR: always
check (macos-latest)	Prepare dummy Tesseract sidecars	2026-01-03T18:10:58.3315980Z   CACHE_ON_FAILURE: false
check (macos-latest)	Prepare dummy Tesseract sidecars	2026-01-03T18:10:58.3316200Z ##[endgroup]
check (macos-latest)	Install frontend dependencies	ï»¿2026-01-03T18:10:58.5648800Z ##[group]Run npm install
check (macos-latest)	Install frontend dependencies	2026-01-03T18:10:58.5649300Z [36;1mnpm install[0m
check (macos-latest)	Install frontend dependencies	2026-01-03T18:10:58.5693600Z shell: /bin/bash -e {0}
check (macos-latest)	Install frontend dependencies	2026-01-03T18:10:58.5694830Z env:
check (macos-latest)	Install frontend dependencies	2026-01-03T18:10:58.5698180Z   CARGO_HOME: /Users/runner/.cargo
check (macos-latest)	Install frontend dependencies	2026-01-03T18:10:58.5698930Z   CARGO_INCREMENTAL: 0
check (macos-latest)	Install frontend dependencies	2026-01-03T18:10:58.5701260Z   CARGO_TERM_COLOR: always
check (macos-latest)	Install frontend dependencies	2026-01-03T18:10:58.5702190Z   CACHE_ON_FAILURE: false
check (macos-latest)	Install frontend dependencies	2026-01-03T18:10:58.5708180Z ##[endgroup]
check (macos-latest)	Install frontend dependencies	2026-01-03T18:11:04.1963090Z 
check (macos-latest)	Install frontend dependencies	2026-01-03T18:11:04.1966810Z added 193 packages, and audited 194 packages in 5s
check (macos-latest)	Install frontend dependencies	2026-01-03T18:11:04.1967680Z 
check (macos-latest)	Install frontend dependencies	2026-01-03T18:11:04.1968050Z 36 packages are looking for funding
check (macos-latest)	Install frontend dependencies	2026-01-03T18:11:04.1968480Z   run `npm fund` for details
check (macos-latest)	Install frontend dependencies	2026-01-03T18:11:04.1972950Z 
check (macos-latest)	Install frontend dependencies	2026-01-03T18:11:04.1974240Z found 0 vulnerabilities
check (macos-latest)	Build Check (Tauri)	ï»¿2026-01-03T18:11:04.2322700Z ##[group]Run npm run tauri build -- --no-bundle
check (macos-latest)	Build Check (Tauri)	2026-01-03T18:11:04.2323310Z [36;1mnpm run tauri build -- --no-bundle[0m
check (macos-latest)	Build Check (Tauri)	2026-01-03T18:11:04.2477810Z shell: /bin/bash -e {0}
check (macos-latest)	Build Check (Tauri)	2026-01-03T18:11:04.2478120Z env:
check (macos-latest)	Build Check (Tauri)	2026-01-03T18:11:04.2478400Z   CARGO_HOME: /Users/runner/.cargo
check (macos-latest)	Build Check (Tauri)	2026-01-03T18:11:04.2478680Z   CARGO_INCREMENTAL: 0
check (macos-latest)	Build Check (Tauri)	2026-01-03T18:11:04.2479120Z   CARGO_TERM_COLOR: always
check (macos-latest)	Build Check (Tauri)	2026-01-03T18:11:04.2479360Z   CACHE_ON_FAILURE: false
check (macos-latest)	Build Check (Tauri)	2026-01-03T18:11:04.2482450Z   GITHUB_TOKEN: ***
check (macos-latest)	Build Check (Tauri)	2026-01-03T18:11:04.2484490Z ##[endgroup]
check (macos-latest)	Build Check (Tauri)	2026-01-03T18:11:04.5235970Z 
check (macos-latest)	Build Check (Tauri)	2026-01-03T18:11:04.5242430Z > app@0.1.2 tauri
check (macos-latest)	Build Check (Tauri)	2026-01-03T18:11:04.5242750Z > tauri build --no-bundle
check (macos-latest)	Build Check (Tauri)	2026-01-03T18:11:04.5242940Z 
check (macos-latest)	Build Check (Tauri)	2026-01-03T18:11:05.1799070Z         Info Looking up installed tauri packages to check mismatched versions...
check (macos-latest)	Build Check (Tauri)	2026-01-03T18:11:05.7060970Z      Running beforeBuildCommand `npm run build`
check (macos-latest)	Build Check (Tauri)	2026-01-03T18:11:05.9280560Z 
check (macos-latest)	Build Check (Tauri)	2026-01-03T18:11:05.9313450Z > app@0.1.2 build
check (macos-latest)	Build Check (Tauri)	2026-01-03T18:11:05.9315100Z > tsc && vite build
check (macos-latest)	Build Check (Tauri)	2026-01-03T18:11:05.9316000Z 
check (macos-latest)	Build Check (Tauri)	2026-01-03T18:11:08.7369180Z [36mvite v7.3.0 [32mbuilding client environment for production...[36m[39m
check (macos-latest)	Build Check (Tauri)	2026-01-03T18:11:08.9952130Z transforming...
check (macos-latest)	Build Check (Tauri)	2026-01-03T18:11:13.7491630Z [32mâœ“[39m 2147 modules transformed.
check (macos-latest)	Build Check (Tauri)	2026-01-03T18:11:13.9164190Z rendering chunks...
check (macos-latest)	Build Check (Tauri)	2026-01-03T18:11:14.0447530Z [33m[plugin vite:reporter] 
check (macos-latest)	Build Check (Tauri)	2026-01-03T18:11:14.0519580Z (!) /Users/runner/work/screen_inu/screen_inu/app/node_modules/@tauri-apps/plugin-global-shortcut/dist-js/index.js is dynamically imported by /Users/runner/work/screen_inu/screen_inu/app/src/App.tsx, /Users/runner/work/screen_inu/screen_inu/app/src/App.tsx, /Users/runner/work/screen_inu/screen_inu/app/src/App.tsx but also statically imported by /Users/runner/work/screen_inu/screen_inu/app/src/App.tsx, dynamic import will not move module into another chunk.
check (macos-latest)	Build Check (Tauri)	2026-01-03T18:11:14.0527500Z [39m
check (macos-latest)	Build Check (Tauri)	2026-01-03T18:11:14.0541920Z [33m[plugin vite:reporter] 
check (macos-latest)	Build Check (Tauri)	2026-01-03T18:11:14.0544780Z (!) /Users/runner/work/screen_inu/screen_inu/app/node_modules/@tauri-apps/api/event.js is dynamically imported by /Users/runner/work/screen_inu/screen_inu/app/src/App.tsx but also statically imported by /Users/runner/work/screen_inu/screen_inu/app/node_modules/@tauri-apps/api/webview.js, /Users/runner/work/screen_inu/screen_inu/app/node_modules/@tauri-apps/api/webviewWindow.js, /Users/runner/work/screen_inu/screen_inu/app/node_modules/@tauri-apps/api/window.js, dynamic import will not move module into another chunk.
check (macos-latest)	Build Check (Tauri)	2026-01-03T18:11:14.0568560Z [39m
check (macos-latest)	Build Check (Tauri)	2026-01-03T18:11:14.0879310Z computing gzip size...
check (macos-latest)	Build Check (Tauri)	2026-01-03T18:11:14.1196030Z [2mdist/[22m[32mindex.html                 [39m[1m[2m  0.46 kB[22m[1m[22m[2m â”‚ gzip:   0.29 kB[22m
check (macos-latest)	Build Check (Tauri)	2026-01-03T18:11:14.1302700Z [2mdist/[22m[2massets/[22m[35mindex-Dv6ajlN1.css  [39m[1m[2m 28.54 kB[22m[1m[22m[2m â”‚ gzip:   5.79 kB[22m
check (macos-latest)	Build Check (Tauri)	2026-01-03T18:11:14.1412010Z [2mdist/[22m[2massets/[22m[36mindex-2NXCFtar.js   [39m[1m[2m  0.13 kB[22m[1m[22m[2m â”‚ gzip:   0.14 kB[22m
check (macos-latest)	Build Check (Tauri)	2026-01-03T18:11:14.1501560Z [2mdist/[22m[2massets/[22m[36mindex-DaYUeXkC.js   [39m[1m[2m434.71 kB[22m[1m[22m[2m â”‚ gzip: 136.38 kB[22m
check (macos-latest)	Build Check (Tauri)	2026-01-03T18:11:14.1516860Z [32mâœ“ built in 5.36s[39m
check (macos-latest)	Build Check (Tauri)	2026-01-03T18:11:15.6545860Z [1m[92m    Updating[0m crates.io index
check (macos-latest)	Build Check (Tauri)	2026-01-03T18:11:21.6613870Z [1m[92m   Compiling[0m screen-inu v0.1.0 (/Users/runner/work/screen_inu/screen_inu/app/src-tauri)
check (macos-latest)	Build Check (Tauri)	2026-01-03T18:12:33.0524810Z [1m[92m    Finished[0m `release` profile [optimized] target(s) in 1m 18s
check (macos-latest)	Build Check (Tauri)	2026-01-03T18:12:33.1576260Z        Built application at: /Users/runner/work/screen_inu/screen_inu/app/src-tauri/target/release/screen-inu
check (macos-latest)	Post Rust cache	ï»¿2026-01-03T18:12:33.2503080Z Post job cleanup.
check (macos-latest)	Post Rust cache	2026-01-03T18:12:34.1876910Z Cache up-to-date.
check (macos-latest)	Post Node.js setup	ï»¿2026-01-03T18:12:34.2180910Z Post job cleanup.
check (macos-latest)	Post Node.js setup	2026-01-03T18:12:34.4677760Z Cache hit occurred on the primary key node-cache-macOS-arm64-npm-a23bca6322e5221cea0af9ce0734db9075e13ef8423e7d088091502d5354904b, not saving cache.
check (macos-latest)	Post Checkout repository	ï»¿2026-01-03T18:12:34.5125810Z Post job cleanup.
check (macos-latest)	Post Checkout repository	2026-01-03T18:12:34.6415200Z [command]/opt/homebrew/bin/git version
check (macos-latest)	Post Checkout repository	2026-01-03T18:12:34.6659940Z git version 2.50.1
check (macos-latest)	Post Checkout repository	2026-01-03T18:12:34.6701220Z Copying '/Users/runner/.gitconfig' to '/Users/runner/work/_temp/e49670fe-18da-4d9a-a33b-28f90236d183/.gitconfig'
check (macos-latest)	Post Checkout repository	2026-01-03T18:12:34.6713950Z Temporarily overriding HOME='/Users/runner/work/_temp/e49670fe-18da-4d9a-a33b-28f90236d183' before making global git config changes
check (macos-latest)	Post Checkout repository	2026-01-03T18:12:34.6715070Z Adding repository directory to the temporary git global config as a safe directory
check (macos-latest)	Post Checkout repository	2026-01-03T18:12:34.6717990Z [command]/opt/homebrew/bin/git config --global --add safe.directory /Users/runner/work/screen_inu/screen_inu
check (macos-latest)	Post Checkout repository	2026-01-03T18:12:34.6827350Z [command]/opt/homebrew/bin/git config --local --name-only --get-regexp core\.sshCommand
check (macos-latest)	Post Checkout repository	2026-01-03T18:12:34.6905410Z [command]/opt/homebrew/bin/git submodule foreach --recursive sh -c "git config --local --name-only --get-regexp 'core\.sshCommand' && git config --local --unset-all 'core.sshCommand' || :"
check (macos-latest)	Post Checkout repository	2026-01-03T18:12:34.7853760Z [command]/opt/homebrew/bin/git config --local --name-only --get-regexp http\.https\:\/\/github\.com\/\.extraheader
check (macos-latest)	Post Checkout repository	2026-01-03T18:12:34.7909180Z http.https://github.com/.extraheader
check (macos-latest)	Post Checkout repository	2026-01-03T18:12:34.7918260Z [command]/opt/homebrew/bin/git config --local --unset-all http.https://github.com/.extraheader
check (macos-latest)	Post Checkout repository	2026-01-03T18:12:34.7988340Z [command]/opt/homebrew/bin/git submodule foreach --recursive sh -c "git config --local --name-only --get-regexp 'http\.https\:\/\/github\.com\/\.extraheader' && git config --local --unset-all 'http.https://github.com/.extraheader' || :"
check (macos-latest)	Post Checkout repository	2026-01-03T18:12:34.9895980Z [command]/opt/homebrew/bin/git config --local --name-only --get-regexp ^includeIf\.gitdir:
check (macos-latest)	Post Checkout repository	2026-01-03T18:12:34.9900070Z [command]/opt/homebrew/bin/git submodule foreach --recursive git config --local --show-origin --name-only --get-regexp remote.origin.url
check (macos-latest)	Complete job	ï»¿2026-01-03T18:12:35.1715670Z Cleaning up orphan processes
