test	Set up job	ï»¿2026-01-05T12:50:08.6986209Z Current runner version: '2.330.0'
test	Set up job	2026-01-05T12:50:08.7029678Z ##[group]Runner Image Provisioner
test	Set up job	2026-01-05T12:50:08.7030382Z Hosted Compute Agent
test	Set up job	2026-01-05T12:50:08.7030863Z Version: 20251211.462
test	Set up job	2026-01-05T12:50:08.7031348Z Commit: 6cbad8c2bb55d58165063d031ccabf57e2d2db61
test	Set up job	2026-01-05T12:50:08.7031985Z Build Date: 2025-12-11T16:28:49Z
test	Set up job	2026-01-05T12:50:08.7032552Z Worker ID: {842c97c1-9fcb-4637-885e-479dbd915b59}
test	Set up job	2026-01-05T12:50:08.7033093Z ##[endgroup]
test	Set up job	2026-01-05T12:50:08.7033570Z ##[group]Operating System
test	Set up job	2026-01-05T12:50:08.7034040Z Microsoft Windows Server 2025
test	Set up job	2026-01-05T12:50:08.7034519Z 10.0.26100
test	Set up job	2026-01-05T12:50:08.7034897Z Datacenter
test	Set up job	2026-01-05T12:50:08.7035290Z ##[endgroup]
test	Set up job	2026-01-05T12:50:08.7035668Z ##[group]Runner Image
test	Set up job	2026-01-05T12:50:08.7036117Z Image: windows-2025
test	Set up job	2026-01-05T12:50:08.7036545Z Version: 20251216.149.1
test	Set up job	2026-01-05T12:50:08.7037399Z Included Software: https://github.com/actions/runner-images/blob/win25/20251216.149/images/windows/Windows2025-Readme.md
test	Set up job	2026-01-05T12:50:08.7039042Z Image Release: https://github.com/actions/runner-images/releases/tag/win25%2F20251216.149
test	Set up job	2026-01-05T12:50:08.7039792Z ##[endgroup]
test	Set up job	2026-01-05T12:50:08.7040719Z ##[group]GITHUB_TOKEN Permissions
test	Set up job	2026-01-05T12:50:08.7042429Z Contents: read
test	Set up job	2026-01-05T12:50:08.7042845Z Metadata: read
test	Set up job	2026-01-05T12:50:08.7043269Z Packages: read
test	Set up job	2026-01-05T12:50:08.7043644Z ##[endgroup]
test	Set up job	2026-01-05T12:50:08.7045429Z Secret source: Actions
test	Set up job	2026-01-05T12:50:08.7046014Z Prepare workflow directory
test	Set up job	2026-01-05T12:50:08.7345079Z Prepare all required actions
test	Set up job	2026-01-05T12:50:08.7388801Z Getting action download info
test	Set up job	2026-01-05T12:50:09.1734712Z Download action repository 'actions/checkout@v4' (SHA:34e114876b0b11c390a56381ad16ebd13914f8d5)
test	Set up job	2026-01-05T12:50:09.2862910Z Download action repository 'actions/setup-node@v4' (SHA:49933ea5288caeca8642d1e84afbd3f7d6820020)
test	Set up job	2026-01-05T12:50:09.4326072Z Download action repository 'dtolnay/rust-toolchain@stable' (SHA:4be9e76fd7c4901c61fb841f559994984270fce7)
test	Set up job	2026-01-05T12:50:09.8975720Z Download action repository 'Swatinem/rust-cache@v2' (SHA:779680da715d629ac1d338a641029a2f4372abb5)
test	Set up job	2026-01-05T12:50:11.0002415Z Complete job name: test
test	Run actions/checkout@v4	ï»¿2026-01-05T12:50:11.1361202Z ##[group]Run actions/checkout@v4
test	Run actions/checkout@v4	2026-01-05T12:50:11.1362792Z with:
test	Run actions/checkout@v4	2026-01-05T12:50:11.1363491Z   repository: ImL1s/screen_inu
test	Run actions/checkout@v4	2026-01-05T12:50:11.1364671Z   token: ***
test	Run actions/checkout@v4	2026-01-05T12:50:11.1365316Z   ssh-strict: true
test	Run actions/checkout@v4	2026-01-05T12:50:11.1366031Z   ssh-user: git
test	Run actions/checkout@v4	2026-01-05T12:50:11.1366724Z   persist-credentials: true
test	Run actions/checkout@v4	2026-01-05T12:50:11.1367512Z   clean: true
test	Run actions/checkout@v4	2026-01-05T12:50:11.1490057Z   sparse-checkout-cone-mode: true
test	Run actions/checkout@v4	2026-01-05T12:50:11.1491913Z   fetch-depth: 1
test	Run actions/checkout@v4	2026-01-05T12:50:11.1492978Z   fetch-tags: false
test	Run actions/checkout@v4	2026-01-05T12:50:11.1494833Z   show-progress: true
test	Run actions/checkout@v4	2026-01-05T12:50:11.1496024Z   lfs: false
test	Run actions/checkout@v4	2026-01-05T12:50:11.1496981Z   submodules: false
test	Run actions/checkout@v4	2026-01-05T12:50:11.1498058Z   set-safe-directory: true
test	Run actions/checkout@v4	2026-01-05T12:50:11.1499866Z ##[endgroup]
test	Run actions/checkout@v4	2026-01-05T12:50:11.3244800Z Syncing repository: ImL1s/screen_inu
test	Run actions/checkout@v4	2026-01-05T12:50:11.3247750Z ##[group]Getting Git version info
test	Run actions/checkout@v4	2026-01-05T12:50:11.3248930Z Working directory is 'D:\a\screen_inu\screen_inu'
test	Run actions/checkout@v4	2026-01-05T12:50:11.4097435Z [command]"C:\Program Files\Git\bin\git.exe" version
test	Run actions/checkout@v4	2026-01-05T12:50:11.5923689Z git version 2.52.0.windows.1
test	Run actions/checkout@v4	2026-01-05T12:50:11.5978273Z ##[endgroup]
test	Run actions/checkout@v4	2026-01-05T12:50:11.6000018Z Temporarily overriding HOME='D:\a\_temp\4d489ae1-d951-4675-8083-5eea5444aa69' before making global git config changes
test	Run actions/checkout@v4	2026-01-05T12:50:11.6004043Z Adding repository directory to the temporary git global config as a safe directory
test	Run actions/checkout@v4	2026-01-05T12:50:11.6013510Z [command]"C:\Program Files\Git\bin\git.exe" config --global --add safe.directory D:\a\screen_inu\screen_inu
test	Run actions/checkout@v4	2026-01-05T12:50:11.6340421Z Deleting the contents of 'D:\a\screen_inu\screen_inu'
test	Run actions/checkout@v4	2026-01-05T12:50:11.6348100Z ##[group]Initializing the repository
test	Run actions/checkout@v4	2026-01-05T12:50:11.6357480Z [command]"C:\Program Files\Git\bin\git.exe" init D:\a\screen_inu\screen_inu
test	Run actions/checkout@v4	2026-01-05T12:50:11.6816176Z Initialized empty Git repository in D:/a/screen_inu/screen_inu/.git/
test	Run actions/checkout@v4	2026-01-05T12:50:11.6916320Z [command]"C:\Program Files\Git\bin\git.exe" remote add origin https://github.com/ImL1s/screen_inu
test	Run actions/checkout@v4	2026-01-05T12:50:11.7305282Z ##[endgroup]
test	Run actions/checkout@v4	2026-01-05T12:50:11.7307136Z ##[group]Disabling automatic garbage collection
test	Run actions/checkout@v4	2026-01-05T12:50:11.7315818Z [command]"C:\Program Files\Git\bin\git.exe" config --local gc.auto 0
test	Run actions/checkout@v4	2026-01-05T12:50:11.7626162Z ##[endgroup]
test	Run actions/checkout@v4	2026-01-05T12:50:11.7627797Z ##[group]Setting up auth
test	Run actions/checkout@v4	2026-01-05T12:50:11.7639735Z [command]"C:\Program Files\Git\bin\git.exe" config --local --name-only --get-regexp core\.sshCommand
test	Run actions/checkout@v4	2026-01-05T12:50:11.7951295Z [command]"C:\Program Files\Git\bin\git.exe" submodule foreach --recursive "sh -c \"git config --local --name-only --get-regexp 'core\.sshCommand' && git config --local --unset-all 'core.sshCommand' || :\""
test	Run actions/checkout@v4	2026-01-05T12:50:12.7278352Z [command]"C:\Program Files\Git\bin\git.exe" config --local --name-only --get-regexp http\.https\:\/\/github\.com\/\.extraheader
test	Run actions/checkout@v4	2026-01-05T12:50:12.7614728Z [command]"C:\Program Files\Git\bin\git.exe" submodule foreach --recursive "sh -c \"git config --local --name-only --get-regexp 'http\.https\:\/\/github\.com\/\.extraheader' && git config --local --unset-all 'http.https://github.com/.extraheader' || :\""
test	Run actions/checkout@v4	2026-01-05T12:50:13.3419125Z [command]"C:\Program Files\Git\bin\git.exe" config --local --name-only --get-regexp ^includeIf\.gitdir:
test	Run actions/checkout@v4	2026-01-05T12:50:13.3808341Z [command]"C:\Program Files\Git\bin\git.exe" submodule foreach --recursive "git config --local --show-origin --name-only --get-regexp remote.origin.url"
test	Run actions/checkout@v4	2026-01-05T12:50:13.9261433Z [command]"C:\Program Files\Git\bin\git.exe" config --local http.https://github.com/.extraheader "AUTHORIZATION: basic ***"
test	Run actions/checkout@v4	2026-01-05T12:50:13.9576133Z ##[endgroup]
test	Run actions/checkout@v4	2026-01-05T12:50:13.9576980Z ##[group]Fetching the repository
test	Run actions/checkout@v4	2026-01-05T12:50:13.9591355Z [command]"C:\Program Files\Git\bin\git.exe" -c protocol.version=2 fetch --no-tags --prune --no-recurse-submodules --depth=1 origin +f63f785626b2986e71c2854a6ac32adfae8aab43:refs/remotes/origin/develop
test	Run actions/checkout@v4	2026-01-05T12:50:18.5360574Z From https://github.com/ImL1s/screen_inu
test	Run actions/checkout@v4	2026-01-05T12:50:18.5361810Z  * [new ref]         f63f785626b2986e71c2854a6ac32adfae8aab43 -> origin/develop
test	Run actions/checkout@v4	2026-01-05T12:50:18.5549272Z ##[endgroup]
test	Run actions/checkout@v4	2026-01-05T12:50:18.5550041Z ##[group]Determining the checkout info
test	Run actions/checkout@v4	2026-01-05T12:50:18.5552197Z ##[endgroup]
test	Run actions/checkout@v4	2026-01-05T12:50:18.5568540Z [command]"C:\Program Files\Git\bin\git.exe" sparse-checkout disable
test	Run actions/checkout@v4	2026-01-05T12:50:18.5908830Z [command]"C:\Program Files\Git\bin\git.exe" config --local --unset-all extensions.worktreeConfig
test	Run actions/checkout@v4	2026-01-05T12:50:18.6190273Z ##[group]Checking out the ref
test	Run actions/checkout@v4	2026-01-05T12:50:18.6201106Z [command]"C:\Program Files\Git\bin\git.exe" checkout --progress --force -B develop refs/remotes/origin/develop
test	Run actions/checkout@v4	2026-01-05T12:50:20.1163623Z Updating files:  57% (179/314)
test	Run actions/checkout@v4	2026-01-05T12:50:20.1171846Z Updating files:  58% (183/314)
test	Run actions/checkout@v4	2026-01-05T12:50:20.1176174Z Updating files:  59% (186/314)
test	Run actions/checkout@v4	2026-01-05T12:50:20.1182816Z Updating files:  60% (189/314)
test	Run actions/checkout@v4	2026-01-05T12:50:20.1187864Z Updating files:  61% (192/314)
test	Run actions/checkout@v4	2026-01-05T12:50:20.1193593Z Updating files:  62% (195/314)
test	Run actions/checkout@v4	2026-01-05T12:50:20.1229041Z Updating files:  63% (198/314)
test	Run actions/checkout@v4	2026-01-05T12:50:20.1232304Z Updating files:  64% (201/314)
test	Run actions/checkout@v4	2026-01-05T12:50:20.2401149Z Updating files:  65% (205/314)
test	Run actions/checkout@v4	2026-01-05T12:50:20.5246649Z Updating files:  66% (208/314)
test	Run actions/checkout@v4	2026-01-05T12:50:20.6210223Z Updating files:  67% (211/314)
test	Run actions/checkout@v4	2026-01-05T12:50:20.6213144Z Updating files:  68% (214/314)
test	Run actions/checkout@v4	2026-01-05T12:50:20.6222880Z Updating files:  69% (217/314)
test	Run actions/checkout@v4	2026-01-05T12:50:20.6273900Z Updating files:  70% (220/314)
test	Run actions/checkout@v4	2026-01-05T12:50:20.6337733Z Updating files:  71% (223/314)
test	Run actions/checkout@v4	2026-01-05T12:50:20.6356845Z Updating files:  72% (227/314)
test	Run actions/checkout@v4	2026-01-05T12:50:20.6367732Z Updating files:  73% (230/314)
test	Run actions/checkout@v4	2026-01-05T12:50:20.6378968Z Updating files:  74% (233/314)
test	Run actions/checkout@v4	2026-01-05T12:50:20.6388902Z Updating files:  75% (236/314)
test	Run actions/checkout@v4	2026-01-05T12:50:20.6394632Z Updating files:  76% (239/314)
test	Run actions/checkout@v4	2026-01-05T12:50:20.6415457Z Updating files:  77% (242/314)
test	Run actions/checkout@v4	2026-01-05T12:50:20.6420512Z Updating files:  78% (245/314)
test	Run actions/checkout@v4	2026-01-05T12:50:20.6430397Z Updating files:  79% (249/314)
test	Run actions/checkout@v4	2026-01-05T12:50:20.6434223Z Updating files:  80% (252/314)
test	Run actions/checkout@v4	2026-01-05T12:50:20.6445211Z Updating files:  81% (255/314)
test	Run actions/checkout@v4	2026-01-05T12:50:20.6462443Z Updating files:  82% (258/314)
test	Run actions/checkout@v4	2026-01-05T12:50:20.6500136Z Updating files:  83% (261/314)
test	Run actions/checkout@v4	2026-01-05T12:50:20.6505291Z Updating files:  84% (264/314)
test	Run actions/checkout@v4	2026-01-05T12:50:20.6520121Z Updating files:  85% (267/314)
test	Run actions/checkout@v4	2026-01-05T12:50:20.6558020Z Updating files:  86% (271/314)
test	Run actions/checkout@v4	2026-01-05T12:50:20.6640624Z Updating files:  87% (274/314)
test	Run actions/checkout@v4	2026-01-05T12:50:20.6696686Z Updating files:  88% (277/314)
test	Run actions/checkout@v4	2026-01-05T12:50:20.6734914Z Updating files:  89% (280/314)
test	Run actions/checkout@v4	2026-01-05T12:50:20.6753802Z Updating files:  90% (283/314)
test	Run actions/checkout@v4	2026-01-05T12:50:20.6819025Z Updating files:  91% (286/314)
test	Run actions/checkout@v4	2026-01-05T12:50:20.6833443Z Updating files:  92% (289/314)
test	Run actions/checkout@v4	2026-01-05T12:50:20.6837891Z Updating files:  93% (293/314)
test	Run actions/checkout@v4	2026-01-05T12:50:20.6847298Z Updating files:  94% (296/314)
test	Run actions/checkout@v4	2026-01-05T12:50:20.6863877Z Updating files:  95% (299/314)
test	Run actions/checkout@v4	2026-01-05T12:50:20.8774544Z Updating files:  96% (302/314)
test	Run actions/checkout@v4	2026-01-05T12:50:20.8779887Z Updating files:  97% (305/314)
test	Run actions/checkout@v4	2026-01-05T12:50:20.8786185Z Updating files:  98% (308/314)
test	Run actions/checkout@v4	2026-01-05T12:50:20.8792821Z Updating files:  99% (311/314)
test	Run actions/checkout@v4	2026-01-05T12:50:20.8793438Z Updating files: 100% (314/314)
test	Run actions/checkout@v4	2026-01-05T12:50:20.8793831Z Updating files: 100% (314/314), done.
test	Run actions/checkout@v4	2026-01-05T12:50:20.8946415Z branch 'develop' set up to track 'origin/develop'.
test	Run actions/checkout@v4	2026-01-05T12:50:20.9055319Z Switched to a new branch 'develop'
test	Run actions/checkout@v4	2026-01-05T12:50:20.9386934Z ##[endgroup]
test	Run actions/checkout@v4	2026-01-05T12:50:20.9722517Z [command]"C:\Program Files\Git\bin\git.exe" log -1 --format=%H
test	Run actions/checkout@v4	2026-01-05T12:50:21.0002905Z f63f785626b2986e71c2854a6ac32adfae8aab43
test	Setup Node	ï»¿2026-01-05T12:50:21.0417150Z ##[group]Run actions/setup-node@v4
test	Setup Node	2026-01-05T12:50:21.0417526Z with:
test	Setup Node	2026-01-05T12:50:21.0417695Z   node-version: 20
test	Setup Node	2026-01-05T12:50:21.0417873Z   cache: npm
test	Setup Node	2026-01-05T12:50:21.0418084Z   cache-dependency-path: app/package-lock.json
test	Setup Node	2026-01-05T12:50:21.0418335Z   always-auth: false
test	Setup Node	2026-01-05T12:50:21.0418501Z   check-latest: false
test	Setup Node	2026-01-05T12:50:21.0419046Z   token: ***
test	Setup Node	2026-01-05T12:50:21.0419201Z ##[endgroup]
test	Setup Node	2026-01-05T12:50:21.2777108Z Found in cache @ C:\hostedtoolcache\windows\node\20.19.6\x64
test	Setup Node	2026-01-05T12:50:21.2786664Z ##[group]Environment details
test	Setup Node	2026-01-05T12:50:33.0440162Z node: v20.19.6
test	Setup Node	2026-01-05T12:50:33.0440524Z npm: 10.8.2
test	Setup Node	2026-01-05T12:50:33.0440772Z yarn: 1.22.22
test	Setup Node	2026-01-05T12:50:33.0442507Z ##[endgroup]
test	Setup Node	2026-01-05T12:50:33.1386458Z [command]C:\Windows\system32\cmd.exe /D /S /C "C:\hostedtoolcache\windows\node\20.19.6\x64\npm.cmd config get cache"
test	Setup Node	2026-01-05T12:50:34.1814160Z C:\npm\cache
test	Setup Node	2026-01-05T12:50:34.6305146Z Cache hit for: node-cache-Windows-x64-npm-d0fea8876f2c410c34593965213ae3a3e208ed07383f4ddafe95387aec0119f9
test	Setup Node	2026-01-05T12:50:35.8148550Z Received 42341716 of 42341716 (100.0%), 44.8 MBs/sec
test	Setup Node	2026-01-05T12:50:35.8152593Z Cache Size: ~40 MB (42341716 B)
test	Setup Node	2026-01-05T12:50:35.8187114Z [command]"C:\Program Files\Git\usr\bin\tar.exe" -xf D:/a/_temp/04dfc174-c34b-4e9f-b17d-b0c2951af4d7/cache.tzst -P -C D:/a/screen_inu/screen_inu --force-local --use-compress-program "zstd -d"
test	Setup Node	2026-01-05T12:50:36.8170353Z Cache restored successfully
test	Setup Node	2026-01-05T12:50:36.8236286Z Cache restored from key: node-cache-Windows-x64-npm-d0fea8876f2c410c34593965213ae3a3e208ed07383f4ddafe95387aec0119f9
test	Install Rust	ï»¿2026-01-05T12:50:36.8692121Z ##[group]Run dtolnay/rust-toolchain@stable
test	Install Rust	2026-01-05T12:50:36.8692485Z with:
test	Install Rust	2026-01-05T12:50:36.8692662Z   toolchain: stable
test	Install Rust	2026-01-05T12:50:36.8692832Z ##[endgroup]
test	Install Rust	2026-01-05T12:50:36.8912813Z ##[group]Run : parse toolchain version
test	Install Rust	2026-01-05T12:50:36.8913229Z [36;1m: parse toolchain version[0m
test	Install Rust	2026-01-05T12:50:36.8913517Z [36;1mif [[ -z $toolchain ]]; then[0m
test	Install Rust	2026-01-05T12:50:36.8914099Z [36;1m  # GitHub does not enforce `required: true` inputs itself. https://github.com/actions/runner/issues/1070[0m
test	Install Rust	2026-01-05T12:50:36.8914948Z [36;1m  echo "'toolchain' is a required input" >&2[0m
test	Install Rust	2026-01-05T12:50:36.8915278Z [36;1m  exit 1[0m
test	Install Rust	2026-01-05T12:50:36.8915637Z [36;1melif [[ $toolchain =~ ^stable' '[0-9]+' '(year|month|week|day)s?' 'ago$ ]]; then[0m
test	Install Rust	2026-01-05T12:50:36.8916104Z [36;1m  if [[ Windows == macOS ]]; then[0m
test	Install Rust	2026-01-05T12:50:36.8916676Z [36;1m    echo "toolchain=1.$((($(date -v-$(sed 's/stable \([0-9]*\) \(.\).*/\1\2/' <<< $toolchain) +%s)/60/60/24-16569)/7/6))" >> $GITHUB_OUTPUT[0m
test	Install Rust	2026-01-05T12:50:36.8917139Z [36;1m  else[0m
test	Install Rust	2026-01-05T12:50:36.8917473Z [36;1m    echo "toolchain=1.$((($(date --date "${toolchain#stable }" +%s)/60/60/24-16569)/7/6))" >> $GITHUB_OUTPUT[0m
test	Install Rust	2026-01-05T12:50:36.8917837Z [36;1m  fi[0m
test	Install Rust	2026-01-05T12:50:36.8918082Z [36;1melif [[ $toolchain =~ ^stable' 'minus' '[0-9]+' 'releases?$ ]]; then[0m
test	Install Rust	2026-01-05T12:50:36.8918513Z [36;1m  echo "toolchain=1.$((($(date +%s)/60/60/24-16569)/7/6-${toolchain//[^0-9]/}))" >> $GITHUB_OUTPUT[0m
test	Install Rust	2026-01-05T12:50:36.8918894Z [36;1melif [[ $toolchain =~ ^1\.[0-9]+$ ]]; then[0m
test	Install Rust	2026-01-05T12:50:36.8919313Z [36;1m  echo "toolchain=1.$((i=${toolchain#1.}, c=($(date +%s)/60/60/24-16569)/7/6, i+9*i*(10*i<=c)+90*i*(100*i<=c)))" >> $GITHUB_OUTPUT[0m
test	Install Rust	2026-01-05T12:50:36.8919694Z [36;1melse[0m
test	Install Rust	2026-01-05T12:50:36.8919908Z [36;1m  echo "toolchain=$toolchain" >> $GITHUB_OUTPUT[0m
test	Install Rust	2026-01-05T12:50:36.8920155Z [36;1mfi[0m
test	Install Rust	2026-01-05T12:50:36.8938367Z shell: C:\Program Files\Git\bin\bash.EXE --noprofile --norc -e -o pipefail {0}
test	Install Rust	2026-01-05T12:50:36.8938741Z env:
test	Install Rust	2026-01-05T12:50:36.8938928Z   toolchain: stable
test	Install Rust	2026-01-05T12:50:36.8939104Z ##[endgroup]
test	Install Rust	2026-01-05T12:50:36.9729297Z ##[group]Run : construct rustup command line
test	Install Rust	2026-01-05T12:50:36.9729624Z [36;1m: construct rustup command line[0m
test	Install Rust	2026-01-05T12:50:36.9730016Z [36;1mecho "targets=$(for t in ${targets//,/ }; do echo -n ' --target' $t; done)" >> $GITHUB_OUTPUT[0m
test	Install Rust	2026-01-05T12:50:36.9730783Z [36;1mecho "components=$(for c in ${components//,/ }; do echo -n ' --component' $c; done)" >> $GITHUB_OUTPUT[0m
test	Install Rust	2026-01-05T12:50:36.9731292Z [36;1mecho "downgrade=" >> $GITHUB_OUTPUT[0m
test	Install Rust	2026-01-05T12:50:36.9745702Z shell: C:\Program Files\Git\bin\bash.EXE --noprofile --norc -e -o pipefail {0}
test	Install Rust	2026-01-05T12:50:36.9746081Z env:
test	Install Rust	2026-01-05T12:50:36.9746250Z   targets: 
test	Install Rust	2026-01-05T12:50:36.9746411Z   components: 
test	Install Rust	2026-01-05T12:50:36.9746588Z ##[endgroup]
test	Install Rust	2026-01-05T12:50:37.0752467Z ##[group]Run : set $CARGO_HOME
test	Install Rust	2026-01-05T12:50:37.0752763Z [36;1m: set $CARGO_HOME[0m
test	Install Rust	2026-01-05T12:50:37.0753055Z [36;1mecho CARGO_HOME=${CARGO_HOME:-"$USERPROFILE\.cargo"} >> $GITHUB_ENV[0m
test	Install Rust	2026-01-05T12:50:37.0766073Z shell: C:\Program Files\Git\bin\bash.EXE --noprofile --norc -e -o pipefail {0}
test	Install Rust	2026-01-05T12:50:37.0766431Z ##[endgroup]
test	Install Rust	2026-01-05T12:50:37.1351281Z ##[group]Run : install rustup if needed on windows
test	Install Rust	2026-01-05T12:50:37.1351625Z [36;1m: install rustup if needed on windows[0m
test	Install Rust	2026-01-05T12:50:37.1351914Z [36;1mif ! command -v rustup &>/dev/null; then[0m
test	Install Rust	2026-01-05T12:50:37.1352545Z [36;1m  curl --proto '=https' --tlsv1.2 --retry 10 --retry-connrefused --location --silent --show-error --fail https://win.rustup.rs/x86_64 --output 'D:\a\_temp\rustup-init.exe'[0m
test	Install Rust	2026-01-05T12:50:37.1353233Z [36;1m  'D:\a\_temp\rustup-init.exe' --default-toolchain none --no-modify-path -y[0m
test	Install Rust	2026-01-05T12:50:37.1353590Z [36;1m  echo "$CARGO_HOME\bin" >> $GITHUB_PATH[0m
test	Install Rust	2026-01-05T12:50:37.1353822Z [36;1mfi[0m
test	Install Rust	2026-01-05T12:50:37.1366692Z shell: C:\Program Files\Git\bin\bash.EXE --noprofile --norc -e -o pipefail {0}
test	Install Rust	2026-01-05T12:50:37.1369004Z env:
test	Install Rust	2026-01-05T12:50:37.1369189Z   CARGO_HOME: C:\Users\runneradmin\.cargo
test	Install Rust	2026-01-05T12:50:37.1369418Z ##[endgroup]
test	Install Rust	2026-01-05T12:50:37.1995766Z ##[group]Run rustup toolchain install stable --profile minimal --no-self-update
test	Install Rust	2026-01-05T12:50:37.1996376Z [36;1mrustup toolchain install stable --profile minimal --no-self-update[0m
test	Install Rust	2026-01-05T12:50:37.2009849Z shell: C:\Program Files\Git\bin\bash.EXE --noprofile --norc -e -o pipefail {0}
test	Install Rust	2026-01-05T12:50:37.2010446Z env:
test	Install Rust	2026-01-05T12:50:37.2010754Z   CARGO_HOME: C:\Users\runneradmin\.cargo
test	Install Rust	2026-01-05T12:50:37.2011101Z   RUSTUP_PERMIT_COPY_RENAME: 1
test	Install Rust	2026-01-05T12:50:37.2011364Z ##[endgroup]
test	Install Rust	2026-01-05T12:50:40.2554636Z info: syncing channel updates for 'stable-x86_64-pc-windows-msvc'
test	Install Rust	2026-01-05T12:50:40.6200899Z 
test	Install Rust	2026-01-05T12:50:40.6404985Z   stable-x86_64-pc-windows-msvc unchanged - rustc 1.92.0 (ded5c06cf 2025-12-08)
test	Install Rust	2026-01-05T12:50:40.6406016Z 
test	Install Rust	2026-01-05T12:50:40.6655811Z ##[group]Run rustup default stable
test	Install Rust	2026-01-05T12:50:40.6656157Z [36;1mrustup default stable[0m
test	Install Rust	2026-01-05T12:50:40.6669717Z shell: C:\Program Files\Git\bin\bash.EXE --noprofile --norc -e -o pipefail {0}
test	Install Rust	2026-01-05T12:50:40.6670104Z env:
test	Install Rust	2026-01-05T12:50:40.6670390Z   CARGO_HOME: C:\Users\runneradmin\.cargo
test	Install Rust	2026-01-05T12:50:40.6670733Z ##[endgroup]
test	Install Rust	2026-01-05T12:50:40.7634168Z info: using existing install for 'stable-x86_64-pc-windows-msvc'
test	Install Rust	2026-01-05T12:50:40.8311086Z info: default toolchain set to 'stable-x86_64-pc-windows-msvc'
test	Install Rust	2026-01-05T12:50:40.8311792Z 
test	Install Rust	2026-01-05T12:50:40.8426926Z   stable-x86_64-pc-windows-msvc unchanged - rustc 1.92.0 (ded5c06cf 2025-12-08)
test	Install Rust	2026-01-05T12:50:40.8427478Z 
test	Install Rust	2026-01-05T12:50:40.8638904Z ##[group]Run : create cachekey
test	Install Rust	2026-01-05T12:50:40.8639173Z [36;1m: create cachekey[0m
test	Install Rust	2026-01-05T12:50:40.8639587Z [36;1mDATE=$(rustc +stable --version --verbose | sed -ne 's/^commit-date: \(20[0-9][0-9]\)-\([01][0-9]\)-\([0-3][0-9]\)$/\1\2\3/p')[0m
test	Install Rust	2026-01-05T12:50:40.8640115Z [36;1mHASH=$(rustc +stable --version --verbose | sed -ne 's/^commit-hash: //p')[0m
test	Install Rust	2026-01-05T12:50:40.8640523Z [36;1mecho "cachekey=$(echo $DATE$HASH | head -c12)" >> $GITHUB_OUTPUT[0m
test	Install Rust	2026-01-05T12:50:40.8654206Z shell: C:\Program Files\Git\bin\bash.EXE --noprofile --norc -e -o pipefail {0}
test	Install Rust	2026-01-05T12:50:40.8654537Z env:
test	Install Rust	2026-01-05T12:50:40.8654707Z   CARGO_HOME: C:\Users\runneradmin\.cargo
test	Install Rust	2026-01-05T12:50:40.8654949Z ##[endgroup]
test	Install Rust	2026-01-05T12:50:41.7126883Z ##[group]Run : disable incremental compilation
test	Install Rust	2026-01-05T12:50:41.7127413Z [36;1m: disable incremental compilation[0m
test	Install Rust	2026-01-05T12:50:41.7127909Z [36;1mif [ -z "${CARGO_INCREMENTAL+set}" ]; then[0m
test	Install Rust	2026-01-05T12:50:41.7128399Z [36;1m  echo CARGO_INCREMENTAL=0 >> $GITHUB_ENV[0m
test	Install Rust	2026-01-05T12:50:41.7128832Z [36;1mfi[0m
test	Install Rust	2026-01-05T12:50:41.7147911Z shell: C:\Program Files\Git\bin\bash.EXE --noprofile --norc -e -o pipefail {0}
test	Install Rust	2026-01-05T12:50:41.7148481Z env:
test	Install Rust	2026-01-05T12:50:41.7148814Z   CARGO_HOME: C:\Users\runneradmin\.cargo
test	Install Rust	2026-01-05T12:50:41.7149206Z ##[endgroup]
test	Install Rust	2026-01-05T12:50:41.7717689Z ##[group]Run : enable colors in Cargo output
test	Install Rust	2026-01-05T12:50:41.7718029Z [36;1m: enable colors in Cargo output[0m
test	Install Rust	2026-01-05T12:50:41.7718317Z [36;1mif [ -z "${CARGO_TERM_COLOR+set}" ]; then[0m
test	Install Rust	2026-01-05T12:50:41.7718608Z [36;1m  echo CARGO_TERM_COLOR=always >> $GITHUB_ENV[0m
test	Install Rust	2026-01-05T12:50:41.7718872Z [36;1mfi[0m
test	Install Rust	2026-01-05T12:50:41.7731034Z shell: C:\Program Files\Git\bin\bash.EXE --noprofile --norc -e -o pipefail {0}
test	Install Rust	2026-01-05T12:50:41.7731515Z env:
test	Install Rust	2026-01-05T12:50:41.7731858Z   CARGO_HOME: C:\Users\runneradmin\.cargo
test	Install Rust	2026-01-05T12:50:41.7732139Z   CARGO_INCREMENTAL: 0
test	Install Rust	2026-01-05T12:50:41.7732330Z ##[endgroup]
test	Install Rust	2026-01-05T12:50:41.8236058Z ##[group]Run : enable Cargo sparse registry
test	Install Rust	2026-01-05T12:50:41.8236569Z [36;1m: enable Cargo sparse registry[0m
test	Install Rust	2026-01-05T12:50:41.8237097Z [36;1m# implemented in 1.66, stabilized in 1.68, made default in 1.70[0m
test	Install Rust	2026-01-05T12:50:41.8238958Z [36;1mif [ -z "${CARGO_REGISTRIES_CRATES_IO_PROTOCOL+set}" -o -f "D:\a\_temp"/.implicit_cargo_registries_crates_io_protocol ]; then[0m
test	Install Rust	2026-01-05T12:50:41.8239899Z [36;1m  if rustc +stable --version --verbose | grep -q '^release: 1\.6[89]\.'; then[0m
test	Install Rust	2026-01-05T12:50:41.8240625Z [36;1m    touch "D:\a\_temp"/.implicit_cargo_registries_crates_io_protocol || true[0m
test	Install Rust	2026-01-05T12:50:41.8241313Z [36;1m    echo CARGO_REGISTRIES_CRATES_IO_PROTOCOL=sparse >> $GITHUB_ENV[0m
test	Install Rust	2026-01-05T12:50:41.8242904Z [36;1m  elif rustc +stable --version --verbose | grep -q '^release: 1\.6[67]\.'; then[0m
test	Install Rust	2026-01-05T12:50:41.8243660Z [36;1m    touch "D:\a\_temp"/.implicit_cargo_registries_crates_io_protocol || true[0m
test	Install Rust	2026-01-05T12:50:41.8244319Z [36;1m    echo CARGO_REGISTRIES_CRATES_IO_PROTOCOL=git >> $GITHUB_ENV[0m
test	Install Rust	2026-01-05T12:50:41.8244781Z [36;1m  fi[0m
test	Install Rust	2026-01-05T12:50:41.8245043Z [36;1mfi[0m
test	Install Rust	2026-01-05T12:50:41.8262237Z shell: C:\Program Files\Git\bin\bash.EXE --noprofile --norc -e -o pipefail {0}
test	Install Rust	2026-01-05T12:50:41.8262798Z env:
test	Install Rust	2026-01-05T12:50:41.8263100Z   CARGO_HOME: C:\Users\runneradmin\.cargo
test	Install Rust	2026-01-05T12:50:41.8263495Z   CARGO_INCREMENTAL: 0
test	Install Rust	2026-01-05T12:50:41.8263790Z   CARGO_TERM_COLOR: always
test	Install Rust	2026-01-05T12:50:41.8264115Z ##[endgroup]
test	Install Rust	2026-01-05T12:50:42.0150814Z ##[group]Run : work around spurious network errors in curl 8.0
test	Install Rust	2026-01-05T12:50:42.0151435Z [36;1m: work around spurious network errors in curl 8.0[0m
test	Install Rust	2026-01-05T12:50:42.0152002Z [36;1m# https://rust-lang.zulipchat.com/#narrow/stream/246057-t-cargo/topic/timeout.20investigation[0m
test	Install Rust	2026-01-05T12:50:42.0152558Z [36;1mif rustc +stable --version --verbose | grep -q '^release: 1\.7[01]\.'; then[0m
test	Install Rust	2026-01-05T12:50:42.0152996Z [36;1m  echo CARGO_HTTP_MULTIPLEXING=false >> $GITHUB_ENV[0m
test	Install Rust	2026-01-05T12:50:42.0153261Z [36;1mfi[0m
test	Install Rust	2026-01-05T12:50:42.0166945Z shell: C:\Program Files\Git\bin\bash.EXE --noprofile --norc -e -o pipefail {0}
test	Install Rust	2026-01-05T12:50:42.0167280Z env:
test	Install Rust	2026-01-05T12:50:42.0167534Z   CARGO_HOME: C:\Users\runneradmin\.cargo
test	Install Rust	2026-01-05T12:50:42.0167835Z   CARGO_INCREMENTAL: 0
test	Install Rust	2026-01-05T12:50:42.0168020Z   CARGO_TERM_COLOR: always
test	Install Rust	2026-01-05T12:50:42.0168211Z ##[endgroup]
test	Install Rust	2026-01-05T12:50:42.1405512Z ##[group]Run rustc +stable --version --verbose
test	Install Rust	2026-01-05T12:50:42.1405831Z [36;1mrustc +stable --version --verbose[0m
test	Install Rust	2026-01-05T12:50:42.1417502Z shell: C:\Program Files\Git\bin\bash.EXE --noprofile --norc -e -o pipefail {0}
test	Install Rust	2026-01-05T12:50:42.1417848Z env:
test	Install Rust	2026-01-05T12:50:42.1418034Z   CARGO_HOME: C:\Users\runneradmin\.cargo
test	Install Rust	2026-01-05T12:50:42.1418329Z   CARGO_INCREMENTAL: 0
test	Install Rust	2026-01-05T12:50:42.1418521Z   CARGO_TERM_COLOR: always
test	Install Rust	2026-01-05T12:50:42.1418713Z ##[endgroup]
test	Install Rust	2026-01-05T12:50:42.2201431Z rustc 1.92.0 (ded5c06cf 2025-12-08)
test	Install Rust	2026-01-05T12:50:42.2201865Z binary: rustc
test	Install Rust	2026-01-05T12:50:42.2202233Z commit-hash: ded5c06cf21d2b93bffd5d884aa6e96934ee4234
test	Install Rust	2026-01-05T12:50:42.2202589Z commit-date: 2025-12-08
test	Install Rust	2026-01-05T12:50:42.2202865Z host: x86_64-pc-windows-msvc
test	Install Rust	2026-01-05T12:50:42.2203151Z release: 1.92.0
test	Install Rust	2026-01-05T12:50:42.2203514Z LLVM version: 21.1.3
test	Rust cache	ï»¿2026-01-05T12:50:42.2497764Z ##[group]Run Swatinem/rust-cache@v2
test	Rust cache	2026-01-05T12:50:42.2498079Z with:
test	Rust cache	2026-01-05T12:50:42.2498277Z   workspaces: ./app/src-tauri -> target
test	Rust cache	2026-01-05T12:50:42.2498520Z   prefix-key: v0-rust
test	Rust cache	2026-01-05T12:50:42.2498701Z   add-job-id-key: true
test	Rust cache	2026-01-05T12:50:42.2498912Z   add-rust-environment-hash-key: true
test	Rust cache	2026-01-05T12:50:42.2499164Z   cache-targets: true
test	Rust cache	2026-01-05T12:50:42.2499346Z   cache-all-crates: false
test	Rust cache	2026-01-05T12:50:42.2499565Z   cache-workspace-crates: false
test	Rust cache	2026-01-05T12:50:42.2499776Z   save-if: true
test	Rust cache	2026-01-05T12:50:42.2499938Z   cache-provider: github
test	Rust cache	2026-01-05T12:50:42.2500126Z   cache-bin: true
test	Rust cache	2026-01-05T12:50:42.2500295Z   lookup-only: false
test	Rust cache	2026-01-05T12:50:42.2500454Z env:
test	Rust cache	2026-01-05T12:50:42.2500623Z   CARGO_HOME: C:\Users\runneradmin\.cargo
test	Rust cache	2026-01-05T12:50:42.2500854Z   CARGO_INCREMENTAL: 0
test	Rust cache	2026-01-05T12:50:42.2501029Z   CARGO_TERM_COLOR: always
test	Rust cache	2026-01-05T12:50:42.2501222Z ##[endgroup]
test	Rust cache	2026-01-05T12:50:53.3198277Z ##[group]Cache Configuration
test	Rust cache	2026-01-05T12:50:53.3200369Z Cache Provider:
test	Rust cache	2026-01-05T12:50:53.3201420Z     github
test	Rust cache	2026-01-05T12:50:53.3202241Z Workspaces:
test	Rust cache	2026-01-05T12:50:53.3203333Z     D:\a\screen_inu\screen_inu\app\src-tauri
test	Rust cache	2026-01-05T12:50:53.3204392Z Cache Paths:
test	Rust cache	2026-01-05T12:50:53.3205264Z     C:\Users\runneradmin\.cargo\bin
test	Rust cache	2026-01-05T12:50:53.3206298Z     C:\Users\runneradmin\.cargo\.crates.toml
test	Rust cache	2026-01-05T12:50:53.3208478Z     C:\Users\runneradmin\.cargo\.crates2.json
test	Rust cache	2026-01-05T12:50:53.3209765Z     C:\Users\runneradmin\.cargo\registry
test	Rust cache	2026-01-05T12:50:53.3210938Z     C:\Users\runneradmin\.cargo\git
test	Rust cache	2026-01-05T12:50:53.3212170Z     D:\a\screen_inu\screen_inu\app\src-tauri\target
test	Rust cache	2026-01-05T12:50:53.3213349Z Restore Key:
test	Rust cache	2026-01-05T12:50:53.3214267Z     v0-rust-test-Windows_NT-x64-7a6c70a5
test	Rust cache	2026-01-05T12:50:53.3215171Z Cache Key:
test	Rust cache	2026-01-05T12:50:53.3216100Z     v0-rust-test-Windows_NT-x64-7a6c70a5-4900814c
test	Rust cache	2026-01-05T12:50:53.3217354Z .. Prefix:
test	Rust cache	2026-01-05T12:50:53.3218254Z   - v0-rust-test-Windows_NT-x64
test	Rust cache	2026-01-05T12:50:53.3219437Z .. Environment considered:
test	Rust cache	2026-01-05T12:50:53.3220874Z   - Rust Version: 1.92.0 x86_64-pc-windows-msvc (ded5c06cf21d2b93bffd5d884aa6e96934ee4234)
test	Rust cache	2026-01-05T12:50:53.3222102Z   - CARGO_HOME
test	Rust cache	2026-01-05T12:50:53.3222977Z   - CARGO_INCREMENTAL
test	Rust cache	2026-01-05T12:50:53.3223815Z   - CARGO_TERM_COLOR
test	Rust cache	2026-01-05T12:50:53.3224687Z .. Lockfiles considered:
test	Rust cache	2026-01-05T12:50:53.3225870Z   - D:\a\screen_inu\screen_inu\app\src-tauri\Cargo.lock
test	Rust cache	2026-01-05T12:50:53.3227255Z   - D:\a\screen_inu\screen_inu\app\src-tauri\Cargo.toml
test	Rust cache	2026-01-05T12:50:53.3228826Z ##[endgroup]
test	Rust cache	2026-01-05T12:50:53.3229523Z 
test	Rust cache	2026-01-05T12:50:53.3229996Z ... Restoring cache ...
test	Rust cache	2026-01-05T12:50:53.6679962Z Cache hit for: v0-rust-test-Windows_NT-x64-7a6c70a5-4900814c
test	Rust cache	2026-01-05T12:50:54.8910842Z Received 58720256 of 1227790443 (4.8%), 55.7 MBs/sec
test	Rust cache	2026-01-05T12:50:55.8803894Z Received 205520896 of 1227790443 (16.7%), 97.8 MBs/sec
test	Rust cache	2026-01-05T12:50:56.8822692Z Received 331350016 of 1227790443 (27.0%), 105.1 MBs/sec
test	Rust cache	2026-01-05T12:50:57.8894503Z Received 482344960 of 1227790443 (39.3%), 114.6 MBs/sec
test	Rust cache	2026-01-05T12:50:58.9014065Z Received 641728512 of 1227790443 (52.3%), 121.8 MBs/sec
test	Rust cache	2026-01-05T12:50:59.9085785Z Received 788529152 of 1227790443 (64.2%), 124.6 MBs/sec
test	Rust cache	2026-01-05T12:51:00.9091883Z Received 926941184 of 1227790443 (75.5%), 125.7 MBs/sec
test	Rust cache	2026-01-05T12:51:01.9167049Z Received 1065353216 of 1227790443 (86.8%), 126.4 MBs/sec
test	Rust cache	2026-01-05T12:51:03.0622604Z Received 1207959552 of 1227790443 (98.4%), 125.4 MBs/sec
test	Rust cache	2026-01-05T12:51:03.2594605Z Received 1227790443 of 1227790443 (100.0%), 124.8 MBs/sec
test	Rust cache	2026-01-05T12:51:03.2599097Z Cache Size: ~1171 MB (1227790443 B)
test	Rust cache	2026-01-05T12:51:03.2713072Z [command]"C:\Program Files\Git\usr\bin\tar.exe" -xf D:/a/_temp/ac3005ae-57bc-4c8c-906e-255bbd972c6d/cache.tzst -P -C D:/a/screen_inu/screen_inu --force-local --use-compress-program "zstd -d"
test	Rust cache	2026-01-05T12:51:24.2541796Z Cache restored successfully
test	Rust cache	2026-01-05T12:51:24.2551343Z Restored from cache key "v0-rust-test-Windows_NT-x64-7a6c70a5-4900814c" full match: true.
test	Prepare dummy Tesseract sidecars	ï»¿2026-01-05T12:51:24.2975257Z ##[group]Run mkdir -p app/src-tauri/binaries
test	Prepare dummy Tesseract sidecars	2026-01-05T12:51:24.2975935Z [36;1mmkdir -p app/src-tauri/binaries[0m
test	Prepare dummy Tesseract sidecars	2026-01-05T12:51:24.2976583Z [36;1mtouch app/src-tauri/binaries/tesseract-x86_64-pc-windows-msvc.exe[0m
test	Prepare dummy Tesseract sidecars	2026-01-05T12:51:24.2996197Z shell: C:\Program Files\Git\bin\bash.EXE --noprofile --norc -e -o pipefail {0}
test	Prepare dummy Tesseract sidecars	2026-01-05T12:51:24.2996800Z env:
test	Prepare dummy Tesseract sidecars	2026-01-05T12:51:24.2997112Z   CARGO_HOME: C:\Users\runneradmin\.cargo
test	Prepare dummy Tesseract sidecars	2026-01-05T12:51:24.2997533Z   CARGO_INCREMENTAL: 0
test	Prepare dummy Tesseract sidecars	2026-01-05T12:51:24.2997860Z   CARGO_TERM_COLOR: always
test	Prepare dummy Tesseract sidecars	2026-01-05T12:51:24.2998219Z   CACHE_ON_FAILURE: false
test	Prepare dummy Tesseract sidecars	2026-01-05T12:51:24.2998563Z ##[endgroup]
test	Install Dependencies	ï»¿2026-01-05T12:51:24.4593760Z ##[group]Run npm install
test	Install Dependencies	2026-01-05T12:51:24.4594137Z [36;1mnpm install[0m
test	Install Dependencies	2026-01-05T12:51:24.4594372Z [36;1mnpx playwright install chromium[0m
test	Install Dependencies	2026-01-05T12:51:24.5348734Z shell: C:\Program Files\PowerShell\7\pwsh.EXE -command ". '{0}'"
test	Install Dependencies	2026-01-05T12:51:24.5349091Z env:
test	Install Dependencies	2026-01-05T12:51:24.5349310Z   CARGO_HOME: C:\Users\runneradmin\.cargo
test	Install Dependencies	2026-01-05T12:51:24.5349571Z   CARGO_INCREMENTAL: 0
test	Install Dependencies	2026-01-05T12:51:24.5350105Z   CARGO_TERM_COLOR: always
test	Install Dependencies	2026-01-05T12:51:24.5350368Z   CACHE_ON_FAILURE: false
test	Install Dependencies	2026-01-05T12:51:24.5350573Z ##[endgroup]
test	Install Dependencies	2026-01-05T12:51:43.7005553Z 
test	Install Dependencies	2026-01-05T12:51:43.7006366Z added 198 packages, and audited 199 packages in 13s
test	Install Dependencies	2026-01-05T12:51:43.7007524Z 
test	Install Dependencies	2026-01-05T12:51:43.7007791Z 36 packages are looking for funding
test	Install Dependencies	2026-01-05T12:51:43.7008286Z   run `npm fund` for details
test	Install Dependencies	2026-01-05T12:51:43.7021214Z 
test	Install Dependencies	2026-01-05T12:51:43.7022077Z found 0 vulnerabilities
test	Install Dependencies	2026-01-05T12:51:45.5860971Z Downloading Chromium 143.0.7499.4 (playwright build v1200)[2m from https://cdn.playwright.dev/dbazure/download/playwright/builds/chromium/1200/chromium-win64.zip[22m
test	Install Dependencies	2026-01-05T12:51:45.9393178Z |                                                                                |   0% of 169.8 MiB
test	Install Dependencies	2026-01-05T12:51:46.2307759Z |â– â– â– â– â– â– â– â–                                                                         |  10% of 169.8 MiB
test	Install Dependencies	2026-01-05T12:51:46.3962485Z |â– â– â– â– â– â– â– â– â– â– â– â– â– â– â– â–                                                                 |  20% of 169.8 MiB
test	Install Dependencies	2026-01-05T12:51:46.5856395Z |â– â– â– â– â– â– â– â– â– â– â– â– â– â– â– â– â– â– â– â– â– â– â– â–                                                         |  30% of 169.8 MiB
test	Install Dependencies	2026-01-05T12:51:46.7270056Z |â– â– â– â– â– â– â– â– â– â– â– â– â– â– â– â– â– â– â– â– â– â– â– â– â– â– â– â– â– â– â– â–                                                 |  40% of 169.8 MiB
test	Install Dependencies	2026-01-05T12:51:46.8504564Z |â– â– â– â– â– â– â– â– â– â– â– â– â– â– â– â– â– â– â– â– â– â– â– â– â– â– â– â– â– â– â– â– â– â– â– â– â– â– â– â–                                         |  50% of 169.8 MiB
test	Install Dependencies	2026-01-05T12:51:46.9870048Z |â– â– â– â– â– â– â– â– â– â– â– â– â– â– â– â– â– â– â– â– â– â– â– â– â– â– â– â– â– â– â– â– â– â– â– â– â– â– â– â– â– â– â– â– â– â– â– â–                                 |  60% of 169.8 MiB
test	Install Dependencies	2026-01-05T12:51:47.1967153Z |â– â– â– â– â– â– â– â– â– â– â– â– â– â– â– â– â– â– â– â– â– â– â– â– â– â– â– â– â– â– â– â– â– â– â– â– â– â– â– â– â– â– â– â– â– â– â– â– â– â– â– â– â– â– â– â–                         |  70% of 169.8 MiB
test	Install Dependencies	2026-01-05T12:51:47.4173578Z |â– â– â– â– â– â– â– â– â– â– â– â– â– â– â– â– â– â– â– â– â– â– â– â– â– â– â– â– â– â– â– â– â– â– â– â– â– â– â– â– â– â– â– â– â– â– â– â– â– â– â– â– â– â– â– â– â– â– â– â– â– â– â– â–                 |  80% of 169.8 MiB
test	Install Dependencies	2026-01-05T12:51:47.5566194Z |â– â– â– â– â– â– â– â– â– â– â– â– â– â– â– â– â– â– â– â– â– â– â– â– â– â– â– â– â– â– â– â– â– â– â– â– â– â– â– â– â– â– â– â– â– â– â– â– â– â– â– â– â– â– â– â– â– â– â– â– â– â– â– â– â– â– â– â– â– â– â– â–         |  90% of 169.8 MiB
test	Install Dependencies	2026-01-05T12:51:47.6868217Z |â– â– â– â– â– â– â– â– â– â– â– â– â– â– â– â– â– â– â– â– â– â– â– â– â– â– â– â– â– â– â– â– â– â– â– â– â– â– â– â– â– â– â– â– â– â– â– â– â– â– â– â– â– â– â– â– â– â– â– â– â– â– â– â– â– â– â– â– â– â– â– â– â– â– â– â– â– â– â– â– | 100% of 169.8 MiB
test	Install Dependencies	2026-01-05T12:51:52.8635726Z Chromium 143.0.7499.4 (playwright build v1200) downloaded to C:\Users\runneradmin\AppData\Local\ms-playwright\chromium-1200
test	Install Dependencies	2026-01-05T12:51:52.8645842Z Downloading FFMPEG playwright build v1011[2m from https://cdn.playwright.dev/dbazure/download/playwright/builds/ffmpeg/1011/ffmpeg-win64.zip[22m
test	Install Dependencies	2026-01-05T12:51:53.2448052Z |                                                                                |   1% of 1.3 MiB
test	Install Dependencies	2026-01-05T12:51:53.2556560Z |â– â– â– â– â– â– â– â–                                                                         |  10% of 1.3 MiB
test	Install Dependencies	2026-01-05T12:51:53.2647604Z |â– â– â– â– â– â– â– â– â– â– â– â– â– â– â– â–                                                                 |  21% of 1.3 MiB
test	Install Dependencies	2026-01-05T12:51:53.2702791Z |â– â– â– â– â– â– â– â– â– â– â– â– â– â– â– â– â– â– â– â– â– â– â– â–                                                         |  30% of 1.3 MiB
test	Install Dependencies	2026-01-05T12:51:53.2727893Z |â– â– â– â– â– â– â– â– â– â– â– â– â– â– â– â– â– â– â– â– â– â– â– â– â– â– â– â– â– â– â– â–                                                 |  40% of 1.3 MiB
test	Install Dependencies	2026-01-05T12:51:53.2759136Z |â– â– â– â– â– â– â– â– â– â– â– â– â– â– â– â– â– â– â– â– â– â– â– â– â– â– â– â– â– â– â– â– â– â– â– â– â– â– â– â–                                         |  50% of 1.3 MiB
test	Install Dependencies	2026-01-05T12:51:53.2787452Z |â– â– â– â– â– â– â– â– â– â– â– â– â– â– â– â– â– â– â– â– â– â– â– â– â– â– â– â– â– â– â– â– â– â– â– â– â– â– â– â– â– â– â– â– â– â– â– â–                                 |  60% of 1.3 MiB
test	Install Dependencies	2026-01-05T12:51:53.2808853Z |â– â– â– â– â– â– â– â– â– â– â– â– â– â– â– â– â– â– â– â– â– â– â– â– â– â– â– â– â– â– â– â– â– â– â– â– â– â– â– â– â– â– â– â– â– â– â– â– â– â– â– â– â– â– â– â–                         |  70% of 1.3 MiB
test	Install Dependencies	2026-01-05T12:51:53.2830570Z |â– â– â– â– â– â– â– â– â– â– â– â– â– â– â– â– â– â– â– â– â– â– â– â– â– â– â– â– â– â– â– â– â– â– â– â– â– â– â– â– â– â– â– â– â– â– â– â– â– â– â– â– â– â– â– â– â– â– â– â– â– â– â– â–                 |  80% of 1.3 MiB
test	Install Dependencies	2026-01-05T12:51:53.2848878Z |â– â– â– â– â– â– â– â– â– â– â– â– â– â– â– â– â– â– â– â– â– â– â– â– â– â– â– â– â– â– â– â– â– â– â– â– â– â– â– â– â– â– â– â– â– â– â– â– â– â– â– â– â– â– â– â– â– â– â– â– â– â– â– â– â– â– â– â– â– â– â– â–         |  90% of 1.3 MiB
test	Install Dependencies	2026-01-05T12:51:53.2865583Z |â– â– â– â– â– â– â– â– â– â– â– â– â– â– â– â– â– â– â– â– â– â– â– â– â– â– â– â– â– â– â– â– â– â– â– â– â– â– â– â– â– â– â– â– â– â– â– â– â– â– â– â– â– â– â– â– â– â– â– â– â– â– â– â– â– â– â– â– â– â– â– â– â– â– â– â– â– â– â– â– | 100% of 1.3 MiB
test	Install Dependencies	2026-01-05T12:51:53.3684512Z FFMPEG playwright build v1011 downloaded to C:\Users\runneradmin\AppData\Local\ms-playwright\ffmpeg-1011
test	Install Dependencies	2026-01-05T12:51:53.3693829Z Downloading Chromium Headless Shell 143.0.7499.4 (playwright build v1200)[2m from https://cdn.playwright.dev/dbazure/download/playwright/builds/chromium/1200/chromium-headless-shell-win64.zip[22m
test	Install Dependencies	2026-01-05T12:51:53.7867901Z |                                                                                |   0% of 107.2 MiB
test	Install Dependencies	2026-01-05T12:51:53.9920192Z |â– â– â– â– â– â– â– â–                                                                         |  10% of 107.2 MiB
test	Install Dependencies	2026-01-05T12:51:54.1133063Z |â– â– â– â– â– â– â– â– â– â– â– â– â– â– â– â–                                                                 |  20% of 107.2 MiB
test	Install Dependencies	2026-01-05T12:51:54.2157768Z |â– â– â– â– â– â– â– â– â– â– â– â– â– â– â– â– â– â– â– â– â– â– â– â–                                                         |  30% of 107.2 MiB
test	Install Dependencies	2026-01-05T12:51:54.3447125Z |â– â– â– â– â– â– â– â– â– â– â– â– â– â– â– â– â– â– â– â– â– â– â– â– â– â– â– â– â– â– â– â–                                                 |  40% of 107.2 MiB
test	Install Dependencies	2026-01-05T12:51:54.4403694Z |â– â– â– â– â– â– â– â– â– â– â– â– â– â– â– â– â– â– â– â– â– â– â– â– â– â– â– â– â– â– â– â– â– â– â– â– â– â– â– â–                                         |  50% of 107.2 MiB
test	Install Dependencies	2026-01-05T12:51:54.5359020Z |â– â– â– â– â– â– â– â– â– â– â– â– â– â– â– â– â– â– â– â– â– â– â– â– â– â– â– â– â– â– â– â– â– â– â– â– â– â– â– â– â– â– â– â– â– â– â– â–                                 |  60% of 107.2 MiB
test	Install Dependencies	2026-01-05T12:51:54.6248830Z |â– â– â– â– â– â– â– â– â– â– â– â– â– â– â– â– â– â– â– â– â– â– â– â– â– â– â– â– â– â– â– â– â– â– â– â– â– â– â– â– â– â– â– â– â– â– â– â– â– â– â– â– â– â– â– â–                         |  70% of 107.2 MiB
test	Install Dependencies	2026-01-05T12:51:54.7167394Z |â– â– â– â– â– â– â– â– â– â– â– â– â– â– â– â– â– â– â– â– â– â– â– â– â– â– â– â– â– â– â– â– â– â– â– â– â– â– â– â– â– â– â– â– â– â– â– â– â– â– â– â– â– â– â– â– â– â– â– â– â– â– â– â–                 |  80% of 107.2 MiB
test	Install Dependencies	2026-01-05T12:51:54.8057135Z |â– â– â– â– â– â– â– â– â– â– â– â– â– â– â– â– â– â– â– â– â– â– â– â– â– â– â– â– â– â– â– â– â– â– â– â– â– â– â– â– â– â– â– â– â– â– â– â– â– â– â– â– â– â– â– â– â– â– â– â– â– â– â– â– â– â– â– â– â– â– â– â–         |  90% of 107.2 MiB
test	Install Dependencies	2026-01-05T12:51:54.8898137Z |â– â– â– â– â– â– â– â– â– â– â– â– â– â– â– â– â– â– â– â– â– â– â– â– â– â– â– â– â– â– â– â– â– â– â– â– â– â– â– â– â– â– â– â– â– â– â– â– â– â– â– â– â– â– â– â– â– â– â– â– â– â– â– â– â– â– â– â– â– â– â– â– â– â– â– â– â– â– â– â– | 100% of 107.2 MiB
test	Install Dependencies	2026-01-05T12:51:58.7289796Z Chromium Headless Shell 143.0.7499.4 (playwright build v1200) downloaded to C:\Users\runneradmin\AppData\Local\ms-playwright\chromium_headless_shell-1200
test	Install Dependencies	2026-01-05T12:51:58.7298525Z Downloading Winldd playwright build v1007[2m from https://cdn.playwright.dev/dbazure/download/playwright/builds/winldd/1007/winldd-win64.zip[22m
test	Install Dependencies	2026-01-05T12:51:59.1025540Z |â– â– â– â– â– â– â– â–                                                                         |  12% of 0.1 MiB
test	Install Dependencies	2026-01-05T12:51:59.1026615Z |â– â– â– â– â– â– â– â– â– â– â– â– â– â– â– â–                                                                 |  25% of 0.1 MiB
test	Install Dependencies	2026-01-05T12:51:59.1045825Z |â– â– â– â– â– â– â– â– â– â– â– â– â– â– â– â– â– â– â– â– â– â– â– â–                                                         |  38% of 0.1 MiB
test	Install Dependencies	2026-01-05T12:51:59.1082092Z |â– â– â– â– â– â– â– â– â– â– â– â– â– â– â– â– â– â– â– â– â– â– â– â– â– â– â– â– â– â– â– â– â– â– â– â– â– â– â– â–                                         |  51% of 0.1 MiB
test	Install Dependencies	2026-01-05T12:51:59.1094657Z |â– â– â– â– â– â– â– â– â– â– â– â– â– â– â– â– â– â– â– â– â– â– â– â– â– â– â– â– â– â– â– â– â– â– â– â– â– â– â– â– â– â– â– â– â– â– â– â– â– â– â– â– â– â– â– â–                         |  70% of 0.1 MiB
test	Install Dependencies	2026-01-05T12:51:59.1106884Z |â– â– â– â– â– â– â– â– â– â– â– â– â– â– â– â– â– â– â– â– â– â– â– â– â– â– â– â– â– â– â– â– â– â– â– â– â– â– â– â– â– â– â– â– â– â– â– â– â– â– â– â– â– â– â– â– â– â– â– â– â– â– â– â–                 |  82% of 0.1 MiB
test	Install Dependencies	2026-01-05T12:51:59.1140160Z |â– â– â– â– â– â– â– â– â– â– â– â– â– â– â– â– â– â– â– â– â– â– â– â– â– â– â– â– â– â– â– â– â– â– â– â– â– â– â– â– â– â– â– â– â– â– â– â– â– â– â– â– â– â– â– â– â– â– â– â– â– â– â– â– â– â– â– â– â– â– â– â– â– â– â– â– â– â– â– â– | 100% of 0.1 MiB
test	Install Dependencies	2026-01-05T12:51:59.1431850Z Winldd playwright build v1007 downloaded to C:\Users\runneradmin\AppData\Local\ms-playwright\winldd-1007
test	Run Playwright Tests	ï»¿2026-01-05T12:52:01.0412419Z ##[group]Run npx playwright test
test	Run Playwright Tests	2026-01-05T12:52:01.0412818Z [36;1mnpx playwright test[0m
test	Run Playwright Tests	2026-01-05T12:52:01.0477386Z shell: C:\Program Files\PowerShell\7\pwsh.EXE -command ". '{0}'"
test	Run Playwright Tests	2026-01-05T12:52:01.0477711Z env:
test	Run Playwright Tests	2026-01-05T12:52:01.0477915Z   CARGO_HOME: C:\Users\runneradmin\.cargo
test	Run Playwright Tests	2026-01-05T12:52:01.0478204Z   CARGO_INCREMENTAL: 0
test	Run Playwright Tests	2026-01-05T12:52:01.0478414Z   CARGO_TERM_COLOR: always
test	Run Playwright Tests	2026-01-05T12:52:01.0478617Z   CACHE_ON_FAILURE: false
test	Run Playwright Tests	2026-01-05T12:52:01.0478934Z   WEBVIEW2_ADDITIONAL_BROWSER_ARGUMENTS: --remote-debugging-port=9222
test	Run Playwright Tests	2026-01-05T12:52:01.0479271Z   CI: true
test	Run Playwright Tests	2026-01-05T12:52:01.0479447Z ##[endgroup]
test	Run Playwright Tests	2026-01-05T12:52:05.7673192Z [2m[WebServer] [22m     Running BeforeDevCommand (`npm run dev`)
test	Run Playwright Tests	2026-01-05T12:52:07.7058834Z 
test	Run Playwright Tests	2026-01-05T12:52:07.7059738Z Running 21 tests using 1 worker
test	Run Playwright Tests	2026-01-05T12:52:09.8297084Z [2m[WebServer] [22m     Running DevCommand (`cargo  run --no-default-features --color always --`)
test	Run Playwright Tests	2026-01-05T12:52:10.3343287Z [2m[WebServer] [22m        Info Watching D:\a\screen_inu\screen_inu\app\src-tauri for changes...
test	Run Playwright Tests	2026-01-05T12:52:10.4658438Z Connecting to Tauri app via CDP...
test	Run Playwright Tests	2026-01-05T12:52:10.4935821Z Connection attempt 0 failed. Waiting...
test	Run Playwright Tests	2026-01-05T12:52:16.5305262Z [2m[WebServer] [22m[1m[92m    Updating[0m crates.io index
test	Run Playwright Tests	2026-01-05T12:52:20.6236665Z Connection attempt 10 failed. Waiting...
test	Run Playwright Tests	2026-01-05T12:52:30.8994213Z Connection attempt 20 failed. Waiting...
test	Run Playwright Tests	2026-01-05T12:52:41.0172590Z Connection attempt 30 failed. Waiting...
test	Run Playwright Tests	2026-01-05T12:52:49.2369913Z [2m[WebServer] [22m[1m[96m       Fetch[0m [=====>                           ] 0 compleâ€¦
test	Run Playwright Tests	2026-01-05T12:52:51.0593110Z [2m[WebServer] [22m                                                            
test	Run Playwright Tests	2026-01-05T12:52:51.0594352Z [2m[WebServer] [22m[1m[92m   Compiling[0m screen-inu v0.2.3 (D:\a\screen_inu\screen_inu\app\src-tauri)
test	Run Playwright Tests	2026-01-05T12:52:51.1294746Z Connection attempt 40 failed. Waiting...
test	Run Playwright Tests	2026-01-05T12:53:00.1696049Z [2m[WebServer] [22m[1m[96m    Building[0m [=======================> ] 686/690: screen-â€¦
test	Run Playwright Tests	2026-01-05T12:53:00.8252196Z [2m[WebServer] [22m[1m[96m    Building[0m [=======================> ] 687/690: screen-â€¦
test	Run Playwright Tests	2026-01-05T12:53:01.2571253Z Connection attempt 50 failed. Waiting...
test	Run Playwright Tests	2026-01-05T12:53:11.3476455Z Connection attempt 60 failed. Waiting...
test	Run Playwright Tests	2026-01-05T12:53:22.0611554Z Connection attempt 70 failed. Waiting...
test	Run Playwright Tests	2026-01-05T12:53:32.3881857Z Connection attempt 80 failed. Waiting...
test	Run Playwright Tests	2026-01-05T12:53:42.4906931Z Connection attempt 90 failed. Waiting...
test	Run Playwright Tests	2026-01-05T12:53:46.1263724Z [2m[WebServer] [22m[1m[96m    Building[0m [=======================> ] 688/690: screen-â€¦
test	Run Playwright Tests	2026-01-05T12:53:52.6138749Z Connection attempt 100 failed. Waiting...
test	Run Playwright Tests	2026-01-05T12:53:55.2741818Z [2m[WebServer] [22m[1m[96m    Building[0m [=======================> ] 689/690: screen-â€¦
test	Run Playwright Tests	2026-01-05T12:53:55.2742567Z [2m[WebServer] [22m                                                            
test	Run Playwright Tests	2026-01-05T12:53:55.2743113Z [1m[92m    Finished[0m `dev` profile [unoptimized + debuginfo] target(s) in 1m 44s
test	Run Playwright Tests	2026-01-05T12:53:55.3309929Z [2m[WebServer] [22m[1m[92m     Running[0m `target\debug\screen-inu.exe`
test	Run Playwright Tests	2026-01-05T12:53:59.5281903Z Connected to CDP!
test	Run Playwright Tests	2026-01-05T12:53:59.5288341Z   [Setup] No URL match. Checking titles...
test	Run Playwright Tests	2026-01-05T12:53:59.8074126Z     - Checking Title: "Error" URL: about:blank
test	Run Playwright Tests	2026-01-05T12:53:59.8078867Z   [Setup] Warning: No app page found. Using 2nd page if available (often 1st is background).
test	Run Playwright Tests	2026-01-05T12:53:59.8081476Z   [Setup] Available pages:
test	Run Playwright Tests	2026-01-05T12:53:59.8242225Z     - Title: "Screen Inu", URL: http://localhost:1420/
test	Run Playwright Tests	2026-01-05T12:53:59.8753897Z   [Setup] Selected page: "Screen Inu" (http://localhost:1420/)
test	Run Playwright Tests	2026-01-05T12:54:01.2494580Z Â·Â·Â·Â·Â·  [Helper] Cleaning up existing modals (if any)
test	Run Playwright Tests	2026-01-05T12:54:01.2526137Z   [Helper] Finding Settings button
test	Run Playwright Tests	2026-01-05T12:54:01.2564551Z   [Helper] Clicking Settings button
test	Run Playwright Tests	2026-01-05T12:54:02.9476070Z   [Helper] Waiting for settings title
test	Run Playwright Tests	2026-01-05T12:54:03.2615884Z   [Helper] Closing settings modal
test	Run Playwright Tests	2026-01-05T12:54:04.0325380Z Â·  [Helper] Cleaning up existing modals (if any)
test	Run Playwright Tests	2026-01-05T12:54:04.0351142Z   [Helper] Finding Settings button
test	Run Playwright Tests	2026-01-05T12:54:04.0378730Z   [Helper] Clicking Settings button
test	Run Playwright Tests	2026-01-05T12:54:04.1260845Z   [Helper] Waiting for settings title
test	Run Playwright Tests	2026-01-05T12:54:04.4471936Z   [Helper] Closing settings modal
test	Run Playwright Tests	2026-01-05T12:54:04.9403313Z Â·  [beforeEach] Closing open modal...
test	Run Playwright Tests	2026-01-05T12:54:05.4534935Z   [Helper] Cleaning up existing modals (if any)
test	Run Playwright Tests	2026-01-05T12:54:05.4577582Z   [Helper] Finding Settings button
test	Run Playwright Tests	2026-01-05T12:54:05.4723710Z   [Helper] Clicking Settings button
test	Run Playwright Tests	2026-01-05T12:54:05.6047090Z   [Helper] Waiting for settings title
test	Run Playwright Tests	2026-01-05T12:54:05.9291090Z   [Helper] Closing settings modal
test	Run Playwright Tests	2026-01-05T12:54:06.3721180Z Â·  [Helper] Cleaning up existing modals (if any)
test	Run Playwright Tests	2026-01-05T12:54:06.3743566Z   [Helper] Finding Settings button
test	Run Playwright Tests	2026-01-05T12:54:06.3766339Z   [Helper] Clicking Settings button
test	Run Playwright Tests	2026-01-05T12:54:06.4608548Z   [Helper] Waiting for settings title
test	Run Playwright Tests	2026-01-05T12:54:06.7838154Z   [Helper] Closing settings modal
test	Run Playwright Tests	2026-01-05T12:54:07.2878642Z Â·  [Helper] Cleaning up existing modals (if any)
test	Run Playwright Tests	2026-01-05T12:54:07.2900548Z   [Helper] Finding Settings button
test	Run Playwright Tests	2026-01-05T12:54:07.2936480Z   [Helper] Clicking Settings button
test	Run Playwright Tests	2026-01-05T12:54:07.3820173Z   [Helper] Waiting for settings title
test	Run Playwright Tests	2026-01-05T12:54:07.6948589Z   [Helper] Closing settings modal
test	Run Playwright Tests	2026-01-05T12:54:08.1882589Z Â·  [beforeEach] Closing open modal...
test	Run Playwright Tests	2026-01-05T12:54:08.6975630Z Step 1: Starting test
test	Run Playwright Tests	2026-01-05T12:54:08.7630304Z Step 2: Opening settings
test	Run Playwright Tests	2026-01-05T12:54:08.7639168Z   [Helper] Cleaning up existing modals (if any)
test	Run Playwright Tests	2026-01-05T12:54:08.7706341Z   [Helper] Finding Settings button
test	Run Playwright Tests	2026-01-05T12:54:08.7723509Z   [Helper] Clicking Settings button
test	Run Playwright Tests	2026-01-05T12:54:08.8956760Z   [Helper] Waiting for settings title
test	Run Playwright Tests	2026-01-05T12:54:09.7760126Z Step 3: Clicking Manage button
test	Run Playwright Tests	2026-01-05T12:54:11.0618848Z Step 4: Verifying search result
test	Run Playwright Tests	2026-01-05T12:54:12.1895741Z Step 5: Closing Manager
test	Run Playwright Tests	2026-01-05T12:54:12.7502142Z Step 6: Final check
test	Run Playwright Tests	2026-01-05T12:54:12.7502756Z   [Helper] Closing settings modal
test	Run Playwright Tests	2026-01-05T12:54:13.0984961Z Test complete!
test	Run Playwright Tests	2026-01-05T12:54:13.1462083Z Â·Found 4 buttons with SVG icons
test	Run Playwright Tests	2026-01-05T12:54:36.8022601Z Â·Â·Â·Â·Â·Â·Â·Â·Ã—Ã—F[Setup] Connecting to Tauri app via CDP...
test	Run Playwright Tests	2026-01-05T12:54:36.8879871Z [Setup] Connected to CDP!
test	Run Playwright Tests	2026-01-05T12:54:36.8986784Z [Setup] Selected page: "Screen Inu"
test	Run Playwright Tests	2026-01-05T12:54:37.2465502Z [Test] Injecting mock history item...
test	Run Playwright Tests	2026-01-05T12:54:38.5437169Z [Test] Opening History Drawer...
test	Run Playwright Tests	2026-01-05T12:54:39.1461343Z [Test] Clicking history item...
test	Run Playwright Tests	2026-01-05T12:54:39.2252190Z [Test] Verifying TTS button...
test	Run Playwright Tests	2026-01-05T12:54:39.3567745Z [Test] Clicking Speak...
test	Run Playwright Tests	2026-01-05T12:54:40.2911205Z [Test] Clicking Stop...
test	Run Playwright Tests	2026-01-05T12:54:42.0240615Z Â·
test	Run Playwright Tests	2026-01-05T12:54:42.0251970Z 
test	Run Playwright Tests	2026-01-05T12:54:42.0271240Z   1) e2e\playwright\translation_settings.spec.ts:69:5 â€º Translation Settings â€º should perform online translation and display result 
test	Run Playwright Tests	2026-01-05T12:54:42.0272188Z 
test	Run Playwright Tests	2026-01-05T12:54:42.0273352Z     Error: [2mexpect([22m[31mlocator[39m[2m).[22mtoBeVisible[2m([22m[2m)[22m failed
test	Run Playwright Tests	2026-01-05T12:54:42.0273948Z 
test	Run Playwright Tests	2026-01-05T12:54:42.0274414Z     Locator: locator('div.flex-1.p-4').filter({ hasText: 'HELLO DOGE' })
test	Run Playwright Tests	2026-01-05T12:54:42.0275049Z     Expected: visible
test	Run Playwright Tests	2026-01-05T12:54:42.0276803Z     Error: strict mode violation: locator('div.flex-1.p-4').filter({ hasText: 'HELLO DOGE' }) resolved to 2 elements:
test	Run Playwright Tests	2026-01-05T12:54:42.0278854Z         1) <div class="flex-1 overflow-y-auto p-4 custom-scrollbar bg-white font-mono text-xs leading-loose whitespace-pre-wrap selection:bg-[#ff6b35] selection:text-white">HELLO DOGE</div> aka getByRole('main').getByText('HELLO DOGE')
test	Run Playwright Tests	2026-01-05T12:54:42.0283462Z         2) <div class="flex-1 overflow-y-auto p-4 space-y-4 custom-scrollbar bg-[url('data:image/svg+xml;base64,PHN2ZyB3aWR0aD0iMjAiIGhlaWdodD0iMjAiIHhtbG5zPSJodHRwOi8vd3d3LnczLm9yZy8yMDAwL3N2ZyI+PGNpcmNsZSBjeD0iMSIgY3k9IjEiIHI9IjEiIGZpbGw9IiMwMDAiIG9wYWNpdHk9IjAuMDUiLz48L3N2Zz4=')]">â€¦</div> aka getByText('DIG UP ALL12:54:24 PMHELLO')
test	Run Playwright Tests	2026-01-05T12:54:42.0287623Z 
test	Run Playwright Tests	2026-01-05T12:54:42.0287991Z     Call log:
test	Run Playwright Tests	2026-01-05T12:54:42.0288799Z     [2m  - Expect "toBeVisible" with timeout 10000ms[22m
test	Run Playwright Tests	2026-01-05T12:54:42.0289843Z     [2m  - waiting for locator('div.flex-1.p-4').filter({ hasText: 'HELLO DOGE' })[22m
test	Run Playwright Tests	2026-01-05T12:54:42.0290447Z 
test	Run Playwright Tests	2026-01-05T12:54:42.0290524Z 
test	Run Playwright Tests	2026-01-05T12:54:42.0290832Z       102 |         // 4. Click Translate
test	Run Playwright Tests	2026-01-05T12:54:42.0291558Z       103 |         // Wait for the main result area to show the text
test	Run Playwright Tests	2026-01-05T12:54:42.0292550Z     > 104 |         await expect(page.locator('div.flex-1.p-4', { hasText: 'HELLO DOGE' })).toBeVisible();
test	Run Playwright Tests	2026-01-05T12:54:42.0293467Z           |                                                                                 ^
test	Run Playwright Tests	2026-01-05T12:54:42.0294404Z       105 |         const translateBtn = page.getByRole('button', { name: /translate/i }).first();
test	Run Playwright Tests	2026-01-05T12:54:42.0295320Z       106 |         await translateBtn.click();
test	Run Playwright Tests	2026-01-05T12:54:42.0296236Z       107 |
test	Run Playwright Tests	2026-01-05T12:54:42.0297018Z         at D:\a\screen_inu\screen_inu\app\e2e\playwright\translation_settings.spec.ts:104:81
test	Run Playwright Tests	2026-01-05T12:54:42.0297585Z 
test	Run Playwright Tests	2026-01-05T12:54:42.0298426Z     Error Context: test-results\translation_settings-Trans-59209-nslation-and-display-result\error-context.md
test	Run Playwright Tests	2026-01-05T12:54:42.0299173Z 
test	Run Playwright Tests	2026-01-05T12:54:42.0299856Z     Retry #1 â”€â”€â”€â”€â”€â”€â”€â”€â”€â”€â”€â”€â”€â”€â”€â”€â”€â”€â”€â”€â”€â”€â”€â”€â”€â”€â”€â”€â”€â”€â”€â”€â”€â”€â”€â”€â”€â”€â”€â”€â”€â”€â”€â”€â”€â”€â”€â”€â”€â”€â”€â”€â”€â”€â”€â”€â”€â”€â”€â”€â”€â”€â”€â”€â”€â”€â”€â”€â”€â”€â”€â”€â”€â”€â”€â”€â”€â”€â”€â”€â”€â”€â”€â”€â”€â”€â”€
test	Run Playwright Tests	2026-01-05T12:54:42.0300344Z 
test	Run Playwright Tests	2026-01-05T12:54:42.0301214Z     Error: [2mexpect([22m[31mlocator[39m[2m).[22mtoBeVisible[2m([22m[2m)[22m failed
test	Run Playwright Tests	2026-01-05T12:54:42.0301834Z 
test	Run Playwright Tests	2026-01-05T12:54:42.0302330Z     Locator: locator('div.flex-1.p-4').filter({ hasText: 'HELLO DOGE' })
test	Run Playwright Tests	2026-01-05T12:54:42.0303038Z     Expected: visible
test	Run Playwright Tests	2026-01-05T12:54:42.0303964Z     Error: strict mode violation: locator('div.flex-1.p-4').filter({ hasText: 'HELLO DOGE' }) resolved to 2 elements:
test	Run Playwright Tests	2026-01-05T12:54:42.0306316Z         1) <div class="flex-1 overflow-y-auto p-4 custom-scrollbar bg-white font-mono text-xs leading-loose whitespace-pre-wrap selection:bg-[#ff6b35] selection:text-white">HELLO DOGE</div> aka getByRole('main').getByText('HELLO DOGE')
test	Run Playwright Tests	2026-01-05T12:54:42.0311132Z         2) <div class="flex-1 overflow-y-auto p-4 space-y-4 custom-scrollbar bg-[url('data:image/svg+xml;base64,PHN2ZyB3aWR0aD0iMjAiIGhlaWdodD0iMjAiIHhtbG5zPSJodHRwOi8vd3d3LnczLm9yZy8yMDAwL3N2ZyI+PGNpcmNsZSBjeD0iMSIgY3k9IjEiIHI9IjEiIGZpbGw9IiMwMDAiIG9wYWNpdHk9IjAuMDUiLz48L3N2Zz4=')]">â€¦</div> aka getByText('DIG UP ALL12:54:29 PMHELLO')
test	Run Playwright Tests	2026-01-05T12:54:42.0313914Z 
test	Run Playwright Tests	2026-01-05T12:54:42.0314132Z     Call log:
test	Run Playwright Tests	2026-01-05T12:54:42.0314837Z     [2m  - Expect "toBeVisible" with timeout 10000ms[22m
test	Run Playwright Tests	2026-01-05T12:54:42.0315842Z     [2m  - waiting for locator('div.flex-1.p-4').filter({ hasText: 'HELLO DOGE' })[22m
test	Run Playwright Tests	2026-01-05T12:54:42.0316615Z 
test	Run Playwright Tests	2026-01-05T12:54:42.0316703Z 
test	Run Playwright Tests	2026-01-05T12:54:42.0316951Z       102 |         // 4. Click Translate
test	Run Playwright Tests	2026-01-05T12:54:42.0317651Z       103 |         // Wait for the main result area to show the text
test	Run Playwright Tests	2026-01-05T12:54:42.0318631Z     > 104 |         await expect(page.locator('div.flex-1.p-4', { hasText: 'HELLO DOGE' })).toBeVisible();
test	Run Playwright Tests	2026-01-05T12:54:42.0319543Z           |                                                                                 ^
test	Run Playwright Tests	2026-01-05T12:54:42.0320437Z       105 |         const translateBtn = page.getByRole('button', { name: /translate/i }).first();
test	Run Playwright Tests	2026-01-05T12:54:42.0321302Z       106 |         await translateBtn.click();
test	Run Playwright Tests	2026-01-05T12:54:42.0321880Z       107 |
test	Run Playwright Tests	2026-01-05T12:54:42.0322600Z         at D:\a\screen_inu\screen_inu\app\e2e\playwright\translation_settings.spec.ts:104:81
test	Run Playwright Tests	2026-01-05T12:54:42.0323265Z 
test	Run Playwright Tests	2026-01-05T12:54:42.0324074Z     Error Context: test-results\translation_settings-Trans-59209-nslation-and-display-result-retry1\error-context.md
test	Run Playwright Tests	2026-01-05T12:54:42.0325300Z 
test	Run Playwright Tests	2026-01-05T12:54:42.0326267Z     attachment #2: trace (application/zip) â”€â”€â”€â”€â”€â”€â”€â”€â”€â”€â”€â”€â”€â”€â”€â”€â”€â”€â”€â”€â”€â”€â”€â”€â”€â”€â”€â”€â”€â”€â”€â”€â”€â”€â”€â”€â”€â”€â”€â”€â”€â”€â”€â”€â”€â”€â”€â”€â”€â”€â”€â”€â”€â”€â”€â”€â”€
test	Run Playwright Tests	2026-01-05T12:54:42.0327616Z     test-results\translation_settings-Trans-59209-nslation-and-display-result-retry1\trace.zip
test	Run Playwright Tests	2026-01-05T12:54:42.0328481Z     Usage:
test	Run Playwright Tests	2026-01-05T12:54:42.0328785Z 
test	Run Playwright Tests	2026-01-05T12:54:42.0329634Z         npx playwright show-trace test-results\translation_settings-Trans-59209-nslation-and-display-result-retry1\trace.zip
test	Run Playwright Tests	2026-01-05T12:54:42.0330562Z 
test	Run Playwright Tests	2026-01-05T12:54:42.0331203Z     â”€â”€â”€â”€â”€â”€â”€â”€â”€â”€â”€â”€â”€â”€â”€â”€â”€â”€â”€â”€â”€â”€â”€â”€â”€â”€â”€â”€â”€â”€â”€â”€â”€â”€â”€â”€â”€â”€â”€â”€â”€â”€â”€â”€â”€â”€â”€â”€â”€â”€â”€â”€â”€â”€â”€â”€â”€â”€â”€â”€â”€â”€â”€â”€â”€â”€â”€â”€â”€â”€â”€â”€â”€â”€â”€â”€â”€â”€â”€â”€â”€â”€â”€â”€â”€â”€â”€â”€â”€â”€â”€â”€â”€â”€â”€â”€
test	Run Playwright Tests	2026-01-05T12:54:42.0331652Z 
test	Run Playwright Tests	2026-01-05T12:54:42.0332262Z     Retry #2 â”€â”€â”€â”€â”€â”€â”€â”€â”€â”€â”€â”€â”€â”€â”€â”€â”€â”€â”€â”€â”€â”€â”€â”€â”€â”€â”€â”€â”€â”€â”€â”€â”€â”€â”€â”€â”€â”€â”€â”€â”€â”€â”€â”€â”€â”€â”€â”€â”€â”€â”€â”€â”€â”€â”€â”€â”€â”€â”€â”€â”€â”€â”€â”€â”€â”€â”€â”€â”€â”€â”€â”€â”€â”€â”€â”€â”€â”€â”€â”€â”€â”€â”€â”€â”€â”€â”€
test	Run Playwright Tests	2026-01-05T12:54:42.0332813Z 
test	Run Playwright Tests	2026-01-05T12:54:42.0333446Z     Error: [2mexpect([22m[31mlocator[39m[2m).[22mtoBeVisible[2m([22m[2m)[22m failed
test	Run Playwright Tests	2026-01-05T12:54:42.0334073Z 
test	Run Playwright Tests	2026-01-05T12:54:42.0334558Z     Locator: locator('div.flex-1.p-4').filter({ hasText: 'HELLO DOGE' })
test	Run Playwright Tests	2026-01-05T12:54:42.0335321Z     Expected: visible
test	Run Playwright Tests	2026-01-05T12:54:42.0336399Z     Error: strict mode violation: locator('div.flex-1.p-4').filter({ hasText: 'HELLO DOGE' }) resolved to 2 elements:
test	Run Playwright Tests	2026-01-05T12:54:42.0338790Z         1) <div class="flex-1 overflow-y-auto p-4 custom-scrollbar bg-white font-mono text-xs leading-loose whitespace-pre-wrap selection:bg-[#ff6b35] selection:text-white">HELLO DOGE</div> aka getByRole('main').getByText('HELLO DOGE')
test	Run Playwright Tests	2026-01-05T12:54:42.0343162Z         2) <div class="flex-1 overflow-y-auto p-4 space-y-4 custom-scrollbar bg-[url('data:image/svg+xml;base64,PHN2ZyB3aWR0aD0iMjAiIGhlaWdodD0iMjAiIHhtbG5zPSJodHRwOi8vd3d3LnczLm9yZy8yMDAwL3N2ZyI+PGNpcmNsZSBjeD0iMSIgY3k9IjEiIHI9IjEiIGZpbGw9IiMwMDAiIG9wYWNpdHk9IjAuMDUiLz48L3N2Zz4=')]">â€¦</div> aka getByText('DIG UP ALL12:54:33 PMHELLO')
test	Run Playwright Tests	2026-01-05T12:54:42.0345821Z 
test	Run Playwright Tests	2026-01-05T12:54:42.0346173Z     Call log:
test	Run Playwright Tests	2026-01-05T12:54:42.0346872Z     [2m  - Expect "toBeVisible" with timeout 10000ms[22m
test	Run Playwright Tests	2026-01-05T12:54:42.0347915Z     [2m  - waiting for locator('div.flex-1.p-4').filter({ hasText: 'HELLO DOGE' })[22m
test	Run Playwright Tests	2026-01-05T12:54:42.0348497Z 
test	Run Playwright Tests	2026-01-05T12:54:42.0348572Z 
test	Run Playwright Tests	2026-01-05T12:54:42.0349080Z       102 |         // 4. Click Translate
test	Run Playwright Tests	2026-01-05T12:54:42.0349781Z       103 |         // Wait for the main result area to show the text
test	Run Playwright Tests	2026-01-05T12:54:42.0350778Z     > 104 |         await expect(page.locator('div.flex-1.p-4', { hasText: 'HELLO DOGE' })).toBeVisible();
test	Run Playwright Tests	2026-01-05T12:54:42.0351659Z           |                                                                                 ^
test	Run Playwright Tests	2026-01-05T12:54:42.0352576Z       105 |         const translateBtn = page.getByRole('button', { name: /translate/i }).first();
test	Run Playwright Tests	2026-01-05T12:54:42.0353845Z       106 |         await translateBtn.click();
test	Run Playwright Tests	2026-01-05T12:54:42.0354750Z       107 |
test	Run Playwright Tests	2026-01-05T12:54:42.0355510Z         at D:\a\screen_inu\screen_inu\app\e2e\playwright\translation_settings.spec.ts:104:81
test	Run Playwright Tests	2026-01-05T12:54:42.0356600Z 
test	Run Playwright Tests	2026-01-05T12:54:42.0357697Z     Error Context: test-results\translation_settings-Trans-59209-nslation-and-display-result-retry2\error-context.md
test	Run Playwright Tests	2026-01-05T12:54:42.0358525Z 
test	Run Playwright Tests	2026-01-05T12:54:42.0358786Z   1 failed
test	Run Playwright Tests	2026-01-05T12:54:42.0360155Z     e2e\playwright\translation_settings.spec.ts:69:5 â€º Translation Settings â€º should perform online translation and display result 
test	Run Playwright Tests	2026-01-05T12:54:42.0366812Z   20 passed (2.6m)
test	Run Playwright Tests	2026-01-05T12:54:42.4303601Z ##[error]Process completed with exit code 1.
test	Post Run actions/checkout@v4	ï»¿2026-01-05T12:54:42.4777980Z Post job cleanup.
test	Post Run actions/checkout@v4	2026-01-05T12:54:43.1047389Z [command]"C:\Program Files\Git\bin\git.exe" version
test	Post Run actions/checkout@v4	2026-01-05T12:54:43.1982307Z git version 2.52.0.windows.1
test	Post Run actions/checkout@v4	2026-01-05T12:54:43.2106730Z Temporarily overriding HOME='D:\a\_temp\59e808c8-baaf-4856-901a-aab528bafbea' before making global git config changes
test	Post Run actions/checkout@v4	2026-01-05T12:54:43.2108680Z Adding repository directory to the temporary git global config as a safe directory
test	Post Run actions/checkout@v4	2026-01-05T12:54:43.2125505Z [command]"C:\Program Files\Git\bin\git.exe" config --global --add safe.directory D:\a\screen_inu\screen_inu
test	Post Run actions/checkout@v4	2026-01-05T12:54:43.2488121Z [command]"C:\Program Files\Git\bin\git.exe" config --local --name-only --get-regexp core\.sshCommand
test	Post Run actions/checkout@v4	2026-01-05T12:54:43.2794379Z [command]"C:\Program Files\Git\bin\git.exe" submodule foreach --recursive "sh -c \"git config --local --name-only --get-regexp 'core\.sshCommand' && git config --local --unset-all 'core.sshCommand' || :\""
test	Post Run actions/checkout@v4	2026-01-05T12:54:43.9092917Z fatal: No url found for submodule path 'homebrew-screen-inu' in .gitmodules
test	Post Run actions/checkout@v4	2026-01-05T12:54:43.9251409Z ##[warning]The process 'C:\Program Files\Git\bin\git.exe' failed with exit code 128
test	Complete job	ï»¿2026-01-05T12:54:43.9463970Z Cleaning up orphan processes
