test	Set up job	ï»¿2026-01-05T12:23:46.3733425Z Current runner version: '2.330.0'
test	Set up job	2026-01-05T12:23:46.3776852Z ##[group]Runner Image Provisioner
test	Set up job	2026-01-05T12:23:46.3777658Z Hosted Compute Agent
test	Set up job	2026-01-05T12:23:46.3778224Z Version: 20251211.462
test	Set up job	2026-01-05T12:23:46.3778761Z Commit: 6cbad8c2bb55d58165063d031ccabf57e2d2db61
test	Set up job	2026-01-05T12:23:46.3779406Z Build Date: 2025-12-11T16:28:49Z
test	Set up job	2026-01-05T12:23:46.3780131Z Worker ID: {8718664e-871e-4646-8565-4581316a73d1}
test	Set up job	2026-01-05T12:23:46.3780869Z ##[endgroup]
test	Set up job	2026-01-05T12:23:46.3781325Z ##[group]Operating System
test	Set up job	2026-01-05T12:23:46.3781938Z Microsoft Windows Server 2025
test	Set up job	2026-01-05T12:23:46.3782471Z 10.0.26100
test	Set up job	2026-01-05T12:23:46.3782861Z Datacenter
test	Set up job	2026-01-05T12:23:46.3783314Z ##[endgroup]
test	Set up job	2026-01-05T12:23:46.3783725Z ##[group]Runner Image
test	Set up job	2026-01-05T12:23:46.3784685Z Image: windows-2025
test	Set up job	2026-01-05T12:23:46.3785151Z Version: 20251216.149.1
test	Set up job	2026-01-05T12:23:46.3786192Z Included Software: https://github.com/actions/runner-images/blob/win25/20251216.149/images/windows/Windows2025-Readme.md
test	Set up job	2026-01-05T12:23:46.3788307Z Image Release: https://github.com/actions/runner-images/releases/tag/win25%2F20251216.149
test	Set up job	2026-01-05T12:23:46.3789224Z ##[endgroup]
test	Set up job	2026-01-05T12:23:46.3790255Z ##[group]GITHUB_TOKEN Permissions
test	Set up job	2026-01-05T12:23:46.3791979Z Contents: read
test	Set up job	2026-01-05T12:23:46.3792501Z Metadata: read
test	Set up job	2026-01-05T12:23:46.3793006Z Packages: read
test	Set up job	2026-01-05T12:23:46.3793452Z ##[endgroup]
test	Set up job	2026-01-05T12:23:46.3795360Z Secret source: Actions
test	Set up job	2026-01-05T12:23:46.3795972Z Prepare workflow directory
test	Set up job	2026-01-05T12:23:46.4196095Z Prepare all required actions
test	Set up job	2026-01-05T12:23:46.4233968Z Getting action download info
test	Set up job	2026-01-05T12:23:46.7108886Z Download action repository 'actions/checkout@v4' (SHA:34e114876b0b11c390a56381ad16ebd13914f8d5)
test	Set up job	2026-01-05T12:23:46.8359380Z Download action repository 'actions/setup-node@v4' (SHA:49933ea5288caeca8642d1e84afbd3f7d6820020)
test	Set up job	2026-01-05T12:23:46.9959213Z Download action repository 'dtolnay/rust-toolchain@stable' (SHA:4be9e76fd7c4901c61fb841f559994984270fce7)
test	Set up job	2026-01-05T12:23:47.1456089Z Download action repository 'Swatinem/rust-cache@v2' (SHA:779680da715d629ac1d338a641029a2f4372abb5)
test	Set up job	2026-01-05T12:23:47.5858698Z Complete job name: test
test	Run actions/checkout@v4	ï»¿2026-01-05T12:23:47.7171844Z ##[group]Run actions/checkout@v4
test	Run actions/checkout@v4	2026-01-05T12:23:47.7172811Z with:
test	Run actions/checkout@v4	2026-01-05T12:23:47.7173165Z   repository: ImL1s/screen_inu
test	Run actions/checkout@v4	2026-01-05T12:23:47.7173771Z   token: ***
test	Run actions/checkout@v4	2026-01-05T12:23:47.7174111Z   ssh-strict: true
test	Run actions/checkout@v4	2026-01-05T12:23:47.7174469Z   ssh-user: git
test	Run actions/checkout@v4	2026-01-05T12:23:47.7174823Z   persist-credentials: true
test	Run actions/checkout@v4	2026-01-05T12:23:47.7175233Z   clean: true
test	Run actions/checkout@v4	2026-01-05T12:23:47.7175586Z   sparse-checkout-cone-mode: true
test	Run actions/checkout@v4	2026-01-05T12:23:47.7176019Z   fetch-depth: 1
test	Run actions/checkout@v4	2026-01-05T12:23:47.7176369Z   fetch-tags: false
test	Run actions/checkout@v4	2026-01-05T12:23:47.7176712Z   show-progress: true
test	Run actions/checkout@v4	2026-01-05T12:23:47.7177075Z   lfs: false
test	Run actions/checkout@v4	2026-01-05T12:23:47.7177393Z   submodules: false
test	Run actions/checkout@v4	2026-01-05T12:23:47.7177752Z   set-safe-directory: true
test	Run actions/checkout@v4	2026-01-05T12:23:47.7178337Z ##[endgroup]
test	Run actions/checkout@v4	2026-01-05T12:23:47.8871058Z Syncing repository: ImL1s/screen_inu
test	Run actions/checkout@v4	2026-01-05T12:23:47.8873046Z ##[group]Getting Git version info
test	Run actions/checkout@v4	2026-01-05T12:23:47.8873707Z Working directory is 'D:\a\screen_inu\screen_inu'
test	Run actions/checkout@v4	2026-01-05T12:23:47.9887982Z [command]"C:\Program Files\Git\bin\git.exe" version
test	Run actions/checkout@v4	2026-01-05T12:23:48.3208262Z git version 2.52.0.windows.1
test	Run actions/checkout@v4	2026-01-05T12:23:48.3260600Z ##[endgroup]
test	Run actions/checkout@v4	2026-01-05T12:23:48.3281523Z Temporarily overriding HOME='D:\a\_temp\3654f7f3-c136-4283-8aa7-0288f417fc18' before making global git config changes
test	Run actions/checkout@v4	2026-01-05T12:23:48.3283308Z Adding repository directory to the temporary git global config as a safe directory
test	Run actions/checkout@v4	2026-01-05T12:23:48.3293355Z [command]"C:\Program Files\Git\bin\git.exe" config --global --add safe.directory D:\a\screen_inu\screen_inu
test	Run actions/checkout@v4	2026-01-05T12:23:48.3814452Z Deleting the contents of 'D:\a\screen_inu\screen_inu'
test	Run actions/checkout@v4	2026-01-05T12:23:48.3822350Z ##[group]Initializing the repository
test	Run actions/checkout@v4	2026-01-05T12:23:48.3833874Z [command]"C:\Program Files\Git\bin\git.exe" init D:\a\screen_inu\screen_inu
test	Run actions/checkout@v4	2026-01-05T12:23:48.4727337Z Initialized empty Git repository in D:/a/screen_inu/screen_inu/.git/
test	Run actions/checkout@v4	2026-01-05T12:23:48.4781488Z [command]"C:\Program Files\Git\bin\git.exe" remote add origin https://github.com/ImL1s/screen_inu
test	Run actions/checkout@v4	2026-01-05T12:23:48.5311527Z ##[endgroup]
test	Run actions/checkout@v4	2026-01-05T12:23:48.5312852Z ##[group]Disabling automatic garbage collection
test	Run actions/checkout@v4	2026-01-05T12:23:48.5321905Z [command]"C:\Program Files\Git\bin\git.exe" config --local gc.auto 0
test	Run actions/checkout@v4	2026-01-05T12:23:48.5597677Z ##[endgroup]
test	Run actions/checkout@v4	2026-01-05T12:23:48.5599192Z ##[group]Setting up auth
test	Run actions/checkout@v4	2026-01-05T12:23:48.5610345Z [command]"C:\Program Files\Git\bin\git.exe" config --local --name-only --get-regexp core\.sshCommand
test	Run actions/checkout@v4	2026-01-05T12:23:48.5890320Z [command]"C:\Program Files\Git\bin\git.exe" submodule foreach --recursive "sh -c \"git config --local --name-only --get-regexp 'core\.sshCommand' && git config --local --unset-all 'core.sshCommand' || :\""
test	Run actions/checkout@v4	2026-01-05T12:23:49.8798583Z [command]"C:\Program Files\Git\bin\git.exe" config --local --name-only --get-regexp http\.https\:\/\/github\.com\/\.extraheader
test	Run actions/checkout@v4	2026-01-05T12:23:49.9085295Z [command]"C:\Program Files\Git\bin\git.exe" submodule foreach --recursive "sh -c \"git config --local --name-only --get-regexp 'http\.https\:\/\/github\.com\/\.extraheader' && git config --local --unset-all 'http.https://github.com/.extraheader' || :\""
test	Run actions/checkout@v4	2026-01-05T12:23:50.3905143Z [command]"C:\Program Files\Git\bin\git.exe" config --local --name-only --get-regexp ^includeIf\.gitdir:
test	Run actions/checkout@v4	2026-01-05T12:23:50.4185849Z [command]"C:\Program Files\Git\bin\git.exe" submodule foreach --recursive "git config --local --show-origin --name-only --get-regexp remote.origin.url"
test	Run actions/checkout@v4	2026-01-05T12:23:50.9282218Z [command]"C:\Program Files\Git\bin\git.exe" config --local http.https://github.com/.extraheader "AUTHORIZATION: basic ***"
test	Run actions/checkout@v4	2026-01-05T12:23:50.9577186Z ##[endgroup]
test	Run actions/checkout@v4	2026-01-05T12:23:50.9577709Z ##[group]Fetching the repository
test	Run actions/checkout@v4	2026-01-05T12:23:50.9596972Z [command]"C:\Program Files\Git\bin\git.exe" -c protocol.version=2 fetch --no-tags --prune --no-recurse-submodules --depth=1 origin +6f956566870bc5d86ed1d51ac5b83d12a43d58f2:refs/remotes/origin/develop
test	Run actions/checkout@v4	2026-01-05T12:23:54.8421366Z From https://github.com/ImL1s/screen_inu
test	Run actions/checkout@v4	2026-01-05T12:23:54.8423806Z  * [new ref]         6f956566870bc5d86ed1d51ac5b83d12a43d58f2 -> origin/develop
test	Run actions/checkout@v4	2026-01-05T12:23:54.8591898Z ##[endgroup]
test	Run actions/checkout@v4	2026-01-05T12:23:54.8592373Z ##[group]Determining the checkout info
test	Run actions/checkout@v4	2026-01-05T12:23:54.8595182Z ##[endgroup]
test	Run actions/checkout@v4	2026-01-05T12:23:54.8605461Z [command]"C:\Program Files\Git\bin\git.exe" sparse-checkout disable
test	Run actions/checkout@v4	2026-01-05T12:23:54.9031799Z [command]"C:\Program Files\Git\bin\git.exe" config --local --unset-all extensions.worktreeConfig
test	Run actions/checkout@v4	2026-01-05T12:23:54.9305636Z ##[group]Checking out the ref
test	Run actions/checkout@v4	2026-01-05T12:23:54.9314569Z [command]"C:\Program Files\Git\bin\git.exe" checkout --progress --force -B develop refs/remotes/origin/develop
test	Run actions/checkout@v4	2026-01-05T12:23:56.1722509Z Updating files:  57% (179/313)
test	Run actions/checkout@v4	2026-01-05T12:23:56.1727403Z Updating files:  58% (182/313)
test	Run actions/checkout@v4	2026-01-05T12:23:56.1735992Z Updating files:  59% (185/313)
test	Run actions/checkout@v4	2026-01-05T12:23:56.1741578Z Updating files:  60% (188/313)
test	Run actions/checkout@v4	2026-01-05T12:23:56.1748638Z Updating files:  61% (191/313)
test	Run actions/checkout@v4	2026-01-05T12:23:56.1755101Z Updating files:  62% (195/313)
test	Run actions/checkout@v4	2026-01-05T12:23:56.1765627Z Updating files:  63% (198/313)
test	Run actions/checkout@v4	2026-01-05T12:23:56.1772725Z Updating files:  64% (201/313)
test	Run actions/checkout@v4	2026-01-05T12:23:56.2756265Z Updating files:  65% (204/313)
test	Run actions/checkout@v4	2026-01-05T12:23:56.4404054Z Updating files:  66% (207/313)
test	Run actions/checkout@v4	2026-01-05T12:23:56.5914294Z Updating files:  67% (210/313)
test	Run actions/checkout@v4	2026-01-05T12:23:56.5921026Z Updating files:  68% (213/313)
test	Run actions/checkout@v4	2026-01-05T12:23:56.5930215Z Updating files:  69% (216/313)
test	Run actions/checkout@v4	2026-01-05T12:23:56.5975084Z Updating files:  70% (220/313)
test	Run actions/checkout@v4	2026-01-05T12:23:56.6076496Z Updating files:  71% (223/313)
test	Run actions/checkout@v4	2026-01-05T12:23:56.6087460Z Updating files:  72% (226/313)
test	Run actions/checkout@v4	2026-01-05T12:23:56.6099400Z Updating files:  73% (229/313)
test	Run actions/checkout@v4	2026-01-05T12:23:56.6110391Z Updating files:  74% (232/313)
test	Run actions/checkout@v4	2026-01-05T12:23:56.6117322Z Updating files:  75% (235/313)
test	Run actions/checkout@v4	2026-01-05T12:23:56.6127421Z Updating files:  76% (238/313)
test	Run actions/checkout@v4	2026-01-05T12:23:56.6137677Z Updating files:  77% (242/313)
test	Run actions/checkout@v4	2026-01-05T12:23:56.6145577Z Updating files:  78% (245/313)
test	Run actions/checkout@v4	2026-01-05T12:23:56.6152895Z Updating files:  79% (248/313)
test	Run actions/checkout@v4	2026-01-05T12:23:56.6160139Z Updating files:  80% (251/313)
test	Run actions/checkout@v4	2026-01-05T12:23:56.6166871Z Updating files:  81% (254/313)
test	Run actions/checkout@v4	2026-01-05T12:23:56.6176858Z Updating files:  82% (257/313)
test	Run actions/checkout@v4	2026-01-05T12:23:56.6202513Z Updating files:  83% (260/313)
test	Run actions/checkout@v4	2026-01-05T12:23:56.6215473Z Updating files:  84% (263/313)
test	Run actions/checkout@v4	2026-01-05T12:23:56.6227540Z Updating files:  85% (267/313)
test	Run actions/checkout@v4	2026-01-05T12:23:56.6242563Z Updating files:  86% (270/313)
test	Run actions/checkout@v4	2026-01-05T12:23:56.6322433Z Updating files:  87% (273/313)
test	Run actions/checkout@v4	2026-01-05T12:23:56.6349841Z Updating files:  88% (276/313)
test	Run actions/checkout@v4	2026-01-05T12:23:56.6383290Z Updating files:  89% (279/313)
test	Run actions/checkout@v4	2026-01-05T12:23:56.6400744Z Updating files:  90% (282/313)
test	Run actions/checkout@v4	2026-01-05T12:23:56.6430600Z Updating files:  91% (285/313)
test	Run actions/checkout@v4	2026-01-05T12:23:56.6452192Z Updating files:  92% (288/313)
test	Run actions/checkout@v4	2026-01-05T12:23:56.6457880Z Updating files:  93% (292/313)
test	Run actions/checkout@v4	2026-01-05T12:23:56.6467148Z Updating files:  94% (295/313)
test	Run actions/checkout@v4	2026-01-05T12:23:56.6480036Z Updating files:  95% (298/313)
test	Run actions/checkout@v4	2026-01-05T12:23:56.7799001Z Updating files:  96% (301/313)
test	Run actions/checkout@v4	2026-01-05T12:23:56.7804654Z Updating files:  97% (304/313)
test	Run actions/checkout@v4	2026-01-05T12:23:56.7811488Z Updating files:  98% (307/313)
test	Run actions/checkout@v4	2026-01-05T12:23:56.7818444Z Updating files:  99% (310/313)
test	Run actions/checkout@v4	2026-01-05T12:23:56.7818890Z Updating files: 100% (313/313)
test	Run actions/checkout@v4	2026-01-05T12:23:56.7819393Z Updating files: 100% (313/313), done.
test	Run actions/checkout@v4	2026-01-05T12:23:56.8007168Z branch 'develop' set up to track 'origin/develop'.
test	Run actions/checkout@v4	2026-01-05T12:23:56.8043677Z Switched to a new branch 'develop'
test	Run actions/checkout@v4	2026-01-05T12:23:56.8268370Z ##[endgroup]
test	Run actions/checkout@v4	2026-01-05T12:23:56.8655699Z [command]"C:\Program Files\Git\bin\git.exe" log -1 --format=%H
test	Run actions/checkout@v4	2026-01-05T12:23:56.8922268Z 6f956566870bc5d86ed1d51ac5b83d12a43d58f2
test	Setup Node	ï»¿2026-01-05T12:23:56.9340956Z ##[group]Run actions/setup-node@v4
test	Setup Node	2026-01-05T12:23:56.9341347Z with:
test	Setup Node	2026-01-05T12:23:56.9341609Z   node-version: 20
test	Setup Node	2026-01-05T12:23:56.9341906Z   cache: npm
test	Setup Node	2026-01-05T12:23:56.9342188Z   cache-dependency-path: app/package-lock.json
test	Setup Node	2026-01-05T12:23:56.9342557Z   always-auth: false
test	Setup Node	2026-01-05T12:23:56.9342790Z   check-latest: false
test	Setup Node	2026-01-05T12:23:56.9343235Z   token: ***
test	Setup Node	2026-01-05T12:23:56.9343462Z ##[endgroup]
test	Setup Node	2026-01-05T12:23:57.1816057Z Found in cache @ C:\hostedtoolcache\windows\node\20.19.6\x64
test	Setup Node	2026-01-05T12:23:57.1826448Z ##[group]Environment details
test	Setup Node	2026-01-05T12:24:00.7488216Z node: v20.19.6
test	Setup Node	2026-01-05T12:24:00.7488633Z npm: 10.8.2
test	Setup Node	2026-01-05T12:24:00.7488891Z yarn: 1.22.22
test	Setup Node	2026-01-05T12:24:00.7490674Z ##[endgroup]
test	Setup Node	2026-01-05T12:24:00.8295960Z [command]C:\Windows\system32\cmd.exe /D /S /C "C:\hostedtoolcache\windows\node\20.19.6\x64\npm.cmd config get cache"
test	Setup Node	2026-01-05T12:24:01.3222694Z C:\npm\cache
test	Setup Node	2026-01-05T12:24:01.6020189Z Cache hit for: node-cache-Windows-x64-npm-d0fea8876f2c410c34593965213ae3a3e208ed07383f4ddafe95387aec0119f9
test	Setup Node	2026-01-05T12:24:01.9323837Z Received 42341716 of 42341716 (100.0%), 135.5 MBs/sec
test	Setup Node	2026-01-05T12:24:01.9326586Z Cache Size: ~40 MB (42341716 B)
test	Setup Node	2026-01-05T12:24:01.9434981Z [command]"C:\Program Files\Git\usr\bin\tar.exe" -xf D:/a/_temp/edc426d2-fb70-4721-a5d6-2fe8be98ce66/cache.tzst -P -C D:/a/screen_inu/screen_inu --force-local --use-compress-program "zstd -d"
test	Setup Node	2026-01-05T12:24:02.8455958Z Cache restored successfully
test	Setup Node	2026-01-05T12:24:02.8491829Z Cache restored from key: node-cache-Windows-x64-npm-d0fea8876f2c410c34593965213ae3a3e208ed07383f4ddafe95387aec0119f9
test	Install Rust	ï»¿2026-01-05T12:24:02.8901543Z ##[group]Run dtolnay/rust-toolchain@stable
test	Install Rust	2026-01-05T12:24:02.8901964Z with:
test	Install Rust	2026-01-05T12:24:02.8902165Z   toolchain: stable
test	Install Rust	2026-01-05T12:24:02.8902382Z ##[endgroup]
test	Install Rust	2026-01-05T12:24:02.9111054Z ##[group]Run : parse toolchain version
test	Install Rust	2026-01-05T12:24:02.9111407Z [36;1m: parse toolchain version[0m
test	Install Rust	2026-01-05T12:24:02.9111651Z [36;1mif [[ -z $toolchain ]]; then[0m
test	Install Rust	2026-01-05T12:24:02.9112103Z [36;1m  # GitHub does not enforce `required: true` inputs itself. https://github.com/actions/runner/issues/1070[0m
test	Install Rust	2026-01-05T12:24:02.9112818Z [36;1m  echo "'toolchain' is a required input" >&2[0m
test	Install Rust	2026-01-05T12:24:02.9113064Z [36;1m  exit 1[0m
test	Install Rust	2026-01-05T12:24:02.9113339Z [36;1melif [[ $toolchain =~ ^stable' '[0-9]+' '(year|month|week|day)s?' 'ago$ ]]; then[0m
test	Install Rust	2026-01-05T12:24:02.9113684Z [36;1m  if [[ Windows == macOS ]]; then[0m
test	Install Rust	2026-01-05T12:24:02.9114109Z [36;1m    echo "toolchain=1.$((($(date -v-$(sed 's/stable \([0-9]*\) \(.\).*/\1\2/' <<< $toolchain) +%s)/60/60/24-16569)/7/6))" >> $GITHUB_OUTPUT[0m
test	Install Rust	2026-01-05T12:24:02.9114561Z [36;1m  else[0m
test	Install Rust	2026-01-05T12:24:02.9114891Z [36;1m    echo "toolchain=1.$((($(date --date "${toolchain#stable }" +%s)/60/60/24-16569)/7/6))" >> $GITHUB_OUTPUT[0m
test	Install Rust	2026-01-05T12:24:02.9115728Z [36;1m  fi[0m
test	Install Rust	2026-01-05T12:24:02.9115988Z [36;1melif [[ $toolchain =~ ^stable' 'minus' '[0-9]+' 'releases?$ ]]; then[0m
test	Install Rust	2026-01-05T12:24:02.9116441Z [36;1m  echo "toolchain=1.$((($(date +%s)/60/60/24-16569)/7/6-${toolchain//[^0-9]/}))" >> $GITHUB_OUTPUT[0m
test	Install Rust	2026-01-05T12:24:02.9116827Z [36;1melif [[ $toolchain =~ ^1\.[0-9]+$ ]]; then[0m
test	Install Rust	2026-01-05T12:24:02.9117259Z [36;1m  echo "toolchain=1.$((i=${toolchain#1.}, c=($(date +%s)/60/60/24-16569)/7/6, i+9*i*(10*i<=c)+90*i*(100*i<=c)))" >> $GITHUB_OUTPUT[0m
test	Install Rust	2026-01-05T12:24:02.9117651Z [36;1melse[0m
test	Install Rust	2026-01-05T12:24:02.9117846Z [36;1m  echo "toolchain=$toolchain" >> $GITHUB_OUTPUT[0m
test	Install Rust	2026-01-05T12:24:02.9118087Z [36;1mfi[0m
test	Install Rust	2026-01-05T12:24:02.9140856Z shell: C:\Program Files\Git\bin\bash.EXE --noprofile --norc -e -o pipefail {0}
test	Install Rust	2026-01-05T12:24:02.9141224Z env:
test	Install Rust	2026-01-05T12:24:02.9141381Z   toolchain: stable
test	Install Rust	2026-01-05T12:24:02.9141556Z ##[endgroup]
test	Install Rust	2026-01-05T12:24:03.3778388Z ##[group]Run : construct rustup command line
test	Install Rust	2026-01-05T12:24:03.3778688Z [36;1m: construct rustup command line[0m
test	Install Rust	2026-01-05T12:24:03.3779069Z [36;1mecho "targets=$(for t in ${targets//,/ }; do echo -n ' --target' $t; done)" >> $GITHUB_OUTPUT[0m
test	Install Rust	2026-01-05T12:24:03.3779594Z [36;1mecho "components=$(for c in ${components//,/ }; do echo -n ' --component' $c; done)" >> $GITHUB_OUTPUT[0m
test	Install Rust	2026-01-05T12:24:03.3780010Z [36;1mecho "downgrade=" >> $GITHUB_OUTPUT[0m
test	Install Rust	2026-01-05T12:24:03.3795793Z shell: C:\Program Files\Git\bin\bash.EXE --noprofile --norc -e -o pipefail {0}
test	Install Rust	2026-01-05T12:24:03.3796154Z env:
test	Install Rust	2026-01-05T12:24:03.3796294Z   targets: 
test	Install Rust	2026-01-05T12:24:03.3796446Z   components: 
test	Install Rust	2026-01-05T12:24:03.3796605Z ##[endgroup]
test	Install Rust	2026-01-05T12:24:03.4495173Z ##[group]Run : set $CARGO_HOME
test	Install Rust	2026-01-05T12:24:03.4495427Z [36;1m: set $CARGO_HOME[0m
test	Install Rust	2026-01-05T12:24:03.4495715Z [36;1mecho CARGO_HOME=${CARGO_HOME:-"$USERPROFILE\.cargo"} >> $GITHUB_ENV[0m
test	Install Rust	2026-01-05T12:24:03.4511863Z shell: C:\Program Files\Git\bin\bash.EXE --noprofile --norc -e -o pipefail {0}
test	Install Rust	2026-01-05T12:24:03.4512230Z ##[endgroup]
test	Install Rust	2026-01-05T12:24:03.5019706Z ##[group]Run : install rustup if needed on windows
test	Install Rust	2026-01-05T12:24:03.5020034Z [36;1m: install rustup if needed on windows[0m
test	Install Rust	2026-01-05T12:24:03.5020320Z [36;1mif ! command -v rustup &>/dev/null; then[0m
test	Install Rust	2026-01-05T12:24:03.5020962Z [36;1m  curl --proto '=https' --tlsv1.2 --retry 10 --retry-connrefused --location --silent --show-error --fail https://win.rustup.rs/x86_64 --output 'D:\a\_temp\rustup-init.exe'[0m
test	Install Rust	2026-01-05T12:24:03.5021697Z [36;1m  'D:\a\_temp\rustup-init.exe' --default-toolchain none --no-modify-path -y[0m
test	Install Rust	2026-01-05T12:24:03.5022060Z [36;1m  echo "$CARGO_HOME\bin" >> $GITHUB_PATH[0m
test	Install Rust	2026-01-05T12:24:03.5022293Z [36;1mfi[0m
test	Install Rust	2026-01-05T12:24:03.5038195Z shell: C:\Program Files\Git\bin\bash.EXE --noprofile --norc -e -o pipefail {0}
test	Install Rust	2026-01-05T12:24:03.5040258Z env:
test	Install Rust	2026-01-05T12:24:03.5040433Z   CARGO_HOME: C:\Users\runneradmin\.cargo
test	Install Rust	2026-01-05T12:24:03.5040659Z ##[endgroup]
test	Install Rust	2026-01-05T12:24:03.5654174Z ##[group]Run rustup toolchain install stable --profile minimal --no-self-update
test	Install Rust	2026-01-05T12:24:03.5654661Z [36;1mrustup toolchain install stable --profile minimal --no-self-update[0m
test	Install Rust	2026-01-05T12:24:03.5670321Z shell: C:\Program Files\Git\bin\bash.EXE --noprofile --norc -e -o pipefail {0}
test	Install Rust	2026-01-05T12:24:03.5670677Z env:
test	Install Rust	2026-01-05T12:24:03.5670856Z   CARGO_HOME: C:\Users\runneradmin\.cargo
test	Install Rust	2026-01-05T12:24:03.5671102Z   RUSTUP_PERMIT_COPY_RENAME: 1
test	Install Rust	2026-01-05T12:24:03.5671297Z ##[endgroup]
test	Install Rust	2026-01-05T12:24:06.4892448Z info: syncing channel updates for 'stable-x86_64-pc-windows-msvc'
test	Install Rust	2026-01-05T12:24:06.8485461Z 
test	Install Rust	2026-01-05T12:24:06.8675338Z   stable-x86_64-pc-windows-msvc unchanged - rustc 1.92.0 (ded5c06cf 2025-12-08)
test	Install Rust	2026-01-05T12:24:06.8675986Z 
test	Install Rust	2026-01-05T12:24:06.8882421Z ##[group]Run rustup default stable
test	Install Rust	2026-01-05T12:24:06.8882676Z [36;1mrustup default stable[0m
test	Install Rust	2026-01-05T12:24:06.8897455Z shell: C:\Program Files\Git\bin\bash.EXE --noprofile --norc -e -o pipefail {0}
test	Install Rust	2026-01-05T12:24:06.8897795Z env:
test	Install Rust	2026-01-05T12:24:06.8897965Z   CARGO_HOME: C:\Users\runneradmin\.cargo
test	Install Rust	2026-01-05T12:24:06.8898195Z ##[endgroup]
test	Install Rust	2026-01-05T12:24:06.9612356Z info: using existing install for 'stable-x86_64-pc-windows-msvc'
test	Install Rust	2026-01-05T12:24:07.0124497Z info: default toolchain set to 'stable-x86_64-pc-windows-msvc'
test	Install Rust	2026-01-05T12:24:07.0124825Z 
test	Install Rust	2026-01-05T12:24:07.0319215Z   stable-x86_64-pc-windows-msvc unchanged - rustc 1.92.0 (ded5c06cf 2025-12-08)
test	Install Rust	2026-01-05T12:24:07.0319586Z 
test	Install Rust	2026-01-05T12:24:07.0514738Z ##[group]Run : create cachekey
test	Install Rust	2026-01-05T12:24:07.0515048Z [36;1m: create cachekey[0m
test	Install Rust	2026-01-05T12:24:07.0515514Z [36;1mDATE=$(rustc +stable --version --verbose | sed -ne 's/^commit-date: \(20[0-9][0-9]\)-\([01][0-9]\)-\([0-3][0-9]\)$/\1\2\3/p')[0m
test	Install Rust	2026-01-05T12:24:07.0516097Z [36;1mHASH=$(rustc +stable --version --verbose | sed -ne 's/^commit-hash: //p')[0m
test	Install Rust	2026-01-05T12:24:07.0516534Z [36;1mecho "cachekey=$(echo $DATE$HASH | head -c12)" >> $GITHUB_OUTPUT[0m
test	Install Rust	2026-01-05T12:24:07.0531901Z shell: C:\Program Files\Git\bin\bash.EXE --noprofile --norc -e -o pipefail {0}
test	Install Rust	2026-01-05T12:24:07.0532246Z env:
test	Install Rust	2026-01-05T12:24:07.0532412Z   CARGO_HOME: C:\Users\runneradmin\.cargo
test	Install Rust	2026-01-05T12:24:07.0532652Z ##[endgroup]
test	Install Rust	2026-01-05T12:24:07.8404536Z ##[group]Run : disable incremental compilation
test	Install Rust	2026-01-05T12:24:07.8404860Z [36;1m: disable incremental compilation[0m
test	Install Rust	2026-01-05T12:24:07.8405144Z [36;1mif [ -z "${CARGO_INCREMENTAL+set}" ]; then[0m
test	Install Rust	2026-01-05T12:24:07.8405428Z [36;1m  echo CARGO_INCREMENTAL=0 >> $GITHUB_ENV[0m
test	Install Rust	2026-01-05T12:24:07.8405665Z [36;1mfi[0m
test	Install Rust	2026-01-05T12:24:07.8420914Z shell: C:\Program Files\Git\bin\bash.EXE --noprofile --norc -e -o pipefail {0}
test	Install Rust	2026-01-05T12:24:07.8421264Z env:
test	Install Rust	2026-01-05T12:24:07.8421451Z   CARGO_HOME: C:\Users\runneradmin\.cargo
test	Install Rust	2026-01-05T12:24:07.8421675Z ##[endgroup]
test	Install Rust	2026-01-05T12:24:07.8953682Z ##[group]Run : enable colors in Cargo output
test	Install Rust	2026-01-05T12:24:07.8953983Z [36;1m: enable colors in Cargo output[0m
test	Install Rust	2026-01-05T12:24:07.8954235Z [36;1mif [ -z "${CARGO_TERM_COLOR+set}" ]; then[0m
test	Install Rust	2026-01-05T12:24:07.8954519Z [36;1m  echo CARGO_TERM_COLOR=always >> $GITHUB_ENV[0m
test	Install Rust	2026-01-05T12:24:07.8954754Z [36;1mfi[0m
test	Install Rust	2026-01-05T12:24:07.8969348Z shell: C:\Program Files\Git\bin\bash.EXE --noprofile --norc -e -o pipefail {0}
test	Install Rust	2026-01-05T12:24:07.8969785Z env:
test	Install Rust	2026-01-05T12:24:07.8969961Z   CARGO_HOME: C:\Users\runneradmin\.cargo
test	Install Rust	2026-01-05T12:24:07.8970201Z   CARGO_INCREMENTAL: 0
test	Install Rust	2026-01-05T12:24:07.8970584Z ##[endgroup]
test	Install Rust	2026-01-05T12:24:07.9487555Z ##[group]Run : enable Cargo sparse registry
test	Install Rust	2026-01-05T12:24:07.9487863Z [36;1m: enable Cargo sparse registry[0m
test	Install Rust	2026-01-05T12:24:07.9488170Z [36;1m# implemented in 1.66, stabilized in 1.68, made default in 1.70[0m
test	Install Rust	2026-01-05T12:24:07.9489912Z [36;1mif [ -z "${CARGO_REGISTRIES_CRATES_IO_PROTOCOL+set}" -o -f "D:\a\_temp"/.implicit_cargo_registries_crates_io_protocol ]; then[0m
test	Install Rust	2026-01-05T12:24:07.9490515Z [36;1m  if rustc +stable --version --verbose | grep -q '^release: 1\.6[89]\.'; then[0m
test	Install Rust	2026-01-05T12:24:07.9490960Z [36;1m    touch "D:\a\_temp"/.implicit_cargo_registries_crates_io_protocol || true[0m
test	Install Rust	2026-01-05T12:24:07.9491364Z [36;1m    echo CARGO_REGISTRIES_CRATES_IO_PROTOCOL=sparse >> $GITHUB_ENV[0m
test	Install Rust	2026-01-05T12:24:07.9492315Z [36;1m  elif rustc +stable --version --verbose | grep -q '^release: 1\.6[67]\.'; then[0m
test	Install Rust	2026-01-05T12:24:07.9492747Z [36;1m    touch "D:\a\_temp"/.implicit_cargo_registries_crates_io_protocol || true[0m
test	Install Rust	2026-01-05T12:24:07.9493136Z [36;1m    echo CARGO_REGISTRIES_CRATES_IO_PROTOCOL=git >> $GITHUB_ENV[0m
test	Install Rust	2026-01-05T12:24:07.9493412Z [36;1m  fi[0m
test	Install Rust	2026-01-05T12:24:07.9493563Z [36;1mfi[0m
test	Install Rust	2026-01-05T12:24:07.9508894Z shell: C:\Program Files\Git\bin\bash.EXE --noprofile --norc -e -o pipefail {0}
test	Install Rust	2026-01-05T12:24:07.9509247Z env:
test	Install Rust	2026-01-05T12:24:07.9509423Z   CARGO_HOME: C:\Users\runneradmin\.cargo
test	Install Rust	2026-01-05T12:24:07.9509658Z   CARGO_INCREMENTAL: 0
test	Install Rust	2026-01-05T12:24:07.9509831Z   CARGO_TERM_COLOR: always
test	Install Rust	2026-01-05T12:24:07.9510014Z ##[endgroup]
test	Install Rust	2026-01-05T12:24:08.1261026Z ##[group]Run : work around spurious network errors in curl 8.0
test	Install Rust	2026-01-05T12:24:08.1261648Z [36;1m: work around spurious network errors in curl 8.0[0m
test	Install Rust	2026-01-05T12:24:08.1262505Z [36;1m# https://rust-lang.zulipchat.com/#narrow/stream/246057-t-cargo/topic/timeout.20investigation[0m
test	Install Rust	2026-01-05T12:24:08.1263461Z [36;1mif rustc +stable --version --verbose | grep -q '^release: 1\.7[01]\.'; then[0m
test	Install Rust	2026-01-05T12:24:08.1264144Z [36;1m  echo CARGO_HTTP_MULTIPLEXING=false >> $GITHUB_ENV[0m
test	Install Rust	2026-01-05T12:24:08.1264587Z [36;1mfi[0m
test	Install Rust	2026-01-05T12:24:08.1287918Z shell: C:\Program Files\Git\bin\bash.EXE --noprofile --norc -e -o pipefail {0}
test	Install Rust	2026-01-05T12:24:08.1288488Z env:
test	Install Rust	2026-01-05T12:24:08.1288772Z   CARGO_HOME: C:\Users\runneradmin\.cargo
test	Install Rust	2026-01-05T12:24:08.1289160Z   CARGO_INCREMENTAL: 0
test	Install Rust	2026-01-05T12:24:08.1289447Z   CARGO_TERM_COLOR: always
test	Install Rust	2026-01-05T12:24:08.1289765Z ##[endgroup]
test	Install Rust	2026-01-05T12:24:08.2381948Z ##[group]Run rustc +stable --version --verbose
test	Install Rust	2026-01-05T12:24:08.2382255Z [36;1mrustc +stable --version --verbose[0m
test	Install Rust	2026-01-05T12:24:08.2397159Z shell: C:\Program Files\Git\bin\bash.EXE --noprofile --norc -e -o pipefail {0}
test	Install Rust	2026-01-05T12:24:08.2397536Z env:
test	Install Rust	2026-01-05T12:24:08.2397722Z   CARGO_HOME: C:\Users\runneradmin\.cargo
test	Install Rust	2026-01-05T12:24:08.2397959Z   CARGO_INCREMENTAL: 0
test	Install Rust	2026-01-05T12:24:08.2398137Z   CARGO_TERM_COLOR: always
test	Install Rust	2026-01-05T12:24:08.2398324Z ##[endgroup]
test	Install Rust	2026-01-05T12:24:08.3190492Z rustc 1.92.0 (ded5c06cf 2025-12-08)
test	Install Rust	2026-01-05T12:24:08.3191068Z binary: rustc
test	Install Rust	2026-01-05T12:24:08.3191570Z commit-hash: ded5c06cf21d2b93bffd5d884aa6e96934ee4234
test	Install Rust	2026-01-05T12:24:08.3192072Z commit-date: 2025-12-08
test	Install Rust	2026-01-05T12:24:08.3192438Z host: x86_64-pc-windows-msvc
test	Install Rust	2026-01-05T12:24:08.3192806Z release: 1.92.0
test	Install Rust	2026-01-05T12:24:08.3193828Z LLVM version: 21.1.3
test	Rust cache	ï»¿2026-01-05T12:24:08.3475391Z ##[group]Run Swatinem/rust-cache@v2
test	Rust cache	2026-01-05T12:24:08.3475687Z with:
test	Rust cache	2026-01-05T12:24:08.3475921Z   workspaces: ./app/src-tauri -> target
test	Rust cache	2026-01-05T12:24:08.3476681Z   prefix-key: v0-rust
test	Rust cache	2026-01-05T12:24:08.3476894Z   add-job-id-key: true
test	Rust cache	2026-01-05T12:24:08.3477103Z   add-rust-environment-hash-key: true
test	Rust cache	2026-01-05T12:24:08.3477351Z   cache-targets: true
test	Rust cache	2026-01-05T12:24:08.3477530Z   cache-all-crates: false
test	Rust cache	2026-01-05T12:24:08.3477731Z   cache-workspace-crates: false
test	Rust cache	2026-01-05T12:24:08.3477939Z   save-if: true
test	Rust cache	2026-01-05T12:24:08.3478098Z   cache-provider: github
test	Rust cache	2026-01-05T12:24:08.3478286Z   cache-bin: true
test	Rust cache	2026-01-05T12:24:08.3478444Z   lookup-only: false
test	Rust cache	2026-01-05T12:24:08.3478599Z env:
test	Rust cache	2026-01-05T12:24:08.3478761Z   CARGO_HOME: C:\Users\runneradmin\.cargo
test	Rust cache	2026-01-05T12:24:08.3478987Z   CARGO_INCREMENTAL: 0
test	Rust cache	2026-01-05T12:24:08.3479155Z   CARGO_TERM_COLOR: always
test	Rust cache	2026-01-05T12:24:08.3479337Z ##[endgroup]
test	Rust cache	2026-01-05T12:24:10.7409256Z ##[group]Cache Configuration
test	Rust cache	2026-01-05T12:24:10.7410469Z Cache Provider:
test	Rust cache	2026-01-05T12:24:10.7411072Z     github
test	Rust cache	2026-01-05T12:24:10.7411645Z Workspaces:
test	Rust cache	2026-01-05T12:24:10.7412705Z     D:\a\screen_inu\screen_inu\app\src-tauri
test	Rust cache	2026-01-05T12:24:10.7413454Z Cache Paths:
test	Rust cache	2026-01-05T12:24:10.7520697Z     C:\Users\runneradmin\.cargo\bin
test	Rust cache	2026-01-05T12:24:10.7524783Z     C:\Users\runneradmin\.cargo\.crates.toml
test	Rust cache	2026-01-05T12:24:10.7532696Z     C:\Users\runneradmin\.cargo\.crates2.json
test	Rust cache	2026-01-05T12:24:10.7535422Z     C:\Users\runneradmin\.cargo\registry
test	Rust cache	2026-01-05T12:24:10.7536100Z     C:\Users\runneradmin\.cargo\git
test	Rust cache	2026-01-05T12:24:10.7536762Z     D:\a\screen_inu\screen_inu\app\src-tauri\target
test	Rust cache	2026-01-05T12:24:10.7537365Z Restore Key:
test	Rust cache	2026-01-05T12:24:10.7537867Z     v0-rust-test-Windows_NT-x64-7a6c70a5
test	Rust cache	2026-01-05T12:24:10.7538864Z Cache Key:
test	Rust cache	2026-01-05T12:24:10.7539879Z     v0-rust-test-Windows_NT-x64-7a6c70a5-4900814c
test	Rust cache	2026-01-05T12:24:10.7540799Z .. Prefix:
test	Rust cache	2026-01-05T12:24:10.7542150Z   - v0-rust-test-Windows_NT-x64
test	Rust cache	2026-01-05T12:24:10.7542925Z .. Environment considered:
test	Rust cache	2026-01-05T12:24:10.7544675Z   - Rust Version: 1.92.0 x86_64-pc-windows-msvc (ded5c06cf21d2b93bffd5d884aa6e96934ee4234)
test	Rust cache	2026-01-05T12:24:10.7546180Z   - CARGO_HOME
test	Rust cache	2026-01-05T12:24:10.7547492Z   - CARGO_INCREMENTAL
test	Rust cache	2026-01-05T12:24:10.7548443Z   - CARGO_TERM_COLOR
test	Rust cache	2026-01-05T12:24:10.7549246Z .. Lockfiles considered:
test	Rust cache	2026-01-05T12:24:10.7551848Z   - D:\a\screen_inu\screen_inu\app\src-tauri\Cargo.lock
test	Rust cache	2026-01-05T12:24:10.7552919Z   - D:\a\screen_inu\screen_inu\app\src-tauri\Cargo.toml
test	Rust cache	2026-01-05T12:24:10.7553908Z ##[endgroup]
test	Rust cache	2026-01-05T12:24:10.7554292Z 
test	Rust cache	2026-01-05T12:24:10.7554625Z ... Restoring cache ...
test	Rust cache	2026-01-05T12:24:10.9283436Z Cache hit for: v0-rust-test-Windows_NT-x64-7a6c70a5-4900814c
test	Rust cache	2026-01-05T12:24:11.9653070Z Received 134217728 of 1227790443 (10.9%), 127.9 MBs/sec
test	Rust cache	2026-01-05T12:24:12.9680203Z Received 272629760 of 1227790443 (22.2%), 129.7 MBs/sec
test	Rust cache	2026-01-05T12:24:13.9859349Z Received 432013312 of 1227790443 (35.2%), 136.3 MBs/sec
test	Rust cache	2026-01-05T12:24:15.0069918Z Received 570425344 of 1227790443 (46.5%), 134.9 MBs/sec
test	Rust cache	2026-01-05T12:24:16.0273643Z Received 746586112 of 1227790443 (60.8%), 140.6 MBs/sec
test	Rust cache	2026-01-05T12:24:17.0315996Z Received 931135488 of 1227790443 (75.8%), 146.4 MBs/sec
test	Rust cache	2026-01-05T12:24:18.0326923Z Received 1073741824 of 1227790443 (87.5%), 144.9 MBs/sec
test	Rust cache	2026-01-05T12:24:19.0382930Z Received 1212153856 of 1227790443 (98.7%), 143.2 MBs/sec
test	Rust cache	2026-01-05T12:24:19.0991844Z Received 1227790443 of 1227790443 (100.0%), 143.9 MBs/sec
test	Rust cache	2026-01-05T12:24:19.0995113Z Cache Size: ~1171 MB (1227790443 B)
test	Rust cache	2026-01-05T12:24:19.1091256Z [command]"C:\Program Files\Git\usr\bin\tar.exe" -xf D:/a/_temp/4255de06-600e-4ef6-845c-33260fc2c766/cache.tzst -P -C D:/a/screen_inu/screen_inu --force-local --use-compress-program "zstd -d"
test	Rust cache	2026-01-05T12:24:42.8720657Z Cache restored successfully
test	Rust cache	2026-01-05T12:24:42.9330992Z Restored from cache key "v0-rust-test-Windows_NT-x64-7a6c70a5-4900814c" full match: true.
test	Prepare dummy Tesseract sidecars	ï»¿2026-01-05T12:24:42.9600423Z ##[group]Run mkdir -p app/src-tauri/binaries
test	Prepare dummy Tesseract sidecars	2026-01-05T12:24:42.9600839Z [36;1mmkdir -p app/src-tauri/binaries[0m
test	Prepare dummy Tesseract sidecars	2026-01-05T12:24:42.9601212Z [36;1mtouch app/src-tauri/binaries/tesseract-x86_64-pc-windows-msvc.exe[0m
test	Prepare dummy Tesseract sidecars	2026-01-05T12:24:42.9616490Z shell: C:\Program Files\Git\bin\bash.EXE --noprofile --norc -e -o pipefail {0}
test	Prepare dummy Tesseract sidecars	2026-01-05T12:24:42.9616859Z env:
test	Prepare dummy Tesseract sidecars	2026-01-05T12:24:42.9617038Z   CARGO_HOME: C:\Users\runneradmin\.cargo
test	Prepare dummy Tesseract sidecars	2026-01-05T12:24:42.9617282Z   CARGO_INCREMENTAL: 0
test	Prepare dummy Tesseract sidecars	2026-01-05T12:24:42.9617475Z   CARGO_TERM_COLOR: always
test	Prepare dummy Tesseract sidecars	2026-01-05T12:24:42.9617681Z   CACHE_ON_FAILURE: false
test	Prepare dummy Tesseract sidecars	2026-01-05T12:24:42.9617871Z ##[endgroup]
test	Install Dependencies	ï»¿2026-01-05T12:24:43.0645607Z ##[group]Run npm install
test	Install Dependencies	2026-01-05T12:24:43.0645951Z [36;1mnpm install[0m
test	Install Dependencies	2026-01-05T12:24:43.0646177Z [36;1mnpx playwright install chromium[0m
test	Install Dependencies	2026-01-05T12:24:43.1391947Z shell: C:\Program Files\PowerShell\7\pwsh.EXE -command ". '{0}'"
test	Install Dependencies	2026-01-05T12:24:43.1392293Z env:
test	Install Dependencies	2026-01-05T12:24:43.1392481Z   CARGO_HOME: C:\Users\runneradmin\.cargo
test	Install Dependencies	2026-01-05T12:24:43.1392728Z   CARGO_INCREMENTAL: 0
test	Install Dependencies	2026-01-05T12:24:43.1392922Z   CARGO_TERM_COLOR: always
test	Install Dependencies	2026-01-05T12:24:43.1393126Z   CACHE_ON_FAILURE: false
test	Install Dependencies	2026-01-05T12:24:43.1393308Z ##[endgroup]
test	Install Dependencies	2026-01-05T12:24:55.7529981Z 
test	Install Dependencies	2026-01-05T12:24:55.7533676Z added 198 packages, and audited 199 packages in 8s
test	Install Dependencies	2026-01-05T12:24:55.7534121Z 
test	Install Dependencies	2026-01-05T12:24:55.7534619Z 36 packages are looking for funding
test	Install Dependencies	2026-01-05T12:24:55.7534901Z   run `npm fund` for details
test	Install Dependencies	2026-01-05T12:24:55.7543953Z 
test	Install Dependencies	2026-01-05T12:24:55.7544197Z found 0 vulnerabilities
test	Install Dependencies	2026-01-05T12:24:57.3323113Z Downloading Chromium 143.0.7499.4 (playwright build v1200)[2m from https://cdn.playwright.dev/dbazure/download/playwright/builds/chromium/1200/chromium-win64.zip[22m
test	Install Dependencies	2026-01-05T12:24:57.5983278Z |                                                                                |   0% of 169.8 MiB
test	Install Dependencies	2026-01-05T12:24:57.8840942Z |â– â– â– â– â– â– â– â–                                                                         |  10% of 169.8 MiB
test	Install Dependencies	2026-01-05T12:24:58.0647529Z |â– â– â– â– â– â– â– â– â– â– â– â– â– â– â– â–                                                                 |  20% of 169.8 MiB
test	Install Dependencies	2026-01-05T12:24:58.2479575Z |â– â– â– â– â– â– â– â– â– â– â– â– â– â– â– â– â– â– â– â– â– â– â– â–                                                         |  30% of 169.8 MiB
test	Install Dependencies	2026-01-05T12:24:58.4149971Z |â– â– â– â– â– â– â– â– â– â– â– â– â– â– â– â– â– â– â– â– â– â– â– â– â– â– â– â– â– â– â– â–                                                 |  40% of 169.8 MiB
test	Install Dependencies	2026-01-05T12:24:58.5733142Z |â– â– â– â– â– â– â– â– â– â– â– â– â– â– â– â– â– â– â– â– â– â– â– â– â– â– â– â– â– â– â– â– â– â– â– â– â– â– â– â–                                         |  50% of 169.8 MiB
test	Install Dependencies	2026-01-05T12:24:58.7162352Z |â– â– â– â– â– â– â– â– â– â– â– â– â– â– â– â– â– â– â– â– â– â– â– â– â– â– â– â– â– â– â– â– â– â– â– â– â– â– â– â– â– â– â– â– â– â– â– â–                                 |  60% of 169.8 MiB
test	Install Dependencies	2026-01-05T12:24:58.8690779Z |â– â– â– â– â– â– â– â– â– â– â– â– â– â– â– â– â– â– â– â– â– â– â– â– â– â– â– â– â– â– â– â– â– â– â– â– â– â– â– â– â– â– â– â– â– â– â– â– â– â– â– â– â– â– â– â–                         |  70% of 169.8 MiB
test	Install Dependencies	2026-01-05T12:24:59.0168591Z |â– â– â– â– â– â– â– â– â– â– â– â– â– â– â– â– â– â– â– â– â– â– â– â– â– â– â– â– â– â– â– â– â– â– â– â– â– â– â– â– â– â– â– â– â– â– â– â– â– â– â– â– â– â– â– â– â– â– â– â– â– â– â– â–                 |  80% of 169.8 MiB
test	Install Dependencies	2026-01-05T12:24:59.1672754Z |â– â– â– â– â– â– â– â– â– â– â– â– â– â– â– â– â– â– â– â– â– â– â– â– â– â– â– â– â– â– â– â– â– â– â– â– â– â– â– â– â– â– â– â– â– â– â– â– â– â– â– â– â– â– â– â– â– â– â– â– â– â– â– â– â– â– â– â– â– â– â– â–         |  90% of 169.8 MiB
test	Install Dependencies	2026-01-05T12:24:59.3053523Z |â– â– â– â– â– â– â– â– â– â– â– â– â– â– â– â– â– â– â– â– â– â– â– â– â– â– â– â– â– â– â– â– â– â– â– â– â– â– â– â– â– â– â– â– â– â– â– â– â– â– â– â– â– â– â– â– â– â– â– â– â– â– â– â– â– â– â– â– â– â– â– â– â– â– â– â– â– â– â– â– | 100% of 169.8 MiB
test	Install Dependencies	2026-01-05T12:25:04.7659095Z Chromium 143.0.7499.4 (playwright build v1200) downloaded to C:\Users\runneradmin\AppData\Local\ms-playwright\chromium-1200
test	Install Dependencies	2026-01-05T12:25:04.7666407Z Downloading FFMPEG playwright build v1011[2m from https://cdn.playwright.dev/dbazure/download/playwright/builds/ffmpeg/1011/ffmpeg-win64.zip[22m
test	Install Dependencies	2026-01-05T12:25:05.0013070Z |                                                                                |   0% of 1.3 MiB
test	Install Dependencies	2026-01-05T12:25:05.0119274Z |â– â– â– â– â– â– â– â–                                                                         |  10% of 1.3 MiB
test	Install Dependencies	2026-01-05T12:25:05.0174763Z |â– â– â– â– â– â– â– â– â– â– â– â– â– â– â– â–                                                                 |  20% of 1.3 MiB
test	Install Dependencies	2026-01-05T12:25:05.0201293Z |â– â– â– â– â– â– â– â– â– â– â– â– â– â– â– â– â– â– â– â– â– â– â– â–                                                         |  30% of 1.3 MiB
test	Install Dependencies	2026-01-05T12:25:05.0239531Z |â– â– â– â– â– â– â– â– â– â– â– â– â– â– â– â– â– â– â– â– â– â– â– â– â– â– â– â– â– â– â– â–                                                 |  40% of 1.3 MiB
test	Install Dependencies	2026-01-05T12:25:05.0260059Z |â– â– â– â– â– â– â– â– â– â– â– â– â– â– â– â– â– â– â– â– â– â– â– â– â– â– â– â– â– â– â– â– â– â– â– â– â– â– â– â–                                         |  50% of 1.3 MiB
test	Install Dependencies	2026-01-05T12:25:05.0280014Z |â– â– â– â– â– â– â– â– â– â– â– â– â– â– â– â– â– â– â– â– â– â– â– â– â– â– â– â– â– â– â– â– â– â– â– â– â– â– â– â– â– â– â– â– â– â– â– â–                                 |  60% of 1.3 MiB
test	Install Dependencies	2026-01-05T12:25:05.0304727Z |â– â– â– â– â– â– â– â– â– â– â– â– â– â– â– â– â– â– â– â– â– â– â– â– â– â– â– â– â– â– â– â– â– â– â– â– â– â– â– â– â– â– â– â– â– â– â– â– â– â– â– â– â– â– â– â–                         |  70% of 1.3 MiB
test	Install Dependencies	2026-01-05T12:25:05.0324604Z |â– â– â– â– â– â– â– â– â– â– â– â– â– â– â– â– â– â– â– â– â– â– â– â– â– â– â– â– â– â– â– â– â– â– â– â– â– â– â– â– â– â– â– â– â– â– â– â– â– â– â– â– â– â– â– â– â– â– â– â– â– â– â– â–                 |  80% of 1.3 MiB
test	Install Dependencies	2026-01-05T12:25:05.0342374Z |â– â– â– â– â– â– â– â– â– â– â– â– â– â– â– â– â– â– â– â– â– â– â– â– â– â– â– â– â– â– â– â– â– â– â– â– â– â– â– â– â– â– â– â– â– â– â– â– â– â– â– â– â– â– â– â– â– â– â– â– â– â– â– â– â– â– â– â– â– â– â– â–         |  90% of 1.3 MiB
test	Install Dependencies	2026-01-05T12:25:05.0361818Z |â– â– â– â– â– â– â– â– â– â– â– â– â– â– â– â– â– â– â– â– â– â– â– â– â– â– â– â– â– â– â– â– â– â– â– â– â– â– â– â– â– â– â– â– â– â– â– â– â– â– â– â– â– â– â– â– â– â– â– â– â– â– â– â– â– â– â– â– â– â– â– â– â– â– â– â– â– â– â– â– | 100% of 1.3 MiB
test	Install Dependencies	2026-01-05T12:25:05.1240223Z FFMPEG playwright build v1011 downloaded to C:\Users\runneradmin\AppData\Local\ms-playwright\ffmpeg-1011
test	Install Dependencies	2026-01-05T12:25:05.1249545Z Downloading Chromium Headless Shell 143.0.7499.4 (playwright build v1200)[2m from https://cdn.playwright.dev/dbazure/download/playwright/builds/chromium/1200/chromium-headless-shell-win64.zip[22m
test	Install Dependencies	2026-01-05T12:25:05.3832751Z |                                                                                |   0% of 107.2 MiB
test	Install Dependencies	2026-01-05T12:25:05.5902577Z |â– â– â– â– â– â– â– â–                                                                         |  10% of 107.2 MiB
test	Install Dependencies	2026-01-05T12:25:05.7221751Z |â– â– â– â– â– â– â– â– â– â– â– â– â– â– â– â–                                                                 |  20% of 107.2 MiB
test	Install Dependencies	2026-01-05T12:25:05.8364817Z |â– â– â– â– â– â– â– â– â– â– â– â– â– â– â– â– â– â– â– â– â– â– â– â–                                                         |  30% of 107.2 MiB
test	Install Dependencies	2026-01-05T12:25:05.9472812Z |â– â– â– â– â– â– â– â– â– â– â– â– â– â– â– â– â– â– â– â– â– â– â– â– â– â– â– â– â– â– â– â–                                                 |  40% of 107.2 MiB
test	Install Dependencies	2026-01-05T12:25:06.0657895Z |â– â– â– â– â– â– â– â– â– â– â– â– â– â– â– â– â– â– â– â– â– â– â– â– â– â– â– â– â– â– â– â– â– â– â– â– â– â– â– â–                                         |  50% of 107.2 MiB
test	Install Dependencies	2026-01-05T12:25:06.1669846Z |â– â– â– â– â– â– â– â– â– â– â– â– â– â– â– â– â– â– â– â– â– â– â– â– â– â– â– â– â– â– â– â– â– â– â– â– â– â– â– â– â– â– â– â– â– â– â– â–                                 |  60% of 107.2 MiB
test	Install Dependencies	2026-01-05T12:25:06.2660582Z |â– â– â– â– â– â– â– â– â– â– â– â– â– â– â– â– â– â– â– â– â– â– â– â– â– â– â– â– â– â– â– â– â– â– â– â– â– â– â– â– â– â– â– â– â– â– â– â– â– â– â– â– â– â– â– â–                         |  70% of 107.2 MiB
test	Install Dependencies	2026-01-05T12:25:06.3636528Z |â– â– â– â– â– â– â– â– â– â– â– â– â– â– â– â– â– â– â– â– â– â– â– â– â– â– â– â– â– â– â– â– â– â– â– â– â– â– â– â– â– â– â– â– â– â– â– â– â– â– â– â– â– â– â– â– â– â– â– â– â– â– â– â–                 |  80% of 107.2 MiB
test	Install Dependencies	2026-01-05T12:25:06.4591254Z |â– â– â– â– â– â– â– â– â– â– â– â– â– â– â– â– â– â– â– â– â– â– â– â– â– â– â– â– â– â– â– â– â– â– â– â– â– â– â– â– â– â– â– â– â– â– â– â– â– â– â– â– â– â– â– â– â– â– â– â– â– â– â– â– â– â– â– â– â– â– â– â–         |  90% of 107.2 MiB
test	Install Dependencies	2026-01-05T12:25:06.5613958Z |â– â– â– â– â– â– â– â– â– â– â– â– â– â– â– â– â– â– â– â– â– â– â– â– â– â– â– â– â– â– â– â– â– â– â– â– â– â– â– â– â– â– â– â– â– â– â– â– â– â– â– â– â– â– â– â– â– â– â– â– â– â– â– â– â– â– â– â– â– â– â– â– â– â– â– â– â– â– â– â– | 100% of 107.2 MiB
test	Install Dependencies	2026-01-05T12:25:10.3632107Z Chromium Headless Shell 143.0.7499.4 (playwright build v1200) downloaded to C:\Users\runneradmin\AppData\Local\ms-playwright\chromium_headless_shell-1200
test	Install Dependencies	2026-01-05T12:25:10.3639438Z Downloading Winldd playwright build v1007[2m from https://cdn.playwright.dev/dbazure/download/playwright/builds/winldd/1007/winldd-win64.zip[22m
test	Install Dependencies	2026-01-05T12:25:10.5957717Z |                                                                                |   1% of 0.1 MiB
test	Install Dependencies	2026-01-05T12:25:10.5973699Z |â– â– â– â– â– â– â– â–                                                                         |  10% of 0.1 MiB
test	Install Dependencies	2026-01-05T12:25:10.6013659Z |â– â– â– â– â– â– â– â– â– â– â– â– â– â– â– â–                                                                 |  20% of 0.1 MiB
test	Install Dependencies	2026-01-05T12:25:10.6023875Z |â– â– â– â– â– â– â– â– â– â– â– â– â– â– â– â– â– â– â– â– â– â– â– â–                                                         |  31% of 0.1 MiB
test	Install Dependencies	2026-01-05T12:25:10.6032521Z |â– â– â– â– â– â– â– â– â– â– â– â– â– â– â– â– â– â– â– â– â– â– â– â– â– â– â– â– â– â– â– â–                                                 |  40% of 0.1 MiB
test	Install Dependencies	2026-01-05T12:25:10.6034402Z |â– â– â– â– â– â– â– â– â– â– â– â– â– â– â– â– â– â– â– â– â– â– â– â– â– â– â– â– â– â– â– â– â– â– â– â– â– â– â– â– â– â– â– â– â– â– â– â–                                 |  60% of 0.1 MiB
test	Install Dependencies	2026-01-05T12:25:10.6041456Z |â– â– â– â– â– â– â– â– â– â– â– â– â– â– â– â– â– â– â– â– â– â– â– â– â– â– â– â– â– â– â– â– â– â– â– â– â– â– â– â– â– â– â– â– â– â– â– â– â– â– â– â– â– â– â– â–                         |  73% of 0.1 MiB
test	Install Dependencies	2026-01-05T12:25:10.6044283Z |â– â– â– â– â– â– â– â– â– â– â– â– â– â– â– â– â– â– â– â– â– â– â– â– â– â– â– â– â– â– â– â– â– â– â– â– â– â– â– â– â– â– â– â– â– â– â– â– â– â– â– â– â– â– â– â– â– â– â– â– â– â– â– â–                 |  86% of 0.1 MiB
test	Install Dependencies	2026-01-05T12:25:10.6048754Z |â– â– â– â– â– â– â– â– â– â– â– â– â– â– â– â– â– â– â– â– â– â– â– â– â– â– â– â– â– â– â– â– â– â– â– â– â– â– â– â– â– â– â– â– â– â– â– â– â– â– â– â– â– â– â– â– â– â– â– â– â– â– â– â– â– â– â– â– â– â– â– â–         |  99% of 0.1 MiB
test	Install Dependencies	2026-01-05T12:25:10.6053454Z |â– â– â– â– â– â– â– â– â– â– â– â– â– â– â– â– â– â– â– â– â– â– â– â– â– â– â– â– â– â– â– â– â– â– â– â– â– â– â– â– â– â– â– â– â– â– â– â– â– â– â– â– â– â– â– â– â– â– â– â– â– â– â– â– â– â– â– â– â– â– â– â– â– â– â– â– â– â– â– â– | 100% of 0.1 MiB
test	Install Dependencies	2026-01-05T12:25:10.6319341Z Winldd playwright build v1007 downloaded to C:\Users\runneradmin\AppData\Local\ms-playwright\winldd-1007
test	Run Playwright Tests	ï»¿2026-01-05T12:25:11.5458047Z ##[group]Run npx playwright test
test	Run Playwright Tests	2026-01-05T12:25:11.5458406Z [36;1mnpx playwright test[0m
test	Run Playwright Tests	2026-01-05T12:25:11.5525656Z shell: C:\Program Files\PowerShell\7\pwsh.EXE -command ". '{0}'"
test	Run Playwright Tests	2026-01-05T12:25:11.5525976Z env:
test	Run Playwright Tests	2026-01-05T12:25:11.5526154Z   CARGO_HOME: C:\Users\runneradmin\.cargo
test	Run Playwright Tests	2026-01-05T12:25:11.5526403Z   CARGO_INCREMENTAL: 0
test	Run Playwright Tests	2026-01-05T12:25:11.5526597Z   CARGO_TERM_COLOR: always
test	Run Playwright Tests	2026-01-05T12:25:11.5526795Z   CACHE_ON_FAILURE: false
test	Run Playwright Tests	2026-01-05T12:25:11.5527108Z   WEBVIEW2_ADDITIONAL_BROWSER_ARGUMENTS: --remote-debugging-port=9222
test	Run Playwright Tests	2026-01-05T12:25:11.5527431Z   CI: true
test	Run Playwright Tests	2026-01-05T12:25:11.5527584Z ##[endgroup]
test	Run Playwright Tests	2026-01-05T12:25:15.7247506Z [2m[WebServer] [22m     Running BeforeDevCommand (`npm run dev`)
test	Run Playwright Tests	2026-01-05T12:25:16.7414263Z [2m[WebServer] [22m     Running DevCommand (`cargo  run --no-default-features --color always --`)
test	Run Playwright Tests	2026-01-05T12:25:16.9516881Z [2m[WebServer] [22m        Info Watching D:\a\screen_inu\screen_inu\app\src-tauri for changes...
test	Run Playwright Tests	2026-01-05T12:25:17.7149037Z 
test	Run Playwright Tests	2026-01-05T12:25:17.7149651Z Running 21 tests using 1 worker
test	Run Playwright Tests	2026-01-05T12:25:19.4873573Z Connecting to Tauri app via CDP...
test	Run Playwright Tests	2026-01-05T12:25:19.5607870Z Connection attempt 0 failed. Waiting...
test	Run Playwright Tests	2026-01-05T12:25:19.6202218Z [2m[WebServer] [22m[1m[92m    Updating[0m crates.io index
test	Run Playwright Tests	2026-01-05T12:25:29.8518747Z Connection attempt 10 failed. Waiting...
test	Run Playwright Tests	2026-01-05T12:25:40.1813617Z Connection attempt 20 failed. Waiting...
test	Run Playwright Tests	2026-01-05T12:25:43.5717977Z [2m[WebServer] [22m[1m[96m       Fetch[0m [=====>                           ] 0 compleâ€¦
test	Run Playwright Tests	2026-01-05T12:25:44.2007100Z [2m[WebServer] [22m                                                            
test	Run Playwright Tests	2026-01-05T12:25:44.2008518Z [2m[WebServer] [22m[1m[92m   Compiling[0m screen-inu v0.2.3 (D:\a\screen_inu\screen_inu\app\src-tauri)
test	Run Playwright Tests	2026-01-05T12:25:50.3122423Z Connection attempt 30 failed. Waiting...
test	Run Playwright Tests	2026-01-05T12:25:51.1767947Z [2m[WebServer] [22m[1m[96m    Building[0m [=======================> ] 686/690: screen-â€¦
test	Run Playwright Tests	2026-01-05T12:25:51.6164285Z [2m[WebServer] [22m[1m[96m    Building[0m [=======================> ] 687/690: screen-â€¦
test	Run Playwright Tests	2026-01-05T12:26:00.4518465Z Connection attempt 40 failed. Waiting...
test	Run Playwright Tests	2026-01-05T12:26:10.7330252Z Connection attempt 50 failed. Waiting...
test	Run Playwright Tests	2026-01-05T12:26:17.3352725Z [2m[WebServer] [22m[1m[96m    Building[0m [=======================> ] 688/690: screen-â€¦
test	Run Playwright Tests	2026-01-05T12:26:20.8442502Z Connection attempt 60 failed. Waiting...
test	Run Playwright Tests	2026-01-05T12:26:23.0213302Z [2m[WebServer] [22m[1m[96m    Building[0m [=======================> ] 689/690: screen-â€¦
test	Run Playwright Tests	2026-01-05T12:26:23.0623364Z [2m[WebServer] [22m                                                            
test	Run Playwright Tests	2026-01-05T12:26:23.0624176Z [1m[92m    Finished[0m `dev` profile [unoptimized + debuginfo] target(s) in 1m 06s
test	Run Playwright Tests	2026-01-05T12:26:23.0624817Z [2m[WebServer] [22m[1m[92m     Running[0m `target\debug\screen-inu.exe`
test	Run Playwright Tests	2026-01-05T12:26:25.4816230Z Connected to CDP!
test	Run Playwright Tests	2026-01-05T12:26:25.4822881Z   [Setup] No URL match. Checking titles...
test	Run Playwright Tests	2026-01-05T12:26:25.5166412Z     - Checking Title: "" URL: about:blank
test	Run Playwright Tests	2026-01-05T12:26:25.5168097Z   [Setup] Warning: No app page found. Using 2nd page if available (often 1st is background).
test	Run Playwright Tests	2026-01-05T12:26:25.5168961Z   [Setup] Available pages:
test	Run Playwright Tests	2026-01-05T12:26:25.5197539Z     - Title: "", URL: about:blank
test	Run Playwright Tests	2026-01-05T12:26:25.5235396Z   [Setup] Selected page: "" (about:blank)
test	Run Playwright Tests	2026-01-05T12:26:26.7852766Z Â·Â·Â·Â·Â·  [Helper] Cleaning up existing modals (if any)
test	Run Playwright Tests	2026-01-05T12:26:26.7887820Z   [Helper] Finding Settings button
test	Run Playwright Tests	2026-01-05T12:26:26.7920537Z   [Helper] Clicking Settings button
test	Run Playwright Tests	2026-01-05T12:26:28.1033980Z   [Helper] Waiting for settings title
test	Run Playwright Tests	2026-01-05T12:26:28.4369982Z   [Helper] Closing settings modal
test	Run Playwright Tests	2026-01-05T12:26:29.1993040Z Â·  [Helper] Cleaning up existing modals (if any)
test	Run Playwright Tests	2026-01-05T12:26:29.2022170Z   [Helper] Finding Settings button
test	Run Playwright Tests	2026-01-05T12:26:29.2053738Z   [Helper] Clicking Settings button
test	Run Playwright Tests	2026-01-05T12:26:29.3003074Z   [Helper] Waiting for settings title
test	Run Playwright Tests	2026-01-05T12:26:29.6191215Z   [Helper] Closing settings modal
test	Run Playwright Tests	2026-01-05T12:26:30.0725638Z Â·  [Helper] Cleaning up existing modals (if any)
test	Run Playwright Tests	2026-01-05T12:26:30.0746062Z   [Helper] Finding Settings button
test	Run Playwright Tests	2026-01-05T12:26:30.0769685Z   [Helper] Clicking Settings button
test	Run Playwright Tests	2026-01-05T12:26:30.1734312Z   [Helper] Waiting for settings title
test	Run Playwright Tests	2026-01-05T12:26:30.4829278Z   [Helper] Closing settings modal
test	Run Playwright Tests	2026-01-05T12:26:30.9309724Z Â·  [Helper] Cleaning up existing modals (if any)
test	Run Playwright Tests	2026-01-05T12:26:30.9329514Z   [Helper] Finding Settings button
test	Run Playwright Tests	2026-01-05T12:26:30.9350695Z   [Helper] Clicking Settings button
test	Run Playwright Tests	2026-01-05T12:26:31.0136579Z   [Helper] Waiting for settings title
test	Run Playwright Tests	2026-01-05T12:26:31.3242557Z   [Helper] Closing settings modal
test	Run Playwright Tests	2026-01-05T12:26:31.7907169Z Â·  [Helper] Cleaning up existing modals (if any)
test	Run Playwright Tests	2026-01-05T12:26:31.7926440Z   [Helper] Finding Settings button
test	Run Playwright Tests	2026-01-05T12:26:31.7948104Z   [Helper] Clicking Settings button
test	Run Playwright Tests	2026-01-05T12:26:31.8695383Z   [Helper] Waiting for settings title
test	Run Playwright Tests	2026-01-05T12:26:32.1811478Z   [Helper] Closing settings modal
test	Run Playwright Tests	2026-01-05T12:26:32.7558306Z Â·Step 1: Starting test
test	Run Playwright Tests	2026-01-05T12:26:32.8087930Z Step 2: Opening settings
test	Run Playwright Tests	2026-01-05T12:26:32.8088809Z   [Helper] Cleaning up existing modals (if any)
test	Run Playwright Tests	2026-01-05T12:26:32.8110578Z   [Helper] Finding Settings button
test	Run Playwright Tests	2026-01-05T12:26:32.8136449Z   [Helper] Clicking Settings button
test	Run Playwright Tests	2026-01-05T12:26:32.9046226Z   [Helper] Waiting for settings title
test	Run Playwright Tests	2026-01-05T12:26:33.7709939Z Step 3: Clicking Manage button
test	Run Playwright Tests	2026-01-05T12:26:34.7428178Z Ã—Connecting to Tauri app via CDP...
test	Run Playwright Tests	2026-01-05T12:26:34.8566606Z Connected to CDP!
test	Run Playwright Tests	2026-01-05T12:26:34.8567967Z   [Setup] Available pages:
test	Run Playwright Tests	2026-01-05T12:26:34.8641432Z     - Title: "Screen Inu", URL: http://localhost:1420/
test	Run Playwright Tests	2026-01-05T12:26:34.8691871Z   [Setup] Selected page: "Screen Inu" (http://localhost:1420/)
test	Run Playwright Tests	2026-01-05T12:26:34.9743324Z   [beforeEach] Closing open modal...
test	Run Playwright Tests	2026-01-05T12:26:35.5176921Z Step 1: Starting test
test	Run Playwright Tests	2026-01-05T12:26:35.5745354Z Step 2: Opening settings
test	Run Playwright Tests	2026-01-05T12:26:35.5752014Z   [Helper] Cleaning up existing modals (if any)
test	Run Playwright Tests	2026-01-05T12:26:35.5810765Z   [Helper] Finding Settings button
test	Run Playwright Tests	2026-01-05T12:26:35.5877926Z   [Helper] Clicking Settings button
test	Run Playwright Tests	2026-01-05T12:26:35.6956019Z   [Helper] Waiting for settings title
test	Run Playwright Tests	2026-01-05T12:26:36.6030253Z Step 3: Clicking Manage button
test	Run Playwright Tests	2026-01-05T12:26:37.7886611Z Ã—Connecting to Tauri app via CDP...
test	Run Playwright Tests	2026-01-05T12:26:37.8697338Z Connected to CDP!
test	Run Playwright Tests	2026-01-05T12:26:37.8697884Z   [Setup] Available pages:
test	Run Playwright Tests	2026-01-05T12:26:37.8777750Z     - Title: "Screen Inu", URL: http://localhost:1420/
test	Run Playwright Tests	2026-01-05T12:26:37.8819533Z   [Setup] Selected page: "Screen Inu" (http://localhost:1420/)
test	Run Playwright Tests	2026-01-05T12:26:37.9408909Z   [beforeEach] Closing open modal...
test	Run Playwright Tests	2026-01-05T12:26:38.4601963Z Step 1: Starting test
test	Run Playwright Tests	2026-01-05T12:26:38.5111709Z Step 2: Opening settings
test	Run Playwright Tests	2026-01-05T12:26:38.5112957Z   [Helper] Cleaning up existing modals (if any)
test	Run Playwright Tests	2026-01-05T12:26:38.5155071Z   [Helper] Finding Settings button
test	Run Playwright Tests	2026-01-05T12:26:38.5198551Z   [Helper] Clicking Settings button
test	Run Playwright Tests	2026-01-05T12:26:38.6138197Z   [Helper] Waiting for settings title
test	Run Playwright Tests	2026-01-05T12:26:39.5219282Z Step 3: Clicking Manage button
test	Run Playwright Tests	2026-01-05T12:26:40.4824310Z FConnecting to Tauri app via CDP...
test	Run Playwright Tests	2026-01-05T12:26:40.5629619Z Connected to CDP!
test	Run Playwright Tests	2026-01-05T12:26:40.5630498Z   [Setup] Available pages:
test	Run Playwright Tests	2026-01-05T12:26:40.5731287Z     - Title: "Screen Inu", URL: http://localhost:1420/
test	Run Playwright Tests	2026-01-05T12:26:40.5761747Z   [Setup] Selected page: "Screen Inu" (http://localhost:1420/)
test	Run Playwright Tests	2026-01-05T12:26:40.6391408Z   [beforeEach] Closing open modal...
test	Run Playwright Tests	2026-01-05T12:26:41.1656007Z Found 4 buttons with SVG icons
test	Run Playwright Tests	2026-01-05T12:29:53.4827633Z Â·Â·Â·Â·Â·Â·Â·Â·Ã—Ã—T[Setup] Connecting to Tauri app via CDP...
test	Run Playwright Tests	2026-01-05T12:29:53.6074432Z [Setup] Connected to CDP!
test	Run Playwright Tests	2026-01-05T12:29:53.6326595Z [Setup] Selected page: "Screen Inu"
test	Run Playwright Tests	2026-01-05T12:29:53.9878795Z [Test] Injecting mock history item...
test	Run Playwright Tests	2026-01-05T12:29:55.5296005Z [Test] Opening History Drawer...
test	Run Playwright Tests	2026-01-05T12:29:56.1364911Z [Test] Clicking history item...
test	Run Playwright Tests	2026-01-05T12:29:56.4212750Z [Test] Verifying TTS button...
test	Run Playwright Tests	2026-01-05T12:29:56.5687771Z [Test] Clicking Speak...
test	Run Playwright Tests	2026-01-05T12:29:57.5051742Z [Test] Clicking Stop...
test	Run Playwright Tests	2026-01-05T12:30:02.2137385Z Â·
test	Run Playwright Tests	2026-01-05T12:30:02.2153224Z 
test	Run Playwright Tests	2026-01-05T12:30:02.2175563Z   1) e2e\playwright\app.spec.ts:243:5 â€º Settings Modal â€º should open and interact with OCR Language Manager 
test	Run Playwright Tests	2026-01-05T12:30:02.2176450Z 
test	Run Playwright Tests	2026-01-05T12:30:02.2177826Z     Error: locator.click: Error: strict mode violation: locator('button').filter({ hasText: /manage|èªžè¨€åŒ…|ç®¡ç†/i }) resolved to 2 elements:
test	Run Playwright Tests	2026-01-05T12:30:02.2180472Z         1) <button class="w-full flex items-center justify-between p-3 bg-white border-2 border-[#0a0a0a] hover:bg-[#00ff88] transition-colors mt-2">â€¦</button> aka getByRole('button', { name: 'Manage OCR Languages' })
test	Run Playwright Tests	2026-01-05T12:30:02.2184032Z         2) <button class="w-full py-2 border-2 border-[#0a0a0a] bg-white hover:bg-[#00ff88] text-[#0a0a0a] font-bold text-sm transition-all hover:shadow-[2px_2px_0px_#0a0a0a] hover:-translate-y-0.5 flex items-center justify-center gap-2">â€¦</button> aka getByRole('button', { name: 'Manage Models' })
test	Run Playwright Tests	2026-01-05T12:30:02.2185873Z 
test	Run Playwright Tests	2026-01-05T12:30:02.2186058Z     Call log:
test	Run Playwright Tests	2026-01-05T12:30:02.2186931Z     [2m  - waiting for locator('button').filter({ hasText: /manage|èªžè¨€åŒ…|ç®¡ç†/i })[22m
test	Run Playwright Tests	2026-01-05T12:30:02.2187497Z 
test	Run Playwright Tests	2026-01-05T12:30:02.2187510Z 
test	Run Playwright Tests	2026-01-05T12:30:02.2187817Z       252 |         console.log('Step 3: Clicking Manage button');
test	Run Playwright Tests	2026-01-05T12:30:02.2188913Z       253 |         const manageButton = page.locator('button').filter({ hasText: /manage|èªžè¨€åŒ…|ç®¡ç†/i });
test	Run Playwright Tests	2026-01-05T12:30:02.2189759Z     > 254 |         await manageButton.click();
test	Run Playwright Tests	2026-01-05T12:30:02.2190332Z           |                            ^
test	Run Playwright Tests	2026-01-05T12:30:02.2190907Z       255 |         await page.waitForTimeout(1000);
test	Run Playwright Tests	2026-01-05T12:30:02.2191672Z       256 |         await page.screenshot({ path: 'e2e-debug-3-manager.png' });
test	Run Playwright Tests	2026-01-05T12:30:02.2192644Z       257 |
test	Run Playwright Tests	2026-01-05T12:30:02.2193506Z         at D:\a\screen_inu\screen_inu\app\e2e\playwright\app.spec.ts:254:28
test	Run Playwright Tests	2026-01-05T12:30:02.2193935Z 
test	Run Playwright Tests	2026-01-05T12:30:02.2194617Z     Error Context: test-results\app-Settings-Modal-should--691c6-t-with-OCR-Language-Manager\error-context.md
test	Run Playwright Tests	2026-01-05T12:30:02.2195549Z 
test	Run Playwright Tests	2026-01-05T12:30:02.2196613Z     Retry #1 â”€â”€â”€â”€â”€â”€â”€â”€â”€â”€â”€â”€â”€â”€â”€â”€â”€â”€â”€â”€â”€â”€â”€â”€â”€â”€â”€â”€â”€â”€â”€â”€â”€â”€â”€â”€â”€â”€â”€â”€â”€â”€â”€â”€â”€â”€â”€â”€â”€â”€â”€â”€â”€â”€â”€â”€â”€â”€â”€â”€â”€â”€â”€â”€â”€â”€â”€â”€â”€â”€â”€â”€â”€â”€â”€â”€â”€â”€â”€â”€â”€â”€â”€â”€â”€â”€â”€
test	Run Playwright Tests	2026-01-05T12:30:02.2197109Z 
test	Run Playwright Tests	2026-01-05T12:30:02.2198228Z     Error: locator.click: Error: strict mode violation: locator('button').filter({ hasText: /manage|èªžè¨€åŒ…|ç®¡ç†/i }) resolved to 2 elements:
test	Run Playwright Tests	2026-01-05T12:30:02.2200643Z         1) <button class="w-full flex items-center justify-between p-3 bg-white border-2 border-[#0a0a0a] hover:bg-[#00ff88] transition-colors mt-2">â€¦</button> aka getByRole('button', { name: 'Manage OCR Languages' })
test	Run Playwright Tests	2026-01-05T12:30:02.2204120Z         2) <button class="w-full py-2 border-2 border-[#0a0a0a] bg-white hover:bg-[#00ff88] text-[#0a0a0a] font-bold text-sm transition-all hover:shadow-[2px_2px_0px_#0a0a0a] hover:-translate-y-0.5 flex items-center justify-center gap-2">â€¦</button> aka getByRole('button', { name: 'Manage Models' })
test	Run Playwright Tests	2026-01-05T12:30:02.2205897Z 
test	Run Playwright Tests	2026-01-05T12:30:02.2206151Z     Call log:
test	Run Playwright Tests	2026-01-05T12:30:02.2207102Z     [2m  - waiting for locator('button').filter({ hasText: /manage|èªžè¨€åŒ…|ç®¡ç†/i })[22m
test	Run Playwright Tests	2026-01-05T12:30:02.2207775Z 
test	Run Playwright Tests	2026-01-05T12:30:02.2207870Z 
test	Run Playwright Tests	2026-01-05T12:30:02.2208272Z       252 |         console.log('Step 3: Clicking Manage button');
test	Run Playwright Tests	2026-01-05T12:30:02.2250317Z       253 |         const manageButton = page.locator('button').filter({ hasText: /manage|èªžè¨€åŒ…|ç®¡ç†/i });
test	Run Playwright Tests	2026-01-05T12:30:02.2251329Z     > 254 |         await manageButton.click();
test	Run Playwright Tests	2026-01-05T12:30:02.2252108Z           |                            ^
test	Run Playwright Tests	2026-01-05T12:30:02.2252722Z       255 |         await page.waitForTimeout(1000);
test	Run Playwright Tests	2026-01-05T12:30:02.2254070Z       256 |         await page.screenshot({ path: 'e2e-debug-3-manager.png' });
test	Run Playwright Tests	2026-01-05T12:30:02.2255144Z       257 |
test	Run Playwright Tests	2026-01-05T12:30:02.2255862Z         at D:\a\screen_inu\screen_inu\app\e2e\playwright\app.spec.ts:254:28
test	Run Playwright Tests	2026-01-05T12:30:02.2256839Z 
test	Run Playwright Tests	2026-01-05T12:30:02.2257690Z     Error Context: test-results\app-Settings-Modal-should--691c6-t-with-OCR-Language-Manager-retry1\error-context.md
test	Run Playwright Tests	2026-01-05T12:30:02.2258653Z 
test	Run Playwright Tests	2026-01-05T12:30:02.2259417Z     attachment #2: trace (application/zip) â”€â”€â”€â”€â”€â”€â”€â”€â”€â”€â”€â”€â”€â”€â”€â”€â”€â”€â”€â”€â”€â”€â”€â”€â”€â”€â”€â”€â”€â”€â”€â”€â”€â”€â”€â”€â”€â”€â”€â”€â”€â”€â”€â”€â”€â”€â”€â”€â”€â”€â”€â”€â”€â”€â”€â”€â”€
test	Run Playwright Tests	2026-01-05T12:30:02.2260730Z     test-results\app-Settings-Modal-should--691c6-t-with-OCR-Language-Manager-retry1\trace.zip
test	Run Playwright Tests	2026-01-05T12:30:02.2261643Z     Usage:
test	Run Playwright Tests	2026-01-05T12:30:02.2262240Z 
test	Run Playwright Tests	2026-01-05T12:30:02.2263365Z         npx playwright show-trace test-results\app-Settings-Modal-should--691c6-t-with-OCR-Language-Manager-retry1\trace.zip
test	Run Playwright Tests	2026-01-05T12:30:02.2264555Z 
test	Run Playwright Tests	2026-01-05T12:30:02.2265241Z     â”€â”€â”€â”€â”€â”€â”€â”€â”€â”€â”€â”€â”€â”€â”€â”€â”€â”€â”€â”€â”€â”€â”€â”€â”€â”€â”€â”€â”€â”€â”€â”€â”€â”€â”€â”€â”€â”€â”€â”€â”€â”€â”€â”€â”€â”€â”€â”€â”€â”€â”€â”€â”€â”€â”€â”€â”€â”€â”€â”€â”€â”€â”€â”€â”€â”€â”€â”€â”€â”€â”€â”€â”€â”€â”€â”€â”€â”€â”€â”€â”€â”€â”€â”€â”€â”€â”€â”€â”€â”€â”€â”€â”€â”€â”€â”€
test	Run Playwright Tests	2026-01-05T12:30:02.2265817Z 
test	Run Playwright Tests	2026-01-05T12:30:02.2269819Z     Retry #2 â”€â”€â”€â”€â”€â”€â”€â”€â”€â”€â”€â”€â”€â”€â”€â”€â”€â”€â”€â”€â”€â”€â”€â”€â”€â”€â”€â”€â”€â”€â”€â”€â”€â”€â”€â”€â”€â”€â”€â”€â”€â”€â”€â”€â”€â”€â”€â”€â”€â”€â”€â”€â”€â”€â”€â”€â”€â”€â”€â”€â”€â”€â”€â”€â”€â”€â”€â”€â”€â”€â”€â”€â”€â”€â”€â”€â”€â”€â”€â”€â”€â”€â”€â”€â”€â”€â”€
test	Run Playwright Tests	2026-01-05T12:30:02.2270472Z 
test	Run Playwright Tests	2026-01-05T12:30:02.2271544Z     Error: locator.click: Error: strict mode violation: locator('button').filter({ hasText: /manage|èªžè¨€åŒ…|ç®¡ç†/i }) resolved to 2 elements:
test	Run Playwright Tests	2026-01-05T12:30:02.2274279Z         1) <button class="w-full flex items-center justify-between p-3 bg-white border-2 border-[#0a0a0a] hover:bg-[#00ff88] transition-colors mt-2">â€¦</button> aka getByRole('button', { name: 'Manage OCR Languages' })
test	Run Playwright Tests	2026-01-05T12:30:02.2277678Z         2) <button class="w-full py-2 border-2 border-[#0a0a0a] bg-white hover:bg-[#00ff88] text-[#0a0a0a] font-bold text-sm transition-all hover:shadow-[2px_2px_0px_#0a0a0a] hover:-translate-y-0.5 flex items-center justify-center gap-2">â€¦</button> aka getByRole('button', { name: 'Manage Models' })
test	Run Playwright Tests	2026-01-05T12:30:02.2279323Z 
test	Run Playwright Tests	2026-01-05T12:30:02.2279748Z     Call log:
test	Run Playwright Tests	2026-01-05T12:30:02.2280965Z     [2m  - waiting for locator('button').filter({ hasText: /manage|èªžè¨€åŒ…|ç®¡ç†/i })[22m
test	Run Playwright Tests	2026-01-05T12:30:02.2281542Z 
test	Run Playwright Tests	2026-01-05T12:30:02.2281699Z 
test	Run Playwright Tests	2026-01-05T12:30:02.2282093Z       252 |         console.log('Step 3: Clicking Manage button');
test	Run Playwright Tests	2026-01-05T12:30:02.2283276Z       253 |         const manageButton = page.locator('button').filter({ hasText: /manage|èªžè¨€åŒ…|ç®¡ç†/i });
test	Run Playwright Tests	2026-01-05T12:30:02.2284465Z     > 254 |         await manageButton.click();
test	Run Playwright Tests	2026-01-05T12:30:02.2285151Z           |                            ^
test	Run Playwright Tests	2026-01-05T12:30:02.2285800Z       255 |         await page.waitForTimeout(1000);
test	Run Playwright Tests	2026-01-05T12:30:02.2286740Z       256 |         await page.screenshot({ path: 'e2e-debug-3-manager.png' });
test	Run Playwright Tests	2026-01-05T12:30:02.2287502Z       257 |
test	Run Playwright Tests	2026-01-05T12:30:02.2288085Z         at D:\a\screen_inu\screen_inu\app\e2e\playwright\app.spec.ts:254:28
test	Run Playwright Tests	2026-01-05T12:30:02.2288578Z 
test	Run Playwright Tests	2026-01-05T12:30:02.2289428Z     Error Context: test-results\app-Settings-Modal-should--691c6-t-with-OCR-Language-Manager-retry2\error-context.md
test	Run Playwright Tests	2026-01-05T12:30:02.2290347Z 
test	Run Playwright Tests	2026-01-05T12:30:02.2291438Z   2) e2e\playwright\translation_settings.spec.ts:69:5 â€º Translation Settings â€º should perform online translation and display result 
test	Run Playwright Tests	2026-01-05T12:30:02.2292340Z 
test	Run Playwright Tests	2026-01-05T12:30:02.2292953Z     [31mTest timeout of 60000ms exceeded.[39m
test	Run Playwright Tests	2026-01-05T12:30:02.2293768Z 
test	Run Playwright Tests	2026-01-05T12:30:02.2294181Z     Error: locator.click: Test timeout of 60000ms exceeded.
test	Run Playwright Tests	2026-01-05T12:30:02.2294862Z     Call log:
test	Run Playwright Tests	2026-01-05T12:30:02.2295723Z     [2m  - waiting for getByRole('button', { name: /history/i })[22m
test	Run Playwright Tests	2026-01-05T12:30:02.2296312Z 
test	Run Playwright Tests	2026-01-05T12:30:02.2296464Z 
test	Run Playwright Tests	2026-01-05T12:30:02.2296700Z       92 |
test	Run Playwright Tests	2026-01-05T12:30:02.2297283Z       93 |         // 3. Open History and Load the item
test	Run Playwright Tests	2026-01-05T12:30:02.2298337Z     > 94 |         await page.getByRole('button', { name: /history/i }).click();
test	Run Playwright Tests	2026-01-05T12:30:02.2299279Z          |                                                              ^
test	Run Playwright Tests	2026-01-05T12:30:02.2300076Z       95 |         await page.waitForSelector('text=HELLO DOGE');
test	Run Playwright Tests	2026-01-05T12:30:02.2301217Z       96 |         await page.getByText('HELLO DOGE').click();
test	Run Playwright Tests	2026-01-05T12:30:02.2301964Z       97 |
test	Run Playwright Tests	2026-01-05T12:30:02.2302836Z         at D:\a\screen_inu\screen_inu\app\e2e\playwright\translation_settings.spec.ts:94:62
test	Run Playwright Tests	2026-01-05T12:30:02.2303865Z 
test	Run Playwright Tests	2026-01-05T12:30:02.2304793Z     Error Context: test-results\translation_settings-Trans-59209-nslation-and-display-result\error-context.md
test	Run Playwright Tests	2026-01-05T12:30:02.2305981Z 
test	Run Playwright Tests	2026-01-05T12:30:02.2306668Z     Retry #1 â”€â”€â”€â”€â”€â”€â”€â”€â”€â”€â”€â”€â”€â”€â”€â”€â”€â”€â”€â”€â”€â”€â”€â”€â”€â”€â”€â”€â”€â”€â”€â”€â”€â”€â”€â”€â”€â”€â”€â”€â”€â”€â”€â”€â”€â”€â”€â”€â”€â”€â”€â”€â”€â”€â”€â”€â”€â”€â”€â”€â”€â”€â”€â”€â”€â”€â”€â”€â”€â”€â”€â”€â”€â”€â”€â”€â”€â”€â”€â”€â”€â”€â”€â”€â”€â”€â”€
test	Run Playwright Tests	2026-01-05T12:30:02.2307410Z 
test	Run Playwright Tests	2026-01-05T12:30:02.2307886Z     [31mTest timeout of 60000ms exceeded.[39m
test	Run Playwright Tests	2026-01-05T12:30:02.2308332Z 
test	Run Playwright Tests	2026-01-05T12:30:02.2308784Z     Error: locator.click: Test timeout of 60000ms exceeded.
test	Run Playwright Tests	2026-01-05T12:30:02.2309577Z     Call log:
test	Run Playwright Tests	2026-01-05T12:30:02.2310510Z     [2m  - waiting for getByRole('button', { name: /history/i })[22m
test	Run Playwright Tests	2026-01-05T12:30:02.2311440Z 
test	Run Playwright Tests	2026-01-05T12:30:02.2311535Z 
test	Run Playwright Tests	2026-01-05T12:30:02.2311765Z       92 |
test	Run Playwright Tests	2026-01-05T12:30:02.2312305Z       93 |         // 3. Open History and Load the item
test	Run Playwright Tests	2026-01-05T12:30:02.2313126Z     > 94 |         await page.getByRole('button', { name: /history/i }).click();
test	Run Playwright Tests	2026-01-05T12:30:02.2314223Z          |                                                              ^
test	Run Playwright Tests	2026-01-05T12:30:02.2314974Z       95 |         await page.waitForSelector('text=HELLO DOGE');
test	Run Playwright Tests	2026-01-05T12:30:02.2315809Z       96 |         await page.getByText('HELLO DOGE').click();
test	Run Playwright Tests	2026-01-05T12:30:02.2316531Z       97 |
test	Run Playwright Tests	2026-01-05T12:30:02.2317397Z         at D:\a\screen_inu\screen_inu\app\e2e\playwright\translation_settings.spec.ts:94:62
test	Run Playwright Tests	2026-01-05T12:30:02.2318155Z 
test	Run Playwright Tests	2026-01-05T12:30:02.2319075Z     Error Context: test-results\translation_settings-Trans-59209-nslation-and-display-result-retry1\error-context.md
test	Run Playwright Tests	2026-01-05T12:30:02.2320087Z 
test	Run Playwright Tests	2026-01-05T12:30:02.2320893Z     attachment #2: trace (application/zip) â”€â”€â”€â”€â”€â”€â”€â”€â”€â”€â”€â”€â”€â”€â”€â”€â”€â”€â”€â”€â”€â”€â”€â”€â”€â”€â”€â”€â”€â”€â”€â”€â”€â”€â”€â”€â”€â”€â”€â”€â”€â”€â”€â”€â”€â”€â”€â”€â”€â”€â”€â”€â”€â”€â”€â”€â”€
test	Run Playwright Tests	2026-01-05T12:30:02.2322221Z     test-results\translation_settings-Trans-59209-nslation-and-display-result-retry1\trace.zip
test	Run Playwright Tests	2026-01-05T12:30:02.2323250Z     Usage:
test	Run Playwright Tests	2026-01-05T12:30:02.2323868Z 
test	Run Playwright Tests	2026-01-05T12:30:02.2324854Z         npx playwright show-trace test-results\translation_settings-Trans-59209-nslation-and-display-result-retry1\trace.zip
test	Run Playwright Tests	2026-01-05T12:30:02.2325912Z 
test	Run Playwright Tests	2026-01-05T12:30:02.2327129Z     â”€â”€â”€â”€â”€â”€â”€â”€â”€â”€â”€â”€â”€â”€â”€â”€â”€â”€â”€â”€â”€â”€â”€â”€â”€â”€â”€â”€â”€â”€â”€â”€â”€â”€â”€â”€â”€â”€â”€â”€â”€â”€â”€â”€â”€â”€â”€â”€â”€â”€â”€â”€â”€â”€â”€â”€â”€â”€â”€â”€â”€â”€â”€â”€â”€â”€â”€â”€â”€â”€â”€â”€â”€â”€â”€â”€â”€â”€â”€â”€â”€â”€â”€â”€â”€â”€â”€â”€â”€â”€â”€â”€â”€â”€â”€â”€
test	Run Playwright Tests	2026-01-05T12:30:02.2327771Z 
test	Run Playwright Tests	2026-01-05T12:30:02.2328429Z     Retry #2 â”€â”€â”€â”€â”€â”€â”€â”€â”€â”€â”€â”€â”€â”€â”€â”€â”€â”€â”€â”€â”€â”€â”€â”€â”€â”€â”€â”€â”€â”€â”€â”€â”€â”€â”€â”€â”€â”€â”€â”€â”€â”€â”€â”€â”€â”€â”€â”€â”€â”€â”€â”€â”€â”€â”€â”€â”€â”€â”€â”€â”€â”€â”€â”€â”€â”€â”€â”€â”€â”€â”€â”€â”€â”€â”€â”€â”€â”€â”€â”€â”€â”€â”€â”€â”€â”€â”€
test	Run Playwright Tests	2026-01-05T12:30:02.2329004Z 
test	Run Playwright Tests	2026-01-05T12:30:02.2329436Z     [31mTest timeout of 60000ms exceeded.[39m
test	Run Playwright Tests	2026-01-05T12:30:02.2329840Z 
test	Run Playwright Tests	2026-01-05T12:30:02.2330237Z     Error: locator.click: Test timeout of 60000ms exceeded.
test	Run Playwright Tests	2026-01-05T12:30:02.2330944Z     Call log:
test	Run Playwright Tests	2026-01-05T12:30:02.2332871Z     [2m  - waiting for getByRole('button', { name: /history/i })[22m
test	Run Playwright Tests	2026-01-05T12:30:02.2333765Z 
test	Run Playwright Tests	2026-01-05T12:30:02.2333858Z 
test	Run Playwright Tests	2026-01-05T12:30:02.2334101Z       92 |
test	Run Playwright Tests	2026-01-05T12:30:02.2334696Z       93 |         // 3. Open History and Load the item
test	Run Playwright Tests	2026-01-05T12:30:02.2335569Z     > 94 |         await page.getByRole('button', { name: /history/i }).click();
test	Run Playwright Tests	2026-01-05T12:30:02.2336400Z          |                                                              ^
test	Run Playwright Tests	2026-01-05T12:30:02.2337196Z       95 |         await page.waitForSelector('text=HELLO DOGE');
test	Run Playwright Tests	2026-01-05T12:30:02.2338064Z       96 |         await page.getByText('HELLO DOGE').click();
test	Run Playwright Tests	2026-01-05T12:30:02.2338756Z       97 |
test	Run Playwright Tests	2026-01-05T12:30:02.2339611Z         at D:\a\screen_inu\screen_inu\app\e2e\playwright\translation_settings.spec.ts:94:62
test	Run Playwright Tests	2026-01-05T12:30:02.2340397Z 
test	Run Playwright Tests	2026-01-05T12:30:02.2341304Z     Error Context: test-results\translation_settings-Trans-59209-nslation-and-display-result-retry2\error-context.md
test	Run Playwright Tests	2026-01-05T12:30:02.2342372Z 
test	Run Playwright Tests	2026-01-05T12:30:02.2342623Z   2 failed
test	Run Playwright Tests	2026-01-05T12:30:02.2343980Z     e2e\playwright\app.spec.ts:243:5 â€º Settings Modal â€º should open and interact with OCR Language Manager 
test	Run Playwright Tests	2026-01-05T12:30:02.2345792Z     e2e\playwright\translation_settings.spec.ts:69:5 â€º Translation Settings â€º should perform online translation and display result 
test	Run Playwright Tests	2026-01-05T12:30:02.2347034Z   19 passed (4.8m)
test	Run Playwright Tests	2026-01-05T12:30:02.4649602Z ##[error]Process completed with exit code 1.
test	Post Run actions/checkout@v4	ï»¿2026-01-05T12:30:02.4935826Z Post job cleanup.
test	Post Run actions/checkout@v4	2026-01-05T12:30:02.8119147Z [command]"C:\Program Files\Git\bin\git.exe" version
test	Post Run actions/checkout@v4	2026-01-05T12:30:02.8428551Z git version 2.52.0.windows.1
test	Post Run actions/checkout@v4	2026-01-05T12:30:02.8518169Z Temporarily overriding HOME='D:\a\_temp\cf2d94aa-5665-4552-bb3d-380ae9c79929' before making global git config changes
test	Post Run actions/checkout@v4	2026-01-05T12:30:02.8520196Z Adding repository directory to the temporary git global config as a safe directory
test	Post Run actions/checkout@v4	2026-01-05T12:30:02.8531268Z [command]"C:\Program Files\Git\bin\git.exe" config --global --add safe.directory D:\a\screen_inu\screen_inu
test	Post Run actions/checkout@v4	2026-01-05T12:30:02.8936107Z [command]"C:\Program Files\Git\bin\git.exe" config --local --name-only --get-regexp core\.sshCommand
test	Post Run actions/checkout@v4	2026-01-05T12:30:02.9313001Z [command]"C:\Program Files\Git\bin\git.exe" submodule foreach --recursive "sh -c \"git config --local --name-only --get-regexp 'core\.sshCommand' && git config --local --unset-all 'core.sshCommand' || :\""
test	Post Run actions/checkout@v4	2026-01-05T12:30:03.7785862Z fatal: No url found for submodule path 'homebrew-screen-inu' in .gitmodules
test	Post Run actions/checkout@v4	2026-01-05T12:30:03.8030978Z ##[warning]The process 'C:\Program Files\Git\bin\git.exe' failed with exit code 128
test	Complete job	ï»¿2026-01-05T12:30:03.8166974Z Cleaning up orphan processes
