test	Set up job	ï»¿2026-01-05T12:41:43.8486327Z Current runner version: '2.330.0'
test	Set up job	2026-01-05T12:41:43.8528076Z ##[group]Runner Image Provisioner
test	Set up job	2026-01-05T12:41:43.8528869Z Hosted Compute Agent
test	Set up job	2026-01-05T12:41:43.8529418Z Version: 20251211.462
test	Set up job	2026-01-05T12:41:43.8529922Z Commit: 6cbad8c2bb55d58165063d031ccabf57e2d2db61
test	Set up job	2026-01-05T12:41:43.8530567Z Build Date: 2025-12-11T16:28:49Z
test	Set up job	2026-01-05T12:41:43.8531127Z Worker ID: {e8d24edf-8264-408b-8332-eb499329c654}
test	Set up job	2026-01-05T12:41:43.8531967Z ##[endgroup]
test	Set up job	2026-01-05T12:41:43.8532641Z ##[group]Operating System
test	Set up job	2026-01-05T12:41:43.8533410Z Microsoft Windows Server 2025
test	Set up job	2026-01-05T12:41:43.8533952Z 10.0.26100
test	Set up job	2026-01-05T12:41:43.8534348Z Datacenter
test	Set up job	2026-01-05T12:41:43.8534777Z ##[endgroup]
test	Set up job	2026-01-05T12:41:43.8535192Z ##[group]Runner Image
test	Set up job	2026-01-05T12:41:43.8535661Z Image: windows-2025
test	Set up job	2026-01-05T12:41:43.8536101Z Version: 20251216.149.1
test	Set up job	2026-01-05T12:41:43.8537441Z Included Software: https://github.com/actions/runner-images/blob/win25/20251216.149/images/windows/Windows2025-Readme.md
test	Set up job	2026-01-05T12:41:43.8539915Z Image Release: https://github.com/actions/runner-images/releases/tag/win25%2F20251216.149
test	Set up job	2026-01-05T12:41:43.8540757Z ##[endgroup]
test	Set up job	2026-01-05T12:41:43.8541817Z ##[group]GITHUB_TOKEN Permissions
test	Set up job	2026-01-05T12:41:43.8544053Z Contents: read
test	Set up job	2026-01-05T12:41:43.8544665Z Metadata: read
test	Set up job	2026-01-05T12:41:43.8545102Z Packages: read
test	Set up job	2026-01-05T12:41:43.8545602Z ##[endgroup]
test	Set up job	2026-01-05T12:41:43.8547648Z Secret source: Actions
test	Set up job	2026-01-05T12:41:43.8548403Z Prepare workflow directory
test	Set up job	2026-01-05T12:41:43.8911594Z Prepare all required actions
test	Set up job	2026-01-05T12:41:43.8949145Z Getting action download info
test	Set up job	2026-01-05T12:41:44.1501650Z Download action repository 'actions/checkout@v4' (SHA:34e114876b0b11c390a56381ad16ebd13914f8d5)
test	Set up job	2026-01-05T12:41:44.2800946Z Download action repository 'actions/setup-node@v4' (SHA:49933ea5288caeca8642d1e84afbd3f7d6820020)
test	Set up job	2026-01-05T12:41:44.4441647Z Download action repository 'dtolnay/rust-toolchain@stable' (SHA:4be9e76fd7c4901c61fb841f559994984270fce7)
test	Set up job	2026-01-05T12:41:44.6594732Z Download action repository 'Swatinem/rust-cache@v2' (SHA:779680da715d629ac1d338a641029a2f4372abb5)
test	Set up job	2026-01-05T12:41:45.0667620Z Complete job name: test
test	Run actions/checkout@v4	ï»¿2026-01-05T12:41:45.1969797Z ##[group]Run actions/checkout@v4
test	Run actions/checkout@v4	2026-01-05T12:41:45.1970756Z with:
test	Run actions/checkout@v4	2026-01-05T12:41:45.1971107Z   repository: ImL1s/screen_inu
test	Run actions/checkout@v4	2026-01-05T12:41:45.1971677Z   token: ***
test	Run actions/checkout@v4	2026-01-05T12:41:45.1972016Z   ssh-strict: true
test	Run actions/checkout@v4	2026-01-05T12:41:45.1972367Z   ssh-user: git
test	Run actions/checkout@v4	2026-01-05T12:41:45.1972740Z   persist-credentials: true
test	Run actions/checkout@v4	2026-01-05T12:41:45.1973142Z   clean: true
test	Run actions/checkout@v4	2026-01-05T12:41:45.1973490Z   sparse-checkout-cone-mode: true
test	Run actions/checkout@v4	2026-01-05T12:41:45.1973928Z   fetch-depth: 1
test	Run actions/checkout@v4	2026-01-05T12:41:45.1974282Z   fetch-tags: false
test	Run actions/checkout@v4	2026-01-05T12:41:45.1974636Z   show-progress: true
test	Run actions/checkout@v4	2026-01-05T12:41:45.1974994Z   lfs: false
test	Run actions/checkout@v4	2026-01-05T12:41:45.1975322Z   submodules: false
test	Run actions/checkout@v4	2026-01-05T12:41:45.1975675Z   set-safe-directory: true
test	Run actions/checkout@v4	2026-01-05T12:41:45.1976262Z ##[endgroup]
test	Run actions/checkout@v4	2026-01-05T12:41:45.3599105Z Syncing repository: ImL1s/screen_inu
test	Run actions/checkout@v4	2026-01-05T12:41:45.3601261Z ##[group]Getting Git version info
test	Run actions/checkout@v4	2026-01-05T12:41:45.3602091Z Working directory is 'D:\a\screen_inu\screen_inu'
test	Run actions/checkout@v4	2026-01-05T12:41:45.4837887Z [command]"C:\Program Files\Git\bin\git.exe" version
test	Run actions/checkout@v4	2026-01-05T12:41:45.8276305Z git version 2.52.0.windows.1
test	Run actions/checkout@v4	2026-01-05T12:41:45.8347556Z ##[endgroup]
test	Run actions/checkout@v4	2026-01-05T12:41:45.8358474Z Temporarily overriding HOME='D:\a\_temp\9cd5f844-b666-4a8c-be01-c27c232f91e2' before making global git config changes
test	Run actions/checkout@v4	2026-01-05T12:41:45.8360432Z Adding repository directory to the temporary git global config as a safe directory
test	Run actions/checkout@v4	2026-01-05T12:41:45.8372400Z [command]"C:\Program Files\Git\bin\git.exe" config --global --add safe.directory D:\a\screen_inu\screen_inu
test	Run actions/checkout@v4	2026-01-05T12:41:45.8945387Z Deleting the contents of 'D:\a\screen_inu\screen_inu'
test	Run actions/checkout@v4	2026-01-05T12:41:45.8953660Z ##[group]Initializing the repository
test	Run actions/checkout@v4	2026-01-05T12:41:45.8963306Z [command]"C:\Program Files\Git\bin\git.exe" init D:\a\screen_inu\screen_inu
test	Run actions/checkout@v4	2026-01-05T12:41:45.9804760Z Initialized empty Git repository in D:/a/screen_inu/screen_inu/.git/
test	Run actions/checkout@v4	2026-01-05T12:41:45.9851201Z [command]"C:\Program Files\Git\bin\git.exe" remote add origin https://github.com/ImL1s/screen_inu
test	Run actions/checkout@v4	2026-01-05T12:41:46.0375714Z ##[endgroup]
test	Run actions/checkout@v4	2026-01-05T12:41:46.0376416Z ##[group]Disabling automatic garbage collection
test	Run actions/checkout@v4	2026-01-05T12:41:46.0385263Z [command]"C:\Program Files\Git\bin\git.exe" config --local gc.auto 0
test	Run actions/checkout@v4	2026-01-05T12:41:46.0665328Z ##[endgroup]
test	Run actions/checkout@v4	2026-01-05T12:41:46.0665933Z ##[group]Setting up auth
test	Run actions/checkout@v4	2026-01-05T12:41:46.0679005Z [command]"C:\Program Files\Git\bin\git.exe" config --local --name-only --get-regexp core\.sshCommand
test	Run actions/checkout@v4	2026-01-05T12:41:46.0963133Z [command]"C:\Program Files\Git\bin\git.exe" submodule foreach --recursive "sh -c \"git config --local --name-only --get-regexp 'core\.sshCommand' && git config --local --unset-all 'core.sshCommand' || :\""
test	Run actions/checkout@v4	2026-01-05T12:41:47.4148321Z [command]"C:\Program Files\Git\bin\git.exe" config --local --name-only --get-regexp http\.https\:\/\/github\.com\/\.extraheader
test	Run actions/checkout@v4	2026-01-05T12:41:47.4431043Z [command]"C:\Program Files\Git\bin\git.exe" submodule foreach --recursive "sh -c \"git config --local --name-only --get-regexp 'http\.https\:\/\/github\.com\/\.extraheader' && git config --local --unset-all 'http.https://github.com/.extraheader' || :\""
test	Run actions/checkout@v4	2026-01-05T12:41:47.9402742Z [command]"C:\Program Files\Git\bin\git.exe" config --local --name-only --get-regexp ^includeIf\.gitdir:
test	Run actions/checkout@v4	2026-01-05T12:41:47.9688547Z [command]"C:\Program Files\Git\bin\git.exe" submodule foreach --recursive "git config --local --show-origin --name-only --get-regexp remote.origin.url"
test	Run actions/checkout@v4	2026-01-05T12:41:48.4930688Z [command]"C:\Program Files\Git\bin\git.exe" config --local http.https://github.com/.extraheader "AUTHORIZATION: basic ***"
test	Run actions/checkout@v4	2026-01-05T12:41:48.5229755Z ##[endgroup]
test	Run actions/checkout@v4	2026-01-05T12:41:48.5230215Z ##[group]Fetching the repository
test	Run actions/checkout@v4	2026-01-05T12:41:48.5243617Z [command]"C:\Program Files\Git\bin\git.exe" -c protocol.version=2 fetch --no-tags --prune --no-recurse-submodules --depth=1 origin +ec7678b9e32c517e17a878245062aef39fbc6d17:refs/remotes/origin/develop
test	Run actions/checkout@v4	2026-01-05T12:41:52.3303228Z From https://github.com/ImL1s/screen_inu
test	Run actions/checkout@v4	2026-01-05T12:41:52.3303832Z  * [new ref]         ec7678b9e32c517e17a878245062aef39fbc6d17 -> origin/develop
test	Run actions/checkout@v4	2026-01-05T12:41:52.3564959Z ##[endgroup]
test	Run actions/checkout@v4	2026-01-05T12:41:52.3565752Z ##[group]Determining the checkout info
test	Run actions/checkout@v4	2026-01-05T12:41:52.3568288Z ##[endgroup]
test	Run actions/checkout@v4	2026-01-05T12:41:52.3578043Z [command]"C:\Program Files\Git\bin\git.exe" sparse-checkout disable
test	Run actions/checkout@v4	2026-01-05T12:41:52.4005002Z [command]"C:\Program Files\Git\bin\git.exe" config --local --unset-all extensions.worktreeConfig
test	Run actions/checkout@v4	2026-01-05T12:41:52.4284504Z ##[group]Checking out the ref
test	Run actions/checkout@v4	2026-01-05T12:41:52.4292572Z [command]"C:\Program Files\Git\bin\git.exe" checkout --progress --force -B develop refs/remotes/origin/develop
test	Run actions/checkout@v4	2026-01-05T12:41:53.6797625Z Updating files:  57% (179/314)
test	Run actions/checkout@v4	2026-01-05T12:41:53.6807325Z Updating files:  58% (183/314)
test	Run actions/checkout@v4	2026-01-05T12:41:53.6812792Z Updating files:  59% (186/314)
test	Run actions/checkout@v4	2026-01-05T12:41:53.6818137Z Updating files:  60% (189/314)
test	Run actions/checkout@v4	2026-01-05T12:41:53.6824165Z Updating files:  61% (192/314)
test	Run actions/checkout@v4	2026-01-05T12:41:53.6830216Z Updating files:  62% (195/314)
test	Run actions/checkout@v4	2026-01-05T12:41:53.6841053Z Updating files:  63% (198/314)
test	Run actions/checkout@v4	2026-01-05T12:41:53.6849122Z Updating files:  64% (201/314)
test	Run actions/checkout@v4	2026-01-05T12:41:53.7860789Z Updating files:  65% (205/314)
test	Run actions/checkout@v4	2026-01-05T12:41:54.0293993Z Updating files:  66% (208/314)
test	Run actions/checkout@v4	2026-01-05T12:41:54.1068400Z Updating files:  67% (211/314)
test	Run actions/checkout@v4	2026-01-05T12:41:54.1073416Z Updating files:  68% (214/314)
test	Run actions/checkout@v4	2026-01-05T12:41:54.1080349Z Updating files:  69% (217/314)
test	Run actions/checkout@v4	2026-01-05T12:41:54.1117077Z Updating files:  70% (220/314)
test	Run actions/checkout@v4	2026-01-05T12:41:54.1164894Z Updating files:  71% (223/314)
test	Run actions/checkout@v4	2026-01-05T12:41:54.1180453Z Updating files:  72% (227/314)
test	Run actions/checkout@v4	2026-01-05T12:41:54.1189954Z Updating files:  73% (230/314)
test	Run actions/checkout@v4	2026-01-05T12:41:54.1199354Z Updating files:  74% (233/314)
test	Run actions/checkout@v4	2026-01-05T12:41:54.1206881Z Updating files:  75% (236/314)
test	Run actions/checkout@v4	2026-01-05T12:41:54.1213604Z Updating files:  76% (239/314)
test	Run actions/checkout@v4	2026-01-05T12:41:54.1224224Z Updating files:  77% (242/314)
test	Run actions/checkout@v4	2026-01-05T12:41:54.1234045Z Updating files:  78% (245/314)
test	Run actions/checkout@v4	2026-01-05T12:41:54.1240833Z Updating files:  79% (249/314)
test	Run actions/checkout@v4	2026-01-05T12:41:54.1247161Z Updating files:  80% (252/314)
test	Run actions/checkout@v4	2026-01-05T12:41:54.1257538Z Updating files:  81% (255/314)
test	Run actions/checkout@v4	2026-01-05T12:41:54.1268590Z Updating files:  82% (258/314)
test	Run actions/checkout@v4	2026-01-05T12:41:54.1288789Z Updating files:  83% (261/314)
test	Run actions/checkout@v4	2026-01-05T12:41:54.1299227Z Updating files:  84% (264/314)
test	Run actions/checkout@v4	2026-01-05T12:41:54.1312919Z Updating files:  85% (267/314)
test	Run actions/checkout@v4	2026-01-05T12:41:54.1341165Z Updating files:  86% (271/314)
test	Run actions/checkout@v4	2026-01-05T12:41:54.1424577Z Updating files:  87% (274/314)
test	Run actions/checkout@v4	2026-01-05T12:41:54.1458409Z Updating files:  88% (277/314)
test	Run actions/checkout@v4	2026-01-05T12:41:54.1476115Z Updating files:  89% (280/314)
test	Run actions/checkout@v4	2026-01-05T12:41:54.1489965Z Updating files:  90% (283/314)
test	Run actions/checkout@v4	2026-01-05T12:41:54.1532204Z Updating files:  91% (286/314)
test	Run actions/checkout@v4	2026-01-05T12:41:54.1543758Z Updating files:  92% (289/314)
test	Run actions/checkout@v4	2026-01-05T12:41:54.1549710Z Updating files:  93% (293/314)
test	Run actions/checkout@v4	2026-01-05T12:41:54.1559208Z Updating files:  94% (296/314)
test	Run actions/checkout@v4	2026-01-05T12:41:54.1573104Z Updating files:  95% (299/314)
test	Run actions/checkout@v4	2026-01-05T12:41:54.2894002Z Updating files:  96% (302/314)
test	Run actions/checkout@v4	2026-01-05T12:41:54.2899767Z Updating files:  97% (305/314)
test	Run actions/checkout@v4	2026-01-05T12:41:54.2906365Z Updating files:  98% (308/314)
test	Run actions/checkout@v4	2026-01-05T12:41:54.2912599Z Updating files:  99% (311/314)
test	Run actions/checkout@v4	2026-01-05T12:41:54.2913129Z Updating files: 100% (314/314)
test	Run actions/checkout@v4	2026-01-05T12:41:54.2913533Z Updating files: 100% (314/314), done.
test	Run actions/checkout@v4	2026-01-05T12:41:54.3099764Z branch 'develop' set up to track 'origin/develop'.
test	Run actions/checkout@v4	2026-01-05T12:41:54.3135656Z Switched to a new branch 'develop'
test	Run actions/checkout@v4	2026-01-05T12:41:54.3355338Z ##[endgroup]
test	Run actions/checkout@v4	2026-01-05T12:41:54.3736701Z [command]"C:\Program Files\Git\bin\git.exe" log -1 --format=%H
test	Run actions/checkout@v4	2026-01-05T12:41:54.4013296Z ec7678b9e32c517e17a878245062aef39fbc6d17
test	Setup Node	ï»¿2026-01-05T12:41:54.4429010Z ##[group]Run actions/setup-node@v4
test	Setup Node	2026-01-05T12:41:54.4429351Z with:
test	Setup Node	2026-01-05T12:41:54.4429580Z   node-version: 20
test	Setup Node	2026-01-05T12:41:54.4429824Z   cache: npm
test	Setup Node	2026-01-05T12:41:54.4430106Z   cache-dependency-path: app/package-lock.json
test	Setup Node	2026-01-05T12:41:54.4430405Z   always-auth: false
test	Setup Node	2026-01-05T12:41:54.4430646Z   check-latest: false
test	Setup Node	2026-01-05T12:41:54.4431049Z   token: ***
test	Setup Node	2026-01-05T12:41:54.4431249Z ##[endgroup]
test	Setup Node	2026-01-05T12:41:54.6867488Z Found in cache @ C:\hostedtoolcache\windows\node\20.19.6\x64
test	Setup Node	2026-01-05T12:41:54.6879271Z ##[group]Environment details
test	Setup Node	2026-01-05T12:42:09.2189681Z node: v20.19.6
test	Setup Node	2026-01-05T12:42:09.2190115Z npm: 10.8.2
test	Setup Node	2026-01-05T12:42:09.2190318Z yarn: 1.22.22
test	Setup Node	2026-01-05T12:42:09.2192195Z ##[endgroup]
test	Setup Node	2026-01-05T12:42:09.3059150Z [command]C:\Windows\system32\cmd.exe /D /S /C "C:\hostedtoolcache\windows\node\20.19.6\x64\npm.cmd config get cache"
test	Setup Node	2026-01-05T12:42:10.5857263Z C:\npm\cache
test	Setup Node	2026-01-05T12:42:10.8919378Z Cache hit for: node-cache-Windows-x64-npm-d0fea8876f2c410c34593965213ae3a3e208ed07383f4ddafe95387aec0119f9
test	Setup Node	2026-01-05T12:42:11.2624523Z Received 42341716 of 42341716 (100.0%), 123.1 MBs/sec
test	Setup Node	2026-01-05T12:42:11.2627291Z Cache Size: ~40 MB (42341716 B)
test	Setup Node	2026-01-05T12:42:11.2693787Z [command]"C:\Program Files\Git\usr\bin\tar.exe" -xf D:/a/_temp/349a4e86-6b11-4a6f-9171-28abcc7366a1/cache.tzst -P -C D:/a/screen_inu/screen_inu --force-local --use-compress-program "zstd -d"
test	Setup Node	2026-01-05T12:42:12.1071104Z Cache restored successfully
test	Setup Node	2026-01-05T12:42:12.1111478Z Cache restored from key: node-cache-Windows-x64-npm-d0fea8876f2c410c34593965213ae3a3e208ed07383f4ddafe95387aec0119f9
test	Install Rust	ï»¿2026-01-05T12:42:12.1901536Z ##[group]Run dtolnay/rust-toolchain@stable
test	Install Rust	2026-01-05T12:42:12.1901872Z with:
test	Install Rust	2026-01-05T12:42:12.1902042Z   toolchain: stable
test	Install Rust	2026-01-05T12:42:12.1902227Z ##[endgroup]
test	Install Rust	2026-01-05T12:42:12.2140673Z ##[group]Run : parse toolchain version
test	Install Rust	2026-01-05T12:42:12.2141052Z [36;1m: parse toolchain version[0m
test	Install Rust	2026-01-05T12:42:12.2141310Z [36;1mif [[ -z $toolchain ]]; then[0m
test	Install Rust	2026-01-05T12:42:12.2141765Z [36;1m  # GitHub does not enforce `required: true` inputs itself. https://github.com/actions/runner/issues/1070[0m
test	Install Rust	2026-01-05T12:42:12.2142485Z [36;1m  echo "'toolchain' is a required input" >&2[0m
test	Install Rust	2026-01-05T12:42:12.2142728Z [36;1m  exit 1[0m
test	Install Rust	2026-01-05T12:42:12.2143008Z [36;1melif [[ $toolchain =~ ^stable' '[0-9]+' '(year|month|week|day)s?' 'ago$ ]]; then[0m
test	Install Rust	2026-01-05T12:42:12.2143362Z [36;1m  if [[ Windows == macOS ]]; then[0m
test	Install Rust	2026-01-05T12:42:12.2143783Z [36;1m    echo "toolchain=1.$((($(date -v-$(sed 's/stable \([0-9]*\) \(.\).*/\1\2/' <<< $toolchain) +%s)/60/60/24-16569)/7/6))" >> $GITHUB_OUTPUT[0m
test	Install Rust	2026-01-05T12:42:12.2144211Z [36;1m  else[0m
test	Install Rust	2026-01-05T12:42:12.2144540Z [36;1m    echo "toolchain=1.$((($(date --date "${toolchain#stable }" +%s)/60/60/24-16569)/7/6))" >> $GITHUB_OUTPUT[0m
test	Install Rust	2026-01-05T12:42:12.2144907Z [36;1m  fi[0m
test	Install Rust	2026-01-05T12:42:12.2145145Z [36;1melif [[ $toolchain =~ ^stable' 'minus' '[0-9]+' 'releases?$ ]]; then[0m
test	Install Rust	2026-01-05T12:42:12.2145599Z [36;1m  echo "toolchain=1.$((($(date +%s)/60/60/24-16569)/7/6-${toolchain//[^0-9]/}))" >> $GITHUB_OUTPUT[0m
test	Install Rust	2026-01-05T12:42:12.2145980Z [36;1melif [[ $toolchain =~ ^1\.[0-9]+$ ]]; then[0m
test	Install Rust	2026-01-05T12:42:12.2146403Z [36;1m  echo "toolchain=1.$((i=${toolchain#1.}, c=($(date +%s)/60/60/24-16569)/7/6, i+9*i*(10*i<=c)+90*i*(100*i<=c)))" >> $GITHUB_OUTPUT[0m
test	Install Rust	2026-01-05T12:42:12.2146786Z [36;1melse[0m
test	Install Rust	2026-01-05T12:42:12.2146984Z [36;1m  echo "toolchain=$toolchain" >> $GITHUB_OUTPUT[0m
test	Install Rust	2026-01-05T12:42:12.2147224Z [36;1mfi[0m
test	Install Rust	2026-01-05T12:42:12.2169368Z shell: C:\Program Files\Git\bin\bash.EXE --noprofile --norc -e -o pipefail {0}
test	Install Rust	2026-01-05T12:42:12.2169755Z env:
test	Install Rust	2026-01-05T12:42:12.2169913Z   toolchain: stable
test	Install Rust	2026-01-05T12:42:12.2170080Z ##[endgroup]
test	Install Rust	2026-01-05T12:42:12.5376459Z ##[group]Run : construct rustup command line
test	Install Rust	2026-01-05T12:42:12.5376766Z [36;1m: construct rustup command line[0m
test	Install Rust	2026-01-05T12:42:12.5377153Z [36;1mecho "targets=$(for t in ${targets//,/ }; do echo -n ' --target' $t; done)" >> $GITHUB_OUTPUT[0m
test	Install Rust	2026-01-05T12:42:12.5377684Z [36;1mecho "components=$(for c in ${components//,/ }; do echo -n ' --component' $c; done)" >> $GITHUB_OUTPUT[0m
test	Install Rust	2026-01-05T12:42:12.5378093Z [36;1mecho "downgrade=" >> $GITHUB_OUTPUT[0m
test	Install Rust	2026-01-05T12:42:12.5394736Z shell: C:\Program Files\Git\bin\bash.EXE --noprofile --norc -e -o pipefail {0}
test	Install Rust	2026-01-05T12:42:12.5395079Z env:
test	Install Rust	2026-01-05T12:42:12.5395214Z   targets: 
test	Install Rust	2026-01-05T12:42:12.5395364Z   components: 
test	Install Rust	2026-01-05T12:42:12.5395523Z ##[endgroup]
test	Install Rust	2026-01-05T12:42:12.6157734Z ##[group]Run : set $CARGO_HOME
test	Install Rust	2026-01-05T12:42:12.6158141Z [36;1m: set $CARGO_HOME[0m
test	Install Rust	2026-01-05T12:42:12.6158442Z [36;1mecho CARGO_HOME=${CARGO_HOME:-"$USERPROFILE\.cargo"} >> $GITHUB_ENV[0m
test	Install Rust	2026-01-05T12:42:12.6178045Z shell: C:\Program Files\Git\bin\bash.EXE --noprofile --norc -e -o pipefail {0}
test	Install Rust	2026-01-05T12:42:12.6178399Z ##[endgroup]
test	Install Rust	2026-01-05T12:42:12.6702654Z ##[group]Run : install rustup if needed on windows
test	Install Rust	2026-01-05T12:42:12.6702982Z [36;1m: install rustup if needed on windows[0m
test	Install Rust	2026-01-05T12:42:12.6703263Z [36;1mif ! command -v rustup &>/dev/null; then[0m
test	Install Rust	2026-01-05T12:42:12.6703904Z [36;1m  curl --proto '=https' --tlsv1.2 --retry 10 --retry-connrefused --location --silent --show-error --fail https://win.rustup.rs/x86_64 --output 'D:\a\_temp\rustup-init.exe'[0m
test	Install Rust	2026-01-05T12:42:12.6704636Z [36;1m  'D:\a\_temp\rustup-init.exe' --default-toolchain none --no-modify-path -y[0m
test	Install Rust	2026-01-05T12:42:12.6705016Z [36;1m  echo "$CARGO_HOME\bin" >> $GITHUB_PATH[0m
test	Install Rust	2026-01-05T12:42:12.6705253Z [36;1mfi[0m
test	Install Rust	2026-01-05T12:42:12.6721297Z shell: C:\Program Files\Git\bin\bash.EXE --noprofile --norc -e -o pipefail {0}
test	Install Rust	2026-01-05T12:42:12.6723368Z env:
test	Install Rust	2026-01-05T12:42:12.6723539Z   CARGO_HOME: C:\Users\runneradmin\.cargo
test	Install Rust	2026-01-05T12:42:12.6723782Z ##[endgroup]
test	Install Rust	2026-01-05T12:42:12.7368486Z ##[group]Run rustup toolchain install stable --profile minimal --no-self-update
test	Install Rust	2026-01-05T12:42:12.7369015Z [36;1mrustup toolchain install stable --profile minimal --no-self-update[0m
test	Install Rust	2026-01-05T12:42:12.7385744Z shell: C:\Program Files\Git\bin\bash.EXE --noprofile --norc -e -o pipefail {0}
test	Install Rust	2026-01-05T12:42:12.7386098Z env:
test	Install Rust	2026-01-05T12:42:12.7386266Z   CARGO_HOME: C:\Users\runneradmin\.cargo
test	Install Rust	2026-01-05T12:42:12.7386521Z   RUSTUP_PERMIT_COPY_RENAME: 1
test	Install Rust	2026-01-05T12:42:12.7386717Z ##[endgroup]
test	Install Rust	2026-01-05T12:42:23.2936743Z info: syncing channel updates for 'stable-x86_64-pc-windows-msvc'
test	Install Rust	2026-01-05T12:42:24.5983288Z 
test	Install Rust	2026-01-05T12:42:24.6179095Z   stable-x86_64-pc-windows-msvc unchanged - rustc 1.92.0 (ded5c06cf 2025-12-08)
test	Install Rust	2026-01-05T12:42:24.6179739Z 
test	Install Rust	2026-01-05T12:42:24.6392417Z ##[group]Run rustup default stable
test	Install Rust	2026-01-05T12:42:24.6392687Z [36;1mrustup default stable[0m
test	Install Rust	2026-01-05T12:42:24.6408514Z shell: C:\Program Files\Git\bin\bash.EXE --noprofile --norc -e -o pipefail {0}
test	Install Rust	2026-01-05T12:42:24.6408867Z env:
test	Install Rust	2026-01-05T12:42:24.6409037Z   CARGO_HOME: C:\Users\runneradmin\.cargo
test	Install Rust	2026-01-05T12:42:24.6409260Z ##[endgroup]
test	Install Rust	2026-01-05T12:42:24.7261198Z info: using existing install for 'stable-x86_64-pc-windows-msvc'
test	Install Rust	2026-01-05T12:42:24.7899311Z info: default toolchain set to 'stable-x86_64-pc-windows-msvc'
test	Install Rust	2026-01-05T12:42:24.7899992Z 
test	Install Rust	2026-01-05T12:42:24.8095080Z   stable-x86_64-pc-windows-msvc unchanged - rustc 1.92.0 (ded5c06cf 2025-12-08)
test	Install Rust	2026-01-05T12:42:24.8095457Z 
test	Install Rust	2026-01-05T12:42:24.8301211Z ##[group]Run : create cachekey
test	Install Rust	2026-01-05T12:42:24.8301466Z [36;1m: create cachekey[0m
test	Install Rust	2026-01-05T12:42:24.8301891Z [36;1mDATE=$(rustc +stable --version --verbose | sed -ne 's/^commit-date: \(20[0-9][0-9]\)-\([01][0-9]\)-\([0-3][0-9]\)$/\1\2\3/p')[0m
test	Install Rust	2026-01-05T12:42:24.8302448Z [36;1mHASH=$(rustc +stable --version --verbose | sed -ne 's/^commit-hash: //p')[0m
test	Install Rust	2026-01-05T12:42:24.8302876Z [36;1mecho "cachekey=$(echo $DATE$HASH | head -c12)" >> $GITHUB_OUTPUT[0m
test	Install Rust	2026-01-05T12:42:24.8318687Z shell: C:\Program Files\Git\bin\bash.EXE --noprofile --norc -e -o pipefail {0}
test	Install Rust	2026-01-05T12:42:24.8319047Z env:
test	Install Rust	2026-01-05T12:42:24.8319228Z   CARGO_HOME: C:\Users\runneradmin\.cargo
test	Install Rust	2026-01-05T12:42:24.8319470Z ##[endgroup]
test	Install Rust	2026-01-05T12:42:27.2053314Z ##[group]Run : disable incremental compilation
test	Install Rust	2026-01-05T12:42:27.2053638Z [36;1m: disable incremental compilation[0m
test	Install Rust	2026-01-05T12:42:27.2053917Z [36;1mif [ -z "${CARGO_INCREMENTAL+set}" ]; then[0m
test	Install Rust	2026-01-05T12:42:27.2054188Z [36;1m  echo CARGO_INCREMENTAL=0 >> $GITHUB_ENV[0m
test	Install Rust	2026-01-05T12:42:27.2054425Z [36;1mfi[0m
test	Install Rust	2026-01-05T12:42:27.2070007Z shell: C:\Program Files\Git\bin\bash.EXE --noprofile --norc -e -o pipefail {0}
test	Install Rust	2026-01-05T12:42:27.2070363Z env:
test	Install Rust	2026-01-05T12:42:27.2070553Z   CARGO_HOME: C:\Users\runneradmin\.cargo
test	Install Rust	2026-01-05T12:42:27.2070785Z ##[endgroup]
test	Install Rust	2026-01-05T12:42:27.2594164Z ##[group]Run : enable colors in Cargo output
test	Install Rust	2026-01-05T12:42:27.2594472Z [36;1m: enable colors in Cargo output[0m
test	Install Rust	2026-01-05T12:42:27.2594733Z [36;1mif [ -z "${CARGO_TERM_COLOR+set}" ]; then[0m
test	Install Rust	2026-01-05T12:42:27.2595434Z [36;1m  echo CARGO_TERM_COLOR=always >> $GITHUB_ENV[0m
test	Install Rust	2026-01-05T12:42:27.2595683Z [36;1mfi[0m
test	Install Rust	2026-01-05T12:42:27.2610302Z shell: C:\Program Files\Git\bin\bash.EXE --noprofile --norc -e -o pipefail {0}
test	Install Rust	2026-01-05T12:42:27.2610645Z env:
test	Install Rust	2026-01-05T12:42:27.2610812Z   CARGO_HOME: C:\Users\runneradmin\.cargo
test	Install Rust	2026-01-05T12:42:27.2611041Z   CARGO_INCREMENTAL: 0
test	Install Rust	2026-01-05T12:42:27.2611208Z ##[endgroup]
test	Install Rust	2026-01-05T12:42:27.3118531Z ##[group]Run : enable Cargo sparse registry
test	Install Rust	2026-01-05T12:42:27.3118842Z [36;1m: enable Cargo sparse registry[0m
test	Install Rust	2026-01-05T12:42:27.3119159Z [36;1m# implemented in 1.66, stabilized in 1.68, made default in 1.70[0m
test	Install Rust	2026-01-05T12:42:27.3120459Z [36;1mif [ -z "${CARGO_REGISTRIES_CRATES_IO_PROTOCOL+set}" -o -f "D:\a\_temp"/.implicit_cargo_registries_crates_io_protocol ]; then[0m
test	Install Rust	2026-01-05T12:42:27.3121031Z [36;1m  if rustc +stable --version --verbose | grep -q '^release: 1\.6[89]\.'; then[0m
test	Install Rust	2026-01-05T12:42:27.3121474Z [36;1m    touch "D:\a\_temp"/.implicit_cargo_registries_crates_io_protocol || true[0m
test	Install Rust	2026-01-05T12:42:27.3121902Z [36;1m    echo CARGO_REGISTRIES_CRATES_IO_PROTOCOL=sparse >> $GITHUB_ENV[0m
test	Install Rust	2026-01-05T12:42:27.3122859Z [36;1m  elif rustc +stable --version --verbose | grep -q '^release: 1\.6[67]\.'; then[0m
test	Install Rust	2026-01-05T12:42:27.3123335Z [36;1m    touch "D:\a\_temp"/.implicit_cargo_registries_crates_io_protocol || true[0m
test	Install Rust	2026-01-05T12:42:27.3123754Z [36;1m    echo CARGO_REGISTRIES_CRATES_IO_PROTOCOL=git >> $GITHUB_ENV[0m
test	Install Rust	2026-01-05T12:42:27.3124037Z [36;1m  fi[0m
test	Install Rust	2026-01-05T12:42:27.3124187Z [36;1mfi[0m
test	Install Rust	2026-01-05T12:42:27.3138965Z shell: C:\Program Files\Git\bin\bash.EXE --noprofile --norc -e -o pipefail {0}
test	Install Rust	2026-01-05T12:42:27.3139319Z env:
test	Install Rust	2026-01-05T12:42:27.3139581Z   CARGO_HOME: C:\Users\runneradmin\.cargo
test	Install Rust	2026-01-05T12:42:27.3139837Z   CARGO_INCREMENTAL: 0
test	Install Rust	2026-01-05T12:42:27.3140018Z   CARGO_TERM_COLOR: always
test	Install Rust	2026-01-05T12:42:27.3140229Z ##[endgroup]
test	Install Rust	2026-01-05T12:42:27.6022357Z ##[group]Run : work around spurious network errors in curl 8.0
test	Install Rust	2026-01-05T12:42:27.6022758Z [36;1m: work around spurious network errors in curl 8.0[0m
test	Install Rust	2026-01-05T12:42:27.6023265Z [36;1m# https://rust-lang.zulipchat.com/#narrow/stream/246057-t-cargo/topic/timeout.20investigation[0m
test	Install Rust	2026-01-05T12:42:27.6023803Z [36;1mif rustc +stable --version --verbose | grep -q '^release: 1\.7[01]\.'; then[0m
test	Install Rust	2026-01-05T12:42:27.6024199Z [36;1m  echo CARGO_HTTP_MULTIPLEXING=false >> $GITHUB_ENV[0m
test	Install Rust	2026-01-05T12:42:27.6024469Z [36;1mfi[0m
test	Install Rust	2026-01-05T12:42:27.6040181Z shell: C:\Program Files\Git\bin\bash.EXE --noprofile --norc -e -o pipefail {0}
test	Install Rust	2026-01-05T12:42:27.6040541Z env:
test	Install Rust	2026-01-05T12:42:27.6040736Z   CARGO_HOME: C:\Users\runneradmin\.cargo
test	Install Rust	2026-01-05T12:42:27.6040977Z   CARGO_INCREMENTAL: 0
test	Install Rust	2026-01-05T12:42:27.6041162Z   CARGO_TERM_COLOR: always
test	Install Rust	2026-01-05T12:42:27.6041372Z ##[endgroup]
test	Install Rust	2026-01-05T12:42:27.7115143Z ##[group]Run rustc +stable --version --verbose
test	Install Rust	2026-01-05T12:42:27.7115440Z [36;1mrustc +stable --version --verbose[0m
test	Install Rust	2026-01-05T12:42:27.7129679Z shell: C:\Program Files\Git\bin\bash.EXE --noprofile --norc -e -o pipefail {0}
test	Install Rust	2026-01-05T12:42:27.7130047Z env:
test	Install Rust	2026-01-05T12:42:27.7130216Z   CARGO_HOME: C:\Users\runneradmin\.cargo
test	Install Rust	2026-01-05T12:42:27.7130729Z   CARGO_INCREMENTAL: 0
test	Install Rust	2026-01-05T12:42:27.7130934Z   CARGO_TERM_COLOR: always
test	Install Rust	2026-01-05T12:42:27.7131121Z ##[endgroup]
test	Install Rust	2026-01-05T12:42:27.7934470Z rustc 1.92.0 (ded5c06cf 2025-12-08)
test	Install Rust	2026-01-05T12:42:27.7934826Z binary: rustc
test	Install Rust	2026-01-05T12:42:27.7935136Z commit-hash: ded5c06cf21d2b93bffd5d884aa6e96934ee4234
test	Install Rust	2026-01-05T12:42:27.7935444Z commit-date: 2025-12-08
test	Install Rust	2026-01-05T12:42:27.7935674Z host: x86_64-pc-windows-msvc
test	Install Rust	2026-01-05T12:42:27.7935908Z release: 1.92.0
test	Install Rust	2026-01-05T12:42:27.7937254Z LLVM version: 21.1.3
test	Rust cache	ï»¿2026-01-05T12:42:27.8225957Z ##[group]Run Swatinem/rust-cache@v2
test	Rust cache	2026-01-05T12:42:27.8226282Z with:
test	Rust cache	2026-01-05T12:42:27.8226480Z   workspaces: ./app/src-tauri -> target
test	Rust cache	2026-01-05T12:42:27.8226726Z   prefix-key: v0-rust
test	Rust cache	2026-01-05T12:42:27.8226920Z   add-job-id-key: true
test	Rust cache	2026-01-05T12:42:27.8227122Z   add-rust-environment-hash-key: true
test	Rust cache	2026-01-05T12:42:27.8227373Z   cache-targets: true
test	Rust cache	2026-01-05T12:42:27.8227555Z   cache-all-crates: false
test	Rust cache	2026-01-05T12:42:27.8227761Z   cache-workspace-crates: false
test	Rust cache	2026-01-05T12:42:27.8227967Z   save-if: true
test	Rust cache	2026-01-05T12:42:27.8228128Z   cache-provider: github
test	Rust cache	2026-01-05T12:42:27.8228326Z   cache-bin: true
test	Rust cache	2026-01-05T12:42:27.8228501Z   lookup-only: false
test	Rust cache	2026-01-05T12:42:27.8228663Z env:
test	Rust cache	2026-01-05T12:42:27.8228826Z   CARGO_HOME: C:\Users\runneradmin\.cargo
test	Rust cache	2026-01-05T12:42:27.8229062Z   CARGO_INCREMENTAL: 0
test	Rust cache	2026-01-05T12:42:27.8229235Z   CARGO_TERM_COLOR: always
test	Rust cache	2026-01-05T12:42:27.8229418Z ##[endgroup]
test	Rust cache	2026-01-05T12:42:34.7777762Z ##[group]Cache Configuration
test	Rust cache	2026-01-05T12:42:34.7778636Z Cache Provider:
test	Rust cache	2026-01-05T12:42:34.7779088Z     github
test	Rust cache	2026-01-05T12:42:34.7779493Z Workspaces:
test	Rust cache	2026-01-05T12:42:34.7780181Z     D:\a\screen_inu\screen_inu\app\src-tauri
test	Rust cache	2026-01-05T12:42:34.7782557Z Cache Paths:
test	Rust cache	2026-01-05T12:42:34.7783210Z     C:\Users\runneradmin\.cargo\bin
test	Rust cache	2026-01-05T12:42:34.7785841Z     C:\Users\runneradmin\.cargo\.crates.toml
test	Rust cache	2026-01-05T12:42:34.7786935Z     C:\Users\runneradmin\.cargo\.crates2.json
test	Rust cache	2026-01-05T12:42:34.7787573Z     C:\Users\runneradmin\.cargo\registry
test	Rust cache	2026-01-05T12:42:34.7788164Z     C:\Users\runneradmin\.cargo\git
test	Rust cache	2026-01-05T12:42:34.7788772Z     D:\a\screen_inu\screen_inu\app\src-tauri\target
test	Rust cache	2026-01-05T12:42:34.7789353Z Restore Key:
test	Rust cache	2026-01-05T12:42:34.7789918Z     v0-rust-test-Windows_NT-x64-7a6c70a5
test	Rust cache	2026-01-05T12:42:34.7790435Z Cache Key:
test	Rust cache	2026-01-05T12:42:34.7790908Z     v0-rust-test-Windows_NT-x64-7a6c70a5-4900814c
test	Rust cache	2026-01-05T12:42:34.7791470Z .. Prefix:
test	Rust cache	2026-01-05T12:42:34.7791907Z   - v0-rust-test-Windows_NT-x64
test	Rust cache	2026-01-05T12:42:34.7792572Z .. Environment considered:
test	Rust cache	2026-01-05T12:42:34.7805932Z   - Rust Version: 1.92.0 x86_64-pc-windows-msvc (ded5c06cf21d2b93bffd5d884aa6e96934ee4234)
test	Rust cache	2026-01-05T12:42:34.7815505Z   - CARGO_HOME
test	Rust cache	2026-01-05T12:42:34.7820027Z   - CARGO_INCREMENTAL
test	Rust cache	2026-01-05T12:42:34.7824029Z   - CARGO_TERM_COLOR
test	Rust cache	2026-01-05T12:42:34.7831016Z .. Lockfiles considered:
test	Rust cache	2026-01-05T12:42:34.7836308Z   - D:\a\screen_inu\screen_inu\app\src-tauri\Cargo.lock
test	Rust cache	2026-01-05T12:42:34.7840367Z   - D:\a\screen_inu\screen_inu\app\src-tauri\Cargo.toml
test	Rust cache	2026-01-05T12:42:34.7846267Z ##[endgroup]
test	Rust cache	2026-01-05T12:42:34.7850221Z 
test	Rust cache	2026-01-05T12:42:34.7851128Z ... Restoring cache ...
test	Rust cache	2026-01-05T12:42:35.0268002Z Cache hit for: v0-rust-test-Windows_NT-x64-7a6c70a5-4900814c
test	Rust cache	2026-01-05T12:42:36.0605338Z Received 130023424 of 1227790443 (10.6%), 123.8 MBs/sec
test	Rust cache	2026-01-05T12:42:37.0667175Z Received 130023424 of 1227790443 (10.6%), 61.8 MBs/sec
test	Rust cache	2026-01-05T12:42:38.0785881Z Received 130023424 of 1227790443 (10.6%), 41.1 MBs/sec
test	Rust cache	2026-01-05T12:42:39.0793267Z Received 130023424 of 1227790443 (10.6%), 30.8 MBs/sec
test	Rust cache	2026-01-05T12:42:40.0877813Z Received 130023424 of 1227790443 (10.6%), 24.7 MBs/sec
test	Rust cache	2026-01-05T12:42:41.0947052Z Received 247463936 of 1227790443 (20.2%), 39.1 MBs/sec
test	Rust cache	2026-01-05T12:42:42.1013576Z Received 394264576 of 1227790443 (32.1%), 53.4 MBs/sec
test	Rust cache	2026-01-05T12:42:43.1548940Z Received 536870912 of 1227790443 (43.7%), 63.2 MBs/sec
test	Rust cache	2026-01-05T12:42:44.1626500Z Received 717225984 of 1227790443 (58.4%), 75.1 MBs/sec
test	Rust cache	2026-01-05T12:42:45.2111005Z Received 897581056 of 1227790443 (73.1%), 84.3 MBs/sec
test	Rust cache	2026-01-05T12:42:46.2186917Z Received 1065353216 of 1227790443 (86.8%), 91.0 MBs/sec
test	Rust cache	2026-01-05T12:42:47.2369429Z Received 1207959552 of 1227790443 (98.4%), 94.6 MBs/sec
test	Rust cache	2026-01-05T12:42:47.4037862Z Received 1227790443 of 1227790443 (100.0%), 94.8 MBs/sec
test	Rust cache	2026-01-05T12:42:47.4041766Z Cache Size: ~1171 MB (1227790443 B)
test	Rust cache	2026-01-05T12:42:47.4109318Z [command]"C:\Program Files\Git\usr\bin\tar.exe" -xf D:/a/_temp/fddb012b-82c9-496e-8579-c6bd2da146d0/cache.tzst -P -C D:/a/screen_inu/screen_inu --force-local --use-compress-program "zstd -d"
test	Rust cache	2026-01-05T12:43:16.5750917Z Cache restored successfully
test	Rust cache	2026-01-05T12:43:16.6405080Z Restored from cache key "v0-rust-test-Windows_NT-x64-7a6c70a5-4900814c" full match: true.
test	Prepare dummy Tesseract sidecars	ï»¿2026-01-05T12:43:16.6683931Z ##[group]Run mkdir -p app/src-tauri/binaries
test	Prepare dummy Tesseract sidecars	2026-01-05T12:43:16.6684373Z [36;1mmkdir -p app/src-tauri/binaries[0m
test	Prepare dummy Tesseract sidecars	2026-01-05T12:43:16.6684754Z [36;1mtouch app/src-tauri/binaries/tesseract-x86_64-pc-windows-msvc.exe[0m
test	Prepare dummy Tesseract sidecars	2026-01-05T12:43:16.6700804Z shell: C:\Program Files\Git\bin\bash.EXE --noprofile --norc -e -o pipefail {0}
test	Prepare dummy Tesseract sidecars	2026-01-05T12:43:16.6701165Z env:
test	Prepare dummy Tesseract sidecars	2026-01-05T12:43:16.6701346Z   CARGO_HOME: C:\Users\runneradmin\.cargo
test	Prepare dummy Tesseract sidecars	2026-01-05T12:43:16.6701598Z   CARGO_INCREMENTAL: 0
test	Prepare dummy Tesseract sidecars	2026-01-05T12:43:16.6701793Z   CARGO_TERM_COLOR: always
test	Prepare dummy Tesseract sidecars	2026-01-05T12:43:16.6701981Z   CACHE_ON_FAILURE: false
test	Prepare dummy Tesseract sidecars	2026-01-05T12:43:16.6702170Z ##[endgroup]
test	Install Dependencies	ï»¿2026-01-05T12:43:16.8157533Z ##[group]Run npm install
test	Install Dependencies	2026-01-05T12:43:16.8157881Z [36;1mnpm install[0m
test	Install Dependencies	2026-01-05T12:43:16.8158115Z [36;1mnpx playwright install chromium[0m
test	Install Dependencies	2026-01-05T12:43:16.8915332Z shell: C:\Program Files\PowerShell\7\pwsh.EXE -command ". '{0}'"
test	Install Dependencies	2026-01-05T12:43:16.8915713Z env:
test	Install Dependencies	2026-01-05T12:43:16.8915918Z   CARGO_HOME: C:\Users\runneradmin\.cargo
test	Install Dependencies	2026-01-05T12:43:16.8916425Z   CARGO_INCREMENTAL: 0
test	Install Dependencies	2026-01-05T12:43:16.8916631Z   CARGO_TERM_COLOR: always
test	Install Dependencies	2026-01-05T12:43:16.8916851Z   CACHE_ON_FAILURE: false
test	Install Dependencies	2026-01-05T12:43:16.8917064Z ##[endgroup]
test	Install Dependencies	2026-01-05T12:43:32.1812783Z 
test	Install Dependencies	2026-01-05T12:43:32.1813495Z added 198 packages, and audited 199 packages in 11s
test	Install Dependencies	2026-01-05T12:43:32.1814390Z 
test	Install Dependencies	2026-01-05T12:43:32.1814692Z 36 packages are looking for funding
test	Install Dependencies	2026-01-05T12:43:32.1815132Z   run `npm fund` for details
test	Install Dependencies	2026-01-05T12:43:32.1827552Z 
test	Install Dependencies	2026-01-05T12:43:32.1827907Z found 0 vulnerabilities
test	Install Dependencies	2026-01-05T12:43:34.0832432Z Downloading Chromium 143.0.7499.4 (playwright build v1200)[2m from https://cdn.playwright.dev/dbazure/download/playwright/builds/chromium/1200/chromium-win64.zip[22m
test	Install Dependencies	2026-01-05T12:43:34.3186205Z |                                                                                |   0% of 169.8 MiB
test	Install Dependencies	2026-01-05T12:43:34.5716039Z |â– â– â– â– â– â– â– â–                                                                         |  10% of 169.8 MiB
test	Install Dependencies	2026-01-05T12:43:34.7369245Z |â– â– â– â– â– â– â– â– â– â– â– â– â– â– â– â–                                                                 |  20% of 169.8 MiB
test	Install Dependencies	2026-01-05T12:43:34.8933963Z |â– â– â– â– â– â– â– â– â– â– â– â– â– â– â– â– â– â– â– â– â– â– â– â–                                                         |  30% of 169.8 MiB
test	Install Dependencies	2026-01-05T12:43:35.0422456Z |â– â– â– â– â– â– â– â– â– â– â– â– â– â– â– â– â– â– â– â– â– â– â– â– â– â– â– â– â– â– â– â–                                                 |  40% of 169.8 MiB
test	Install Dependencies	2026-01-05T12:43:35.1844012Z |â– â– â– â– â– â– â– â– â– â– â– â– â– â– â– â– â– â– â– â– â– â– â– â– â– â– â– â– â– â– â– â– â– â– â– â– â– â– â– â–                                         |  50% of 169.8 MiB
test	Install Dependencies	2026-01-05T12:43:35.3258146Z |â– â– â– â– â– â– â– â– â– â– â– â– â– â– â– â– â– â– â– â– â– â– â– â– â– â– â– â– â– â– â– â– â– â– â– â– â– â– â– â– â– â– â– â– â– â– â– â–                                 |  60% of 169.8 MiB
test	Install Dependencies	2026-01-05T12:43:35.4692031Z |â– â– â– â– â– â– â– â– â– â– â– â– â– â– â– â– â– â– â– â– â– â– â– â– â– â– â– â– â– â– â– â– â– â– â– â– â– â– â– â– â– â– â– â– â– â– â– â– â– â– â– â– â– â– â– â–                         |  70% of 169.8 MiB
test	Install Dependencies	2026-01-05T12:43:35.6129908Z |â– â– â– â– â– â– â– â– â– â– â– â– â– â– â– â– â– â– â– â– â– â– â– â– â– â– â– â– â– â– â– â– â– â– â– â– â– â– â– â– â– â– â– â– â– â– â– â– â– â– â– â– â– â– â– â– â– â– â– â– â– â– â– â–                 |  80% of 169.8 MiB
test	Install Dependencies	2026-01-05T12:43:35.7546001Z |â– â– â– â– â– â– â– â– â– â– â– â– â– â– â– â– â– â– â– â– â– â– â– â– â– â– â– â– â– â– â– â– â– â– â– â– â– â– â– â– â– â– â– â– â– â– â– â– â– â– â– â– â– â– â– â– â– â– â– â– â– â– â– â– â– â– â– â– â– â– â– â–         |  90% of 169.8 MiB
test	Install Dependencies	2026-01-05T12:43:35.8932686Z |â– â– â– â– â– â– â– â– â– â– â– â– â– â– â– â– â– â– â– â– â– â– â– â– â– â– â– â– â– â– â– â– â– â– â– â– â– â– â– â– â– â– â– â– â– â– â– â– â– â– â– â– â– â– â– â– â– â– â– â– â– â– â– â– â– â– â– â– â– â– â– â– â– â– â– â– â– â– â– â– | 100% of 169.8 MiB
test	Install Dependencies	2026-01-05T12:43:41.1450130Z Chromium 143.0.7499.4 (playwright build v1200) downloaded to C:\Users\runneradmin\AppData\Local\ms-playwright\chromium-1200
test	Install Dependencies	2026-01-05T12:43:41.1458594Z Downloading FFMPEG playwright build v1011[2m from https://cdn.playwright.dev/dbazure/download/playwright/builds/ffmpeg/1011/ffmpeg-win64.zip[22m
test	Install Dependencies	2026-01-05T12:43:41.3741654Z |                                                                                |   1% of 1.3 MiB
test	Install Dependencies	2026-01-05T12:43:41.3838365Z |â– â– â– â– â– â– â– â–                                                                         |  10% of 1.3 MiB
test	Install Dependencies	2026-01-05T12:43:41.3891481Z |â– â– â– â– â– â– â– â– â– â– â– â– â– â– â– â–                                                                 |  20% of 1.3 MiB
test	Install Dependencies	2026-01-05T12:43:41.3926842Z |â– â– â– â– â– â– â– â– â– â– â– â– â– â– â– â– â– â– â– â– â– â– â– â–                                                         |  30% of 1.3 MiB
test	Install Dependencies	2026-01-05T12:43:41.3959532Z |â– â– â– â– â– â– â– â– â– â– â– â– â– â– â– â– â– â– â– â– â– â– â– â– â– â– â– â– â– â– â– â–                                                 |  40% of 1.3 MiB
test	Install Dependencies	2026-01-05T12:43:41.3984211Z |â– â– â– â– â– â– â– â– â– â– â– â– â– â– â– â– â– â– â– â– â– â– â– â– â– â– â– â– â– â– â– â– â– â– â– â– â– â– â– â–                                         |  51% of 1.3 MiB
test	Install Dependencies	2026-01-05T12:43:41.4008202Z |â– â– â– â– â– â– â– â– â– â– â– â– â– â– â– â– â– â– â– â– â– â– â– â– â– â– â– â– â– â– â– â– â– â– â– â– â– â– â– â– â– â– â– â– â– â– â– â–                                 |  60% of 1.3 MiB
test	Install Dependencies	2026-01-05T12:43:41.4039680Z |â– â– â– â– â– â– â– â– â– â– â– â– â– â– â– â– â– â– â– â– â– â– â– â– â– â– â– â– â– â– â– â– â– â– â– â– â– â– â– â– â– â– â– â– â– â– â– â– â– â– â– â– â– â– â– â–                         |  70% of 1.3 MiB
test	Install Dependencies	2026-01-05T12:43:41.4059184Z |â– â– â– â– â– â– â– â– â– â– â– â– â– â– â– â– â– â– â– â– â– â– â– â– â– â– â– â– â– â– â– â– â– â– â– â– â– â– â– â– â– â– â– â– â– â– â– â– â– â– â– â– â– â– â– â– â– â– â– â– â– â– â– â–                 |  80% of 1.3 MiB
test	Install Dependencies	2026-01-05T12:43:41.4080536Z |â– â– â– â– â– â– â– â– â– â– â– â– â– â– â– â– â– â– â– â– â– â– â– â– â– â– â– â– â– â– â– â– â– â– â– â– â– â– â– â– â– â– â– â– â– â– â– â– â– â– â– â– â– â– â– â– â– â– â– â– â– â– â– â– â– â– â– â– â– â– â– â–         |  90% of 1.3 MiB
test	Install Dependencies	2026-01-05T12:43:41.4104499Z |â– â– â– â– â– â– â– â– â– â– â– â– â– â– â– â– â– â– â– â– â– â– â– â– â– â– â– â– â– â– â– â– â– â– â– â– â– â– â– â– â– â– â– â– â– â– â– â– â– â– â– â– â– â– â– â– â– â– â– â– â– â– â– â– â– â– â– â– â– â– â– â– â– â– â– â– â– â– â– â– | 100% of 1.3 MiB
test	Install Dependencies	2026-01-05T12:43:41.4824584Z FFMPEG playwright build v1011 downloaded to C:\Users\runneradmin\AppData\Local\ms-playwright\ffmpeg-1011
test	Install Dependencies	2026-01-05T12:43:41.4832365Z Downloading Chromium Headless Shell 143.0.7499.4 (playwright build v1200)[2m from https://cdn.playwright.dev/dbazure/download/playwright/builds/chromium/1200/chromium-headless-shell-win64.zip[22m
test	Install Dependencies	2026-01-05T12:43:41.7358966Z |                                                                                |   0% of 107.2 MiB
test	Install Dependencies	2026-01-05T12:43:41.9294721Z |â– â– â– â– â– â– â– â–                                                                         |  10% of 107.2 MiB
test	Install Dependencies	2026-01-05T12:43:42.0938766Z |â– â– â– â– â– â– â– â– â– â– â– â– â– â– â– â–                                                                 |  20% of 107.2 MiB
test	Install Dependencies	2026-01-05T12:43:42.2037553Z |â– â– â– â– â– â– â– â– â– â– â– â– â– â– â– â– â– â– â– â– â– â– â– â–                                                         |  30% of 107.2 MiB
test	Install Dependencies	2026-01-05T12:43:42.3143819Z |â– â– â– â– â– â– â– â– â– â– â– â– â– â– â– â– â– â– â– â– â– â– â– â– â– â– â– â– â– â– â– â–                                                 |  40% of 107.2 MiB
test	Install Dependencies	2026-01-05T12:43:42.4245881Z |â– â– â– â– â– â– â– â– â– â– â– â– â– â– â– â– â– â– â– â– â– â– â– â– â– â– â– â– â– â– â– â– â– â– â– â– â– â– â– â–                                         |  50% of 107.2 MiB
test	Install Dependencies	2026-01-05T12:43:42.5276210Z |â– â– â– â– â– â– â– â– â– â– â– â– â– â– â– â– â– â– â– â– â– â– â– â– â– â– â– â– â– â– â– â– â– â– â– â– â– â– â– â– â– â– â– â– â– â– â– â–                                 |  60% of 107.2 MiB
test	Install Dependencies	2026-01-05T12:43:42.6518039Z |â– â– â– â– â– â– â– â– â– â– â– â– â– â– â– â– â– â– â– â– â– â– â– â– â– â– â– â– â– â– â– â– â– â– â– â– â– â– â– â– â– â– â– â– â– â– â– â– â– â– â– â– â– â– â– â–                         |  70% of 107.2 MiB
test	Install Dependencies	2026-01-05T12:43:42.7473639Z |â– â– â– â– â– â– â– â– â– â– â– â– â– â– â– â– â– â– â– â– â– â– â– â– â– â– â– â– â– â– â– â– â– â– â– â– â– â– â– â– â– â– â– â– â– â– â– â– â– â– â– â– â– â– â– â– â– â– â– â– â– â– â– â–                 |  80% of 107.2 MiB
test	Install Dependencies	2026-01-05T12:43:42.8530827Z |â– â– â– â– â– â– â– â– â– â– â– â– â– â– â– â– â– â– â– â– â– â– â– â– â– â– â– â– â– â– â– â– â– â– â– â– â– â– â– â– â– â– â– â– â– â– â– â– â– â– â– â– â– â– â– â– â– â– â– â– â– â– â– â– â– â– â– â– â– â– â– â–         |  90% of 107.2 MiB
test	Install Dependencies	2026-01-05T12:43:42.9537369Z |â– â– â– â– â– â– â– â– â– â– â– â– â– â– â– â– â– â– â– â– â– â– â– â– â– â– â– â– â– â– â– â– â– â– â– â– â– â– â– â– â– â– â– â– â– â– â– â– â– â– â– â– â– â– â– â– â– â– â– â– â– â– â– â– â– â– â– â– â– â– â– â– â– â– â– â– â– â– â– â– | 100% of 107.2 MiB
test	Install Dependencies	2026-01-05T12:43:46.9117288Z Chromium Headless Shell 143.0.7499.4 (playwright build v1200) downloaded to C:\Users\runneradmin\AppData\Local\ms-playwright\chromium_headless_shell-1200
test	Install Dependencies	2026-01-05T12:43:46.9125186Z Downloading Winldd playwright build v1007[2m from https://cdn.playwright.dev/dbazure/download/playwright/builds/winldd/1007/winldd-win64.zip[22m
test	Install Dependencies	2026-01-05T12:43:47.1716885Z |                                                                                |   1% of 0.1 MiB
test	Install Dependencies	2026-01-05T12:43:47.1731238Z |â– â– â– â– â– â– â– â–                                                                         |  10% of 0.1 MiB
test	Install Dependencies	2026-01-05T12:43:47.1738886Z |â– â– â– â– â– â– â– â– â– â– â– â– â– â– â– â–                                                                 |  24% of 0.1 MiB
test	Install Dependencies	2026-01-05T12:43:47.1755251Z |â– â– â– â– â– â– â– â– â– â– â– â– â– â– â– â– â– â– â– â– â– â– â– â–                                                         |  37% of 0.1 MiB
test	Install Dependencies	2026-01-05T12:43:47.1760909Z |â– â– â– â– â– â– â– â– â– â– â– â– â– â– â– â– â– â– â– â– â– â– â– â– â– â– â– â– â– â– â– â– â– â– â– â– â– â– â– â–                                         |  50% of 0.1 MiB
test	Install Dependencies	2026-01-05T12:43:47.1764715Z |â– â– â– â– â– â– â– â– â– â– â– â– â– â– â– â– â– â– â– â– â– â– â– â– â– â– â– â– â– â– â– â– â– â– â– â– â– â– â– â– â– â– â– â– â– â– â– â–                                 |  60% of 0.1 MiB
test	Install Dependencies	2026-01-05T12:43:47.1765770Z |â– â– â– â– â– â– â– â– â– â– â– â– â– â– â– â– â– â– â– â– â– â– â– â– â– â– â– â– â– â– â– â– â– â– â– â– â– â– â– â– â– â– â– â– â– â– â– â– â– â– â– â– â– â– â– â–                         |  73% of 0.1 MiB
test	Install Dependencies	2026-01-05T12:43:47.1792796Z |â– â– â– â– â– â– â– â– â– â– â– â– â– â– â– â– â– â– â– â– â– â– â– â– â– â– â– â– â– â– â– â– â– â– â– â– â– â– â– â– â– â– â– â– â– â– â– â– â– â– â– â– â– â– â– â– â– â– â– â– â– â– â– â–                 |  85% of 0.1 MiB
test	Install Dependencies	2026-01-05T12:43:47.1795882Z |â– â– â– â– â– â– â– â– â– â– â– â– â– â– â– â– â– â– â– â– â– â– â– â– â– â– â– â– â– â– â– â– â– â– â– â– â– â– â– â– â– â– â– â– â– â– â– â– â– â– â– â– â– â– â– â– â– â– â– â– â– â– â– â– â– â– â– â– â– â– â– â–         |  98% of 0.1 MiB
test	Install Dependencies	2026-01-05T12:43:47.1799984Z |â– â– â– â– â– â– â– â– â– â– â– â– â– â– â– â– â– â– â– â– â– â– â– â– â– â– â– â– â– â– â– â– â– â– â– â– â– â– â– â– â– â– â– â– â– â– â– â– â– â– â– â– â– â– â– â– â– â– â– â– â– â– â– â– â– â– â– â– â– â– â– â– â– â– â– â– â– â– â– â– | 100% of 0.1 MiB
test	Install Dependencies	2026-01-05T12:43:47.2047728Z Winldd playwright build v1007 downloaded to C:\Users\runneradmin\AppData\Local\ms-playwright\winldd-1007
test	Run Playwright Tests	ï»¿2026-01-05T12:43:48.2044229Z ##[group]Run npx playwright test
test	Run Playwright Tests	2026-01-05T12:43:48.2044682Z [36;1mnpx playwright test[0m
test	Run Playwright Tests	2026-01-05T12:43:48.2120035Z shell: C:\Program Files\PowerShell\7\pwsh.EXE -command ". '{0}'"
test	Run Playwright Tests	2026-01-05T12:43:48.2120407Z env:
test	Run Playwright Tests	2026-01-05T12:43:48.2120657Z   CARGO_HOME: C:\Users\runneradmin\.cargo
test	Run Playwright Tests	2026-01-05T12:43:48.2120974Z   CARGO_INCREMENTAL: 0
test	Run Playwright Tests	2026-01-05T12:43:48.2121230Z   CARGO_TERM_COLOR: always
test	Run Playwright Tests	2026-01-05T12:43:48.2121490Z   CACHE_ON_FAILURE: false
test	Run Playwright Tests	2026-01-05T12:43:48.2121859Z   WEBVIEW2_ADDITIONAL_BROWSER_ARGUMENTS: --remote-debugging-port=9222
test	Run Playwright Tests	2026-01-05T12:43:48.2122232Z   CI: true
test	Run Playwright Tests	2026-01-05T12:43:48.2122453Z ##[endgroup]
test	Run Playwright Tests	2026-01-05T12:43:53.0301402Z [2m[WebServer] [22m     Running BeforeDevCommand (`npm run dev`)
test	Run Playwright Tests	2026-01-05T12:43:56.0709547Z 
test	Run Playwright Tests	2026-01-05T12:43:56.0710347Z Running 21 tests using 1 worker
test	Run Playwright Tests	2026-01-05T12:43:57.0672890Z [2m[WebServer] [22m     Running DevCommand (`cargo  run --no-default-features --color always --`)
test	Run Playwright Tests	2026-01-05T12:43:57.3575532Z [2m[WebServer] [22m        Info Watching D:\a\screen_inu\screen_inu\app\src-tauri for changes...
test	Run Playwright Tests	2026-01-05T12:43:57.8441650Z Connecting to Tauri app via CDP...
test	Run Playwright Tests	2026-01-05T12:43:57.9033542Z Connection attempt 0 failed. Waiting...
test	Run Playwright Tests	2026-01-05T12:44:03.0554955Z [2m[WebServer] [22m[1m[92m    Updating[0m crates.io index
test	Run Playwright Tests	2026-01-05T12:44:08.0114629Z Connection attempt 10 failed. Waiting...
test	Run Playwright Tests	2026-01-05T12:44:18.3558295Z Connection attempt 20 failed. Waiting...
test	Run Playwright Tests	2026-01-05T12:44:26.6191231Z [2m[WebServer] [22m[1m[96m       Fetch[0m [=====>                           ] 0 compleâ€¦
test	Run Playwright Tests	2026-01-05T12:44:28.2893558Z [2m[WebServer] [22m                                                            
test	Run Playwright Tests	2026-01-05T12:44:28.2895301Z [2m[WebServer] [22m[1m[92m   Compiling[0m screen-inu v0.2.3 (D:\a\screen_inu\screen_inu\app\src-tauri)
test	Run Playwright Tests	2026-01-05T12:44:28.5439064Z Connection attempt 30 failed. Waiting...
test	Run Playwright Tests	2026-01-05T12:44:38.6353527Z Connection attempt 40 failed. Waiting...
test	Run Playwright Tests	2026-01-05T12:44:48.7311092Z Connection attempt 50 failed. Waiting...
test	Run Playwright Tests	2026-01-05T12:44:52.8346084Z [2m[WebServer] [22m[1m[96m    Building[0m [=======================> ] 686/690: screen-â€¦
test	Run Playwright Tests	2026-01-05T12:44:53.9334060Z [2m[WebServer] [22m[1m[96m    Building[0m [=======================> ] 687/690: screen-â€¦
test	Run Playwright Tests	2026-01-05T12:44:58.8418326Z Connection attempt 60 failed. Waiting...
test	Run Playwright Tests	2026-01-05T12:45:08.9613003Z Connection attempt 70 failed. Waiting...
test	Run Playwright Tests	2026-01-05T12:45:19.0302565Z Connection attempt 80 failed. Waiting...
test	Run Playwright Tests	2026-01-05T12:45:29.2723468Z Connection attempt 90 failed. Waiting...
test	Run Playwright Tests	2026-01-05T12:45:39.3685460Z Connection attempt 100 failed. Waiting...
test	Run Playwright Tests	2026-01-05T12:45:40.6023027Z [2m[WebServer] [22m[1m[96m    Building[0m [=======================> ] 688/690: screen-â€¦
test	Run Playwright Tests	2026-01-05T12:45:46.0477746Z [2m[WebServer] [22m[1m[96m    Building[0m [=======================> ] 689/690: screen-â€¦
test	Run Playwright Tests	2026-01-05T12:45:46.0478382Z [2m[WebServer] [22m                                                            
test	Run Playwright Tests	2026-01-05T12:45:46.0478933Z [1m[92m    Finished[0m `dev` profile [unoptimized + debuginfo] target(s) in 1m 48s
test	Run Playwright Tests	2026-01-05T12:45:46.0924763Z [2m[WebServer] [22m[1m[92m     Running[0m `target\debug\screen-inu.exe`
test	Run Playwright Tests	2026-01-05T12:45:49.4622344Z Connection attempt 110 failed. Waiting...
test	Run Playwright Tests	2026-01-05T12:45:52.4334932Z Connected to CDP!
test	Run Playwright Tests	2026-01-05T12:45:52.4336135Z   [Setup] No URL match. Checking titles...
test	Run Playwright Tests	2026-01-05T12:45:52.4566906Z     - Checking Title: "" URL: about:blank
test	Run Playwright Tests	2026-01-05T12:45:52.4568603Z   [Setup] Warning: No app page found. Using 2nd page if available (often 1st is background).
test	Run Playwright Tests	2026-01-05T12:45:52.4571336Z   [Setup] Available pages:
test	Run Playwright Tests	2026-01-05T12:45:52.4595913Z     - Title: "", URL: about:blank
test	Run Playwright Tests	2026-01-05T12:45:52.4639618Z   [Setup] Selected page: "" (about:blank)
test	Run Playwright Tests	2026-01-05T12:45:53.7309169Z Â·Â·Â·Â·Â·  [Helper] Cleaning up existing modals (if any)
test	Run Playwright Tests	2026-01-05T12:45:53.7332041Z   [Helper] Finding Settings button
test	Run Playwright Tests	2026-01-05T12:45:53.7364387Z   [Helper] Clicking Settings button
test	Run Playwright Tests	2026-01-05T12:45:56.5602508Z   [Helper] Waiting for settings title
test	Run Playwright Tests	2026-01-05T12:45:56.8721303Z   [Helper] Closing settings modal
test	Run Playwright Tests	2026-01-05T12:45:57.5968705Z Â·  [Helper] Cleaning up existing modals (if any)
test	Run Playwright Tests	2026-01-05T12:45:57.5997897Z   [Helper] Finding Settings button
test	Run Playwright Tests	2026-01-05T12:45:57.6028507Z   [Helper] Clicking Settings button
test	Run Playwright Tests	2026-01-05T12:45:57.6862888Z   [Helper] Waiting for settings title
test	Run Playwright Tests	2026-01-05T12:45:58.0039869Z   [Helper] Closing settings modal
test	Run Playwright Tests	2026-01-05T12:45:58.4608730Z Â·  [Helper] Cleaning up existing modals (if any)
test	Run Playwright Tests	2026-01-05T12:45:58.4627507Z   [Helper] Finding Settings button
test	Run Playwright Tests	2026-01-05T12:45:58.4651217Z   [Helper] Clicking Settings button
test	Run Playwright Tests	2026-01-05T12:45:58.5745993Z   [Helper] Waiting for settings title
test	Run Playwright Tests	2026-01-05T12:45:58.8854574Z   [Helper] Closing settings modal
test	Run Playwright Tests	2026-01-05T12:45:59.3484003Z Â·  [Helper] Cleaning up existing modals (if any)
test	Run Playwright Tests	2026-01-05T12:45:59.3504073Z   [Helper] Finding Settings button
test	Run Playwright Tests	2026-01-05T12:45:59.3525721Z   [Helper] Clicking Settings button
test	Run Playwright Tests	2026-01-05T12:45:59.4322280Z   [Helper] Waiting for settings title
test	Run Playwright Tests	2026-01-05T12:45:59.7431695Z   [Helper] Closing settings modal
test	Run Playwright Tests	2026-01-05T12:46:00.2072416Z Â·  [Helper] Cleaning up existing modals (if any)
test	Run Playwright Tests	2026-01-05T12:46:00.2091765Z   [Helper] Finding Settings button
test	Run Playwright Tests	2026-01-05T12:46:00.2114186Z   [Helper] Clicking Settings button
test	Run Playwright Tests	2026-01-05T12:46:00.2845473Z   [Helper] Waiting for settings title
test	Run Playwright Tests	2026-01-05T12:46:00.5948369Z   [Helper] Closing settings modal
test	Run Playwright Tests	2026-01-05T12:46:01.1752320Z Â·Step 1: Starting test
test	Run Playwright Tests	2026-01-05T12:46:01.2422622Z Step 2: Opening settings
test	Run Playwright Tests	2026-01-05T12:46:01.2423212Z   [Helper] Cleaning up existing modals (if any)
test	Run Playwright Tests	2026-01-05T12:46:01.2448336Z   [Helper] Finding Settings button
test	Run Playwright Tests	2026-01-05T12:46:01.2474942Z   [Helper] Clicking Settings button
test	Run Playwright Tests	2026-01-05T12:46:01.3390479Z   [Helper] Waiting for settings title
test	Run Playwright Tests	2026-01-05T12:46:02.2060472Z Step 3: Clicking Manage button
test	Run Playwright Tests	2026-01-05T12:46:03.4389018Z Step 4: Verifying search result
test	Run Playwright Tests	2026-01-05T12:46:04.5403071Z Step 5: Closing Manager
test	Run Playwright Tests	2026-01-05T12:46:05.0972623Z Step 6: Final check
test	Run Playwright Tests	2026-01-05T12:46:05.0973143Z   [Helper] Closing settings modal
test	Run Playwright Tests	2026-01-05T12:46:05.4473569Z Test complete!
test	Run Playwright Tests	2026-01-05T12:46:05.4777241Z Â·Found 4 buttons with SVG icons
test	Run Playwright Tests	2026-01-05T12:46:54.5695094Z Â·Â·Â·Â·Â·Â·Â·Â·Ã—Ã—F[Setup] Connecting to Tauri app via CDP...
test	Run Playwright Tests	2026-01-05T12:46:54.6547381Z [Setup] Connected to CDP!
test	Run Playwright Tests	2026-01-05T12:46:54.6664611Z [Setup] Selected page: "Screen Inu"
test	Run Playwright Tests	2026-01-05T12:46:55.0113180Z [Test] Injecting mock history item...
test	Run Playwright Tests	2026-01-05T12:46:56.3768885Z [Test] Opening History Drawer...
test	Run Playwright Tests	2026-01-05T12:46:56.9727610Z [Test] Clicking history item...
test	Run Playwright Tests	2026-01-05T12:46:57.4210769Z [Test] Verifying TTS button...
test	Run Playwright Tests	2026-01-05T12:46:57.5399785Z [Test] Clicking Speak...
test	Run Playwright Tests	2026-01-05T12:46:58.4459191Z [Test] Clicking Stop...
test	Run Playwright Tests	2026-01-05T12:47:10.1950566Z Ã—[Setup] Connecting to Tauri app via CDP...
test	Run Playwright Tests	2026-01-05T12:47:10.2925869Z [Setup] Connected to CDP!
test	Run Playwright Tests	2026-01-05T12:47:10.2995862Z [Setup] Selected page: "Screen Inu"
test	Run Playwright Tests	2026-01-05T12:47:10.9012235Z [Test] Injecting mock history item...
test	Run Playwright Tests	2026-01-05T12:48:15.4706536Z Ã—[Setup] Connecting to Tauri app via CDP...
test	Run Playwright Tests	2026-01-05T12:48:15.5310289Z [Setup] Connected to CDP!
test	Run Playwright Tests	2026-01-05T12:48:15.5417332Z [Setup] Selected page: "Screen Inu"
test	Run Playwright Tests	2026-01-05T12:48:15.8900913Z [Test] Injecting mock history item...
test	Run Playwright Tests	2026-01-05T12:48:17.0774827Z [Test] Opening History Drawer...
test	Run Playwright Tests	2026-01-05T12:48:17.6565112Z [Test] Clicking history item...
test	Run Playwright Tests	2026-01-05T12:48:17.7211644Z [Test] Verifying TTS button...
test	Run Playwright Tests	2026-01-05T12:48:17.8415447Z [Test] Clicking Speak...
test	Run Playwright Tests	2026-01-05T12:48:18.7442021Z [Test] Clicking Stop...
test	Run Playwright Tests	2026-01-05T12:48:19.5422156Z Â±
test	Run Playwright Tests	2026-01-05T12:48:19.5435886Z 
test	Run Playwright Tests	2026-01-05T12:48:19.5453414Z   1) e2e\playwright\translation_settings.spec.ts:69:5 â€º Translation Settings â€º should perform online translation and display result 
test	Run Playwright Tests	2026-01-05T12:48:19.5454436Z 
test	Run Playwright Tests	2026-01-05T12:48:19.5455150Z     Error: [2mexpect([22m[31mlocator[39m[2m).[22mtoBeVisible[2m([22m[2m)[22m failed
test	Run Playwright Tests	2026-01-05T12:48:19.5455734Z 
test	Run Playwright Tests	2026-01-05T12:48:19.5456000Z     Locator: getByText('HELLO DOGE')
test	Run Playwright Tests	2026-01-05T12:48:19.5458578Z     Expected: visible
test	Run Playwright Tests	2026-01-05T12:48:19.5459068Z     Timeout: 10000ms
test	Run Playwright Tests	2026-01-05T12:48:19.5459711Z     Error: element(s) not found
test	Run Playwright Tests	2026-01-05T12:48:19.5460021Z 
test	Run Playwright Tests	2026-01-05T12:48:19.5460156Z     Call log:
test	Run Playwright Tests	2026-01-05T12:48:19.5460873Z     [2m  - Expect "toBeVisible" with timeout 10000ms[22m
test	Run Playwright Tests	2026-01-05T12:48:19.5461697Z     [2m  - waiting for getByText('HELLO DOGE')[22m
test	Run Playwright Tests	2026-01-05T12:48:19.5462137Z 
test	Run Playwright Tests	2026-01-05T12:48:19.5462150Z 
test	Run Playwright Tests	2026-01-05T12:48:19.5462298Z        97 |
test	Run Playwright Tests	2026-01-05T12:48:19.5462794Z        98 |         const item = page.getByText('HELLO DOGE');
test	Run Playwright Tests	2026-01-05T12:48:19.5463405Z     >  99 |         await expect(item).toBeVisible();
test	Run Playwright Tests	2026-01-05T12:48:19.5463991Z           |                            ^
test	Run Playwright Tests	2026-01-05T12:48:19.5464575Z       100 |         await item.click();
test	Run Playwright Tests	2026-01-05T12:48:19.5465054Z       101 |
test	Run Playwright Tests	2026-01-05T12:48:19.5465453Z       102 |         // 4. Click Translate
test	Run Playwright Tests	2026-01-05T12:48:19.5466228Z         at D:\a\screen_inu\screen_inu\app\e2e\playwright\translation_settings.spec.ts:99:28
test	Run Playwright Tests	2026-01-05T12:48:19.5466766Z 
test	Run Playwright Tests	2026-01-05T12:48:19.5467766Z     Error Context: test-results\translation_settings-Trans-59209-nslation-and-display-result\error-context.md
test	Run Playwright Tests	2026-01-05T12:48:19.5468499Z 
test	Run Playwright Tests	2026-01-05T12:48:19.5469185Z     Retry #1 â”€â”€â”€â”€â”€â”€â”€â”€â”€â”€â”€â”€â”€â”€â”€â”€â”€â”€â”€â”€â”€â”€â”€â”€â”€â”€â”€â”€â”€â”€â”€â”€â”€â”€â”€â”€â”€â”€â”€â”€â”€â”€â”€â”€â”€â”€â”€â”€â”€â”€â”€â”€â”€â”€â”€â”€â”€â”€â”€â”€â”€â”€â”€â”€â”€â”€â”€â”€â”€â”€â”€â”€â”€â”€â”€â”€â”€â”€â”€â”€â”€â”€â”€â”€â”€â”€â”€
test	Run Playwright Tests	2026-01-05T12:48:19.5469616Z 
test	Run Playwright Tests	2026-01-05T12:48:19.5470236Z     Error: [2mexpect([22m[31mlocator[39m[2m).[22mtoBeVisible[2m([22m[2m)[22m failed
test	Run Playwright Tests	2026-01-05T12:48:19.5470727Z 
test	Run Playwright Tests	2026-01-05T12:48:19.5470962Z     Locator: getByText('HELLO DOGE')
test	Run Playwright Tests	2026-01-05T12:48:19.5494705Z     Expected: visible
test	Run Playwright Tests	2026-01-05T12:48:19.5495207Z     Timeout: 10000ms
test	Run Playwright Tests	2026-01-05T12:48:19.5495652Z     Error: element(s) not found
test	Run Playwright Tests	2026-01-05T12:48:19.5495919Z 
test	Run Playwright Tests	2026-01-05T12:48:19.5496051Z     Call log:
test	Run Playwright Tests	2026-01-05T12:48:19.5496688Z     [2m  - Expect "toBeVisible" with timeout 10000ms[22m
test	Run Playwright Tests	2026-01-05T12:48:19.5497455Z     [2m  - waiting for getByText('HELLO DOGE')[22m
test	Run Playwright Tests	2026-01-05T12:48:19.5497884Z 
test	Run Playwright Tests	2026-01-05T12:48:19.5497895Z 
test	Run Playwright Tests	2026-01-05T12:48:19.5498035Z        97 |
test	Run Playwright Tests	2026-01-05T12:48:19.5498527Z        98 |         const item = page.getByText('HELLO DOGE');
test	Run Playwright Tests	2026-01-05T12:48:19.5499168Z     >  99 |         await expect(item).toBeVisible();
test	Run Playwright Tests	2026-01-05T12:48:19.5499763Z           |                            ^
test	Run Playwright Tests	2026-01-05T12:48:19.5500310Z       100 |         await item.click();
test	Run Playwright Tests	2026-01-05T12:48:19.5500775Z       101 |
test	Run Playwright Tests	2026-01-05T12:48:19.5501187Z       102 |         // 4. Click Translate
test	Run Playwright Tests	2026-01-05T12:48:19.5501950Z         at D:\a\screen_inu\screen_inu\app\e2e\playwright\translation_settings.spec.ts:99:28
test	Run Playwright Tests	2026-01-05T12:48:19.5502485Z 
test	Run Playwright Tests	2026-01-05T12:48:19.5503263Z     Error Context: test-results\translation_settings-Trans-59209-nslation-and-display-result-retry1\error-context.md
test	Run Playwright Tests	2026-01-05T12:48:19.5504026Z 
test	Run Playwright Tests	2026-01-05T12:48:19.5504723Z     attachment #2: trace (application/zip) â”€â”€â”€â”€â”€â”€â”€â”€â”€â”€â”€â”€â”€â”€â”€â”€â”€â”€â”€â”€â”€â”€â”€â”€â”€â”€â”€â”€â”€â”€â”€â”€â”€â”€â”€â”€â”€â”€â”€â”€â”€â”€â”€â”€â”€â”€â”€â”€â”€â”€â”€â”€â”€â”€â”€â”€â”€
test	Run Playwright Tests	2026-01-05T12:48:19.5505911Z     test-results\translation_settings-Trans-59209-nslation-and-display-result-retry1\trace.zip
test	Run Playwright Tests	2026-01-05T12:48:19.5506736Z     Usage:
test	Run Playwright Tests	2026-01-05T12:48:19.5506913Z 
test	Run Playwright Tests	2026-01-05T12:48:19.5508018Z         npx playwright show-trace test-results\translation_settings-Trans-59209-nslation-and-display-result-retry1\trace.zip
test	Run Playwright Tests	2026-01-05T12:48:19.5508869Z 
test	Run Playwright Tests	2026-01-05T12:48:19.5509495Z     â”€â”€â”€â”€â”€â”€â”€â”€â”€â”€â”€â”€â”€â”€â”€â”€â”€â”€â”€â”€â”€â”€â”€â”€â”€â”€â”€â”€â”€â”€â”€â”€â”€â”€â”€â”€â”€â”€â”€â”€â”€â”€â”€â”€â”€â”€â”€â”€â”€â”€â”€â”€â”€â”€â”€â”€â”€â”€â”€â”€â”€â”€â”€â”€â”€â”€â”€â”€â”€â”€â”€â”€â”€â”€â”€â”€â”€â”€â”€â”€â”€â”€â”€â”€â”€â”€â”€â”€â”€â”€â”€â”€â”€â”€â”€â”€
test	Run Playwright Tests	2026-01-05T12:48:19.5509929Z 
test	Run Playwright Tests	2026-01-05T12:48:19.5510493Z     Retry #2 â”€â”€â”€â”€â”€â”€â”€â”€â”€â”€â”€â”€â”€â”€â”€â”€â”€â”€â”€â”€â”€â”€â”€â”€â”€â”€â”€â”€â”€â”€â”€â”€â”€â”€â”€â”€â”€â”€â”€â”€â”€â”€â”€â”€â”€â”€â”€â”€â”€â”€â”€â”€â”€â”€â”€â”€â”€â”€â”€â”€â”€â”€â”€â”€â”€â”€â”€â”€â”€â”€â”€â”€â”€â”€â”€â”€â”€â”€â”€â”€â”€â”€â”€â”€â”€â”€â”€
test	Run Playwright Tests	2026-01-05T12:48:19.5510953Z 
test	Run Playwright Tests	2026-01-05T12:48:19.5511614Z     Error: [2mexpect([22m[31mlocator[39m[2m).[22mtoBeVisible[2m([22m[2m)[22m failed
test	Run Playwright Tests	2026-01-05T12:48:19.5512150Z 
test	Run Playwright Tests	2026-01-05T12:48:19.5512418Z     Locator: getByText('HELLO DOGE')
test	Run Playwright Tests	2026-01-05T12:48:19.5512918Z     Expected: visible
test	Run Playwright Tests	2026-01-05T12:48:19.5513317Z     Timeout: 10000ms
test	Run Playwright Tests	2026-01-05T12:48:19.5514052Z     Error: element(s) not found
test	Run Playwright Tests	2026-01-05T12:48:19.5514362Z 
test	Run Playwright Tests	2026-01-05T12:48:19.5514506Z     Call log:
test	Run Playwright Tests	2026-01-05T12:48:19.5515223Z     [2m  - Expect "toBeVisible" with timeout 10000ms[22m
test	Run Playwright Tests	2026-01-05T12:48:19.5516030Z     [2m  - waiting for getByText('HELLO DOGE')[22m
test	Run Playwright Tests	2026-01-05T12:48:19.5516462Z 
test	Run Playwright Tests	2026-01-05T12:48:19.5516475Z 
test	Run Playwright Tests	2026-01-05T12:48:19.5516631Z        97 |
test	Run Playwright Tests	2026-01-05T12:48:19.5517127Z        98 |         const item = page.getByText('HELLO DOGE');
test	Run Playwright Tests	2026-01-05T12:48:19.5517738Z     >  99 |         await expect(item).toBeVisible();
test	Run Playwright Tests	2026-01-05T12:48:19.5518274Z           |                            ^
test	Run Playwright Tests	2026-01-05T12:48:19.5519020Z       100 |         await item.click();
test	Run Playwright Tests	2026-01-05T12:48:19.5519462Z       101 |
test	Run Playwright Tests	2026-01-05T12:48:19.5519824Z       102 |         // 4. Click Translate
test	Run Playwright Tests	2026-01-05T12:48:19.5520568Z         at D:\a\screen_inu\screen_inu\app\e2e\playwright\translation_settings.spec.ts:99:28
test	Run Playwright Tests	2026-01-05T12:48:19.5521082Z 
test	Run Playwright Tests	2026-01-05T12:48:19.5521836Z     Error Context: test-results\translation_settings-Trans-59209-nslation-and-display-result-retry2\error-context.md
test	Run Playwright Tests	2026-01-05T12:48:19.5522602Z 
test	Run Playwright Tests	2026-01-05T12:48:19.5523438Z   2) e2e\playwright\tts.spec.ts:49:5 â€º TTS Feature â€º should verify TTS button visibility via history item load 
test	Run Playwright Tests	2026-01-05T12:48:19.5524080Z 
test	Run Playwright Tests	2026-01-05T12:48:19.5524841Z     Error: [2mexpect([22m[31mlocator[39m[2m).not.[22mtoHaveClass[2m([22m[32mexpected[39m[2m)[22m failed
test	Run Playwright Tests	2026-01-05T12:48:19.5525436Z 
test	Run Playwright Tests	2026-01-05T12:48:19.5525936Z     Locator: locator('button:has(svg.lucide-volume-2), button:has(svg.lucide-volume-x)')
test	Run Playwright Tests	2026-01-05T12:48:19.5526848Z     Expected pattern: not [32m/bg-\[#ff6b35\]/[39m
test	Run Playwright Tests	2026-01-05T12:48:19.5529808Z     Received string: [31m"p-1.5 border-2 border-[#0a0a0a] transition-colors shadow-[2px_2px_0px_#0a0a0a] hover:shadow-none hover:translate-x-[2px] hover:translate-y-[2px] focus:outline-none focus-visible:ring-2 focus-visible:ring-[#0a0a0a] focus-visible:ring-offset-2 [7mbg-[#ff6b35][27m text-white"[39m
test	Run Playwright Tests	2026-01-05T12:48:19.5531811Z     Timeout: 10000ms
test	Run Playwright Tests	2026-01-05T12:48:19.5532125Z 
test	Run Playwright Tests	2026-01-05T12:48:19.5532254Z     Call log:
test	Run Playwright Tests	2026-01-05T12:48:19.5532884Z     [2m  - Expect "not toHaveClass" with timeout 10000ms[22m
test	Run Playwright Tests	2026-01-05T12:48:19.5534023Z     [2m  - waiting for locator('button:has(svg.lucide-volume-2), button:has(svg.lucide-volume-x)')[22m
test	Run Playwright Tests	2026-01-05T12:48:19.5537363Z     [2m    14 Ã— locator resolved to <button title="Speak" aria-label="Speak" class="p-1.5 border-2 border-[#0a0a0a] transition-colors shadow-[2px_2px_0px_#0a0a0a] hover:shadow-none hover:translate-x-[2px] hover:translate-y-[2px] focus:outline-none focus-visible:ring-2 focus-visible:ring-[#0a0a0a] focus-visible:ring-offset-2 bg-[#ff6b35] text-white">â€¦</button>[22m
test	Run Playwright Tests	2026-01-05T12:48:19.5541515Z     [2m       - unexpected value "p-1.5 border-2 border-[#0a0a0a] transition-colors shadow-[2px_2px_0px_#0a0a0a] hover:shadow-none hover:translate-x-[2px] hover:translate-y-[2px] focus:outline-none focus-visible:ring-2 focus-visible:ring-[#0a0a0a] focus-visible:ring-offset-2 bg-[#ff6b35] text-white"[22m
test	Run Playwright Tests	2026-01-05T12:48:19.5543294Z 
test	Run Playwright Tests	2026-01-05T12:48:19.5543312Z 
test	Run Playwright Tests	2026-01-05T12:48:19.5543622Z       102 |         await speakerButton.click();
test	Run Playwright Tests	2026-01-05T12:48:19.5544309Z       103 |         await page.waitForTimeout(500);
test	Run Playwright Tests	2026-01-05T12:48:19.5545274Z     > 104 |         await expect(speakerButton).not.toHaveClass(/bg-\[#ff6b35\]/); // White bg (or hover) when inactive
test	Run Playwright Tests	2026-01-05T12:48:19.5546215Z           |                                         ^
test	Run Playwright Tests	2026-01-05T12:48:19.5546709Z       105 |     });
test	Run Playwright Tests	2026-01-05T12:48:19.5547131Z       106 | });
test	Run Playwright Tests	2026-01-05T12:48:19.5547508Z       107 |
test	Run Playwright Tests	2026-01-05T12:48:19.5548379Z         at D:\a\screen_inu\screen_inu\app\e2e\playwright\tts.spec.ts:104:41
test	Run Playwright Tests	2026-01-05T12:48:19.5548883Z 
test	Run Playwright Tests	2026-01-05T12:48:19.5549577Z     Error Context: test-results\tts-TTS-Feature-should-ver-8d211-ility-via-history-item-load\error-context.md
test	Run Playwright Tests	2026-01-05T12:48:19.5550676Z 
test	Run Playwright Tests	2026-01-05T12:48:19.5551279Z     Retry #1 â”€â”€â”€â”€â”€â”€â”€â”€â”€â”€â”€â”€â”€â”€â”€â”€â”€â”€â”€â”€â”€â”€â”€â”€â”€â”€â”€â”€â”€â”€â”€â”€â”€â”€â”€â”€â”€â”€â”€â”€â”€â”€â”€â”€â”€â”€â”€â”€â”€â”€â”€â”€â”€â”€â”€â”€â”€â”€â”€â”€â”€â”€â”€â”€â”€â”€â”€â”€â”€â”€â”€â”€â”€â”€â”€â”€â”€â”€â”€â”€â”€â”€â”€â”€â”€â”€â”€
test	Run Playwright Tests	2026-01-05T12:48:19.5551948Z 
test	Run Playwright Tests	2026-01-05T12:48:19.5552246Z     [31mTest timeout of 60000ms exceeded.[39m
test	Run Playwright Tests	2026-01-05T12:48:19.5552548Z 
test	Run Playwright Tests	2026-01-05T12:48:19.5552950Z     Error: page.waitForTimeout: Target page, context or browser has been closed
test	Run Playwright Tests	2026-01-05T12:48:19.5553439Z 
test	Run Playwright Tests	2026-01-05T12:48:19.5553613Z       63 |         // 2. Open History Drawer
test	Run Playwright Tests	2026-01-05T12:48:19.5554053Z       64 |         await page.reload();
test	Run Playwright Tests	2026-01-05T12:48:19.5554569Z     > 65 |         await page.waitForTimeout(1000);
test	Run Playwright Tests	2026-01-05T12:48:19.5555022Z          |                    ^
test	Run Playwright Tests	2026-01-05T12:48:19.5555520Z       66 |
test	Run Playwright Tests	2026-01-05T12:48:19.5555896Z       67 |         // Clicking the "Bone Stash" / History button
test	Run Playwright Tests	2026-01-05T12:48:19.5556444Z       68 |         console.log('[Test] Opening History Drawer...');
test	Run Playwright Tests	2026-01-05T12:48:19.5557077Z         at D:\a\screen_inu\screen_inu\app\e2e\playwright\tts.spec.ts:65:20
test	Run Playwright Tests	2026-01-05T12:48:19.5557508Z 
test	Run Playwright Tests	2026-01-05T12:48:19.5558190Z     Error Context: test-results\tts-TTS-Feature-should-ver-8d211-ility-via-history-item-load-retry1\error-context.md
test	Run Playwright Tests	2026-01-05T12:48:19.5558964Z 
test	Run Playwright Tests	2026-01-05T12:48:19.5559598Z     attachment #2: trace (application/zip) â”€â”€â”€â”€â”€â”€â”€â”€â”€â”€â”€â”€â”€â”€â”€â”€â”€â”€â”€â”€â”€â”€â”€â”€â”€â”€â”€â”€â”€â”€â”€â”€â”€â”€â”€â”€â”€â”€â”€â”€â”€â”€â”€â”€â”€â”€â”€â”€â”€â”€â”€â”€â”€â”€â”€â”€â”€
test	Run Playwright Tests	2026-01-05T12:48:19.5560688Z     test-results\tts-TTS-Feature-should-ver-8d211-ility-via-history-item-load-retry1\trace.zip
test	Run Playwright Tests	2026-01-05T12:48:19.5561415Z     Usage:
test	Run Playwright Tests	2026-01-05T12:48:19.5561558Z 
test	Run Playwright Tests	2026-01-05T12:48:19.5562264Z         npx playwright show-trace test-results\tts-TTS-Feature-should-ver-8d211-ility-via-history-item-load-retry1\trace.zip
test	Run Playwright Tests	2026-01-05T12:48:19.5563046Z 
test	Run Playwright Tests	2026-01-05T12:48:19.5563701Z     â”€â”€â”€â”€â”€â”€â”€â”€â”€â”€â”€â”€â”€â”€â”€â”€â”€â”€â”€â”€â”€â”€â”€â”€â”€â”€â”€â”€â”€â”€â”€â”€â”€â”€â”€â”€â”€â”€â”€â”€â”€â”€â”€â”€â”€â”€â”€â”€â”€â”€â”€â”€â”€â”€â”€â”€â”€â”€â”€â”€â”€â”€â”€â”€â”€â”€â”€â”€â”€â”€â”€â”€â”€â”€â”€â”€â”€â”€â”€â”€â”€â”€â”€â”€â”€â”€â”€â”€â”€â”€â”€â”€â”€â”€â”€â”€
test	Run Playwright Tests	2026-01-05T12:48:19.5564081Z 
test	Run Playwright Tests	2026-01-05T12:48:19.5564190Z   1 failed
test	Run Playwright Tests	2026-01-05T12:48:19.5565211Z     e2e\playwright\translation_settings.spec.ts:69:5 â€º Translation Settings â€º should perform online translation and display result 
test	Run Playwright Tests	2026-01-05T12:48:19.5566053Z   1 flaky
test	Run Playwright Tests	2026-01-05T12:48:19.5566776Z     e2e\playwright\tts.spec.ts:49:5 â€º TTS Feature â€º should verify TTS button visibility via history item load 
test	Run Playwright Tests	2026-01-05T12:48:19.5567451Z   19 passed (4.5m)
test	Run Playwright Tests	2026-01-05T12:48:19.7613022Z ##[error]Process completed with exit code 1.
test	Post Run actions/checkout@v4	ï»¿2026-01-05T12:48:19.7847963Z Post job cleanup.
test	Post Run actions/checkout@v4	2026-01-05T12:48:20.0704240Z [command]"C:\Program Files\Git\bin\git.exe" version
test	Post Run actions/checkout@v4	2026-01-05T12:48:20.1003801Z git version 2.52.0.windows.1
test	Post Run actions/checkout@v4	2026-01-05T12:48:20.1095755Z Temporarily overriding HOME='D:\a\_temp\af3d4139-0562-4c88-8799-ff7dbabe867d' before making global git config changes
test	Post Run actions/checkout@v4	2026-01-05T12:48:20.1097135Z Adding repository directory to the temporary git global config as a safe directory
test	Post Run actions/checkout@v4	2026-01-05T12:48:20.1108666Z [command]"C:\Program Files\Git\bin\git.exe" config --global --add safe.directory D:\a\screen_inu\screen_inu
test	Post Run actions/checkout@v4	2026-01-05T12:48:20.1473006Z [command]"C:\Program Files\Git\bin\git.exe" config --local --name-only --get-regexp core\.sshCommand
test	Post Run actions/checkout@v4	2026-01-05T12:48:20.1790877Z [command]"C:\Program Files\Git\bin\git.exe" submodule foreach --recursive "sh -c \"git config --local --name-only --get-regexp 'core\.sshCommand' && git config --local --unset-all 'core.sshCommand' || :\""
test	Post Run actions/checkout@v4	2026-01-05T12:48:20.8164304Z fatal: No url found for submodule path 'homebrew-screen-inu' in .gitmodules
test	Post Run actions/checkout@v4	2026-01-05T12:48:20.8293270Z ##[warning]The process 'C:\Program Files\Git\bin\git.exe' failed with exit code 128
test	Complete job	ï»¿2026-01-05T12:48:20.8428270Z Cleaning up orphan processes
