test	UNKNOWN STEP	ï»¿2026-01-05T13:24:20.2246074Z Current runner version: '2.330.0'
test	UNKNOWN STEP	2026-01-05T13:24:20.2283906Z ##[group]Runner Image Provisioner
test	UNKNOWN STEP	2026-01-05T13:24:20.2284892Z Hosted Compute Agent
test	UNKNOWN STEP	2026-01-05T13:24:20.2285701Z Version: 20251211.462
test	UNKNOWN STEP	2026-01-05T13:24:20.2288006Z Commit: 6cbad8c2bb55d58165063d031ccabf57e2d2db61
test	UNKNOWN STEP	2026-01-05T13:24:20.2289788Z Build Date: 2025-12-11T16:28:49Z
test	UNKNOWN STEP	2026-01-05T13:24:20.2291425Z Worker ID: {289cfa83-f9cf-47b4-83be-78e8447ef6b2}
test	UNKNOWN STEP	2026-01-05T13:24:20.2293186Z ##[endgroup]
test	UNKNOWN STEP	2026-01-05T13:24:20.2294105Z ##[group]Operating System
test	UNKNOWN STEP	2026-01-05T13:24:20.2295320Z Microsoft Windows Server 2025
test	UNKNOWN STEP	2026-01-05T13:24:20.2296093Z 10.0.26100
test	UNKNOWN STEP	2026-01-05T13:24:20.2296761Z Datacenter
test	UNKNOWN STEP	2026-01-05T13:24:20.2297257Z ##[endgroup]
test	UNKNOWN STEP	2026-01-05T13:24:20.2297807Z ##[group]Runner Image
test	UNKNOWN STEP	2026-01-05T13:24:20.2298411Z Image: windows-2025
test	UNKNOWN STEP	2026-01-05T13:24:20.2298941Z Version: 20251216.149.1
test	UNKNOWN STEP	2026-01-05T13:24:20.2301225Z Included Software: https://github.com/actions/runner-images/blob/win25/20251216.149/images/windows/Windows2025-Readme.md
test	UNKNOWN STEP	2026-01-05T13:24:20.2303002Z Image Release: https://github.com/actions/runner-images/releases/tag/win25%2F20251216.149
test	UNKNOWN STEP	2026-01-05T13:24:20.2303928Z ##[endgroup]
test	UNKNOWN STEP	2026-01-05T13:24:20.2305090Z ##[group]GITHUB_TOKEN Permissions
test	UNKNOWN STEP	2026-01-05T13:24:20.2307778Z Contents: read
test	UNKNOWN STEP	2026-01-05T13:24:20.2308306Z Metadata: read
test	UNKNOWN STEP	2026-01-05T13:24:20.2308765Z Packages: read
test	UNKNOWN STEP	2026-01-05T13:24:20.2309270Z ##[endgroup]
test	UNKNOWN STEP	2026-01-05T13:24:20.2312103Z Secret source: Actions
test	UNKNOWN STEP	2026-01-05T13:24:20.2313012Z Prepare workflow directory
test	UNKNOWN STEP	2026-01-05T13:24:20.2725260Z Prepare all required actions
test	UNKNOWN STEP	2026-01-05T13:24:20.2769124Z Getting action download info
test	UNKNOWN STEP	2026-01-05T13:24:20.6138558Z Download action repository 'actions/checkout@v4' (SHA:34e114876b0b11c390a56381ad16ebd13914f8d5)
test	UNKNOWN STEP	2026-01-05T13:24:21.4412610Z Download action repository 'actions/setup-node@v4' (SHA:49933ea5288caeca8642d1e84afbd3f7d6820020)
test	UNKNOWN STEP	2026-01-05T13:24:21.9227637Z Download action repository 'dtolnay/rust-toolchain@stable' (SHA:4be9e76fd7c4901c61fb841f559994984270fce7)
test	UNKNOWN STEP	2026-01-05T13:24:22.1278907Z Download action repository 'Swatinem/rust-cache@v2' (SHA:779680da715d629ac1d338a641029a2f4372abb5)
test	UNKNOWN STEP	2026-01-05T13:24:24.3813773Z Complete job name: test
test	UNKNOWN STEP	2026-01-05T13:24:26.3073934Z ##[group]Run actions/checkout@v4
test	UNKNOWN STEP	2026-01-05T13:24:26.3074681Z with:
test	UNKNOWN STEP	2026-01-05T13:24:26.3074920Z   repository: ImL1s/screen_inu
test	UNKNOWN STEP	2026-01-05T13:24:26.3075369Z   token: ***
test	UNKNOWN STEP	2026-01-05T13:24:26.3075606Z   ssh-strict: true
test	UNKNOWN STEP	2026-01-05T13:24:26.3075832Z   ssh-user: git
test	UNKNOWN STEP	2026-01-05T13:24:26.3076101Z   persist-credentials: true
test	UNKNOWN STEP	2026-01-05T13:24:26.3076383Z   clean: true
test	UNKNOWN STEP	2026-01-05T13:24:26.3076620Z   sparse-checkout-cone-mode: true
test	UNKNOWN STEP	2026-01-05T13:24:26.3076958Z   fetch-depth: 1
test	UNKNOWN STEP	2026-01-05T13:24:26.3077195Z   fetch-tags: false
test	UNKNOWN STEP	2026-01-05T13:24:26.3077448Z   show-progress: true
test	UNKNOWN STEP	2026-01-05T13:24:26.3077711Z   lfs: false
test	UNKNOWN STEP	2026-01-05T13:24:26.3077923Z   submodules: false
test	UNKNOWN STEP	2026-01-05T13:24:26.3078150Z   set-safe-directory: true
test	UNKNOWN STEP	2026-01-05T13:24:26.3078610Z ##[endgroup]
test	UNKNOWN STEP	2026-01-05T13:24:26.6906765Z Syncing repository: ImL1s/screen_inu
test	UNKNOWN STEP	2026-01-05T13:24:26.6908017Z ##[group]Getting Git version info
test	UNKNOWN STEP	2026-01-05T13:24:26.6908356Z Working directory is 'D:\a\screen_inu\screen_inu'
test	UNKNOWN STEP	2026-01-05T13:24:26.7818776Z [command]"C:\Program Files\Git\bin\git.exe" version
test	UNKNOWN STEP	2026-01-05T13:24:32.0847556Z git version 2.52.0.windows.1
test	UNKNOWN STEP	2026-01-05T13:24:32.0913347Z ##[endgroup]
test	UNKNOWN STEP	2026-01-05T13:24:32.0936101Z Temporarily overriding HOME='D:\a\_temp\5113cfca-03bb-445a-975e-3003367b427a' before making global git config changes
test	UNKNOWN STEP	2026-01-05T13:24:32.0937551Z Adding repository directory to the temporary git global config as a safe directory
test	UNKNOWN STEP	2026-01-05T13:24:32.0949778Z [command]"C:\Program Files\Git\bin\git.exe" config --global --add safe.directory D:\a\screen_inu\screen_inu
test	UNKNOWN STEP	2026-01-05T13:24:32.1315475Z Deleting the contents of 'D:\a\screen_inu\screen_inu'
test	UNKNOWN STEP	2026-01-05T13:24:32.1323797Z ##[group]Initializing the repository
test	UNKNOWN STEP	2026-01-05T13:24:32.1334390Z [command]"C:\Program Files\Git\bin\git.exe" init D:\a\screen_inu\screen_inu
test	UNKNOWN STEP	2026-01-05T13:24:33.1707046Z Initialized empty Git repository in D:/a/screen_inu/screen_inu/.git/
test	UNKNOWN STEP	2026-01-05T13:24:33.1766136Z [command]"C:\Program Files\Git\bin\git.exe" remote add origin https://github.com/ImL1s/screen_inu
test	UNKNOWN STEP	2026-01-05T13:24:33.2144879Z ##[endgroup]
test	UNKNOWN STEP	2026-01-05T13:24:33.2147093Z ##[group]Disabling automatic garbage collection
test	UNKNOWN STEP	2026-01-05T13:24:33.2162741Z [command]"C:\Program Files\Git\bin\git.exe" config --local gc.auto 0
test	UNKNOWN STEP	2026-01-05T13:24:33.2523065Z ##[endgroup]
test	UNKNOWN STEP	2026-01-05T13:24:33.2523883Z ##[group]Setting up auth
test	UNKNOWN STEP	2026-01-05T13:24:33.2540350Z [command]"C:\Program Files\Git\bin\git.exe" config --local --name-only --get-regexp core\.sshCommand
test	UNKNOWN STEP	2026-01-05T13:24:33.2891524Z [command]"C:\Program Files\Git\bin\git.exe" submodule foreach --recursive "sh -c \"git config --local --name-only --get-regexp 'core\.sshCommand' && git config --local --unset-all 'core.sshCommand' || :\""
test	UNKNOWN STEP	2026-01-05T13:24:36.0943153Z [command]"C:\Program Files\Git\bin\git.exe" config --local --name-only --get-regexp http\.https\:\/\/github\.com\/\.extraheader
test	UNKNOWN STEP	2026-01-05T13:24:36.1299241Z [command]"C:\Program Files\Git\bin\git.exe" submodule foreach --recursive "sh -c \"git config --local --name-only --get-regexp 'http\.https\:\/\/github\.com\/\.extraheader' && git config --local --unset-all 'http.https://github.com/.extraheader' || :\""
test	UNKNOWN STEP	2026-01-05T13:24:36.7001754Z [command]"C:\Program Files\Git\bin\git.exe" config --local --name-only --get-regexp ^includeIf\.gitdir:
test	UNKNOWN STEP	2026-01-05T13:24:36.7319578Z [command]"C:\Program Files\Git\bin\git.exe" submodule foreach --recursive "git config --local --show-origin --name-only --get-regexp remote.origin.url"
test	UNKNOWN STEP	2026-01-05T13:24:37.2704091Z [command]"C:\Program Files\Git\bin\git.exe" config --local http.https://github.com/.extraheader "AUTHORIZATION: basic ***"
test	UNKNOWN STEP	2026-01-05T13:24:37.3081918Z ##[endgroup]
test	UNKNOWN STEP	2026-01-05T13:24:37.3082759Z ##[group]Fetching the repository
test	UNKNOWN STEP	2026-01-05T13:24:37.3100079Z [command]"C:\Program Files\Git\bin\git.exe" -c protocol.version=2 fetch --no-tags --prune --no-recurse-submodules --depth=1 origin +477cce87d9439170caeb0b97a62eb3d81ef07d6f:refs/remotes/origin/main
test	UNKNOWN STEP	2026-01-05T13:24:43.1079597Z From https://github.com/ImL1s/screen_inu
test	UNKNOWN STEP	2026-01-05T13:24:43.1083730Z  * [new ref]         477cce87d9439170caeb0b97a62eb3d81ef07d6f -> origin/main
test	UNKNOWN STEP	2026-01-05T13:24:43.1293002Z ##[endgroup]
test	UNKNOWN STEP	2026-01-05T13:24:43.1293788Z ##[group]Determining the checkout info
test	UNKNOWN STEP	2026-01-05T13:24:43.1298265Z ##[endgroup]
test	UNKNOWN STEP	2026-01-05T13:24:43.1313072Z [command]"C:\Program Files\Git\bin\git.exe" sparse-checkout disable
test	UNKNOWN STEP	2026-01-05T13:24:43.1687396Z [command]"C:\Program Files\Git\bin\git.exe" config --local --unset-all extensions.worktreeConfig
test	UNKNOWN STEP	2026-01-05T13:24:43.2015966Z ##[group]Checking out the ref
test	UNKNOWN STEP	2026-01-05T13:24:43.2033933Z [command]"C:\Program Files\Git\bin\git.exe" checkout --progress --force -B main refs/remotes/origin/main
test	UNKNOWN STEP	2026-01-05T13:24:44.5346773Z Updating files:  56% (179/317)
test	UNKNOWN STEP	2026-01-05T13:24:44.5353908Z Updating files:  57% (181/317)
test	UNKNOWN STEP	2026-01-05T13:24:44.6946107Z Updating files:  58% (184/317)
test	UNKNOWN STEP	2026-01-05T13:24:44.6950082Z Updating files:  59% (188/317)
test	UNKNOWN STEP	2026-01-05T13:24:44.6957910Z Updating files:  60% (191/317)
test	UNKNOWN STEP	2026-01-05T13:24:44.6964623Z Updating files:  61% (194/317)
test	UNKNOWN STEP	2026-01-05T13:24:44.6970965Z Updating files:  62% (197/317)
test	UNKNOWN STEP	2026-01-05T13:24:44.6987054Z Updating files:  63% (200/317)
test	UNKNOWN STEP	2026-01-05T13:24:44.8007457Z Updating files:  64% (203/317)
test	UNKNOWN STEP	2026-01-05T13:24:44.9684185Z Updating files:  65% (207/317)
test	UNKNOWN STEP	2026-01-05T13:24:45.1302099Z Updating files:  66% (210/317)
test	UNKNOWN STEP	2026-01-05T13:24:45.1307882Z Updating files:  67% (213/317)
test	UNKNOWN STEP	2026-01-05T13:24:45.1314875Z Updating files:  68% (216/317)
test	UNKNOWN STEP	2026-01-05T13:24:45.1359478Z Updating files:  69% (219/317)
test	UNKNOWN STEP	2026-01-05T13:24:45.1421569Z Updating files:  70% (222/317)
test	UNKNOWN STEP	2026-01-05T13:24:45.1434010Z Updating files:  71% (226/317)
test	UNKNOWN STEP	2026-01-05T13:24:45.1456450Z Updating files:  72% (229/317)
test	UNKNOWN STEP	2026-01-05T13:24:45.1469901Z Updating files:  73% (232/317)
test	UNKNOWN STEP	2026-01-05T13:24:45.1478063Z Updating files:  74% (235/317)
test	UNKNOWN STEP	2026-01-05T13:24:45.1490208Z Updating files:  75% (238/317)
test	UNKNOWN STEP	2026-01-05T13:24:45.1504821Z Updating files:  76% (241/317)
test	UNKNOWN STEP	2026-01-05T13:24:45.1513509Z Updating files:  77% (245/317)
test	UNKNOWN STEP	2026-01-05T13:24:45.1521787Z Updating files:  78% (248/317)
test	UNKNOWN STEP	2026-01-05T13:24:45.1530448Z Updating files:  79% (251/317)
test	UNKNOWN STEP	2026-01-05T13:24:45.1536483Z Updating files:  80% (254/317)
test	UNKNOWN STEP	2026-01-05T13:24:45.1547889Z Updating files:  81% (257/317)
test	UNKNOWN STEP	2026-01-05T13:24:45.1578952Z Updating files:  82% (260/317)
test	UNKNOWN STEP	2026-01-05T13:24:45.1590110Z Updating files:  83% (264/317)
test	UNKNOWN STEP	2026-01-05T13:24:45.1604646Z Updating files:  84% (267/317)
test	UNKNOWN STEP	2026-01-05T13:24:45.1620568Z Updating files:  85% (270/317)
test	UNKNOWN STEP	2026-01-05T13:24:45.1684355Z Updating files:  86% (273/317)
test	UNKNOWN STEP	2026-01-05T13:24:45.1713560Z Updating files:  87% (276/317)
test	UNKNOWN STEP	2026-01-05T13:24:45.1757668Z Updating files:  88% (279/317)
test	UNKNOWN STEP	2026-01-05T13:24:45.1772487Z Updating files:  89% (283/317)
test	UNKNOWN STEP	2026-01-05T13:24:45.1821221Z Updating files:  90% (286/317)
test	UNKNOWN STEP	2026-01-05T13:24:45.1833420Z Updating files:  91% (289/317)
test	UNKNOWN STEP	2026-01-05T13:24:45.1849526Z Updating files:  92% (292/317)
test	UNKNOWN STEP	2026-01-05T13:24:45.1855954Z Updating files:  93% (295/317)
test	UNKNOWN STEP	2026-01-05T13:24:45.1870670Z Updating files:  94% (298/317)
test	UNKNOWN STEP	2026-01-05T13:24:45.1882729Z Updating files:  95% (302/317)
test	UNKNOWN STEP	2026-01-05T13:24:45.3322889Z Updating files:  96% (305/317)
test	UNKNOWN STEP	2026-01-05T13:24:45.3328442Z Updating files:  97% (308/317)
test	UNKNOWN STEP	2026-01-05T13:24:45.3335114Z Updating files:  98% (311/317)
test	UNKNOWN STEP	2026-01-05T13:24:45.3343467Z Updating files:  99% (314/317)
test	UNKNOWN STEP	2026-01-05T13:24:45.3344158Z Updating files: 100% (317/317)
test	UNKNOWN STEP	2026-01-05T13:24:45.3344898Z Updating files: 100% (317/317), done.
test	UNKNOWN STEP	2026-01-05T13:24:45.3499444Z branch 'main' set up to track 'origin/main'.
test	UNKNOWN STEP	2026-01-05T13:24:45.3545513Z Switched to a new branch 'main'
test	UNKNOWN STEP	2026-01-05T13:24:45.3820025Z ##[endgroup]
test	UNKNOWN STEP	2026-01-05T13:24:45.4179831Z [command]"C:\Program Files\Git\bin\git.exe" log -1 --format=%H
test	UNKNOWN STEP	2026-01-05T13:24:45.4475537Z 477cce87d9439170caeb0b97a62eb3d81ef07d6f
test	UNKNOWN STEP	2026-01-05T13:24:45.4997490Z ##[group]Run actions/setup-node@v4
test	UNKNOWN STEP	2026-01-05T13:24:45.4998063Z with:
test	UNKNOWN STEP	2026-01-05T13:24:45.4998374Z   node-version: 22
test	UNKNOWN STEP	2026-01-05T13:24:45.4998743Z   cache: npm
test	UNKNOWN STEP	2026-01-05T13:24:45.4999102Z   cache-dependency-path: app/package-lock.json
test	UNKNOWN STEP	2026-01-05T13:24:45.4999599Z   always-auth: false
test	UNKNOWN STEP	2026-01-05T13:24:45.4999920Z   check-latest: false
test	UNKNOWN STEP	2026-01-05T13:24:45.5000445Z   token: ***
test	UNKNOWN STEP	2026-01-05T13:24:45.5000782Z ##[endgroup]
test	UNKNOWN STEP	2026-01-05T13:24:45.7563263Z Found in cache @ C:\hostedtoolcache\windows\node\22.21.1\x64
test	UNKNOWN STEP	2026-01-05T13:24:45.7574005Z ##[group]Environment details
test	UNKNOWN STEP	2026-01-05T13:24:50.5378907Z node: v22.21.1
test	UNKNOWN STEP	2026-01-05T13:24:50.5471964Z npm: 10.9.4
test	UNKNOWN STEP	2026-01-05T13:24:50.5472840Z yarn: 1.22.22
test	UNKNOWN STEP	2026-01-05T13:24:50.5477054Z ##[endgroup]
test	UNKNOWN STEP	2026-01-05T13:24:50.6478379Z [command]C:\Windows\system32\cmd.exe /D /S /C "C:\hostedtoolcache\windows\node\22.21.1\x64\npm.cmd config get cache"
test	UNKNOWN STEP	2026-01-05T13:24:51.1795575Z C:\npm\cache
test	UNKNOWN STEP	2026-01-05T13:24:51.5462294Z Cache hit for: node-cache-Windows-x64-npm-d0fea8876f2c410c34593965213ae3a3e208ed07383f4ddafe95387aec0119f9
test	UNKNOWN STEP	2026-01-05T13:24:52.3681778Z Received 42341685 of 42341685 (100.0%), 52.8 MBs/sec
test	UNKNOWN STEP	2026-01-05T13:24:52.3684376Z Cache Size: ~40 MB (42341685 B)
test	UNKNOWN STEP	2026-01-05T13:24:52.3799849Z [command]"C:\Program Files\Git\usr\bin\tar.exe" -xf D:/a/_temp/a99a9562-8759-4ccd-94ed-0d4333239d42/cache.tzst -P -C D:/a/screen_inu/screen_inu --force-local --use-compress-program "zstd -d"
test	UNKNOWN STEP	2026-01-05T13:24:53.3364199Z Cache restored successfully
test	UNKNOWN STEP	2026-01-05T13:24:53.3428601Z Cache restored from key: node-cache-Windows-x64-npm-d0fea8876f2c410c34593965213ae3a3e208ed07383f4ddafe95387aec0119f9
test	UNKNOWN STEP	2026-01-05T13:24:53.3849343Z ##[group]Run dtolnay/rust-toolchain@stable
test	UNKNOWN STEP	2026-01-05T13:24:53.3849737Z with:
test	UNKNOWN STEP	2026-01-05T13:24:53.3849937Z   toolchain: stable
test	UNKNOWN STEP	2026-01-05T13:24:53.3850151Z ##[endgroup]
test	UNKNOWN STEP	2026-01-05T13:24:53.4076122Z ##[group]Run : parse toolchain version
test	UNKNOWN STEP	2026-01-05T13:24:53.4076531Z [36;1m: parse toolchain version[0m
test	UNKNOWN STEP	2026-01-05T13:24:53.4076843Z [36;1mif [[ -z $toolchain ]]; then[0m
test	UNKNOWN STEP	2026-01-05T13:24:53.4077452Z [36;1m  # GitHub does not enforce `required: true` inputs itself. https://github.com/actions/runner/issues/1070[0m
test	UNKNOWN STEP	2026-01-05T13:24:53.4078334Z [36;1m  echo "'toolchain' is a required input" >&2[0m
test	UNKNOWN STEP	2026-01-05T13:24:53.4078660Z [36;1m  exit 1[0m
test	UNKNOWN STEP	2026-01-05T13:24:53.4079014Z [36;1melif [[ $toolchain =~ ^stable' '[0-9]+' '(year|month|week|day)s?' 'ago$ ]]; then[0m
test	UNKNOWN STEP	2026-01-05T13:24:53.4079476Z [36;1m  if [[ Windows == macOS ]]; then[0m
test	UNKNOWN STEP	2026-01-05T13:24:53.4080503Z [36;1m    echo "toolchain=1.$((($(date -v-$(sed 's/stable \([0-9]*\) \(.\).*/\1\2/' <<< $toolchain) +%s)/60/60/24-16569)/7/6))" >> $GITHUB_OUTPUT[0m
test	UNKNOWN STEP	2026-01-05T13:24:53.4081039Z [36;1m  else[0m
test	UNKNOWN STEP	2026-01-05T13:24:53.4081472Z [36;1m    echo "toolchain=1.$((($(date --date "${toolchain#stable }" +%s)/60/60/24-16569)/7/6))" >> $GITHUB_OUTPUT[0m
test	UNKNOWN STEP	2026-01-05T13:24:53.4081978Z [36;1m  fi[0m
test	UNKNOWN STEP	2026-01-05T13:24:53.4082295Z [36;1melif [[ $toolchain =~ ^stable' 'minus' '[0-9]+' 'releases?$ ]]; then[0m
test	UNKNOWN STEP	2026-01-05T13:24:53.4082890Z [36;1m  echo "toolchain=1.$((($(date +%s)/60/60/24-16569)/7/6-${toolchain//[^0-9]/}))" >> $GITHUB_OUTPUT[0m
test	UNKNOWN STEP	2026-01-05T13:24:53.4083408Z [36;1melif [[ $toolchain =~ ^1\.[0-9]+$ ]]; then[0m
test	UNKNOWN STEP	2026-01-05T13:24:53.4083977Z [36;1m  echo "toolchain=1.$((i=${toolchain#1.}, c=($(date +%s)/60/60/24-16569)/7/6, i+9*i*(10*i<=c)+90*i*(100*i<=c)))" >> $GITHUB_OUTPUT[0m
test	UNKNOWN STEP	2026-01-05T13:24:53.4084503Z [36;1melse[0m
test	UNKNOWN STEP	2026-01-05T13:24:53.4084763Z [36;1m  echo "toolchain=$toolchain" >> $GITHUB_OUTPUT[0m
test	UNKNOWN STEP	2026-01-05T13:24:53.4085091Z [36;1mfi[0m
test	UNKNOWN STEP	2026-01-05T13:24:53.4105583Z shell: C:\Program Files\Git\bin\bash.EXE --noprofile --norc -e -o pipefail {0}
test	UNKNOWN STEP	2026-01-05T13:24:53.4106013Z env:
test	UNKNOWN STEP	2026-01-05T13:24:53.4106189Z   toolchain: stable
test	UNKNOWN STEP	2026-01-05T13:24:53.4106385Z ##[endgroup]
test	UNKNOWN STEP	2026-01-05T13:24:53.4765523Z ##[group]Run : construct rustup command line
test	UNKNOWN STEP	2026-01-05T13:24:53.4765858Z [36;1m: construct rustup command line[0m
test	UNKNOWN STEP	2026-01-05T13:24:53.4766294Z [36;1mecho "targets=$(for t in ${targets//,/ }; do echo -n ' --target' $t; done)" >> $GITHUB_OUTPUT[0m
test	UNKNOWN STEP	2026-01-05T13:24:53.4766927Z [36;1mecho "components=$(for c in ${components//,/ }; do echo -n ' --component' $c; done)" >> $GITHUB_OUTPUT[0m
test	UNKNOWN STEP	2026-01-05T13:24:53.4767392Z [36;1mecho "downgrade=" >> $GITHUB_OUTPUT[0m
test	UNKNOWN STEP	2026-01-05T13:24:53.4783036Z shell: C:\Program Files\Git\bin\bash.EXE --noprofile --norc -e -o pipefail {0}
test	UNKNOWN STEP	2026-01-05T13:24:53.4783460Z env:
test	UNKNOWN STEP	2026-01-05T13:24:53.4783625Z   targets: 
test	UNKNOWN STEP	2026-01-05T13:24:53.4783801Z   components: 
test	UNKNOWN STEP	2026-01-05T13:24:53.4783989Z ##[endgroup]
test	UNKNOWN STEP	2026-01-05T13:24:53.5716468Z ##[group]Run : set $CARGO_HOME
test	UNKNOWN STEP	2026-01-05T13:24:53.5716750Z [36;1m: set $CARGO_HOME[0m
test	UNKNOWN STEP	2026-01-05T13:24:53.5717183Z [36;1mecho CARGO_HOME=${CARGO_HOME:-"$USERPROFILE\.cargo"} >> $GITHUB_ENV[0m
test	UNKNOWN STEP	2026-01-05T13:24:53.5732041Z shell: C:\Program Files\Git\bin\bash.EXE --noprofile --norc -e -o pipefail {0}
test	UNKNOWN STEP	2026-01-05T13:24:53.5732432Z ##[endgroup]
test	UNKNOWN STEP	2026-01-05T13:24:53.6315787Z ##[group]Run : install rustup if needed on windows
test	UNKNOWN STEP	2026-01-05T13:24:53.6316155Z [36;1m: install rustup if needed on windows[0m
test	UNKNOWN STEP	2026-01-05T13:24:53.6316480Z [36;1mif ! command -v rustup &>/dev/null; then[0m
test	UNKNOWN STEP	2026-01-05T13:24:53.6317254Z [36;1m  curl --proto '=https' --tlsv1.2 --retry 10 --retry-connrefused --location --silent --show-error --fail https://win.rustup.rs/x86_64 --output 'D:\a\_temp\rustup-init.exe'[0m
test	UNKNOWN STEP	2026-01-05T13:24:53.6318100Z [36;1m  'D:\a\_temp\rustup-init.exe' --default-toolchain none --no-modify-path -y[0m
test	UNKNOWN STEP	2026-01-05T13:24:53.6318514Z [36;1m  echo "$CARGO_HOME\bin" >> $GITHUB_PATH[0m
test	UNKNOWN STEP	2026-01-05T13:24:53.6318770Z [36;1mfi[0m
test	UNKNOWN STEP	2026-01-05T13:24:53.6334503Z shell: C:\Program Files\Git\bin\bash.EXE --noprofile --norc -e -o pipefail {0}
test	UNKNOWN STEP	2026-01-05T13:24:53.6335246Z env:
test	UNKNOWN STEP	2026-01-05T13:24:53.6335501Z   CARGO_HOME: C:\Users\runneradmin\.cargo
test	UNKNOWN STEP	2026-01-05T13:24:53.6335762Z ##[endgroup]
test	UNKNOWN STEP	2026-01-05T13:24:53.6933951Z ##[group]Run rustup toolchain install stable --profile minimal --no-self-update
test	UNKNOWN STEP	2026-01-05T13:24:53.6934519Z [36;1mrustup toolchain install stable --profile minimal --no-self-update[0m
test	UNKNOWN STEP	2026-01-05T13:24:53.6950484Z shell: C:\Program Files\Git\bin\bash.EXE --noprofile --norc -e -o pipefail {0}
test	UNKNOWN STEP	2026-01-05T13:24:53.6951135Z env:
test	UNKNOWN STEP	2026-01-05T13:24:53.6951426Z   CARGO_HOME: C:\Users\runneradmin\.cargo
test	UNKNOWN STEP	2026-01-05T13:24:53.6952286Z   RUSTUP_PERMIT_COPY_RENAME: 1
test	UNKNOWN STEP	2026-01-05T13:24:53.6953086Z ##[endgroup]
test	UNKNOWN STEP	2026-01-05T13:24:57.7391268Z info: syncing channel updates for 'stable-x86_64-pc-windows-msvc'
test	UNKNOWN STEP	2026-01-05T13:24:58.1309603Z 
test	UNKNOWN STEP	2026-01-05T13:24:58.1540811Z   stable-x86_64-pc-windows-msvc unchanged - rustc 1.92.0 (ded5c06cf 2025-12-08)
test	UNKNOWN STEP	2026-01-05T13:24:58.1542120Z 
test	UNKNOWN STEP	2026-01-05T13:24:58.1801053Z ##[group]Run rustup default stable
test	UNKNOWN STEP	2026-01-05T13:24:58.1801366Z [36;1mrustup default stable[0m
test	UNKNOWN STEP	2026-01-05T13:24:58.1816190Z shell: C:\Program Files\Git\bin\bash.EXE --noprofile --norc -e -o pipefail {0}
test	UNKNOWN STEP	2026-01-05T13:24:58.1816646Z env:
test	UNKNOWN STEP	2026-01-05T13:24:58.1816874Z   CARGO_HOME: C:\Users\runneradmin\.cargo
test	UNKNOWN STEP	2026-01-05T13:24:58.1817180Z ##[endgroup]
test	UNKNOWN STEP	2026-01-05T13:24:58.2613753Z info: using existing install for 'stable-x86_64-pc-windows-msvc'
test	UNKNOWN STEP	2026-01-05T13:24:58.3166992Z info: default toolchain set to 'stable-x86_64-pc-windows-msvc'
test	UNKNOWN STEP	2026-01-05T13:24:58.3167832Z 
test	UNKNOWN STEP	2026-01-05T13:24:58.3409713Z   stable-x86_64-pc-windows-msvc unchanged - rustc 1.92.0 (ded5c06cf 2025-12-08)
test	UNKNOWN STEP	2026-01-05T13:24:58.3410326Z 
test	UNKNOWN STEP	2026-01-05T13:24:58.3648153Z ##[group]Run : create cachekey
test	UNKNOWN STEP	2026-01-05T13:24:58.3648467Z [36;1m: create cachekey[0m
test	UNKNOWN STEP	2026-01-05T13:24:58.3649526Z [36;1mDATE=$(rustc +stable --version --verbose | sed -ne 's/^commit-date: \(20[0-9][0-9]\)-\([01][0-9]\)-\([0-3][0-9]\)$/\1\2\3/p')[0m
test	UNKNOWN STEP	2026-01-05T13:24:58.3650291Z [36;1mHASH=$(rustc +stable --version --verbose | sed -ne 's/^commit-hash: //p')[0m
test	UNKNOWN STEP	2026-01-05T13:24:58.3650877Z [36;1mecho "cachekey=$(echo $DATE$HASH | head -c12)" >> $GITHUB_OUTPUT[0m
test	UNKNOWN STEP	2026-01-05T13:24:58.3664750Z shell: C:\Program Files\Git\bin\bash.EXE --noprofile --norc -e -o pipefail {0}
test	UNKNOWN STEP	2026-01-05T13:24:58.3665219Z env:
test	UNKNOWN STEP	2026-01-05T13:24:58.3665438Z   CARGO_HOME: C:\Users\runneradmin\.cargo
test	UNKNOWN STEP	2026-01-05T13:24:58.3665808Z ##[endgroup]
test	UNKNOWN STEP	2026-01-05T13:24:59.2319633Z ##[group]Run : disable incremental compilation
test	UNKNOWN STEP	2026-01-05T13:24:59.2320238Z [36;1m: disable incremental compilation[0m
test	UNKNOWN STEP	2026-01-05T13:24:59.2320820Z [36;1mif [ -z "${CARGO_INCREMENTAL+set}" ]; then[0m
test	UNKNOWN STEP	2026-01-05T13:24:59.2321376Z [36;1m  echo CARGO_INCREMENTAL=0 >> $GITHUB_ENV[0m
test	UNKNOWN STEP	2026-01-05T13:24:59.2321855Z [36;1mfi[0m
test	UNKNOWN STEP	2026-01-05T13:24:59.2343662Z shell: C:\Program Files\Git\bin\bash.EXE --noprofile --norc -e -o pipefail {0}
test	UNKNOWN STEP	2026-01-05T13:24:59.2344323Z env:
test	UNKNOWN STEP	2026-01-05T13:24:59.2344637Z   CARGO_HOME: C:\Users\runneradmin\.cargo
test	UNKNOWN STEP	2026-01-05T13:24:59.2345065Z ##[endgroup]
test	UNKNOWN STEP	2026-01-05T13:24:59.2979441Z ##[group]Run : enable colors in Cargo output
test	UNKNOWN STEP	2026-01-05T13:24:59.2979793Z [36;1m: enable colors in Cargo output[0m
test	UNKNOWN STEP	2026-01-05T13:24:59.2980106Z [36;1mif [ -z "${CARGO_TERM_COLOR+set}" ]; then[0m
test	UNKNOWN STEP	2026-01-05T13:24:59.2980456Z [36;1m  echo CARGO_TERM_COLOR=always >> $GITHUB_ENV[0m
test	UNKNOWN STEP	2026-01-05T13:24:59.2980768Z [36;1mfi[0m
test	UNKNOWN STEP	2026-01-05T13:24:59.2994976Z shell: C:\Program Files\Git\bin\bash.EXE --noprofile --norc -e -o pipefail {0}
test	UNKNOWN STEP	2026-01-05T13:24:59.2995408Z env:
test	UNKNOWN STEP	2026-01-05T13:24:59.2995619Z   CARGO_HOME: C:\Users\runneradmin\.cargo
test	UNKNOWN STEP	2026-01-05T13:24:59.2995912Z   CARGO_INCREMENTAL: 0
test	UNKNOWN STEP	2026-01-05T13:24:59.2996125Z ##[endgroup]
test	UNKNOWN STEP	2026-01-05T13:24:59.3676830Z ##[group]Run : enable Cargo sparse registry
test	UNKNOWN STEP	2026-01-05T13:24:59.3677416Z [36;1m: enable Cargo sparse registry[0m
test	UNKNOWN STEP	2026-01-05T13:24:59.3679179Z [36;1m# implemented in 1.66, stabilized in 1.68, made default in 1.70[0m
test	UNKNOWN STEP	2026-01-05T13:24:59.3680488Z [36;1mif [ -z "${CARGO_REGISTRIES_CRATES_IO_PROTOCOL+set}" -o -f "D:\a\_temp"/.implicit_cargo_registries_crates_io_protocol ]; then[0m
test	UNKNOWN STEP	2026-01-05T13:24:59.3682412Z [36;1m  if rustc +stable --version --verbose | grep -q '^release: 1\.6[89]\.'; then[0m
test	UNKNOWN STEP	2026-01-05T13:24:59.3683451Z [36;1m    touch "D:\a\_temp"/.implicit_cargo_registries_crates_io_protocol || true[0m
test	UNKNOWN STEP	2026-01-05T13:24:59.3684447Z [36;1m    echo CARGO_REGISTRIES_CRATES_IO_PROTOCOL=sparse >> $GITHUB_ENV[0m
test	UNKNOWN STEP	2026-01-05T13:24:59.3686505Z [36;1m  elif rustc +stable --version --verbose | grep -q '^release: 1\.6[67]\.'; then[0m
test	UNKNOWN STEP	2026-01-05T13:24:59.3687438Z [36;1m    touch "D:\a\_temp"/.implicit_cargo_registries_crates_io_protocol || true[0m
test	UNKNOWN STEP	2026-01-05T13:24:59.3688283Z [36;1m    echo CARGO_REGISTRIES_CRATES_IO_PROTOCOL=git >> $GITHUB_ENV[0m
test	UNKNOWN STEP	2026-01-05T13:24:59.3688851Z [36;1m  fi[0m
test	UNKNOWN STEP	2026-01-05T13:24:59.3689132Z [36;1mfi[0m
test	UNKNOWN STEP	2026-01-05T13:24:59.3704213Z shell: C:\Program Files\Git\bin\bash.EXE --noprofile --norc -e -o pipefail {0}
test	UNKNOWN STEP	2026-01-05T13:24:59.3704608Z env:
test	UNKNOWN STEP	2026-01-05T13:24:59.3704799Z   CARGO_HOME: C:\Users\runneradmin\.cargo
test	UNKNOWN STEP	2026-01-05T13:24:59.3705075Z   CARGO_INCREMENTAL: 0
test	UNKNOWN STEP	2026-01-05T13:24:59.3705274Z   CARGO_TERM_COLOR: always
test	UNKNOWN STEP	2026-01-05T13:24:59.3705483Z ##[endgroup]
test	UNKNOWN STEP	2026-01-05T13:24:59.5653616Z ##[group]Run : work around spurious network errors in curl 8.0
test	UNKNOWN STEP	2026-01-05T13:24:59.5654343Z [36;1m: work around spurious network errors in curl 8.0[0m
test	UNKNOWN STEP	2026-01-05T13:24:59.5655294Z [36;1m# https://rust-lang.zulipchat.com/#narrow/stream/246057-t-cargo/topic/timeout.20investigation[0m
test	UNKNOWN STEP	2026-01-05T13:24:59.5656279Z [36;1mif rustc +stable --version --verbose | grep -q '^release: 1\.7[01]\.'; then[0m
test	UNKNOWN STEP	2026-01-05T13:24:59.5657384Z [36;1m  echo CARGO_HTTP_MULTIPLEXING=false >> $GITHUB_ENV[0m
test	UNKNOWN STEP	2026-01-05T13:24:59.5657868Z [36;1mfi[0m
test	UNKNOWN STEP	2026-01-05T13:24:59.5683014Z shell: C:\Program Files\Git\bin\bash.EXE --noprofile --norc -e -o pipefail {0}
test	UNKNOWN STEP	2026-01-05T13:24:59.5683683Z env:
test	UNKNOWN STEP	2026-01-05T13:24:59.5683986Z   CARGO_HOME: C:\Users\runneradmin\.cargo
test	UNKNOWN STEP	2026-01-05T13:24:59.5684429Z   CARGO_INCREMENTAL: 0
test	UNKNOWN STEP	2026-01-05T13:24:59.5684752Z   CARGO_TERM_COLOR: always
test	UNKNOWN STEP	2026-01-05T13:24:59.5685092Z ##[endgroup]
test	UNKNOWN STEP	2026-01-05T13:24:59.6931269Z ##[group]Run rustc +stable --version --verbose
test	UNKNOWN STEP	2026-01-05T13:24:59.6931853Z [36;1mrustc +stable --version --verbose[0m
test	UNKNOWN STEP	2026-01-05T13:24:59.6952310Z shell: C:\Program Files\Git\bin\bash.EXE --noprofile --norc -e -o pipefail {0}
test	UNKNOWN STEP	2026-01-05T13:24:59.6952677Z env:
test	UNKNOWN STEP	2026-01-05T13:24:59.6952852Z   CARGO_HOME: C:\Users\runneradmin\.cargo
test	UNKNOWN STEP	2026-01-05T13:24:59.6953084Z   CARGO_INCREMENTAL: 0
test	UNKNOWN STEP	2026-01-05T13:24:59.6953266Z   CARGO_TERM_COLOR: always
test	UNKNOWN STEP	2026-01-05T13:24:59.6953458Z ##[endgroup]
test	UNKNOWN STEP	2026-01-05T13:24:59.7869376Z rustc 1.92.0 (ded5c06cf 2025-12-08)
test	UNKNOWN STEP	2026-01-05T13:24:59.7870077Z binary: rustc
test	UNKNOWN STEP	2026-01-05T13:24:59.7870812Z commit-hash: ded5c06cf21d2b93bffd5d884aa6e96934ee4234
test	UNKNOWN STEP	2026-01-05T13:24:59.7871564Z commit-date: 2025-12-08
test	UNKNOWN STEP	2026-01-05T13:24:59.7872810Z host: x86_64-pc-windows-msvc
test	UNKNOWN STEP	2026-01-05T13:24:59.7873264Z release: 1.92.0
test	UNKNOWN STEP	2026-01-05T13:24:59.7873923Z LLVM version: 21.1.3
test	UNKNOWN STEP	2026-01-05T13:24:59.8213132Z ##[group]Run Swatinem/rust-cache@v2
test	UNKNOWN STEP	2026-01-05T13:24:59.8213557Z with:
test	UNKNOWN STEP	2026-01-05T13:24:59.8213850Z   workspaces: ./app/src-tauri -> target
test	UNKNOWN STEP	2026-01-05T13:24:59.8214250Z   prefix-key: v0-rust
test	UNKNOWN STEP	2026-01-05T13:24:59.8214551Z   add-job-id-key: true
test	UNKNOWN STEP	2026-01-05T13:24:59.8214887Z   add-rust-environment-hash-key: true
test	UNKNOWN STEP	2026-01-05T13:24:59.8215294Z   cache-targets: true
test	UNKNOWN STEP	2026-01-05T13:24:59.8215590Z   cache-all-crates: false
test	UNKNOWN STEP	2026-01-05T13:24:59.8215932Z   cache-workspace-crates: false
test	UNKNOWN STEP	2026-01-05T13:24:59.8216266Z   save-if: true
test	UNKNOWN STEP	2026-01-05T13:24:59.8216541Z   cache-provider: github
test	UNKNOWN STEP	2026-01-05T13:24:59.8216854Z   cache-bin: true
test	UNKNOWN STEP	2026-01-05T13:24:59.8217129Z   lookup-only: false
test	UNKNOWN STEP	2026-01-05T13:24:59.8217387Z env:
test	UNKNOWN STEP	2026-01-05T13:24:59.8217657Z   CARGO_HOME: C:\Users\runneradmin\.cargo
test	UNKNOWN STEP	2026-01-05T13:24:59.8218064Z   CARGO_INCREMENTAL: 0
test	UNKNOWN STEP	2026-01-05T13:24:59.8218360Z   CARGO_TERM_COLOR: always
test	UNKNOWN STEP	2026-01-05T13:24:59.8218666Z ##[endgroup]
test	UNKNOWN STEP	2026-01-05T13:25:02.6670695Z ##[warning]Error parsing Cargo.lock manifest, fallback to caching entire file: Error: Invalid TOML document: only letter, numbers, dashes and underscores are allowed in keys
test	UNKNOWN STEP	
test	UNKNOWN STEP	6467:  [[package]]
test	UNKNOWN STEP	6468:  <<<<<<< HEAD
test	UNKNOWN STEP	       ^
test	UNKNOWN STEP	6469:  =======
test	UNKNOWN STEP	
test	UNKNOWN STEP	2026-01-05T13:25:02.6691059Z ##[group]Cache Configuration
test	UNKNOWN STEP	2026-01-05T13:25:02.6691563Z Cache Provider:
test	UNKNOWN STEP	2026-01-05T13:25:02.6692238Z     github
test	UNKNOWN STEP	2026-01-05T13:25:02.6692496Z Workspaces:
test	UNKNOWN STEP	2026-01-05T13:25:02.6692856Z     D:\a\screen_inu\screen_inu\app\src-tauri
test	UNKNOWN STEP	2026-01-05T13:25:02.6693271Z Cache Paths:
test	UNKNOWN STEP	2026-01-05T13:25:02.6693604Z     C:\Users\runneradmin\.cargo\bin
test	UNKNOWN STEP	2026-01-05T13:25:02.6694053Z     C:\Users\runneradmin\.cargo\.crates.toml
test	UNKNOWN STEP	2026-01-05T13:25:02.6694546Z     C:\Users\runneradmin\.cargo\.crates2.json
test	UNKNOWN STEP	2026-01-05T13:25:02.6695009Z     C:\Users\runneradmin\.cargo\registry
test	UNKNOWN STEP	2026-01-05T13:25:02.6695447Z     C:\Users\runneradmin\.cargo\git
test	UNKNOWN STEP	2026-01-05T13:25:02.6695914Z     D:\a\screen_inu\screen_inu\app\src-tauri\target
test	UNKNOWN STEP	2026-01-05T13:25:02.6696333Z Restore Key:
test	UNKNOWN STEP	2026-01-05T13:25:02.6696672Z     v0-rust-test-Windows_NT-x64-7a6c70a5
test	UNKNOWN STEP	2026-01-05T13:25:02.6697061Z Cache Key:
test	UNKNOWN STEP	2026-01-05T13:25:02.6697417Z     v0-rust-test-Windows_NT-x64-7a6c70a5-844aae83
test	UNKNOWN STEP	2026-01-05T13:25:02.6697826Z .. Prefix:
test	UNKNOWN STEP	2026-01-05T13:25:02.6698144Z   - v0-rust-test-Windows_NT-x64
test	UNKNOWN STEP	2026-01-05T13:25:02.6698568Z .. Environment considered:
test	UNKNOWN STEP	2026-01-05T13:25:02.6699304Z   - Rust Version: 1.92.0 x86_64-pc-windows-msvc (ded5c06cf21d2b93bffd5d884aa6e96934ee4234)
test	UNKNOWN STEP	2026-01-05T13:25:02.6699922Z   - CARGO_HOME
test	UNKNOWN STEP	2026-01-05T13:25:02.6700206Z   - CARGO_INCREMENTAL
test	UNKNOWN STEP	2026-01-05T13:25:02.6700525Z   - CARGO_TERM_COLOR
test	UNKNOWN STEP	2026-01-05T13:25:02.6700848Z .. Lockfiles considered:
test	UNKNOWN STEP	2026-01-05T13:25:02.6701279Z   - D:\a\screen_inu\screen_inu\app\src-tauri\Cargo.lock
test	UNKNOWN STEP	2026-01-05T13:25:02.6701839Z   - D:\a\screen_inu\screen_inu\app\src-tauri\Cargo.toml
test	UNKNOWN STEP	2026-01-05T13:25:02.6702476Z ##[endgroup]
test	UNKNOWN STEP	2026-01-05T13:25:02.6702639Z 
test	UNKNOWN STEP	2026-01-05T13:25:02.6702777Z ... Restoring cache ...
test	UNKNOWN STEP	2026-01-05T13:25:02.9459643Z No cache found.
test	UNKNOWN STEP	2026-01-05T13:25:02.9751020Z ##[group]Run mkdir -p app/src-tauri/binaries
test	UNKNOWN STEP	2026-01-05T13:25:02.9751590Z [36;1mmkdir -p app/src-tauri/binaries[0m
test	UNKNOWN STEP	2026-01-05T13:25:02.9752223Z [36;1mtouch app/src-tauri/binaries/tesseract-x86_64-pc-windows-msvc.exe[0m
test	UNKNOWN STEP	2026-01-05T13:25:02.9770799Z shell: C:\Program Files\Git\bin\bash.EXE --noprofile --norc -e -o pipefail {0}
test	UNKNOWN STEP	2026-01-05T13:25:02.9771412Z env:
test	UNKNOWN STEP	2026-01-05T13:25:02.9771697Z   CARGO_HOME: C:\Users\runneradmin\.cargo
test	UNKNOWN STEP	2026-01-05T13:25:02.9772113Z   CARGO_INCREMENTAL: 0
test	UNKNOWN STEP	2026-01-05T13:25:02.9772432Z   CARGO_TERM_COLOR: always
test	UNKNOWN STEP	2026-01-05T13:25:02.9772758Z   CACHE_ON_FAILURE: false
test	UNKNOWN STEP	2026-01-05T13:25:02.9773070Z ##[endgroup]
test	UNKNOWN STEP	2026-01-05T13:25:03.0927165Z ##[group]Run npm install
test	UNKNOWN STEP	2026-01-05T13:25:03.0927691Z [36;1mnpm install[0m
test	UNKNOWN STEP	2026-01-05T13:25:03.0928127Z [36;1mnpx playwright install chromium[0m
test	UNKNOWN STEP	2026-01-05T13:25:03.1407248Z shell: C:\Program Files\PowerShell\7\pwsh.EXE -command ". '{0}'"
test	UNKNOWN STEP	2026-01-05T13:25:03.1407677Z env:
test	UNKNOWN STEP	2026-01-05T13:25:03.1407900Z   CARGO_HOME: C:\Users\runneradmin\.cargo
test	UNKNOWN STEP	2026-01-05T13:25:03.1408225Z   CARGO_INCREMENTAL: 0
test	UNKNOWN STEP	2026-01-05T13:25:03.1408474Z   CARGO_TERM_COLOR: always
test	UNKNOWN STEP	2026-01-05T13:25:03.1408731Z   CACHE_ON_FAILURE: false
test	UNKNOWN STEP	2026-01-05T13:25:03.1408982Z ##[endgroup]
test	UNKNOWN STEP	2026-01-05T13:25:17.9741693Z 
test	UNKNOWN STEP	2026-01-05T13:25:17.9743108Z added 198 packages, and audited 199 packages in 8s
test	UNKNOWN STEP	2026-01-05T13:25:17.9743779Z 
test	UNKNOWN STEP	2026-01-05T13:25:17.9744022Z 36 packages are looking for funding
test	UNKNOWN STEP	2026-01-05T13:25:17.9744397Z   run `npm fund` for details
test	UNKNOWN STEP	2026-01-05T13:25:17.9756360Z 
test	UNKNOWN STEP	2026-01-05T13:25:17.9756636Z found 0 vulnerabilities
test	UNKNOWN STEP	2026-01-05T13:25:21.8591571Z Downloading Chromium 143.0.7499.4 (playwright build v1200)[2m from https://cdn.playwright.dev/dbazure/download/playwright/builds/chromium/1200/chromium-win64.zip[22m
test	UNKNOWN STEP	2026-01-05T13:25:22.0962002Z |                                                                                |   0% of 169.8 MiB
test	UNKNOWN STEP	2026-01-05T13:25:22.3846237Z |â– â– â– â– â– â– â– â–                                                                         |  10% of 169.8 MiB
test	UNKNOWN STEP	2026-01-05T13:25:22.6233163Z |â– â– â– â– â– â– â– â– â– â– â– â– â– â– â– â–                                                                 |  20% of 169.8 MiB
test	UNKNOWN STEP	2026-01-05T13:25:22.8348096Z |â– â– â– â– â– â– â– â– â– â– â– â– â– â– â– â– â– â– â– â– â– â– â– â–                                                         |  30% of 169.8 MiB
test	UNKNOWN STEP	2026-01-05T13:25:23.0382782Z |â– â– â– â– â– â– â– â– â– â– â– â– â– â– â– â– â– â– â– â– â– â– â– â– â– â– â– â– â– â– â– â–                                                 |  40% of 169.8 MiB
test	UNKNOWN STEP	2026-01-05T13:25:23.5319654Z |â– â– â– â– â– â– â– â– â– â– â– â– â– â– â– â– â– â– â– â– â– â– â– â– â– â– â– â– â– â– â– â– â– â– â– â– â– â– â– â–                                         |  50% of 169.8 MiB
test	UNKNOWN STEP	2026-01-05T13:25:23.8778510Z |â– â– â– â– â– â– â– â– â– â– â– â– â– â– â– â– â– â– â– â– â– â– â– â– â– â– â– â– â– â– â– â– â– â– â– â– â– â– â– â– â– â– â– â– â– â– â– â–                                 |  60% of 169.8 MiB
test	UNKNOWN STEP	2026-01-05T13:25:24.5964194Z |â– â– â– â– â– â– â– â– â– â– â– â– â– â– â– â– â– â– â– â– â– â– â– â– â– â– â– â– â– â– â– â– â– â– â– â– â– â– â– â– â– â– â– â– â– â– â– â– â– â– â– â– â– â– â– â–                         |  70% of 169.8 MiB
test	UNKNOWN STEP	2026-01-05T13:25:24.8996731Z |â– â– â– â– â– â– â– â– â– â– â– â– â– â– â– â– â– â– â– â– â– â– â– â– â– â– â– â– â– â– â– â– â– â– â– â– â– â– â– â– â– â– â– â– â– â– â– â– â– â– â– â– â– â– â– â– â– â– â– â– â– â– â– â–                 |  80% of 169.8 MiB
test	UNKNOWN STEP	2026-01-05T13:25:25.4482752Z |â– â– â– â– â– â– â– â– â– â– â– â– â– â– â– â– â– â– â– â– â– â– â– â– â– â– â– â– â– â– â– â– â– â– â– â– â– â– â– â– â– â– â– â– â– â– â– â– â– â– â– â– â– â– â– â– â– â– â– â– â– â– â– â– â– â– â– â– â– â– â– â–         |  90% of 169.8 MiB
test	UNKNOWN STEP	2026-01-05T13:25:26.0013431Z |â– â– â– â– â– â– â– â– â– â– â– â– â– â– â– â– â– â– â– â– â– â– â– â– â– â– â– â– â– â– â– â– â– â– â– â– â– â– â– â– â– â– â– â– â– â– â– â– â– â– â– â– â– â– â– â– â– â– â– â– â– â– â– â– â– â– â– â– â– â– â– â– â– â– â– â– â– â– â– â– | 100% of 169.8 MiB
test	UNKNOWN STEP	2026-01-05T13:25:31.4027299Z Chromium 143.0.7499.4 (playwright build v1200) downloaded to C:\Users\runneradmin\AppData\Local\ms-playwright\chromium-1200
test	UNKNOWN STEP	2026-01-05T13:25:31.4036194Z Downloading FFMPEG playwright build v1011[2m from https://cdn.playwright.dev/dbazure/download/playwright/builds/ffmpeg/1011/ffmpeg-win64.zip[22m
test	UNKNOWN STEP	2026-01-05T13:25:31.6920564Z |                                                                                |   1% of 1.3 MiB
test	UNKNOWN STEP	2026-01-05T13:25:31.6969469Z |â– â– â– â– â– â– â– â–                                                                         |  10% of 1.3 MiB
test	UNKNOWN STEP	2026-01-05T13:25:31.6992298Z |â– â– â– â– â– â– â– â– â– â– â– â– â– â– â– â–                                                                 |  20% of 1.3 MiB
test	UNKNOWN STEP	2026-01-05T13:25:31.7014397Z |â– â– â– â– â– â– â– â– â– â– â– â– â– â– â– â– â– â– â– â– â– â– â– â–                                                         |  30% of 1.3 MiB
test	UNKNOWN STEP	2026-01-05T13:25:31.7036019Z |â– â– â– â– â– â– â– â– â– â– â– â– â– â– â– â– â– â– â– â– â– â– â– â– â– â– â– â– â– â– â– â–                                                 |  40% of 1.3 MiB
test	UNKNOWN STEP	2026-01-05T13:25:31.7071254Z |â– â– â– â– â– â– â– â– â– â– â– â– â– â– â– â– â– â– â– â– â– â– â– â– â– â– â– â– â– â– â– â– â– â– â– â– â– â– â– â–                                         |  51% of 1.3 MiB
test	UNKNOWN STEP	2026-01-05T13:25:31.7125693Z |â– â– â– â– â– â– â– â– â– â– â– â– â– â– â– â– â– â– â– â– â– â– â– â– â– â– â– â– â– â– â– â– â– â– â– â– â– â– â– â– â– â– â– â– â– â– â– â–                                 |  60% of 1.3 MiB
test	UNKNOWN STEP	2026-01-05T13:25:31.7175572Z |â– â– â– â– â– â– â– â– â– â– â– â– â– â– â– â– â– â– â– â– â– â– â– â– â– â– â– â– â– â– â– â– â– â– â– â– â– â– â– â– â– â– â– â– â– â– â– â– â– â– â– â– â– â– â– â–                         |  70% of 1.3 MiB
test	UNKNOWN STEP	2026-01-05T13:25:31.7191823Z |â– â– â– â– â– â– â– â– â– â– â– â– â– â– â– â– â– â– â– â– â– â– â– â– â– â– â– â– â– â– â– â– â– â– â– â– â– â– â– â– â– â– â– â– â– â– â– â– â– â– â– â– â– â– â– â– â– â– â– â– â– â– â– â–                 |  80% of 1.3 MiB
test	UNKNOWN STEP	2026-01-05T13:25:31.7269698Z |â– â– â– â– â– â– â– â– â– â– â– â– â– â– â– â– â– â– â– â– â– â– â– â– â– â– â– â– â– â– â– â– â– â– â– â– â– â– â– â– â– â– â– â– â– â– â– â– â– â– â– â– â– â– â– â– â– â– â– â– â– â– â– â– â– â– â– â– â– â– â– â–         |  90% of 1.3 MiB
test	UNKNOWN STEP	2026-01-05T13:25:31.7340526Z |â– â– â– â– â– â– â– â– â– â– â– â– â– â– â– â– â– â– â– â– â– â– â– â– â– â– â– â– â– â– â– â– â– â– â– â– â– â– â– â– â– â– â– â– â– â– â– â– â– â– â– â– â– â– â– â– â– â– â– â– â– â– â– â– â– â– â– â– â– â– â– â– â– â– â– â– â– â– â– â– | 100% of 1.3 MiB
test	UNKNOWN STEP	2026-01-05T13:25:31.8080225Z FFMPEG playwright build v1011 downloaded to C:\Users\runneradmin\AppData\Local\ms-playwright\ffmpeg-1011
test	UNKNOWN STEP	2026-01-05T13:25:31.8088434Z Downloading Chromium Headless Shell 143.0.7499.4 (playwright build v1200)[2m from https://cdn.playwright.dev/dbazure/download/playwright/builds/chromium/1200/chromium-headless-shell-win64.zip[22m
test	UNKNOWN STEP	2026-01-05T13:25:32.0314680Z |                                                                                |   0% of 107.2 MiB
test	UNKNOWN STEP	2026-01-05T13:25:32.2506956Z |â– â– â– â– â– â– â– â–                                                                         |  10% of 107.2 MiB
test	UNKNOWN STEP	2026-01-05T13:25:32.4010992Z |â– â– â– â– â– â– â– â– â– â– â– â– â– â– â– â–                                                                 |  20% of 107.2 MiB
test	UNKNOWN STEP	2026-01-05T13:25:32.5282646Z |â– â– â– â– â– â– â– â– â– â– â– â– â– â– â– â– â– â– â– â– â– â– â– â–                                                         |  30% of 107.2 MiB
test	UNKNOWN STEP	2026-01-05T13:25:32.6460244Z |â– â– â– â– â– â– â– â– â– â– â– â– â– â– â– â– â– â– â– â– â– â– â– â– â– â– â– â– â– â– â– â–                                                 |  40% of 107.2 MiB
test	UNKNOWN STEP	2026-01-05T13:25:32.7564889Z |â– â– â– â– â– â– â– â– â– â– â– â– â– â– â– â– â– â– â– â– â– â– â– â– â– â– â– â– â– â– â– â– â– â– â– â– â– â– â– â–                                         |  50% of 107.2 MiB
test	UNKNOWN STEP	2026-01-05T13:25:32.8652300Z |â– â– â– â– â– â– â– â– â– â– â– â– â– â– â– â– â– â– â– â– â– â– â– â– â– â– â– â– â– â– â– â– â– â– â– â– â– â– â– â– â– â– â– â– â– â– â– â–                                 |  60% of 107.2 MiB
test	UNKNOWN STEP	2026-01-05T13:25:33.0954673Z |â– â– â– â– â– â– â– â– â– â– â– â– â– â– â– â– â– â– â– â– â– â– â– â– â– â– â– â– â– â– â– â– â– â– â– â– â– â– â– â– â– â– â– â– â– â– â– â– â– â– â– â– â– â– â– â–                         |  70% of 107.2 MiB
test	UNKNOWN STEP	2026-01-05T13:25:33.2820259Z |â– â– â– â– â– â– â– â– â– â– â– â– â– â– â– â– â– â– â– â– â– â– â– â– â– â– â– â– â– â– â– â– â– â– â– â– â– â– â– â– â– â– â– â– â– â– â– â– â– â– â– â– â– â– â– â– â– â– â– â– â– â– â– â–                 |  80% of 107.2 MiB
test	UNKNOWN STEP	2026-01-05T13:25:33.3991779Z |â– â– â– â– â– â– â– â– â– â– â– â– â– â– â– â– â– â– â– â– â– â– â– â– â– â– â– â– â– â– â– â– â– â– â– â– â– â– â– â– â– â– â– â– â– â– â– â– â– â– â– â– â– â– â– â– â– â– â– â– â– â– â– â– â– â– â– â– â– â– â– â–         |  90% of 107.2 MiB
test	UNKNOWN STEP	2026-01-05T13:25:33.5092514Z |â– â– â– â– â– â– â– â– â– â– â– â– â– â– â– â– â– â– â– â– â– â– â– â– â– â– â– â– â– â– â– â– â– â– â– â– â– â– â– â– â– â– â– â– â– â– â– â– â– â– â– â– â– â– â– â– â– â– â– â– â– â– â– â– â– â– â– â– â– â– â– â– â– â– â– â– â– â– â– â– | 100% of 107.2 MiB
test	UNKNOWN STEP	2026-01-05T13:25:37.2425583Z Chromium Headless Shell 143.0.7499.4 (playwright build v1200) downloaded to C:\Users\runneradmin\AppData\Local\ms-playwright\chromium_headless_shell-1200
test	UNKNOWN STEP	2026-01-05T13:25:37.2432301Z Downloading Winldd playwright build v1007[2m from https://cdn.playwright.dev/dbazure/download/playwright/builds/winldd/1007/winldd-win64.zip[22m
test	UNKNOWN STEP	2026-01-05T13:25:37.4377920Z |â– â– â– â– â– â– â– â–                                                                         |  12% of 0.1 MiB
test	UNKNOWN STEP	2026-01-05T13:25:37.4380194Z |â– â– â– â– â– â– â– â– â– â– â– â– â– â– â– â–                                                                 |  25% of 0.1 MiB
test	UNKNOWN STEP	2026-01-05T13:25:37.4397484Z |â– â– â– â– â– â– â– â– â– â– â– â– â– â– â– â– â– â– â– â– â– â– â– â–                                                         |  38% of 0.1 MiB
test	UNKNOWN STEP	2026-01-05T13:25:37.4403297Z |â– â– â– â– â– â– â– â– â– â– â– â– â– â– â– â– â– â– â– â– â– â– â– â– â– â– â– â– â– â– â– â– â– â– â– â– â– â– â– â–                                         |  51% of 0.1 MiB
test	UNKNOWN STEP	2026-01-05T13:25:37.4410225Z |â– â– â– â– â– â– â– â– â– â– â– â– â– â– â– â– â– â– â– â– â– â– â– â– â– â– â– â– â– â– â– â– â– â– â– â– â– â– â– â– â– â– â– â– â– â– â– â– â– â– â– â– â– â– â– â–                         |  70% of 0.1 MiB
test	UNKNOWN STEP	2026-01-05T13:25:37.4415693Z |â– â– â– â– â– â– â– â– â– â– â– â– â– â– â– â– â– â– â– â– â– â– â– â– â– â– â– â– â– â– â– â– â– â– â– â– â– â– â– â– â– â– â– â– â– â– â– â– â– â– â– â– â– â– â– â– â– â– â– â– â– â– â– â–                 |  89% of 0.1 MiB
test	UNKNOWN STEP	2026-01-05T13:25:37.4419750Z |â– â– â– â– â– â– â– â– â– â– â– â– â– â– â– â– â– â– â– â– â– â– â– â– â– â– â– â– â– â– â– â– â– â– â– â– â– â– â– â– â– â– â– â– â– â– â– â– â– â– â– â– â– â– â– â– â– â– â– â– â– â– â– â– â– â– â– â– â– â– â– â– â– â– â– â– â– â– â– â– | 100% of 0.1 MiB
test	UNKNOWN STEP	2026-01-05T13:25:37.4679649Z Winldd playwright build v1007 downloaded to C:\Users\runneradmin\AppData\Local\ms-playwright\winldd-1007
test	UNKNOWN STEP	2026-01-05T13:25:38.0581504Z ##[group]Run npx playwright test
test	UNKNOWN STEP	2026-01-05T13:25:38.0581961Z [36;1mnpx playwright test[0m
test	UNKNOWN STEP	2026-01-05T13:25:38.0652154Z shell: C:\Program Files\PowerShell\7\pwsh.EXE -command ". '{0}'"
test	UNKNOWN STEP	2026-01-05T13:25:38.0652582Z env:
test	UNKNOWN STEP	2026-01-05T13:25:38.0652839Z   CARGO_HOME: C:\Users\runneradmin\.cargo
test	UNKNOWN STEP	2026-01-05T13:25:38.0654032Z   CARGO_INCREMENTAL: 0
test	UNKNOWN STEP	2026-01-05T13:25:38.0654289Z   CARGO_TERM_COLOR: always
test	UNKNOWN STEP	2026-01-05T13:25:38.0654565Z   CACHE_ON_FAILURE: false
test	UNKNOWN STEP	2026-01-05T13:25:38.0654982Z   WEBVIEW2_ADDITIONAL_BROWSER_ARGUMENTS: --remote-debugging-port=9222
test	UNKNOWN STEP	2026-01-05T13:25:38.0655444Z   CI: true
test	UNKNOWN STEP	2026-01-05T13:25:38.0655646Z ##[endgroup]
test	UNKNOWN STEP	2026-01-05T13:25:42.3832342Z [2m[WebServer] [22m     Running BeforeDevCommand (`npm run dev`)
test	UNKNOWN STEP	2026-01-05T13:25:43.6697936Z [2m[WebServer] [22m[31m(!) Failed to run dependency scan. Skipping dependency pre-bundling. Error: [31m  Failed to scan for dependencies from entries:
test	UNKNOWN STEP	2026-01-05T13:25:43.6699418Z [2m[WebServer] [22m  D:/a/screen_inu/screen_inu/app/index.html
test	UNKNOWN STEP	2026-01-05T13:25:43.6700108Z [2m[WebServer] [22mD:/a/screen_inu/screen_inu/app/playwright-report/index.html
test	UNKNOWN STEP	2026-01-05T13:25:43.6700578Z [2m[WebServer] [22m
test	UNKNOWN STEP	2026-01-05T13:25:43.6701176Z [2m[WebServer] [22m  [31m[31mX [41;31m[[41;97mERROR[41;31m][0m [1mExpected ">" but found "<"[0m
test	UNKNOWN STEP	2026-01-05T13:25:43.6701675Z [2m[WebServer] [22m
test	UNKNOWN STEP	2026-01-05T13:25:43.6702035Z [2m[WebServer] [22m    src/App.tsx:698:0:
test	UNKNOWN STEP	2026-01-05T13:25:43.6702511Z [2m[WebServer] [22m[37m      698 â”‚ [32m<[37m<<<<<< HEAD
test	UNKNOWN STEP	2026-01-05T13:25:43.6702979Z [2m[WebServer] [22m          â”‚ [32m^[37m
test	UNKNOWN STEP	2026-01-05T13:25:43.6703367Z [2m[WebServer] [22m          â•µ [32m>[0m
test	UNKNOWN STEP	2026-01-05T13:25:43.6703684Z [2m[WebServer] [22m
test	UNKNOWN STEP	2026-01-05T13:25:43.6703929Z [2m[WebServer] [22m
test	UNKNOWN STEP	2026-01-05T13:25:43.6704649Z [2m[WebServer] [22m    at failureErrorWithLog (D:\a\screen_inu\screen_inu\app\node_modules\esbuild\lib\main.js:1467:15)
test	UNKNOWN STEP	2026-01-05T13:25:43.6705595Z [2m[WebServer] [22m    at D:\a\screen_inu\screen_inu\app\node_modules\esbuild\lib\main.js:926:25
test	UNKNOWN STEP	2026-01-05T13:25:43.6706533Z [2m[WebServer] [22m    at runOnEndCallbacks (D:\a\screen_inu\screen_inu\app\node_modules\esbuild\lib\main.js:1307:45)
test	UNKNOWN STEP	2026-01-05T13:25:43.6707581Z [2m[WebServer] [22m    at buildResponseToResult (D:\a\screen_inu\screen_inu\app\node_modules\esbuild\lib\main.js:924:7)
test	UNKNOWN STEP	2026-01-05T13:25:43.6708492Z [2m[WebServer] [22m    at D:\a\screen_inu\screen_inu\app\node_modules\esbuild\lib\main.js:936:9
test	UNKNOWN STEP	2026-01-05T13:25:43.6709106Z [2m[WebServer] [22m    at new Promise (<anonymous>)
test	UNKNOWN STEP	2026-01-05T13:25:43.6709930Z [2m[WebServer] [22m    at requestCallbacks.on-end (D:\a\screen_inu\screen_inu\app\node_modules\esbuild\lib\main.js:935:54)
test	UNKNOWN STEP	2026-01-05T13:25:43.6710943Z [2m[WebServer] [22m    at handleRequest (D:\a\screen_inu\screen_inu\app\node_modules\esbuild\lib\main.js:628:17)
test	UNKNOWN STEP	2026-01-05T13:25:43.6711944Z [2m[WebServer] [22m    at handleIncomingPacket (D:\a\screen_inu\screen_inu\app\node_modules\esbuild\lib\main.js:653:7)
test	UNKNOWN STEP	2026-01-05T13:25:43.6713006Z [2m[WebServer] [22m    at Socket.readFromStdout (D:\a\screen_inu\screen_inu\app\node_modules\esbuild\lib\main.js:581:7)[39m
test	UNKNOWN STEP	2026-01-05T13:25:44.1011752Z 
test	UNKNOWN STEP	2026-01-05T13:25:44.1012977Z SyntaxError: D:\a\screen_inu\screen_inu\app\e2e\playwright\app.spec.ts: Unexpected token (9:0)
test	UNKNOWN STEP	2026-01-05T13:25:44.1014050Z 
test	UNKNOWN STEP	2026-01-05T13:25:44.1014496Z [0m [90m  7 |[39m
test	UNKNOWN STEP	2026-01-05T13:25:44.1015838Z  [90m  8 |[39m test[33m.[39mbeforeAll([36masync[39m () [33m=>[39m {
test	UNKNOWN STEP	2026-01-05T13:25:44.1017318Z [31m[1m>[22m[39m[90m  9 |[39m [33m<<[39m[33m<<[39m[33m<<[39m[33m<[39m [33mHEAD[39m
test	UNKNOWN STEP	2026-01-05T13:25:44.1023221Z  [90m    |[39m [31m[1m^[22m[39m
test	UNKNOWN STEP	2026-01-05T13:25:44.1024223Z  [90m 10 |[39m     console[33m.[39mlog([32m'Connecting to Tauri app via CDP...'[39m)[33m;[39m
test	UNKNOWN STEP	2026-01-05T13:25:44.1025376Z  [90m 11 |[39m     [90m// Retry connection logic (essential for CI/CD reliability)[39m
test	UNKNOWN STEP	2026-01-05T13:25:44.1029984Z  [90m 12 |[39m     [90m// CI machines can be slow to compile/launch the app[39m[0m
test	UNKNOWN STEP	2026-01-05T13:25:44.1030604Z 
test	UNKNOWN STEP	2026-01-05T13:25:44.1030778Z    at app.spec.ts:9
test	UNKNOWN STEP	2026-01-05T13:25:44.1031015Z 
test	UNKNOWN STEP	2026-01-05T13:25:44.1031133Z    7 |
test	UNKNOWN STEP	2026-01-05T13:25:44.1031546Z    8 | test.beforeAll(async () => {
test	UNKNOWN STEP	2026-01-05T13:25:44.1031968Z >  9 | <<<<<<< HEAD
test	UNKNOWN STEP	2026-01-05T13:25:44.1032469Z   10 |     console.log('Connecting to Tauri app via CDP...');
test	UNKNOWN STEP	2026-01-05T13:25:44.1033189Z   11 |     // Retry connection logic (essential for CI/CD reliability)
test	UNKNOWN STEP	2026-01-05T13:25:44.1033919Z   12 |     // CI machines can be slow to compile/launch the app
test	UNKNOWN STEP	2026-01-05T13:25:44.2447165Z 
test	UNKNOWN STEP	2026-01-05T13:25:44.2452611Z 
test	UNKNOWN STEP	2026-01-05T13:25:44.3514034Z ##[error]Process completed with exit code 1.
test	UNKNOWN STEP	2026-01-05T13:25:44.3710775Z Post job cleanup.
test	UNKNOWN STEP	2026-01-05T13:25:44.6084119Z [command]"C:\Program Files\Git\bin\git.exe" version
test	UNKNOWN STEP	2026-01-05T13:25:44.6361459Z git version 2.52.0.windows.1
test	UNKNOWN STEP	2026-01-05T13:25:44.6438610Z Temporarily overriding HOME='D:\a\_temp\ba9b9610-60fa-44e4-a219-10f0d98ea89c' before making global git config changes
test	UNKNOWN STEP	2026-01-05T13:25:44.6439776Z Adding repository directory to the temporary git global config as a safe directory
test	UNKNOWN STEP	2026-01-05T13:25:44.6451779Z [command]"C:\Program Files\Git\bin\git.exe" config --global --add safe.directory D:\a\screen_inu\screen_inu
test	UNKNOWN STEP	2026-01-05T13:25:44.6758692Z [command]"C:\Program Files\Git\bin\git.exe" config --local --name-only --get-regexp core\.sshCommand
test	UNKNOWN STEP	2026-01-05T13:25:44.7060031Z [command]"C:\Program Files\Git\bin\git.exe" submodule foreach --recursive "sh -c \"git config --local --name-only --get-regexp 'core\.sshCommand' && git config --local --unset-all 'core.sshCommand' || :\""
test	UNKNOWN STEP	2026-01-05T13:25:45.2221383Z fatal: No url found for submodule path 'homebrew-screen-inu' in .gitmodules
test	UNKNOWN STEP	2026-01-05T13:25:45.2340947Z ##[warning]The process 'C:\Program Files\Git\bin\git.exe' failed with exit code 128
test	UNKNOWN STEP	2026-01-05T13:25:45.2496800Z Cleaning up orphan processes
