2026-01-04T14:33:44.6968230Z Current runner version: '2.330.0'
2026-01-04T14:33:44.6983980Z ##[group]Runner Image Provisioner
2026-01-04T14:33:44.6984450Z Hosted Compute Agent
2026-01-04T14:33:44.6984780Z Version: 20251211.462
2026-01-04T14:33:44.6985140Z Commit: 6cbad8c2bb55d58165063d031ccabf57e2d2db61
2026-01-04T14:33:44.6985570Z Build Date: 2025-12-11T16:28:49Z
2026-01-04T14:33:44.6985960Z Worker ID: {04c21d9f-1629-4772-83c5-0fcf32fbc835}
2026-01-04T14:33:44.6986370Z ##[endgroup]
2026-01-04T14:33:44.6986690Z ##[group]Operating System
2026-01-04T14:33:44.6987040Z macOS
2026-01-04T14:33:44.6987320Z 15.7.2
2026-01-04T14:33:44.6987590Z 24G325
2026-01-04T14:33:44.6987860Z ##[endgroup]
2026-01-04T14:33:44.6988140Z ##[group]Runner Image
2026-01-04T14:33:44.6988460Z Image: macos-15-arm64
2026-01-04T14:33:44.6988770Z Version: 20251215.0075.1
2026-01-04T14:33:44.6989480Z Included Software: https://github.com/actions/runner-images/blob/macos-15-arm64/20251215.0075/images/macos/macos-15-arm64-Readme.md
2026-01-04T14:33:44.6990590Z Image Release: https://github.com/actions/runner-images/releases/tag/macos-15-arm64%2F20251215.0075
2026-01-04T14:33:44.6991250Z ##[endgroup]
2026-01-04T14:33:44.6991910Z ##[group]GITHUB_TOKEN Permissions
2026-01-04T14:33:44.6993040Z Contents: write
2026-01-04T14:33:44.6993370Z Metadata: read
2026-01-04T14:33:44.6993680Z ##[endgroup]
2026-01-04T14:33:44.6995070Z Secret source: Actions
2026-01-04T14:33:44.6995460Z Prepare workflow directory
2026-01-04T14:33:44.7207910Z Prepare all required actions
2026-01-04T14:33:44.7236150Z Getting action download info
2026-01-04T14:33:44.9987900Z Download action repository 'actions/checkout@v4' (SHA:34e114876b0b11c390a56381ad16ebd13914f8d5)
2026-01-04T14:33:45.1765240Z Download action repository 'actions/setup-node@v4' (SHA:49933ea5288caeca8642d1e84afbd3f7d6820020)
2026-01-04T14:33:45.2743120Z Download action repository 'dtolnay/rust-toolchain@stable' (SHA:4be9e76fd7c4901c61fb841f559994984270fce7)
2026-01-04T14:33:46.1437800Z Download action repository 'Swatinem/rust-cache@v2' (SHA:779680da715d629ac1d338a641029a2f4372abb5)
2026-01-04T14:33:47.5190500Z Download action repository 'tauri-apps/tauri-action@v0' (SHA:73fb865345c54760d875b94642314f8c0c894afa)
2026-01-04T14:33:49.0212570Z Complete job name: release (macos-latest)
2026-01-04T14:33:49.0555220Z ##[group]Run actions/checkout@v4
2026-01-04T14:33:49.0555750Z with:
2026-01-04T14:33:49.0555880Z   repository: ImL1s/screen_inu
2026-01-04T14:33:49.0556160Z   token: ***
2026-01-04T14:33:49.0556270Z   ssh-strict: true
2026-01-04T14:33:49.0556400Z   ssh-user: git
2026-01-04T14:33:49.0556530Z   persist-credentials: true
2026-01-04T14:33:49.0556670Z   clean: true
2026-01-04T14:33:49.0556800Z   sparse-checkout-cone-mode: true
2026-01-04T14:33:49.0556960Z   fetch-depth: 1
2026-01-04T14:33:49.0557110Z   fetch-tags: false
2026-01-04T14:33:49.0557240Z   show-progress: true
2026-01-04T14:33:49.0557380Z   lfs: false
2026-01-04T14:33:49.0557490Z   submodules: false
2026-01-04T14:33:49.0557630Z   set-safe-directory: true
2026-01-04T14:33:49.0557880Z ##[endgroup]
2026-01-04T14:33:49.3673520Z Syncing repository: ImL1s/screen_inu
2026-01-04T14:33:49.3676110Z ##[group]Getting Git version info
2026-01-04T14:33:49.3676430Z Working directory is '/Users/runner/work/screen_inu/screen_inu'
2026-01-04T14:33:49.3677000Z [command]/opt/homebrew/bin/git version
2026-01-04T14:33:49.4148270Z git version 2.50.1
2026-01-04T14:33:49.4183930Z ##[endgroup]
2026-01-04T14:33:49.4194050Z Copying '/Users/runner/.gitconfig' to '/Users/runner/work/_temp/9e07aa56-89f0-46a1-93dd-9f50999346ae/.gitconfig'
2026-01-04T14:33:49.4202720Z Temporarily overriding HOME='/Users/runner/work/_temp/9e07aa56-89f0-46a1-93dd-9f50999346ae' before making global git config changes
2026-01-04T14:33:49.4203780Z Adding repository directory to the temporary git global config as a safe directory
2026-01-04T14:33:49.4216280Z [command]/opt/homebrew/bin/git config --global --add safe.directory /Users/runner/work/screen_inu/screen_inu
2026-01-04T14:33:49.4335640Z Deleting the contents of '/Users/runner/work/screen_inu/screen_inu'
2026-01-04T14:33:49.4338090Z ##[group]Initializing the repository
2026-01-04T14:33:49.4342230Z [command]/opt/homebrew/bin/git init /Users/runner/work/screen_inu/screen_inu
2026-01-04T14:33:49.4508250Z hint: Using 'master' as the name for the initial branch. This default branch name
2026-01-04T14:33:49.4508940Z hint: is subject to change. To configure the initial branch name to use in all
2026-01-04T14:33:49.4509450Z hint: of your new repositories, which will suppress this warning, call:
2026-01-04T14:33:49.4510150Z hint:
2026-01-04T14:33:49.4510620Z hint: 	git config --global init.defaultBranch <name>
2026-01-04T14:33:49.4510870Z hint:
2026-01-04T14:33:49.4511110Z hint: Names commonly chosen instead of 'master' are 'main', 'trunk' and
2026-01-04T14:33:49.4511510Z hint: 'development'. The just-created branch can be renamed via this command:
2026-01-04T14:33:49.4511830Z hint:
2026-01-04T14:33:49.4511970Z hint: 	git branch -m <name>
2026-01-04T14:33:49.4512190Z hint:
2026-01-04T14:33:49.4512450Z hint: Disable this message with "git config set advice.defaultBranchName false"
2026-01-04T14:33:49.4512910Z Initialized empty Git repository in /Users/runner/work/screen_inu/screen_inu/.git/
2026-01-04T14:33:49.4516830Z [command]/opt/homebrew/bin/git remote add origin https://github.com/ImL1s/screen_inu
2026-01-04T14:33:49.4585290Z ##[endgroup]
2026-01-04T14:33:49.4585760Z ##[group]Disabling automatic garbage collection
2026-01-04T14:33:49.4589390Z [command]/opt/homebrew/bin/git config --local gc.auto 0
2026-01-04T14:33:49.4668970Z ##[endgroup]
2026-01-04T14:33:49.4669490Z ##[group]Setting up auth
2026-01-04T14:33:49.4677170Z [command]/opt/homebrew/bin/git config --local --name-only --get-regexp core\.sshCommand
2026-01-04T14:33:49.4739620Z [command]/opt/homebrew/bin/git submodule foreach --recursive sh -c "git config --local --name-only --get-regexp 'core\.sshCommand' && git config --local --unset-all 'core.sshCommand' || :"
2026-01-04T14:33:49.5763640Z [command]/opt/homebrew/bin/git config --local --name-only --get-regexp http\.https\:\/\/github\.com\/\.extraheader
2026-01-04T14:33:49.5822820Z [command]/opt/homebrew/bin/git submodule foreach --recursive sh -c "git config --local --name-only --get-regexp 'http\.https\:\/\/github\.com\/\.extraheader' && git config --local --unset-all 'http.https://github.com/.extraheader' || :"
2026-01-04T14:33:49.6458160Z [command]/opt/homebrew/bin/git config --local --name-only --get-regexp ^includeIf\.gitdir:
2026-01-04T14:33:49.6513190Z [command]/opt/homebrew/bin/git submodule foreach --recursive git config --local --show-origin --name-only --get-regexp remote.origin.url
2026-01-04T14:33:49.7178600Z [command]/opt/homebrew/bin/git config --local http.https://github.com/.extraheader AUTHORIZATION: basic ***
2026-01-04T14:33:49.7237300Z ##[endgroup]
2026-01-04T14:33:49.7237850Z ##[group]Fetching the repository
2026-01-04T14:33:49.7245550Z [command]/opt/homebrew/bin/git -c protocol.version=2 fetch --no-tags --prune --no-recurse-submodules --depth=1 origin +67332071224af18c7c8f2608664c74f2d6e3d82d:refs/tags/v0.2.1
2026-01-04T14:33:54.4787910Z From https://github.com/ImL1s/screen_inu
2026-01-04T14:33:54.4788710Z  * [new ref]         67332071224af18c7c8f2608664c74f2d6e3d82d -> v0.2.1
2026-01-04T14:33:54.4861990Z ##[endgroup]
2026-01-04T14:33:54.4862850Z ##[group]Determining the checkout info
2026-01-04T14:33:54.4863870Z ##[endgroup]
2026-01-04T14:33:54.4867040Z [command]/opt/homebrew/bin/git sparse-checkout disable
2026-01-04T14:33:54.4948930Z [command]/opt/homebrew/bin/git config --local --unset-all extensions.worktreeConfig
2026-01-04T14:33:54.5012520Z ##[group]Checking out the ref
2026-01-04T14:33:54.5016570Z [command]/opt/homebrew/bin/git checkout --progress --force refs/tags/v0.2.1
2026-01-04T14:33:55.4239180Z HEAD is now at 6733207 chore: bump version to v0.2.1 and fix release workflow
2026-01-04T14:33:55.4366510Z ##[endgroup]
2026-01-04T14:33:55.4533780Z [command]/opt/homebrew/bin/git log -1 --format=%H
2026-01-04T14:33:55.4594090Z 67332071224af18c7c8f2608664c74f2d6e3d82d
2026-01-04T14:33:55.4815180Z ##[group]Run actions/setup-node@v4
2026-01-04T14:33:55.4815410Z with:
2026-01-04T14:33:55.4815600Z   node-version: 20
2026-01-04T14:33:55.4815830Z   cache: npm
2026-01-04T14:33:55.4816020Z   cache-dependency-path: app/package-lock.json
2026-01-04T14:33:55.4816270Z   always-auth: false
2026-01-04T14:33:55.4816490Z   check-latest: false
2026-01-04T14:33:55.4816880Z   token: ***
2026-01-04T14:33:55.4817070Z ##[endgroup]
2026-01-04T14:33:55.7906520Z Found in cache @ /Users/runner/hostedtoolcache/node/20.19.6/arm64
2026-01-04T14:33:55.7996360Z ##[group]Environment details
2026-01-04T14:33:56.1453010Z node: v20.19.6
2026-01-04T14:33:56.1453320Z npm: 10.8.2
2026-01-04T14:33:56.1455710Z yarn: 1.22.22
2026-01-04T14:33:56.1457010Z ##[endgroup]
2026-01-04T14:33:56.1477570Z [command]/Users/runner/hostedtoolcache/node/20.19.6/arm64/bin/npm config get cache
2026-01-04T14:33:56.3466310Z /Users/runner/.npm
2026-01-04T14:33:56.4848880Z npm cache is not found
2026-01-04T14:33:56.4993600Z ##[group]Run dtolnay/rust-toolchain@stable
2026-01-04T14:33:56.4993860Z with:
2026-01-04T14:33:56.4993980Z   toolchain: stable
2026-01-04T14:33:56.4994130Z ##[endgroup]
2026-01-04T14:33:56.5088810Z ##[group]Run : parse toolchain version
2026-01-04T14:33:56.5089110Z [36;1m: parse toolchain version[0m
2026-01-04T14:33:56.5089310Z [36;1mif [[ -z $toolchain ]]; then[0m
2026-01-04T14:33:56.5089700Z [36;1m  # GitHub does not enforce `required: true` inputs itself. https://github.com/actions/runner/issues/1070[0m
2026-01-04T14:33:56.5090090Z [36;1m  echo "'toolchain' is a required input" >&2[0m
2026-01-04T14:33:56.5090360Z [36;1m  exit 1[0m
2026-01-04T14:33:56.5090620Z [36;1melif [[ $toolchain =~ ^stable' '[0-9]+' '(year|month|week|day)s?' 'ago$ ]]; then[0m
2026-01-04T14:33:56.5090900Z [36;1m  if [[ macOS == macOS ]]; then[0m
2026-01-04T14:33:56.5091320Z [36;1m    echo "toolchain=1.$((($(date -v-$(sed 's/stable \([0-9]*\) \(.\).*/\1\2/' <<< $toolchain) +%s)/60/60/24-16569)/7/6))" >> $GITHUB_OUTPUT[0m
2026-01-04T14:33:56.5091680Z [36;1m  else[0m
2026-01-04T14:33:56.5091960Z [36;1m    echo "toolchain=1.$((($(date --date "${toolchain#stable }" +%s)/60/60/24-16569)/7/6))" >> $GITHUB_OUTPUT[0m
2026-01-04T14:33:56.5092250Z [36;1m  fi[0m
2026-01-04T14:33:56.5092460Z [36;1melif [[ $toolchain =~ ^stable' 'minus' '[0-9]+' 'releases?$ ]]; then[0m
2026-01-04T14:33:56.5092840Z [36;1m  echo "toolchain=1.$((($(date +%s)/60/60/24-16569)/7/6-${toolchain//[^0-9]/}))" >> $GITHUB_OUTPUT[0m
2026-01-04T14:33:56.5093180Z [36;1melif [[ $toolchain =~ ^1\.[0-9]+$ ]]; then[0m
2026-01-04T14:33:56.5093550Z [36;1m  echo "toolchain=1.$((i=${toolchain#1.}, c=($(date +%s)/60/60/24-16569)/7/6, i+9*i*(10*i<=c)+90*i*(100*i<=c)))" >> $GITHUB_OUTPUT[0m
2026-01-04T14:33:56.5093880Z [36;1melse[0m
2026-01-04T14:33:56.5094060Z [36;1m  echo "toolchain=$toolchain" >> $GITHUB_OUTPUT[0m
2026-01-04T14:33:56.5094270Z [36;1mfi[0m
2026-01-04T14:33:56.5142610Z shell: /bin/bash --noprofile --norc -e -o pipefail {0}
2026-01-04T14:33:56.5142870Z env:
2026-01-04T14:33:56.5143030Z   toolchain: stable
2026-01-04T14:33:56.5143180Z ##[endgroup]
2026-01-04T14:33:56.5491100Z ##[group]Run : construct rustup command line
2026-01-04T14:33:56.5491480Z [36;1m: construct rustup command line[0m
2026-01-04T14:33:56.5491840Z [36;1mecho "targets=$(for t in ${targets//,/ }; do echo -n ' --target' $t; done)" >> $GITHUB_OUTPUT[0m
2026-01-04T14:33:56.5492290Z [36;1mecho "components=$(for c in ${components//,/ }; do echo -n ' --component' $c; done)" >> $GITHUB_OUTPUT[0m
2026-01-04T14:33:56.5492640Z [36;1mecho "downgrade=" >> $GITHUB_OUTPUT[0m
2026-01-04T14:33:56.5521950Z shell: /bin/bash --noprofile --norc -e -o pipefail {0}
2026-01-04T14:33:56.5522190Z env:
2026-01-04T14:33:56.5522320Z   targets: 
2026-01-04T14:33:56.5522460Z   components: 
2026-01-04T14:33:56.5522610Z ##[endgroup]
2026-01-04T14:33:56.5802410Z ##[group]Run : set $CARGO_HOME
2026-01-04T14:33:56.5802630Z [36;1m: set $CARGO_HOME[0m
2026-01-04T14:33:56.5802900Z [36;1mecho CARGO_HOME=${CARGO_HOME:-"$HOME/.cargo"} >> $GITHUB_ENV[0m
2026-01-04T14:33:56.5830930Z shell: /bin/bash --noprofile --norc -e -o pipefail {0}
2026-01-04T14:33:56.5831210Z ##[endgroup]
2026-01-04T14:33:56.6104180Z ##[group]Run : install rustup if needed
2026-01-04T14:33:56.6104560Z [36;1m: install rustup if needed[0m
2026-01-04T14:33:56.6104790Z [36;1mif ! command -v rustup &>/dev/null; then[0m
2026-01-04T14:33:56.6105340Z [36;1m  curl --proto '=https' --tlsv1.2 --retry 10 --retry-connrefused --location --silent --show-error --fail https://sh.rustup.rs | sh -s -- --default-toolchain none -y[0m
2026-01-04T14:33:56.6105850Z [36;1m  echo "$CARGO_HOME/bin" >> $GITHUB_PATH[0m
2026-01-04T14:33:56.6106080Z [36;1mfi[0m
2026-01-04T14:33:56.6133480Z shell: /bin/bash --noprofile --norc -e -o pipefail {0}
2026-01-04T14:33:56.6133740Z env:
2026-01-04T14:33:56.6133880Z   CARGO_HOME: /Users/runner/.cargo
2026-01-04T14:33:56.6134090Z ##[endgroup]
2026-01-04T14:33:56.6444430Z ##[group]Run rustup toolchain install stable --profile minimal --no-self-update
2026-01-04T14:33:56.6444930Z [36;1mrustup toolchain install stable --profile minimal --no-self-update[0m
2026-01-04T14:33:56.6473610Z shell: /bin/bash --noprofile --norc -e -o pipefail {0}
2026-01-04T14:33:56.6473870Z env:
2026-01-04T14:33:56.6474010Z   CARGO_HOME: /Users/runner/.cargo
2026-01-04T14:33:56.6474210Z   RUSTUP_PERMIT_COPY_RENAME: 1
2026-01-04T14:33:56.6474390Z ##[endgroup]
2026-01-04T14:33:56.9745920Z info: syncing channel updates for 'stable-aarch64-apple-darwin'
2026-01-04T14:33:57.0207320Z 
2026-01-04T14:33:57.0287640Z info: self-update is disabled for this build of rustup
2026-01-04T14:33:57.0288220Z info: any updates to rustup will need to be fetched with your system package manager
2026-01-04T14:33:57.0288730Z   stable-aarch64-apple-darwin unchanged - rustc 1.92.0 (ded5c06cf 2025-12-08)
2026-01-04T14:33:57.0288980Z 
2026-01-04T14:33:57.0314070Z ##[group]Run rustup default stable
2026-01-04T14:33:57.0314320Z [36;1mrustup default stable[0m
2026-01-04T14:33:57.0344940Z shell: /bin/bash --noprofile --norc -e -o pipefail {0}
2026-01-04T14:33:57.0345250Z env:
2026-01-04T14:33:57.0345390Z   CARGO_HOME: /Users/runner/.cargo
2026-01-04T14:33:57.0345560Z ##[endgroup]
2026-01-04T14:33:57.0695870Z info: using existing install for 'stable-aarch64-apple-darwin'
2026-01-04T14:33:57.0978360Z info: default toolchain set to 'stable-aarch64-apple-darwin'
2026-01-04T14:33:57.0978690Z 
2026-01-04T14:33:57.1062230Z   stable-aarch64-apple-darwin unchanged - rustc 1.92.0 (ded5c06cf 2025-12-08)
2026-01-04T14:33:57.1064520Z 
2026-01-04T14:33:57.1090680Z ##[group]Run : create cachekey
2026-01-04T14:33:57.1090940Z [36;1m: create cachekey[0m
2026-01-04T14:33:57.1091300Z [36;1mDATE=$(rustc +stable --version --verbose | sed -ne 's/^commit-date: \(20[0-9][0-9]\)-\([01][0-9]\)-\([0-3][0-9]\)$/\1\2\3/p')[0m
2026-01-04T14:33:57.1091760Z [36;1mHASH=$(rustc +stable --version --verbose | sed -ne 's/^commit-hash: //p')[0m
2026-01-04T14:33:57.1092230Z [36;1mecho "cachekey=$(echo $DATE$HASH | head -c12)" >> $GITHUB_OUTPUT[0m
2026-01-04T14:33:57.1122210Z shell: /bin/bash --noprofile --norc -e -o pipefail {0}
2026-01-04T14:33:57.1122450Z env:
2026-01-04T14:33:57.1122600Z   CARGO_HOME: /Users/runner/.cargo
2026-01-04T14:33:57.1122780Z ##[endgroup]
2026-01-04T14:33:57.2596760Z ##[group]Run : disable incremental compilation
2026-01-04T14:33:57.2597360Z [36;1m: disable incremental compilation[0m
2026-01-04T14:33:57.2597750Z [36;1mif [ -z "${CARGO_INCREMENTAL+set}" ]; then[0m
2026-01-04T14:33:57.2597990Z [36;1m  echo CARGO_INCREMENTAL=0 >> $GITHUB_ENV[0m
2026-01-04T14:33:57.2598250Z [36;1mfi[0m
2026-01-04T14:33:57.2628520Z shell: /bin/bash --noprofile --norc -e -o pipefail {0}
2026-01-04T14:33:57.2628810Z env:
2026-01-04T14:33:57.2628950Z   CARGO_HOME: /Users/runner/.cargo
2026-01-04T14:33:57.2629170Z ##[endgroup]
2026-01-04T14:33:57.2912930Z ##[group]Run : enable colors in Cargo output
2026-01-04T14:33:57.2913210Z [36;1m: enable colors in Cargo output[0m
2026-01-04T14:33:57.2913450Z [36;1mif [ -z "${CARGO_TERM_COLOR+set}" ]; then[0m
2026-01-04T14:33:57.2913930Z [36;1m  echo CARGO_TERM_COLOR=always >> $GITHUB_ENV[0m
2026-01-04T14:33:57.2914140Z [36;1mfi[0m
2026-01-04T14:33:57.2941910Z shell: /bin/bash --noprofile --norc -e -o pipefail {0}
2026-01-04T14:33:57.2942170Z env:
2026-01-04T14:33:57.2942350Z   CARGO_HOME: /Users/runner/.cargo
2026-01-04T14:33:57.2942530Z   CARGO_INCREMENTAL: 0
2026-01-04T14:33:57.2942720Z ##[endgroup]
2026-01-04T14:33:57.3207240Z ##[group]Run : enable Cargo sparse registry
2026-01-04T14:33:57.3207500Z [36;1m: enable Cargo sparse registry[0m
2026-01-04T14:33:57.3207770Z [36;1m# implemented in 1.66, stabilized in 1.68, made default in 1.70[0m
2026-01-04T14:33:57.3208290Z [36;1mif [ -z "${CARGO_REGISTRIES_CRATES_IO_PROTOCOL+set}" -o -f "/Users/runner/work/_temp"/.implicit_cargo_registries_crates_io_protocol ]; then[0m
2026-01-04T14:33:57.3208800Z [36;1m  if rustc +stable --version --verbose | grep -q '^release: 1\.6[89]\.'; then[0m
2026-01-04T14:33:57.3209380Z [36;1m    touch "/Users/runner/work/_temp"/.implicit_cargo_registries_crates_io_protocol || true[0m
2026-01-04T14:33:57.3209920Z [36;1m    echo CARGO_REGISTRIES_CRATES_IO_PROTOCOL=sparse >> $GITHUB_ENV[0m
2026-01-04T14:33:57.3210290Z [36;1m  elif rustc +stable --version --verbose | grep -q '^release: 1\.6[67]\.'; then[0m
2026-01-04T14:33:57.3210680Z [36;1m    touch "/Users/runner/work/_temp"/.implicit_cargo_registries_crates_io_protocol || true[0m
2026-01-04T14:33:57.3211050Z [36;1m    echo CARGO_REGISTRIES_CRATES_IO_PROTOCOL=git >> $GITHUB_ENV[0m
2026-01-04T14:33:57.3211290Z [36;1m  fi[0m
2026-01-04T14:33:57.3211400Z [36;1mfi[0m
2026-01-04T14:33:57.3240010Z shell: /bin/bash --noprofile --norc -e -o pipefail {0}
2026-01-04T14:33:57.3240260Z env:
2026-01-04T14:33:57.3240420Z   CARGO_HOME: /Users/runner/.cargo
2026-01-04T14:33:57.3240610Z   CARGO_INCREMENTAL: 0
2026-01-04T14:33:57.3240780Z   CARGO_TERM_COLOR: always
2026-01-04T14:33:57.3240940Z ##[endgroup]
2026-01-04T14:33:57.3930730Z ##[group]Run : work around spurious network errors in curl 8.0
2026-01-04T14:33:57.3931120Z [36;1m: work around spurious network errors in curl 8.0[0m
2026-01-04T14:33:57.3931540Z [36;1m# https://rust-lang.zulipchat.com/#narrow/stream/246057-t-cargo/topic/timeout.20investigation[0m
2026-01-04T14:33:57.3932000Z [36;1mif rustc +stable --version --verbose | grep -q '^release: 1\.7[01]\.'; then[0m
2026-01-04T14:33:57.3932350Z [36;1m  echo CARGO_HTTP_MULTIPLEXING=false >> $GITHUB_ENV[0m
2026-01-04T14:33:57.3932570Z [36;1mfi[0m
2026-01-04T14:33:57.3960860Z shell: /bin/bash --noprofile --norc -e -o pipefail {0}
2026-01-04T14:33:57.3961100Z env:
2026-01-04T14:33:57.3961260Z   CARGO_HOME: /Users/runner/.cargo
2026-01-04T14:33:57.3961430Z   CARGO_INCREMENTAL: 0
2026-01-04T14:33:57.3961590Z   CARGO_TERM_COLOR: always
2026-01-04T14:33:57.3961770Z ##[endgroup]
2026-01-04T14:33:57.4469470Z ##[group]Run rustc +stable --version --verbose
2026-01-04T14:33:57.4469780Z [36;1mrustc +stable --version --verbose[0m
2026-01-04T14:33:57.4498310Z shell: /bin/bash --noprofile --norc -e -o pipefail {0}
2026-01-04T14:33:57.4498580Z env:
2026-01-04T14:33:57.4498710Z   CARGO_HOME: /Users/runner/.cargo
2026-01-04T14:33:57.4498890Z   CARGO_INCREMENTAL: 0
2026-01-04T14:33:57.4499080Z   CARGO_TERM_COLOR: always
2026-01-04T14:33:57.4499250Z ##[endgroup]
2026-01-04T14:33:57.4925060Z rustc 1.92.0 (ded5c06cf 2025-12-08)
2026-01-04T14:33:57.4925360Z binary: rustc
2026-01-04T14:33:57.4925680Z commit-hash: ded5c06cf21d2b93bffd5d884aa6e96934ee4234
2026-01-04T14:33:57.4925960Z commit-date: 2025-12-08
2026-01-04T14:33:57.4926180Z host: aarch64-apple-darwin
2026-01-04T14:33:57.4926350Z release: 1.92.0
2026-01-04T14:33:57.4929120Z LLVM version: 21.1.3
2026-01-04T14:33:57.5012740Z ##[group]Run Swatinem/rust-cache@v2
2026-01-04T14:33:57.5013030Z with:
2026-01-04T14:33:57.5013200Z   workspaces: ./app/src-tauri -> target
2026-01-04T14:33:57.5013390Z   prefix-key: v0-rust
2026-01-04T14:33:57.5013550Z   add-job-id-key: true
2026-01-04T14:33:57.5013720Z   add-rust-environment-hash-key: true
2026-01-04T14:33:57.5014160Z   cache-targets: true
2026-01-04T14:33:57.5014300Z   cache-all-crates: false
2026-01-04T14:33:57.5014470Z   cache-workspace-crates: false
2026-01-04T14:33:57.5014640Z   save-if: true
2026-01-04T14:33:57.5014790Z   cache-provider: github
2026-01-04T14:33:57.5015050Z   cache-bin: true
2026-01-04T14:33:57.5015200Z   lookup-only: false
2026-01-04T14:33:57.5015330Z env:
2026-01-04T14:33:57.5015450Z   CARGO_HOME: /Users/runner/.cargo
2026-01-04T14:33:57.5015610Z   CARGO_INCREMENTAL: 0
2026-01-04T14:33:57.5015760Z   CARGO_TERM_COLOR: always
2026-01-04T14:33:57.5015910Z ##[endgroup]
2026-01-04T14:33:57.9316570Z ##[group]Cache Configuration
2026-01-04T14:33:57.9346470Z Cache Provider:
2026-01-04T14:33:57.9356330Z     github
2026-01-04T14:33:57.9359800Z Workspaces:
2026-01-04T14:33:57.9360250Z     /Users/runner/work/screen_inu/screen_inu/app/src-tauri
2026-01-04T14:33:57.9360630Z Cache Paths:
2026-01-04T14:33:57.9363640Z     /Users/runner/.cargo/bin
2026-01-04T14:33:57.9364080Z     /Users/runner/.cargo/.crates.toml
2026-01-04T14:33:57.9364490Z     /Users/runner/.cargo/.crates2.json
2026-01-04T14:33:57.9364820Z     /Users/runner/.cargo/registry
2026-01-04T14:33:57.9366450Z     /Users/runner/.cargo/git
2026-01-04T14:33:57.9366850Z     /Users/runner/work/screen_inu/screen_inu/app/src-tauri/target
2026-01-04T14:33:57.9378160Z Restore Key:
2026-01-04T14:33:57.9378660Z     v0-rust-release-Darwin-arm64-e910a226
2026-01-04T14:33:57.9378970Z Cache Key:
2026-01-04T14:33:57.9379290Z     v0-rust-release-Darwin-arm64-e910a226-1f9b2dd8
2026-01-04T14:33:57.9379830Z .. Prefix:
2026-01-04T14:33:57.9380120Z   - v0-rust-release-Darwin-arm64
2026-01-04T14:33:57.9389800Z .. Environment considered:
2026-01-04T14:33:57.9390310Z   - Rust Version: 1.92.0 aarch64-apple-darwin (ded5c06cf21d2b93bffd5d884aa6e96934ee4234)
2026-01-04T14:33:57.9390710Z   - CARGO_HOME
2026-01-04T14:33:57.9390940Z   - CARGO_INCREMENTAL
2026-01-04T14:33:57.9391200Z   - CARGO_TERM_COLOR
2026-01-04T14:33:57.9391520Z .. Lockfiles considered:
2026-01-04T14:33:57.9391940Z   - /Users/runner/work/screen_inu/screen_inu/app/src-tauri/Cargo.lock
2026-01-04T14:33:57.9492960Z   - /Users/runner/work/screen_inu/screen_inu/app/src-tauri/Cargo.toml
2026-01-04T14:33:57.9542380Z ##[endgroup]
2026-01-04T14:33:57.9542510Z 
2026-01-04T14:33:57.9542620Z ... Restoring cache ...
2026-01-04T14:33:57.9859250Z No cache found.
2026-01-04T14:33:57.9913990Z ##[group]Run brew install tesseract leptonica
2026-01-04T14:33:57.9914250Z [36;1mbrew install tesseract leptonica[0m
2026-01-04T14:33:57.9942120Z shell: /bin/bash -e {0}
2026-01-04T14:33:57.9942270Z env:
2026-01-04T14:33:57.9942400Z   CARGO_HOME: /Users/runner/.cargo
2026-01-04T14:33:57.9942590Z   CARGO_INCREMENTAL: 0
2026-01-04T14:33:57.9942730Z   CARGO_TERM_COLOR: always
2026-01-04T14:33:57.9942930Z   CACHE_ON_FAILURE: false
2026-01-04T14:33:57.9943070Z ##[endgroup]
2026-01-04T14:34:00.4415200Z ✔︎ JSON API formula_tap_migrations.jws.json
2026-01-04T14:34:00.4415810Z ✔︎ JSON API cask_tap_migrations.jws.json
2026-01-04T14:34:01.7826510Z [32m==>[0m [1mFetching downloads for: [32mtesseract[39m and [32mleptonica[39m[0m
2026-01-04T14:34:02.2877140Z ✔︎ Bottle Manifest leptonica (1.86.0)
2026-01-04T14:34:02.4075060Z ✔︎ Bottle Manifest tesseract (5.5.1_1)
2026-01-04T14:34:03.3391250Z ✔︎ Bottle Manifest leptonica (1.86.0)
2026-01-04T14:34:03.4093630Z ✔︎ Bottle Manifest openjpeg (2.5.4)
2026-01-04T14:34:03.5548150Z ✔︎ Bottle Manifest webp (1.6.0)
2026-01-04T14:34:03.6729050Z ✔︎ Bottle openjpeg (2.5.4)
2026-01-04T14:34:03.7447410Z ✔︎ Bottle webp (1.6.0)
2026-01-04T14:34:03.7512850Z ✔︎ Bottle leptonica (1.86.0)
2026-01-04T14:34:03.7547440Z ✔︎ Bottle Manifest libb2 (0.98.1)
2026-01-04T14:34:03.8068250Z ✔︎ Bottle libb2 (0.98.1)
2026-01-04T14:34:04.0886210Z ✔︎ Bottle Manifest libarchive (3.8.4)
2026-01-04T14:34:04.1390050Z ✔︎ Bottle libarchive (3.8.4)
2026-01-04T14:34:04.1390820Z ✔︎ Bottle Manifest fribidi (1.0.16)
2026-01-04T14:34:04.2181610Z ✔︎ Bottle fribidi (1.0.16)
2026-01-04T14:34:04.2182360Z ✔︎ Bottle Manifest pango (1.57.0_1)
2026-01-04T14:34:04.2699330Z ✔︎ Bottle pango (1.57.0_1)
2026-01-04T14:34:04.6015550Z ✔︎ Bottle tesseract (5.5.1_1)
2026-01-04T14:34:04.8799430Z [32m==>[0m [1mInstalling dependencies for tesseract: [32mopenjpeg[39m, [32mwebp[39m, [32mleptonica[39m, [32mlibb2[39m, [32mlibarchive[39m, [32mfribidi[39m and [32mpango[39m[0m
2026-01-04T14:34:04.8801220Z [32m==>[0m [1mInstalling tesseract dependency: [32mopenjpeg[39m[0m
2026-01-04T14:34:04.9276970Z [34m==>[0m [1mPouring openjpeg--2.5.4.arm64_sequoia.bottle.tar.gz[0m
2026-01-04T14:34:05.4474700Z 🍺  /opt/homebrew/Cellar/openjpeg/2.5.4: 512 files, 14.7MB
2026-01-04T14:34:05.4478200Z [32m==>[0m [1mInstalling tesseract dependency: [32mwebp[39m[0m
2026-01-04T14:34:05.4977870Z [34m==>[0m [1mPouring webp--1.6.0.arm64_sequoia.bottle.tar.gz[0m
2026-01-04T14:34:06.0434350Z 🍺  /opt/homebrew/Cellar/webp/1.6.0: 64 files, 2.6MB
2026-01-04T14:34:06.0437080Z [32m==>[0m [1mInstalling tesseract dependency: [32mleptonica[39m[0m
2026-01-04T14:34:06.1286030Z [34m==>[0m [1mPouring leptonica--1.86.0.arm64_sequoia.bottle.tar.gz[0m
2026-01-04T14:34:07.0716250Z 🍺  /opt/homebrew/Cellar/leptonica/1.86.0: 55 files, 7.3MB
2026-01-04T14:34:07.0833150Z [32m==>[0m [1mInstalling tesseract dependency: [32mlibb2[39m[0m
2026-01-04T14:34:07.0879850Z [34m==>[0m [1mPouring libb2--0.98.1.arm64_sequoia.bottle.tar.gz[0m
2026-01-04T14:34:07.3259230Z 🍺  /opt/homebrew/Cellar/libb2/0.98.1: 9 files, 132.0KB
2026-01-04T14:34:07.3361350Z [32m==>[0m [1mInstalling tesseract dependency: [32mlibarchive[39m[0m
2026-01-04T14:34:07.3573530Z [34m==>[0m [1mPouring libarchive--3.8.4.arm64_sequoia.bottle.tar.gz[0m
2026-01-04T14:34:07.9090000Z 🍺  /opt/homebrew/Cellar/libarchive/3.8.4: 65 files, 4MB
2026-01-04T14:34:07.9106910Z [32m==>[0m [1mInstalling tesseract dependency: [32mfribidi[39m[0m
2026-01-04T14:34:07.9113870Z [34m==>[0m [1mPouring fribidi--1.0.16.arm64_sequoia.bottle.tar.gz[0m
2026-01-04T14:34:08.1274880Z 🍺  /opt/homebrew/Cellar/fribidi/1.0.16: 68 files, 581.6KB
2026-01-04T14:34:08.1279240Z [32m==>[0m [1mInstalling tesseract dependency: [32mpango[39m[0m
2026-01-04T14:34:08.3435480Z [34m==>[0m [1mPouring pango--1.57.0_1.arm64_sequoia.bottle.tar.gz[0m
2026-01-04T14:34:08.8059690Z 🍺  /opt/homebrew/Cellar/pango/1.57.0_1: 69 files, 3.7MB
2026-01-04T14:34:08.8061940Z [32m==>[0m [1mInstalling [32mtesseract[39m[0m
2026-01-04T14:34:08.8064470Z [34m==>[0m [1mPouring tesseract--5.5.1_1.arm64_sequoia.bottle.tar.gz[0m
2026-01-04T14:34:09.8896580Z [34m==>[0m [1mCaveats[0m
2026-01-04T14:34:09.8897780Z This formula contains only the "eng", "osd", and "snum" language data files.
2026-01-04T14:34:09.8901930Z If you need any other supported languages, run `brew install tesseract-lang`.
2026-01-04T14:34:09.8902820Z [34m==>[0m [1mSummary[0m
2026-01-04T14:34:09.8909860Z 🍺  /opt/homebrew/Cellar/tesseract/5.5.1_1: 75 files, 34.9MB
2026-01-04T14:34:09.8920860Z [32m==>[0m [1mCaveats[0m
2026-01-04T14:34:09.8921420Z [34m==>[0m [1mtesseract[0m
2026-01-04T14:34:09.8922220Z This formula contains only the "eng", "osd", and "snum" language data files.
2026-01-04T14:34:09.8922720Z If you need any other supported languages, run `brew install tesseract-lang`.
2026-01-04T14:34:09.9178810Z ##[group]Run mkdir -p app/src-tauri/binaries
2026-01-04T14:34:09.9182320Z [36;1mmkdir -p app/src-tauri/binaries[0m
2026-01-04T14:34:09.9182730Z [36;1mif [ "macos-latest" = "macos-latest" ]; then[0m
2026-01-04T14:34:09.9183420Z [36;1m  # Attempt to find real Tesseract binary on macOS[0m
2026-01-04T14:34:09.9184880Z [36;1m  TESS_PATH=$(which tesseract || echo "/usr/local/bin/tesseract")[0m
2026-01-04T14:34:09.9186020Z [36;1m  if [ -f "$TESS_PATH" ]; then[0m
2026-01-04T14:34:09.9186360Z [36;1m    cp "$TESS_PATH" app/src-tauri/binaries/tesseract-aarch64-apple-darwin[0m
2026-01-04T14:34:09.9187010Z [36;1m    cp "$TESS_PATH" app/src-tauri/binaries/tesseract-x86_64-apple-darwin[0m
2026-01-04T14:34:09.9187650Z [36;1m  else[0m
2026-01-04T14:34:09.9190390Z [36;1m    touch app/src-tauri/binaries/tesseract-aarch64-apple-darwin[0m
2026-01-04T14:34:09.9190860Z [36;1m    touch app/src-tauri/binaries/tesseract-x86_64-apple-darwin[0m
2026-01-04T14:34:09.9192110Z [36;1m  fi[0m
2026-01-04T14:34:09.9192600Z [36;1m  chmod +x app/src-tauri/binaries/tesseract-aarch64-apple-darwin[0m
2026-01-04T14:34:09.9193680Z [36;1m  chmod +x app/src-tauri/binaries/tesseract-x86_64-apple-darwin[0m
2026-01-04T14:34:09.9194090Z [36;1melif [ "macos-latest" = "windows-latest" ]; then[0m
2026-01-04T14:34:09.9194440Z [36;1m  # Attempt to find real Tesseract binary on Windows[0m
2026-01-04T14:34:09.9197790Z [36;1m  if [ -f "C:/Program Files/Tesseract-OCR/tesseract.exe" ]; then[0m
2026-01-04T14:34:09.9198370Z [36;1m    cp "C:/Program Files/Tesseract-OCR/tesseract.exe" app/src-tauri/binaries/tesseract-x86_64-pc-windows-msvc.exe[0m
2026-01-04T14:34:09.9198970Z [36;1m  else[0m
2026-01-04T14:34:09.9199590Z [36;1m    touch app/src-tauri/binaries/tesseract-x86_64-pc-windows-msvc.exe[0m
2026-01-04T14:34:09.9200140Z [36;1m  fi[0m
2026-01-04T14:34:09.9200310Z [36;1mfi[0m
2026-01-04T14:34:09.9248550Z shell: /bin/bash --noprofile --norc -e -o pipefail {0}
2026-01-04T14:34:09.9248840Z env:
2026-01-04T14:34:09.9249200Z   CARGO_HOME: /Users/runner/.cargo
2026-01-04T14:34:09.9249470Z   CARGO_INCREMENTAL: 0
2026-01-04T14:34:09.9251210Z   CARGO_TERM_COLOR: always
2026-01-04T14:34:09.9251480Z   CACHE_ON_FAILURE: false
2026-01-04T14:34:09.9252900Z ##[endgroup]
2026-01-04T14:34:09.9802650Z ##[group]Run npm install
2026-01-04T14:34:09.9802870Z [36;1mnpm install[0m
2026-01-04T14:34:09.9833040Z shell: /bin/bash -e {0}
2026-01-04T14:34:09.9833200Z env:
2026-01-04T14:34:09.9833340Z   CARGO_HOME: /Users/runner/.cargo
2026-01-04T14:34:09.9833570Z   CARGO_INCREMENTAL: 0
2026-01-04T14:34:09.9833750Z   CARGO_TERM_COLOR: always
2026-01-04T14:34:09.9833960Z   CACHE_ON_FAILURE: false
2026-01-04T14:34:09.9834160Z ##[endgroup]
2026-01-04T14:34:12.9029860Z 
2026-01-04T14:34:12.9030660Z added 199 packages, and audited 200 packages in 3s
2026-01-04T14:34:12.9031310Z 
2026-01-04T14:34:12.9031690Z 36 packages are looking for funding
2026-01-04T14:34:12.9032110Z   run `npm fund` for details
2026-01-04T14:34:12.9035700Z 
2026-01-04T14:34:12.9035880Z found 0 vulnerabilities
2026-01-04T14:34:12.9177120Z ##[group]Run tauri-apps/tauri-action@v0
2026-01-04T14:34:12.9177350Z with:
2026-01-04T14:34:12.9177510Z   tagName: v0.2.1
2026-01-04T14:34:12.9177650Z   releaseName: Screen Inu v0.2.1
2026-01-04T14:34:12.9177890Z   releaseBody: See the assets to download this version and install.
2026-01-04T14:34:12.9178120Z   releaseDraft: true
2026-01-04T14:34:12.9178320Z   prerelease: false
2026-01-04T14:34:12.9178460Z   projectPath: ./app
2026-01-04T14:34:12.9178590Z   includeDebug: false
2026-01-04T14:34:12.9178790Z   includeRelease: true
2026-01-04T14:34:12.9178950Z   includeUpdaterJson: true
2026-01-04T14:34:12.9179120Z   updaterJsonKeepUniversal: false
2026-01-04T14:34:12.9179290Z   isGitea: false
2026-01-04T14:34:12.9179520Z   uploadPlainBinary: false
2026-01-04T14:34:12.9179700Z   generateReleaseNotes: false
2026-01-04T14:34:12.9179900Z env:
2026-01-04T14:34:12.9180030Z   CARGO_HOME: /Users/runner/.cargo
2026-01-04T14:34:12.9180200Z   CARGO_INCREMENTAL: 0
2026-01-04T14:34:12.9180380Z   CARGO_TERM_COLOR: always
2026-01-04T14:34:12.9180530Z   CACHE_ON_FAILURE: false
2026-01-04T14:34:12.9181110Z   GITHUB_TOKEN: ***
2026-01-04T14:34:12.9181270Z   TAURI_SIGNING_PRIVATE_KEY: 
2026-01-04T14:34:12.9181430Z   TAURI_SIGNING_PRIVATE_KEY_PASSWORD: 
2026-01-04T14:34:12.9181600Z ##[endgroup]
2026-01-04T14:34:13.2562290Z running npm [ 'run', 'tauri', 'build' ]
2026-01-04T14:34:13.3660270Z 
2026-01-04T14:34:13.3660780Z > app@0.2.1 tauri
2026-01-04T14:34:13.3661140Z > tauri build
2026-01-04T14:34:13.3661320Z 
2026-01-04T14:34:13.6320100Z         Info Looking up installed tauri packages to check mismatched versions...
2026-01-04T14:34:13.9979100Z      Running beforeBuildCommand `npm run build`
2026-01-04T14:34:14.1185450Z 
2026-01-04T14:34:14.1194110Z > app@0.2.1 build
2026-01-04T14:34:14.1194420Z > tsc && vite build
2026-01-04T14:34:14.1194520Z 
2026-01-04T14:34:16.3394920Z [36mvite v7.3.0 [32mbuilding client environment for production...[36m[39m
2026-01-04T14:34:16.6479180Z transforming...
2026-01-04T14:34:19.7041830Z [32m✓[39m 2156 modules transformed.
2026-01-04T14:34:19.7954020Z rendering chunks...
2026-01-04T14:34:19.9068210Z [33m[plugin vite:reporter] 
2026-01-04T14:34:19.9176380Z (!) /Users/runner/work/screen_inu/screen_inu/app/node_modules/@tauri-apps/plugin-global-shortcut/dist-js/index.js is dynamically imported by /Users/runner/work/screen_inu/screen_inu/app/src/App.tsx, /Users/runner/work/screen_inu/screen_inu/app/src/App.tsx, /Users/runner/work/screen_inu/screen_inu/app/src/App.tsx but also statically imported by /Users/runner/work/screen_inu/screen_inu/app/src/App.tsx, dynamic import will not move module into another chunk.
2026-01-04T14:34:19.9281820Z [39m
2026-01-04T14:34:19.9282140Z computing gzip size...
2026-01-04T14:34:19.9382760Z [33m[plugin vite:reporter] 
2026-01-04T14:34:19.9383600Z [2mdist/[22m[32mindex.html                 [39m[1m[2m  0.46 kB[22m[1m[22m[2m │ gzip:   0.29 kB[22m
2026-01-04T14:34:19.9485410Z (!) /Users/runner/work/screen_inu/screen_inu/app/node_modules/@tauri-apps/api/event.js is dynamically imported by /Users/runner/work/screen_inu/screen_inu/app/src/App.tsx but also statically imported by /Users/runner/work/screen_inu/screen_inu/app/node_modules/@tauri-apps/api/webview.js, /Users/runner/work/screen_inu/screen_inu/app/node_modules/@tauri-apps/api/webviewWindow.js, /Users/runner/work/screen_inu/screen_inu/app/node_modules/@tauri-apps/api/window.js, /Users/runner/work/screen_inu/screen_inu/app/node_modules/@tauri-apps/plugin-store/dist-js/index.js, dynamic import will not move module into another chunk.
2026-01-04T14:34:19.9487750Z [2mdist/[22m[2massets/[22m[35mindex-D4DR_FuP.css  [39m[1m[2m 35.71 kB[22m[1m[22m[2m │ gzip:   6.87 kB[22m
2026-01-04T14:34:19.9540610Z [39m
2026-01-04T14:34:19.9541310Z [2mdist/[22m[2massets/[22m[36mindex-w_eK8vgV.js   [39m[1m[2m  0.13 kB[22m[1m[22m[2m │ gzip:   0.14 kB[22m
2026-01-04T14:34:19.9576010Z [2mdist/[22m[2massets/[22m[36mindex-DC-NrWWn.js   [39m[1m[2m460.90 kB[22m[1m[22m[2m │ gzip: 143.34 kB[22m
2026-01-04T14:34:19.9577680Z [32m✓ built in 3.58s[39m
2026-01-04T14:34:20.4256260Z [1m[92m    Updating[0m crates.io index
2026-01-04T14:34:22.9879950Z [1m[92m Downloading[0m crates ...
2026-01-04T14:34:23.0442290Z [1m[92m  Downloaded[0m adler2 v2.0.1
2026-01-04T14:34:23.0509230Z [1m[92m  Downloaded[0m built v0.8.0
2026-01-04T14:34:23.0558150Z [1m[92m  Downloaded[0m phf_codegen v0.11.3
2026-01-04T14:34:23.0589930Z [1m[92m  Downloaded[0m same-file v1.0.6
2026-01-04T14:34:23.0654170Z [1m[92m  Downloaded[0m rand_core v0.9.3
2026-01-04T14:34:23.0705970Z [1m[92m  Downloaded[0m once_cell v1.21.3
2026-01-04T14:34:23.0837000Z [1m[92m  Downloaded[0m phf_generator v0.11.3
2026-01-04T14:34:23.0944030Z [1m[92m  Downloaded[0m phf_shared v0.11.3
2026-01-04T14:34:23.1059670Z [1m[92m  Downloaded[0m utf-8 v0.7.6
2026-01-04T14:34:23.1345650Z [1m[92m  Downloaded[0m hyper-tls v0.6.0
2026-01-04T14:34:23.1601520Z [1m[92m  Downloaded[0m try-lock v0.2.5
2026-01-04T14:34:23.1823380Z [1m[92m  Downloaded[0m tracing-core v0.1.36
2026-01-04T14:34:23.2059260Z [1m[92m  Downloaded[0m string_cache v0.8.9
2026-01-04T14:34:23.2224880Z [1m[92m  Downloaded[0m thiserror v1.0.69
2026-01-04T14:34:23.2422460Z [1m[92m  Downloaded[0m lru-slab v0.1.2
2026-01-04T14:34:23.2524720Z [1m[92m  Downloaded[0m wasm-bindgen-macro v0.2.106
2026-01-04T14:34:23.2621590Z [1m[92m  Downloaded[0m yoke-derive v0.8.1
2026-01-04T14:34:23.2684950Z [1m[92m  Downloaded[0m g2poly v1.2.2
2026-01-04T14:34:23.2742350Z [1m[92m  Downloaded[0m gif v0.14.1
2026-01-04T14:34:23.2802780Z [1m[92m  Downloaded[0m hex v0.4.3
2026-01-04T14:34:23.2853300Z [1m[92m  Downloaded[0m idna_adapter v1.2.1
2026-01-04T14:34:23.2896650Z [1m[92m  Downloaded[0m ipnet v2.11.0
2026-01-04T14:34:23.2947490Z [1m[92m  Downloaded[0m keyboard-types v0.7.0
2026-01-04T14:34:23.2989250Z [1m[92m  Downloaded[0m lock_api v0.4.14
2026-01-04T14:34:23.3020390Z [1m[92m  Downloaded[0m litemap v0.8.1
2026-01-04T14:34:23.3061930Z [1m[92m  Downloaded[0m indexmap v2.12.1
2026-01-04T14:34:23.3140180Z [1m[92m  Downloaded[0m hashbrown v0.16.1
2026-01-04T14:34:23.3226460Z [1m[92m  Downloaded[0m iri-string v0.7.10
2026-01-04T14:34:23.3356500Z [1m[92m  Downloaded[0m idna v1.1.0
2026-01-04T14:34:23.3405630Z [1m[92m  Downloaded[0m h2 v0.4.12
2026-01-04T14:34:23.3518570Z [1m[92m  Downloaded[0m http v1.4.0
2026-01-04T14:34:23.3582180Z [1m[92m  Downloaded[0m hashbrown v0.15.5
2026-01-04T14:34:23.3659770Z [1m[92m  Downloaded[0m kuchikiki v0.8.8-speedreader
2026-01-04T14:34:23.3695410Z [1m[92m  Downloaded[0m json-patch v3.0.1
2026-01-04T14:34:23.3742140Z [1m[92m  Downloaded[0m itertools v0.14.0
2026-01-04T14:34:23.3861880Z [1m[92m  Downloaded[0m jsonptr v0.6.3
2026-01-04T14:34:23.3902870Z [1m[92m  Downloaded[0m rav1e v0.8.1
2026-01-04T14:34:23.4639680Z [1m[92m  Downloaded[0m image v0.25.9
2026-01-04T14:34:23.4775400Z [1m[92m  Downloaded[0m image-webp v0.2.4
2026-01-04T14:34:23.4809930Z [1m[92m  Downloaded[0m html5ever v0.29.1
2026-01-04T14:34:23.4860270Z [1m[92m  Downloaded[0m global-hotkey v0.7.0
2026-01-04T14:34:23.4910040Z [1m[92m  Downloaded[0m lebe v0.5.3
2026-01-04T14:34:23.4930860Z [1m[92m  Downloaded[0m lazy_static v1.5.0
2026-01-04T14:34:23.4960100Z [1m[92m  Downloaded[0m indexmap v1.9.3
2026-01-04T14:34:23.5008210Z [1m[92m  Downloaded[0m imgref v1.12.0
2026-01-04T14:34:23.5039990Z [1m[92m  Downloaded[0m icu_provider v2.1.1
2026-01-04T14:34:23.5081160Z [1m[92m  Downloaded[0m half v2.7.1
2026-01-04T14:34:23.5119380Z [1m[92m  Downloaded[0m zerocopy v0.8.31
2026-01-04T14:34:23.5559920Z [1m[92m  Downloaded[0m jobserver v0.1.34
2026-01-04T14:34:23.5597110Z [1m[92m  Downloaded[0m itoa v1.0.17
2026-01-04T14:34:23.5620080Z [1m[92m  Downloaded[0m hashbrown v0.12.3
2026-01-04T14:34:23.5679530Z [1m[92m  Downloaded[0m window-vibrancy v0.6.0
2026-01-04T14:34:23.5825490Z [1m[92m  Downloaded[0m infer v0.19.0
2026-01-04T14:34:23.5859660Z [1m[92m  Downloaded[0m ring v0.17.14
2026-01-04T14:34:23.6527070Z [1m[92m  Downloaded[0m ident_case v1.0.1
2026-01-04T14:34:23.6540000Z [1m[92m  Downloaded[0m http-body v1.0.1
2026-01-04T14:34:23.6561660Z [1m[92m  Downloaded[0m heck v0.5.0
2026-01-04T14:34:23.6578100Z [1m[92m  Downloaded[0m glob v0.3.3
2026-01-04T14:34:23.6601840Z [1m[92m  Downloaded[0m futures-util v0.3.31
2026-01-04T14:34:23.6822040Z [1m[92m  Downloaded[0m zune-jpeg v0.5.8
2026-01-04T14:34:23.6873560Z [1m[92m  Downloaded[0m zune-jpeg v0.4.21
2026-01-04T14:34:23.6918750Z [1m[92m  Downloaded[0m zerocopy-derive v0.8.31
2026-01-04T14:34:23.7032710Z [1m[92m  Downloaded[0m xcap v0.8.1
2026-01-04T14:34:23.7105170Z [1m[92m  Downloaded[0m g2p v1.2.2
2026-01-04T14:34:23.7128620Z [1m[92m  Downloaded[0m libc v0.2.179
2026-01-04T14:34:23.7684600Z [1m[92m  Downloaded[0m g2gen v1.2.2
2026-01-04T14:34:23.7703020Z [1m[92m  Downloaded[0m futures-channel v0.3.31
2026-01-04T14:34:23.7730470Z [1m[92m  Downloaded[0m zune-inflate v0.2.54
2026-01-04T14:34:23.7756180Z [1m[92m  Downloaded[0m zune-core v0.5.0
2026-01-04T14:34:23.7791030Z [1m[92m  Downloaded[0m zune-core v0.4.12
2026-01-04T14:34:23.7820710Z [1m[92m  Downloaded[0m zerofrom-derive v0.1.6
2026-01-04T14:34:23.7835380Z [1m[92m  Downloaded[0m wry v0.53.5
2026-01-04T14:34:23.7947470Z [1m[92m  Downloaded[0m fxhash v0.2.1
2026-01-04T14:34:23.7955570Z [1m[92m  Downloaded[0m tiff v0.10.3
2026-01-04T14:34:23.8127650Z [1m[92m  Downloaded[0m futures-task v0.3.31
2026-01-04T14:34:23.8143510Z [1m[92m  Downloaded[0m futures-sink v0.3.31
2026-01-04T14:34:23.8153450Z [1m[92m  Downloaded[0m futures-macro v0.3.31
2026-01-04T14:34:23.8171020Z [1m[92m  Downloaded[0m futures-io v0.3.31
2026-01-04T14:34:23.8181180Z [1m[92m  Downloaded[0m futures-core v0.3.31
2026-01-04T14:34:23.8202730Z [1m[92m  Downloaded[0m zerofrom v0.1.6
2026-01-04T14:34:23.8217020Z [1m[92m  Downloaded[0m yoke v0.8.1
2026-01-04T14:34:23.8243280Z [1m[92m  Downloaded[0m y4m v0.8.0
2026-01-04T14:34:23.8261090Z [1m[92m  Downloaded[0m writeable v0.6.2
2026-01-04T14:34:23.8287580Z [1m[92m  Downloaded[0m tao v0.34.5
2026-01-04T14:34:23.8458270Z [1m[92m  Downloaded[0m xattr v1.6.1
2026-01-04T14:34:23.8485010Z [1m[92m  Downloaded[0m winnow v0.7.14
2026-01-04T14:34:23.8647410Z [1m[92m  Downloaded[0m wasm-bindgen v0.2.106
2026-01-04T14:34:23.8681190Z [1m[92m  Downloaded[0m uuid v1.19.0
2026-01-04T14:34:23.8727500Z [1m[92m  Downloaded[0m urlpattern v0.3.0
2026-01-04T14:34:23.8753860Z [1m[92m  Downloaded[0m url v2.5.7
2026-01-04T14:34:23.8792130Z [1m[92m  Downloaded[0m muda v0.17.1
2026-01-04T14:34:23.8901240Z [1m[92m  Downloaded[0m moxcms v0.7.11
2026-01-04T14:34:23.9070900Z [1m[92m  Downloaded[0m minisign-verify v0.2.4
2026-01-04T14:34:23.9095290Z [1m[92m  Downloaded[0m memchr v2.7.6
2026-01-04T14:34:23.9186470Z [1m[92m  Downloaded[0m time v0.3.44
2026-01-04T14:34:23.9322530Z [1m[92m  Downloaded[0m thiserror-impl v1.0.69
2026-01-04T14:34:23.9342890Z [1m[92m  Downloaded[0m syn v2.0.112
2026-01-04T14:34:23.9516970Z [1m[92m  Downloaded[0m syn v1.0.109
2026-01-04T14:34:23.9672980Z [1m[92m  Downloaded[0m regex-automata v0.4.13
2026-01-04T14:34:23.9904580Z [1m[92m  Downloaded[0m want v0.3.1
2026-01-04T14:34:23.9919260Z [1m[92m  Downloaded[0m walkdir v2.5.0
2026-01-04T14:34:23.9954120Z [1m[92m  Downloaded[0m v_frame v0.3.9
2026-01-04T14:34:23.9978030Z [1m[92m  Downloaded[0m utf8_iter v1.0.4
2026-01-04T14:34:23.9999400Z [1m[92m  Downloaded[0m untrusted v0.9.0
2026-01-04T14:34:24.0023300Z [1m[92m  Downloaded[0m new_debug_unreachable v1.0.6
2026-01-04T14:34:24.0038410Z [1m[92m  Downloaded[0m native-tls v0.2.14
2026-01-04T14:34:24.0065470Z [1m[92m  Downloaded[0m mio v1.1.1
2026-01-04T14:34:24.0164580Z [1m[92m  Downloaded[0m miniz_oxide v0.8.9
2026-01-04T14:34:24.0204840Z [1m[92m  Downloaded[0m mime v0.3.17
2026-01-04T14:34:24.0222010Z [1m[92m  Downloaded[0m maybe-rayon v0.1.1
2026-01-04T14:34:24.0234270Z [1m[92m  Downloaded[0m matches v0.1.10
2026-01-04T14:34:24.0246480Z [1m[92m  Downloaded[0m match_token v0.1.0
2026-01-04T14:34:24.0254760Z [1m[92m  Downloaded[0m markup5ever v0.14.1
2026-01-04T14:34:24.0279500Z [1m[92m  Downloaded[0m mac v0.1.1
2026-01-04T14:34:24.0294100Z [1m[92m  Downloaded[0m loop9 v0.1.5
2026-01-04T14:34:24.0303540Z [1m[92m  Downloaded[0m log v0.4.29
2026-01-04T14:34:24.0338190Z [1m[92m  Downloaded[0m thiserror-impl v2.0.17
2026-01-04T14:34:24.0362390Z [1m[92m  Downloaded[0m thiserror v2.0.17
2026-01-04T14:34:24.0485780Z [1m[92m  Downloaded[0m tauri v2.9.5
2026-01-04T14:34:24.0701420Z [1m[92m  Downloaded[0m tar v0.4.44
2026-01-04T14:34:24.0758530Z [1m[92m  Downloaded[0m strsim v0.11.1
2026-01-04T14:34:24.0787200Z [1m[92m  Downloaded[0m unicode-segmentation v1.12.0
2026-01-04T14:34:24.0850840Z [1m[92m  Downloaded[0m encoding_rs v0.8.35
2026-01-04T14:34:24.1174980Z [1m[92m  Downloaded[0m lru v0.12.5
2026-01-04T14:34:24.1191720Z [1m[92m  Downloaded[0m time-core v0.1.6
2026-01-04T14:34:24.1209600Z [1m[92m  Downloaded[0m tauri-utils v2.8.1
2026-01-04T14:34:24.1281660Z [1m[92m  Downloaded[0m tauri-runtime-wry v2.9.3
2026-01-04T14:34:24.1320910Z [1m[92m  Downloaded[0m rqrr v0.8.0
2026-01-04T14:34:24.1566920Z [1m[92m  Downloaded[0m tauri-plugin-updater v2.9.0
2026-01-04T14:34:24.1656960Z [1m[92m  Downloaded[0m tauri-plugin-store v2.4.1
2026-01-04T14:34:24.1724140Z [1m[92m  Downloaded[0m tauri-plugin-process v2.3.1
2026-01-04T14:34:24.1777790Z [1m[92m  Downloaded[0m tauri-plugin-opener v2.5.2
2026-01-04T14:34:24.1838970Z [1m[92m  Downloaded[0m tauri-plugin-global-shortcut v2.3.1
2026-01-04T14:34:24.1881100Z [1m[92m  Downloaded[0m tauri-plugin-fs v2.4.4
2026-01-04T14:34:24.2077400Z [1m[92m  Downloaded[0m tauri-plugin-dialog v2.4.2
2026-01-04T14:34:24.2215920Z [1m[92m  Downloaded[0m tauri-macros v2.5.2
2026-01-04T14:34:24.2240060Z [1m[92m  Downloaded[0m tauri-codegen v2.5.2
2026-01-04T14:34:24.2277280Z [1m[92m  Downloaded[0m tauri-build v2.5.3
2026-01-04T14:34:24.2310340Z [1m[92m  Downloaded[0m system-configuration-sys v0.6.0
2026-01-04T14:34:24.2388990Z [1m[92m  Downloaded[0m system-configuration v0.6.1
2026-01-04T14:34:24.2391580Z [1m[92m  Downloaded[0m synstructure v0.13.2
2026-01-04T14:34:24.2393600Z [1m[92m  Downloaded[0m sync_wrapper v1.0.2
2026-01-04T14:34:24.2408430Z [1m[92m  Downloaded[0m swift-rs v1.0.7
2026-01-04T14:34:24.2441740Z [1m[92m  Downloaded[0m subtle v2.6.1
2026-01-04T14:34:24.2473330Z [1m[92m  Downloaded[0m string_cache_codegen v0.5.4
2026-01-04T14:34:24.2474640Z [1m[92m  Downloaded[0m unicode-ident v1.0.22
2026-01-04T14:34:24.2523970Z [1m[92m  Downloaded[0m unic-common v0.9.0
2026-01-04T14:34:24.2541660Z [1m[92m  Downloaded[0m unic-char-range v0.9.0
2026-01-04T14:34:24.2558320Z [1m[92m  Downloaded[0m unic-char-property v0.9.0
2026-01-04T14:34:24.2576210Z [1m[92m  Downloaded[0m typenum v1.19.0
2026-01-04T14:34:24.2629140Z [1m[92m  Downloaded[0m typeid v1.0.3
2026-01-04T14:34:24.2645330Z [1m[92m  Downloaded[0m tokio v1.49.0
2026-01-04T14:34:24.3449080Z [1m[92m  Downloaded[0m selectors v0.24.0
2026-01-04T14:34:24.3473550Z [1m[92m  Downloaded[0m objc2-core-foundation v0.3.2
2026-01-04T14:34:24.3602260Z [1m[92m  Downloaded[0m objc2-core-data v0.3.2
2026-01-04T14:34:24.3682080Z [1m[92m  Downloaded[0m webpki-roots v1.0.5
2026-01-04T14:34:24.3722660Z [1m[92m  Downloaded[0m rustix v1.1.3
2026-01-04T14:34:24.4166280Z [1m[92m  Downloaded[0m tendril v0.4.3
2026-01-04T14:34:24.4193750Z [1m[92m  Downloaded[0m tempfile v3.24.0
2026-01-04T14:34:24.4231920Z [1m[92m  Downloaded[0m tauri-winres v0.3.5
2026-01-04T14:34:24.4253860Z [1m[92m  Downloaded[0m tauri-runtime v2.9.2
2026-01-04T14:34:24.4275720Z [1m[92m  Downloaded[0m tauri-plugin v2.5.2
2026-01-04T14:34:24.4290240Z [1m[92m  Downloaded[0m socket2 v0.6.1
2026-01-04T14:34:24.4314620Z [1m[92m  Downloaded[0m smallvec v1.15.1
2026-01-04T14:34:24.4343040Z [1m[92m  Downloaded[0m simd-adler32 v0.3.8
2026-01-04T14:34:24.4373680Z [1m[92m  Downloaded[0m signal-hook-registry v1.4.8
2026-01-04T14:34:24.4389100Z [1m[92m  Downloaded[0m shlex v1.3.0
2026-01-04T14:34:24.4405850Z [1m[92m  Downloaded[0m sha2 v0.10.9
2026-01-04T14:34:24.4449940Z [1m[92m  Downloaded[0m servo_arc v0.2.0
2026-01-04T14:34:24.4460710Z [1m[92m  Downloaded[0m serialize-to-javascript v0.1.2
2026-01-04T14:34:24.4475800Z [1m[92m  Downloaded[0m serde_with_macros v3.16.1
2026-01-04T14:34:24.4504660Z [1m[92m  Downloaded[0m serde_with v3.16.1
2026-01-04T14:34:24.4772380Z [1m[92m  Downloaded[0m serde_json v1.0.148
2026-01-04T14:34:24.4894820Z [1m[92m  Downloaded[0m serde_derive_internals v0.29.1
2026-01-04T14:34:24.4912680Z [1m[92m  Downloaded[0m serde_derive v1.0.228
2026-01-04T14:34:24.4961230Z [1m[92m  Downloaded[0m serde_core v1.0.228
2026-01-04T14:34:24.5000220Z [1m[92m  Downloaded[0m serde-untagged v0.1.9
2026-01-04T14:34:24.5027780Z [1m[92m  Downloaded[0m serde v1.0.228
2026-01-04T14:34:24.5078740Z [1m[92m  Downloaded[0m semver v1.0.27
2026-01-04T14:34:24.5112260Z [1m[92m  Downloaded[0m unic-ucd-version v0.9.0
2026-01-04T14:34:24.5123280Z [1m[92m  Downloaded[0m unic-ucd-ident v0.9.0
2026-01-04T14:34:24.5146270Z [1m[92m  Downloaded[0m security-framework-sys v2.15.0
2026-01-04T14:34:24.5186330Z [1m[92m  Downloaded[0m security-framework v2.11.1
2026-01-04T14:34:24.5254040Z [1m[92m  Downloaded[0m scopeguard v1.2.0
2026-01-04T14:34:24.5279890Z [1m[92m  Downloaded[0m objc2-core-audio-types v0.3.2
2026-01-04T14:34:24.5294150Z [1m[92m  Downloaded[0m objc2-core-audio v0.3.2
2026-01-04T14:34:24.5315770Z [1m[92m  Downloaded[0m objc2-cloud-kit v0.3.2
2026-01-04T14:34:24.5409620Z [1m[92m  Downloaded[0m icu_properties_data v2.1.2
2026-01-04T14:34:24.5584010Z [1m[92m  Downloaded[0m icu_properties v2.1.2
2026-01-04T14:34:24.5610170Z [1m[92m  Downloaded[0m icu_locale_core v2.1.1
2026-01-04T14:34:24.5714510Z [1m[92m  Downloaded[0m rustls v0.23.35
2026-01-04T14:34:24.5901360Z [1m[92m  Downloaded[0m regex-syntax v0.8.8
2026-01-04T14:34:24.6002800Z [1m[92m  Downloaded[0m quick-xml v0.38.4
2026-01-04T14:34:24.6085740Z [1m[92m  Downloaded[0m stable_deref_trait v1.2.1
2026-01-04T14:34:24.6099380Z [1m[92m  Downloaded[0m slab v0.4.11
2026-01-04T14:34:24.6116680Z [1m[92m  Downloaded[0m siphasher v1.0.1
2026-01-04T14:34:24.6133530Z [1m[92m  Downloaded[0m siphasher v0.3.11
2026-01-04T14:34:24.6152250Z [1m[92m  Downloaded[0m simd_helpers v0.1.0
2026-01-04T14:34:24.6168500Z [1m[92m  Downloaded[0m serialize-to-javascript-impl v0.1.2
2026-01-04T14:34:24.6175820Z [1m[92m  Downloaded[0m serde_urlencoded v0.7.1
2026-01-04T14:34:24.6200490Z [1m[92m  Downloaded[0m serde_spanned v1.0.4
2026-01-04T14:34:24.6215040Z [1m[92m  Downloaded[0m serde_repr v0.1.20
2026-01-04T14:34:24.6244240Z [1m[92m  Downloaded[0m nodrop v0.1.14
2026-01-04T14:34:24.6254890Z [1m[92m  Downloaded[0m tray-icon v0.21.2
2026-01-04T14:34:24.6286850Z [1m[92m  Downloaded[0m tracing v0.1.44
2026-01-04T14:34:24.6533870Z [1m[92m  Downloaded[0m tower-http v0.6.8
2026-01-04T14:34:24.6667900Z [1m[92m  Downloaded[0m toml_parser v1.0.6+spec-1.1.0
2026-01-04T14:34:24.6700020Z [1m[92m  Downloaded[0m toml v0.9.10+spec-1.1.0
2026-01-04T14:34:24.6765730Z [1m[92m  Downloaded[0m tokio-util v0.7.17
2026-01-04T14:34:24.6899460Z [1m[92m  Downloaded[0m tinyvec v1.10.0
2026-01-04T14:34:24.6939330Z [1m[92m  Downloaded[0m time-macros v0.2.24
2026-01-04T14:34:24.6975740Z [1m[92m  Downloaded[0m objc2-av-foundation v0.3.2
2026-01-04T14:34:24.7413620Z [1m[92m  Downloaded[0m objc2-app-kit v0.3.2
2026-01-04T14:34:24.7840940Z [1m[92m  Downloaded[0m icu_normalizer_data v2.1.1
2026-01-04T14:34:24.7867630Z [1m[92m  Downloaded[0m icu_normalizer v2.1.1
2026-01-04T14:34:24.7916380Z [1m[92m  Downloaded[0m getrandom v0.3.4
2026-01-04T14:34:24.7975580Z [1m[92m  Downloaded[0m getrandom v0.2.16
2026-01-04T14:34:24.8019700Z [1m[92m  Downloaded[0m zerovec-derive v0.11.2
2026-01-04T14:34:24.8040430Z [1m[92m  Downloaded[0m zerovec v0.11.5
2026-01-04T14:34:24.8125220Z [1m[92m  Downloaded[0m weezl v0.1.12
2026-01-04T14:34:24.8158210Z [1m[92m  Downloaded[0m rustls-webpki v0.103.8
2026-01-04T14:34:24.8212290Z [1m[92m  Downloaded[0m regex v1.12.2
2026-01-04T14:34:24.8304420Z [1m[92m  Downloaded[0m png v0.18.0
2026-01-04T14:34:24.8359530Z [1m[92m  Downloaded[0m png v0.17.16
2026-01-04T14:34:24.8418100Z [1m[92m  Downloaded[0m tower-layer v0.3.3
2026-01-04T14:34:24.8431550Z [1m[92m  Downloaded[0m tower v0.5.2
2026-01-04T14:34:24.8587650Z [1m[92m  Downloaded[0m toml_writer v1.0.6+spec-1.1.0
2026-01-04T14:34:24.8608590Z [1m[92m  Downloaded[0m toml_datetime v0.7.5+spec-1.1.0
2026-01-04T14:34:24.8625060Z [1m[92m  Downloaded[0m tokio-rustls v0.26.4
2026-01-04T14:34:24.8652690Z [1m[92m  Downloaded[0m tokio-native-tls v0.3.1
2026-01-04T14:34:24.8682280Z [1m[92m  Downloaded[0m tokio-macros v2.6.0
2026-01-04T14:34:24.8693930Z [1m[92m  Downloaded[0m tinystr v0.8.2
2026-01-04T14:34:24.8726530Z [1m[92m  Downloaded[0m objc2 v0.6.3
2026-01-04T14:34:24.8894870Z [1m[92m  Downloaded[0m nom v8.0.0
2026-01-04T14:34:24.8982960Z [1m[92m  Downloaded[0m getrandom v0.1.16
2026-01-04T14:34:24.9020180Z [1m[92m  Downloaded[0m generic-array v0.14.7
2026-01-04T14:34:24.9041540Z [1m[92m  Downloaded[0m zmij v1.0.9
2026-01-04T14:34:24.9065880Z [1m[92m  Downloaded[0m wasm-bindgen-shared v0.2.106
2026-01-04T14:34:24.9081680Z [1m[92m  Downloaded[0m schemars_derive v0.8.22
2026-01-04T14:34:24.9106230Z [1m[92m  Downloaded[0m schemars v0.9.0
2026-01-04T14:34:24.9337870Z [1m[92m  Downloaded[0m schemars v0.8.22
2026-01-04T14:34:24.9568030Z [1m[92m  Downloaded[0m ryu v1.0.22
2026-01-04T14:34:24.9619220Z [1m[92m  Downloaded[0m rustls-pki-types v1.13.2
2026-01-04T14:34:24.9659360Z [1m[92m  Downloaded[0m rustc_version v0.4.1
2026-01-04T14:34:24.9681130Z [1m[92m  Downloaded[0m rgb v0.8.52
2026-01-04T14:34:24.9715400Z [1m[92m  Downloaded[0m rfd v0.15.4
2026-01-04T14:34:24.9786560Z [1m[92m  Downloaded[0m ref-cast-impl v1.0.25
2026-01-04T14:34:24.9798650Z [1m[92m  Downloaded[0m rand_pcg v0.2.1
2026-01-04T14:34:24.9818250Z [1m[92m  Downloaded[0m rand_core v0.6.4
2026-01-04T14:34:24.9842630Z [1m[92m  Downloaded[0m rand_core v0.5.1
2026-01-04T14:34:24.9860210Z [1m[92m  Downloaded[0m rand v0.8.5
2026-01-04T14:34:24.9908630Z [1m[92m  Downloaded[0m quick-error v2.0.1
2026-01-04T14:34:24.9929940Z [1m[92m  Downloaded[0m qoi v0.4.1
2026-01-04T14:34:24.9974670Z [1m[92m  Downloaded[0m proc-macro2 v1.0.104
2026-01-04T14:34:25.0016380Z [1m[92m  Downloaded[0m powerfmt v0.2.0
2026-01-04T14:34:25.0030890Z [1m[92m  Downloaded[0m potential_utf v0.1.4
2026-01-04T14:34:25.0045750Z [1m[92m  Downloaded[0m objc2-image-io v0.3.2
2026-01-04T14:34:25.0068910Z [1m[92m  Downloaded[0m objc2-core-text v0.3.2
2026-01-04T14:34:25.0118760Z [1m[92m  Downloaded[0m tracing-attributes v0.1.31
2026-01-04T14:34:25.0158910Z [1m[92m  Downloaded[0m tower-service v0.3.3
2026-01-04T14:34:25.0168450Z [1m[92m  Downloaded[0m tinyvec_macros v0.1.1
2026-01-04T14:34:25.0183390Z [1m[92m  Downloaded[0m objc2-avf-audio v0.3.2
2026-01-04T14:34:25.0253480Z [1m[92m  Downloaded[0m num-traits v0.2.19
2026-01-04T14:34:25.0287830Z [1m[92m  Downloaded[0m num-rational v0.4.2
2026-01-04T14:34:25.0306360Z [1m[92m  Downloaded[0m num-integer v0.1.46
2026-01-04T14:34:25.0326770Z [1m[92m  Downloaded[0m num-derive v0.4.2
2026-01-04T14:34:25.0353810Z [1m[92m  Downloaded[0m num-conv v0.1.0
2026-01-04T14:34:25.0365030Z [1m[92m  Downloaded[0m num-bigint v0.4.6
2026-01-04T14:34:25.0440930Z [1m[92m  Downloaded[0m noop_proc_macro v0.3.0
2026-01-04T14:34:25.0452330Z [1m[92m  Downloaded[0m icu_collections v2.1.1
2026-01-04T14:34:25.0555200Z [1m[92m  Downloaded[0m ico v0.4.0
2026-01-04T14:34:25.0602970Z [1m[92m  Downloaded[0m iana-time-zone v0.1.64
2026-01-04T14:34:25.0669190Z [1m[92m  Downloaded[0m hyper-util v0.1.19
2026-01-04T14:34:25.0770190Z [1m[92m  Downloaded[0m hyper-rustls v0.27.7
2026-01-04T14:34:25.0807140Z [1m[92m  Downloaded[0m hyper v1.8.1
2026-01-04T14:34:25.0916610Z [1m[92m  Downloaded[0m httparse v1.10.1
2026-01-04T14:34:25.0953140Z [1m[92m  Downloaded[0m http-body-util v0.1.3
2026-01-04T14:34:25.0980850Z [1m[92m  Downloaded[0m zerotrie v0.2.3
2026-01-04T14:34:25.1041740Z [1m[92m  Downloaded[0m wasm-bindgen-macro-support v0.2.106
2026-01-04T14:34:25.1066790Z [1m[92m  Downloaded[0m schemars v1.2.0
2026-01-04T14:34:25.1376790Z [1m[92m  Downloaded[0m rustversion v1.0.22
2026-01-04T14:34:25.1422540Z [1m[92m  Downloaded[0m rustc-hash v2.1.1
2026-01-04T14:34:25.1441460Z [1m[92m  Downloaded[0m reqwest v0.12.28
2026-01-04T14:34:25.1521820Z [1m[92m  Downloaded[0m rayon-core v1.13.0
2026-01-04T14:34:25.1582410Z [1m[92m  Downloaded[0m raw-window-handle v0.6.2
2026-01-04T14:34:25.1611220Z [1m[92m  Downloaded[0m ravif v0.12.0
2026-01-04T14:34:25.1625510Z [1m[92m  Downloaded[0m rand_chacha v0.9.0
2026-01-04T14:34:25.1641950Z [1m[92m  Downloaded[0m rand_chacha v0.3.1
2026-01-04T14:34:25.1657270Z [1m[92m  Downloaded[0m rand_chacha v0.2.2
2026-01-04T14:34:25.1672290Z [1m[92m  Downloaded[0m quinn-proto v0.11.13
2026-01-04T14:34:25.1810990Z [1m[92m  Downloaded[0m quinn v0.11.9
2026-01-04T14:34:25.1872560Z [1m[92m  Downloaded[0m pxfm v0.1.27
2026-01-04T14:34:25.2285730Z [1m[92m  Downloaded[0m profiling v1.0.17
2026-01-04T14:34:25.2301480Z [1m[92m  Downloaded[0m parking_lot v0.12.5
2026-01-04T14:34:25.2337160Z [1m[92m  Downloaded[0m open v5.3.3
2026-01-04T14:34:25.2357630Z [1m[92m  Downloaded[0m objc2-javascript-core v0.3.2
2026-01-04T14:34:25.2395980Z [1m[92m  Downloaded[0m exr v1.74.0
2026-01-04T14:34:25.2543270Z [1m[92m  Downloaded[0m dispatch2 v0.3.0
2026-01-04T14:34:25.2582380Z [1m[92m  Downloaded[0m darling_core v0.21.3
2026-01-04T14:34:25.2677070Z [1m[92m  Downloaded[0m cssparser v0.29.6
2026-01-04T14:34:25.2710210Z [1m[92m  Downloaded[0m crossbeam-utils v0.8.21
2026-01-04T14:34:25.2749630Z [1m[92m  Downloaded[0m crossbeam-epoch v0.9.18
2026-01-04T14:34:25.2790550Z [1m[92m  Downloaded[0m core-foundation-sys v0.8.7
2026-01-04T14:34:25.2846270Z [1m[92m  Downloaded[0m cfb v0.7.3
2026-01-04T14:34:25.2932870Z [1m[92m  Downloaded[0m zeroize v1.8.2
2026-01-04T14:34:25.3035750Z [1m[92m  Downloaded[0m version_check v0.9.5
2026-01-04T14:34:25.3101410Z [1m[92m  Downloaded[0m rand v0.7.3
2026-01-04T14:34:25.3102320Z [1m[92m  Downloaded[0m quote v1.0.42
2026-01-04T14:34:25.3134630Z [1m[92m  Downloaded[0m quinn-udp v0.5.14
2026-01-04T14:34:25.3166130Z [1m[92m  Downloaded[0m paste v1.0.15
2026-01-04T14:34:25.3224480Z [1m[92m  Downloaded[0m option-ext v0.2.0
2026-01-04T14:34:25.3236720Z [1m[92m  Downloaded[0m objc2-security v0.3.2
2026-01-04T14:34:25.3431440Z [1m[92m  Downloaded[0m either v1.15.0
2026-01-04T14:34:25.3515720Z [1m[92m  Downloaded[0m dtoa v1.0.11
2026-01-04T14:34:25.3516220Z [1m[92m  Downloaded[0m displaydoc v0.2.5
2026-01-04T14:34:25.3542190Z [1m[92m  Downloaded[0m derive_more v0.99.20
2026-01-04T14:34:25.3633310Z [1m[92m  Downloaded[0m deranged v0.5.5
2026-01-04T14:34:25.3652350Z [1m[92m  Downloaded[0m darling v0.21.3
2026-01-04T14:34:25.3758410Z [1m[92m  Downloaded[0m ctor v0.2.9
2026-01-04T14:34:25.3773190Z [1m[92m  Downloaded[0m cssparser-macros v0.6.1
2026-01-04T14:34:25.3783050Z [1m[92m  Downloaded[0m crossbeam-deque v0.8.6
2026-01-04T14:34:25.3808040Z [1m[92m  Downloaded[0m core-graphics-types v0.2.0
2026-01-04T14:34:25.3821310Z [1m[92m  Downloaded[0m core-foundation v0.10.1
2026-01-04T14:34:25.3854950Z [1m[92m  Downloaded[0m core-foundation v0.9.4
2026-01-04T14:34:25.3890450Z [1m[92m  Downloaded[0m cookie v0.18.1
2026-01-04T14:34:25.3928930Z [1m[92m  Downloaded[0m cfg_aliases v0.2.1
2026-01-04T14:34:25.3940890Z [1m[92m  Downloaded[0m cfg-if v1.0.4
2026-01-04T14:34:25.3960180Z [1m[92m  Downloaded[0m cargo_toml v0.22.3
2026-01-04T14:34:25.3982850Z [1m[92m  Downloaded[0m ref-cast v1.0.25
2026-01-04T14:34:25.4036150Z [1m[92m  Downloaded[0m rayon v1.11.0
2026-01-04T14:34:25.4228340Z [1m[92m  Downloaded[0m rand v0.9.2
2026-01-04T14:34:25.4291330Z [1m[92m  Downloaded[0m profiling-procmacros v1.0.17
2026-01-04T14:34:25.4298550Z [1m[92m  Downloaded[0m proc-macro-hack v0.5.20+deprecated
2026-01-04T14:34:25.4336260Z [1m[92m  Downloaded[0m precomputed-hash v0.1.1
2026-01-04T14:34:25.4344250Z [1m[92m  Downloaded[0m ppv-lite86 v0.2.21
2026-01-04T14:34:25.4363040Z [1m[92m  Downloaded[0m plist v1.8.0
2026-01-04T14:34:25.4404390Z [1m[92m  Downloaded[0m pin-utils v0.1.0
2026-01-04T14:34:25.4422100Z [1m[92m  Downloaded[0m phf_macros v0.11.3
2026-01-04T14:34:25.4436630Z [1m[92m  Downloaded[0m phf_macros v0.10.0
2026-01-04T14:34:25.4445780Z [1m[92m  Downloaded[0m phf_codegen v0.8.0
2026-01-04T14:34:25.4452860Z [1m[92m  Downloaded[0m fnv v1.0.7
2026-01-04T14:34:25.4465760Z [1m[92m  Downloaded[0m erased-serde v0.4.9
2026-01-04T14:34:25.4503180Z [1m[92m  Downloaded[0m equivalent v1.0.2
2026-01-04T14:34:25.4516180Z [1m[92m  Downloaded[0m embed_plist v1.2.2
2026-01-04T14:34:25.4544140Z [1m[92m  Downloaded[0m embed-resource v3.0.6
2026-01-04T14:34:25.4564500Z [1m[92m  Downloaded[0m dyn-clone v1.0.20
2026-01-04T14:34:25.4589430Z [1m[92m  Downloaded[0m dtoa-short v0.3.5
2026-01-04T14:34:25.4599410Z [1m[92m  Downloaded[0m dpi v0.1.2
2026-01-04T14:34:25.4613420Z [1m[92m  Downloaded[0m dispatch v0.2.0
2026-01-04T14:34:25.4629700Z [1m[92m  Downloaded[0m dirs-sys v0.5.0
2026-01-04T14:34:25.4645110Z [1m[92m  Downloaded[0m digest v0.10.7
2026-01-04T14:34:25.4677140Z [1m[92m  Downloaded[0m darling_macro v0.21.3
2026-01-04T14:34:25.4686400Z [1m[92m  Downloaded[0m crypto-common v0.1.7
2026-01-04T14:34:25.4697630Z [1m[92m  Downloaded[0m crc32fast v1.5.0
2026-01-04T14:34:25.4723790Z [1m[92m  Downloaded[0m cpufeatures v0.2.17
2026-01-04T14:34:25.4743120Z [1m[92m  Downloaded[0m core2 v0.4.0
2026-01-04T14:34:25.4775890Z [1m[92m  Downloaded[0m core-graphics v0.24.0
2026-01-04T14:34:25.4811350Z [1m[92m  Downloaded[0m convert_case v0.4.0
2026-01-04T14:34:25.4822720Z [1m[92m  Downloaded[0m cargo_metadata v0.19.2
2026-01-04T14:34:25.4849210Z [1m[92m  Downloaded[0m cargo-platform v0.1.9
2026-01-04T14:34:25.4867280Z [1m[92m  Downloaded[0m byteorder v1.5.0
2026-01-04T14:34:25.4886880Z [1m[92m  Downloaded[0m bytemuck_derive v1.10.2
2026-01-04T14:34:25.4903350Z [1m[92m  Downloaded[0m brotli v8.0.2
2026-01-04T14:34:25.5096530Z [1m[92m  Downloaded[0m av-scenechange v0.14.1
2026-01-04T14:34:25.5258480Z [1m[92m  Downloaded[0m autocfg v1.5.0
2026-01-04T14:34:25.5291240Z [1m[92m  Downloaded[0m as-slice v0.2.1
2026-01-04T14:34:25.5304100Z [1m[92m  Downloaded[0m arrayvec v0.7.6
2026-01-04T14:34:25.5336490Z [1m[92m  Downloaded[0m phf_shared v0.10.0
2026-01-04T14:34:25.5343390Z [1m[92m  Downloaded[0m phf_shared v0.8.0
2026-01-04T14:34:25.5352920Z [1m[92m  Downloaded[0m percent-encoding v2.3.2
2026-01-04T14:34:25.5368610Z [1m[92m  Downloaded[0m parking_lot_core v0.9.12
2026-01-04T14:34:25.5415410Z [1m[92m  Downloaded[0m objc2-osa-kit v0.3.2
2026-01-04T14:34:25.5437930Z [1m[92m  Downloaded[0m objc2-foundation v0.3.2
2026-01-04T14:34:25.5781440Z [1m[92m  Downloaded[0m objc2-exception-helper v0.1.1
2026-01-04T14:34:25.5792690Z [1m[92m  Downloaded[0m objc2-core-video v0.3.2
2026-01-04T14:34:25.5829640Z [1m[92m  Downloaded[0m form_urlencoded v1.2.2
2026-01-04T14:34:25.5839700Z [1m[92m  Downloaded[0m foreign-types-shared v0.3.1
2026-01-04T14:34:25.5851440Z [1m[92m  Downloaded[0m foreign-types-macros v0.2.3
2026-01-04T14:34:25.5864430Z [1m[92m  Downloaded[0m foreign-types v0.5.0
2026-01-04T14:34:25.5876390Z [1m[92m  Downloaded[0m foldhash v0.1.5
2026-01-04T14:34:25.5893700Z [1m[92m  Downloaded[0m flate2 v1.1.5
2026-01-04T14:34:25.5977360Z [1m[92m  Downloaded[0m find-msvc-tools v0.1.6
2026-01-04T14:34:25.6001400Z [1m[92m  Downloaded[0m filetime v0.2.26
2026-01-04T14:34:25.6030800Z [1m[92m  Downloaded[0m fax v0.2.6
2026-01-04T14:34:25.6053040Z [1m[92m  Downloaded[0m fastrand v2.3.0
2026-01-04T14:34:25.6072680Z [1m[92m  Downloaded[0m errno v0.3.14
2026-01-04T14:34:25.6094990Z [1m[92m  Downloaded[0m equator v0.4.2
2026-01-04T14:34:25.6112800Z [1m[92m  Downloaded[0m color_quant v1.1.0
2026-01-04T14:34:25.6125760Z [1m[92m  Downloaded[0m cc v1.2.51
2026-01-04T14:34:25.6176400Z [1m[92m  Downloaded[0m camino v1.2.2
2026-01-04T14:34:25.6206840Z [1m[92m  Downloaded[0m base64 v0.22.1
2026-01-04T14:34:25.6264930Z [1m[92m  Downloaded[0m base64 v0.21.7
2026-01-04T14:34:25.6325610Z [1m[92m  Downloaded[0m av1-grain v0.2.5
2026-01-04T14:34:25.6357610Z [1m[92m  Downloaded[0m atomic-waker v1.1.2
2026-01-04T14:34:25.6373810Z [1m[92m  Downloaded[0m arg_enum_proc_macro v0.3.4
2026-01-04T14:34:25.6388770Z [1m[92m  Downloaded[0m allocator-api2 v0.2.21
2026-01-04T14:34:25.6435040Z [1m[92m  Downloaded[0m alloc-no-stdlib v2.0.4
2026-01-04T14:34:25.6464040Z [1m[92m  Downloaded[0m phf_generator v0.10.0
2026-01-04T14:34:25.6477930Z [1m[92m  Downloaded[0m phf v0.11.3
2026-01-04T14:34:25.6498510Z [1m[92m  Downloaded[0m phf v0.10.1
2026-01-04T14:34:25.6510990Z [1m[92m  Downloaded[0m phf v0.8.0
2026-01-04T14:34:25.6521040Z [1m[92m  Downloaded[0m pathdiff v0.2.3
2026-01-04T14:34:25.6545330Z [1m[92m  Downloaded[0m pastey v0.1.1
2026-01-04T14:34:25.6568280Z [1m[92m  Downloaded[0m osakit v0.3.1
2026-01-04T14:34:25.6594990Z [1m[92m  Downloaded[0m objc2-encode v4.1.0
2026-01-04T14:34:25.6614590Z [1m[92m  Downloaded[0m fdeflate v0.3.7
2026-01-04T14:34:25.6639200Z [1m[92m  Downloaded[0m fax_derive v0.2.0
2026-01-04T14:34:25.6647660Z [1m[92m  Downloaded[0m equator-macro v0.4.2
2026-01-04T14:34:25.6658430Z [1m[92m  Downloaded[0m dunce v1.0.5
2026-01-04T14:34:25.6670860Z [1m[92m  Downloaded[0m crossbeam-channel v0.5.15
2026-01-04T14:34:25.6740540Z [1m[92m  Downloaded[0m chrono v0.4.42
2026-01-04T14:34:25.6839750Z [1m[92m  Downloaded[0m bytemuck v1.24.0
2026-01-04T14:34:25.6889140Z [1m[92m  Downloaded[0m block2 v0.6.2
2026-01-04T14:34:25.6913410Z [1m[92m  Downloaded[0m bitflags v1.3.2
2026-01-04T14:34:25.6966810Z [1m[92m  Downloaded[0m avif-serialize v0.8.6
2026-01-04T14:34:25.6983310Z [1m[92m  Downloaded[0m aligned-vec v0.6.4
2026-01-04T14:34:25.6995940Z [1m[92m  Downloaded[0m aho-corasick v1.1.4
2026-01-04T14:34:25.7081700Z [1m[92m  Downloaded[0m objc2-quartz-core v0.3.2
2026-01-04T14:34:25.7146770Z [1m[92m  Downloaded[0m objc2-metal v0.3.2
2026-01-04T14:34:25.7315440Z [1m[92m  Downloaded[0m objc2-core-media v0.3.2
2026-01-04T14:34:25.7366370Z [1m[92m  Downloaded[0m objc2-core-graphics v0.3.2
2026-01-04T14:34:25.7450590Z [1m[92m  Downloaded[0m dirs v6.0.0
2026-01-04T14:34:25.7467660Z [1m[92m  Downloaded[0m bytes v1.11.0
2026-01-04T14:34:25.7533530Z [1m[92m  Downloaded[0m byteorder-lite v0.1.0
2026-01-04T14:34:25.7546600Z [1m[92m  Downloaded[0m bumpalo v3.19.1
2026-01-04T14:34:25.7584100Z [1m[92m  Downloaded[0m brotli-decompressor v5.0.0
2026-01-04T14:34:25.7666750Z [1m[92m  Downloaded[0m bitstream-io v4.9.0
2026-01-04T14:34:25.7721370Z [1m[92m  Downloaded[0m bitflags v2.10.0
2026-01-04T14:34:25.7804040Z [1m[92m  Downloaded[0m bit_field v0.10.3
2026-01-04T14:34:25.7821320Z [1m[92m  Downloaded[0m aligned v0.4.3
2026-01-04T14:34:25.7838310Z [1m[92m  Downloaded[0m phf_generator v0.8.0
2026-01-04T14:34:25.7851930Z [1m[92m  Downloaded[0m objc2-web-kit v0.3.2
2026-01-04T14:34:25.8125260Z [1m[92m  Downloaded[0m objc2-io-surface v0.3.2
2026-01-04T14:34:25.8147510Z [1m[92m  Downloaded[0m pin-project-lite v0.2.16
2026-01-04T14:34:25.8268280Z [1m[92m  Downloaded[0m objc2-core-image v0.3.2
2026-01-04T14:34:25.8330610Z [1m[92m  Downloaded[0m anyhow v1.0.100
2026-01-04T14:34:25.8392840Z [1m[92m  Downloaded[0m alloc-stdlib v0.2.2
2026-01-04T14:34:25.8409730Z [1m[92m  Downloaded[0m objc2-media-toolbox v0.3.2
2026-01-04T14:34:25.8424600Z [1m[92m  Downloaded[0m futf v0.1.5
2026-01-04T14:34:25.8443040Z [1m[92m  Downloaded[0m block-buffer v0.10.4
2026-01-04T14:34:26.0512970Z [1m[92m   Compiling[0m proc-macro2 v1.0.104
2026-01-04T14:34:26.0578380Z [1m[92m   Compiling[0m quote v1.0.42
2026-01-04T14:34:26.0579520Z [1m[92m   Compiling[0m unicode-ident v1.0.22
2026-01-04T14:34:26.6161070Z [1m[92m   Compiling[0m libc v0.2.179
2026-01-04T14:34:28.5510100Z [1m[92m   Compiling[0m serde_core v1.0.228
2026-01-04T14:34:29.3210380Z [1m[92m   Compiling[0m syn v2.0.112
2026-01-04T14:34:29.3533760Z [1m[92m   Compiling[0m cfg-if v1.0.4
2026-01-04T14:34:29.7626490Z [1m[92m   Compiling[0m shlex v1.3.0
2026-01-04T14:34:29.8595630Z [1m[92m   Compiling[0m find-msvc-tools v0.1.6
2026-01-04T14:34:29.9870670Z [1m[92m   Compiling[0m cc v1.2.51
2026-01-04T14:34:31.0514680Z [1m[92m   Compiling[0m zerocopy v0.8.31
2026-01-04T14:34:31.3415550Z [1m[92m   Compiling[0m bitflags v2.10.0
2026-01-04T14:34:33.0054570Z [1m[92m   Compiling[0m synstructure v0.13.2
2026-01-04T14:34:33.0303660Z [1m[92m   Compiling[0m ppv-lite86 v0.2.21
2026-01-04T14:34:33.2028520Z [1m[92m   Compiling[0m getrandom v0.2.16
2026-01-04T14:34:33.2832650Z [1m[92m   Compiling[0m rand_core v0.6.4
2026-01-04T14:34:33.3838270Z [1m[92m   Compiling[0m icu_properties_data v2.1.2
2026-01-04T14:34:33.4039000Z [1m[92m   Compiling[0m zmij v1.0.9
2026-01-04T14:34:33.5365790Z [1m[92m   Compiling[0m icu_normalizer_data v2.1.1
2026-01-04T14:34:33.6000440Z [1m[92m   Compiling[0m rand_chacha v0.3.1
2026-01-04T14:34:33.6872480Z [1m[92m   Compiling[0m autocfg v1.5.0
2026-01-04T14:34:33.7816310Z [1m[92m   Compiling[0m rand v0.8.5
2026-01-04T14:34:33.8600930Z [1m[92m   Compiling[0m serde_derive v1.0.228
2026-01-04T14:34:33.8773250Z [1m[92m   Compiling[0m zerofrom-derive v0.1.6
2026-01-04T14:34:34.1820040Z [1m[92m   Compiling[0m yoke-derive v0.8.1
2026-01-04T14:34:34.5701960Z [1m[92m   Compiling[0m zerovec-derive v0.11.2
2026-01-04T14:34:34.7689690Z [1m[92m   Compiling[0m displaydoc v0.2.5
2026-01-04T14:34:35.1055930Z [1m[92m   Compiling[0m thiserror v2.0.17
2026-01-04T14:34:35.1906680Z [1m[92m   Compiling[0m serde v1.0.228
2026-01-04T14:34:35.2750390Z [1m[92m   Compiling[0m stable_deref_trait v1.2.1
2026-01-04T14:34:35.3197920Z [1m[92m   Compiling[0m thiserror-impl v2.0.17
2026-01-04T14:34:35.3604900Z [1m[92m   Compiling[0m objc2-exception-helper v0.1.1
2026-01-04T14:34:35.4920520Z [1m[92m   Compiling[0m memchr v2.7.6
2026-01-04T14:34:35.7521910Z [1m[92m   Compiling[0m siphasher v1.0.1
2026-01-04T14:34:35.8339960Z [1m[92m   Compiling[0m phf_shared v0.11.3
2026-01-04T14:34:36.0843520Z [1m[92m   Compiling[0m zerofrom v0.1.6
2026-01-04T14:34:36.0960500Z [1m[92m   Compiling[0m anyhow v1.0.100
2026-01-04T14:34:36.1334260Z [1m[92m   Compiling[0m yoke v0.8.1
2026-01-04T14:34:36.2490870Z [1m[92m   Compiling[0m itoa v1.0.17
2026-01-04T14:34:36.2591570Z [1m[92m   Compiling[0m smallvec v1.15.1
2026-01-04T14:34:36.3220380Z [1m[92m   Compiling[0m objc2 v0.6.3
2026-01-04T14:34:36.3513460Z [1m[92m   Compiling[0m phf_generator v0.11.3
2026-01-04T14:34:36.4421740Z [1m[92m   Compiling[0m siphasher v0.3.11
2026-01-04T14:34:36.4623620Z [1m[92m   Compiling[0m getrandom v0.3.4
2026-01-04T14:34:36.5386040Z [1m[92m   Compiling[0m objc2-encode v4.1.0
2026-01-04T14:34:36.6104990Z [1m[92m   Compiling[0m zerovec v0.11.5
2026-01-04T14:34:36.9036500Z [1m[92m   Compiling[0m getrandom v0.1.16
2026-01-04T14:34:37.0218050Z [1m[92m   Compiling[0m typeid v1.0.3
2026-01-04T14:34:37.0386360Z [1m[92m   Compiling[0m fnv v1.0.7
2026-01-04T14:34:37.1589980Z [1m[92m   Compiling[0m rand_core v0.5.1
2026-01-04T14:34:37.1632260Z [1m[92m   Compiling[0m tinystr v0.8.2
2026-01-04T14:34:37.2492860Z [1m[92m   Compiling[0m syn v1.0.109
2026-01-04T14:34:37.2544890Z [1m[92m   Compiling[0m strsim v0.11.1
2026-01-04T14:34:37.3850610Z [1m[92m   Compiling[0m ident_case v1.0.1
2026-01-04T14:34:37.4141760Z [1m[92m   Compiling[0m litemap v0.8.1
2026-01-04T14:34:37.4255760Z [1m[92m   Compiling[0m erased-serde v0.4.9
2026-01-04T14:34:37.4973530Z [1m[92m   Compiling[0m block2 v0.6.2
2026-01-04T14:34:37.5659040Z [1m[92m   Compiling[0m serde_json v1.0.148
2026-01-04T14:34:37.7070350Z [1m[92m   Compiling[0m writeable v0.6.2
2026-01-04T14:34:37.7464740Z [1m[92m   Compiling[0m thiserror v1.0.69
2026-01-04T14:34:37.7897200Z [1m[92m   Compiling[0m icu_locale_core v2.1.1
2026-01-04T14:34:37.8855190Z [1m[92m   Compiling[0m dispatch2 v0.3.0
2026-01-04T14:34:37.9650730Z [1m[92m   Compiling[0m darling_core v0.21.3
2026-01-04T14:34:38.2978470Z [1m[92m   Compiling[0m potential_utf v0.1.4
2026-01-04T14:34:38.3443200Z [1m[92m   Compiling[0m phf_macros v0.11.3
2026-01-04T14:34:38.3578120Z [1m[92m   Compiling[0m zerotrie v0.2.3
2026-01-04T14:34:38.4997940Z [1m[92m   Compiling[0m icu_provider v2.1.1
2026-01-04T14:34:38.6716620Z [1m[92m   Compiling[0m icu_collections v2.1.1
2026-01-04T14:34:39.2801230Z [1m[92m   Compiling[0m objc2-core-foundation v0.3.2
2026-01-04T14:34:39.4923800Z [1m[92m   Compiling[0m darling_macro v0.21.3
2026-01-04T14:34:39.6686100Z [1m[92m   Compiling[0m rand_pcg v0.2.1
2026-01-04T14:34:39.7093390Z [1m[92m   Compiling[0m rand_chacha v0.2.2
2026-01-04T14:34:39.8183860Z [1m[92m   Compiling[0m phf_shared v0.8.0
2026-01-04T14:34:39.8822250Z [1m[92m   Compiling[0m thiserror-impl v1.0.69
2026-01-04T14:34:40.5768550Z [1m[92m   Compiling[0m parking_lot_core v0.9.12
2026-01-04T14:34:40.6066300Z [1m[92m   Compiling[0m proc-macro-hack v0.5.20+deprecated
2026-01-04T14:34:40.9140470Z [1m[92m   Compiling[0m rand v0.7.3
2026-01-04T14:34:41.2509060Z [1m[92m   Compiling[0m darling v0.21.3
2026-01-04T14:34:41.2753240Z [1m[92m   Compiling[0m phf_shared v0.10.0
2026-01-04T14:34:41.3441580Z [1m[92m   Compiling[0m scopeguard v1.2.0
2026-01-04T14:34:41.3514310Z [1m[92m   Compiling[0m new_debug_unreachable v1.0.6
2026-01-04T14:34:41.3716870Z [1m[92m   Compiling[0m byteorder v1.5.0
2026-01-04T14:34:41.3727040Z [1m[92m   Compiling[0m lock_api v0.4.14
2026-01-04T14:34:41.4762750Z [1m[92m   Compiling[0m phf_generator v0.10.0
2026-01-04T14:34:41.4922520Z [1m[92m   Compiling[0m serde_with_macros v3.16.1
2026-01-04T14:34:41.5582050Z [1m[92m   Compiling[0m phf_generator v0.8.0
2026-01-04T14:34:41.6064890Z [1m[92m   Compiling[0m icu_normalizer v2.1.1
2026-01-04T14:34:41.7810880Z [1m[92m   Compiling[0m icu_properties v2.1.2
2026-01-04T14:34:42.1192520Z [1m[92m   Compiling[0m string_cache_codegen v0.5.4
2026-01-04T14:34:42.3137920Z [1m[92m   Compiling[0m phf_codegen v0.11.3
2026-01-04T14:34:42.3653780Z [1m[92m   Compiling[0m precomputed-hash v0.1.1
2026-01-04T14:34:42.3701620Z [1m[92m   Compiling[0m mac v0.1.1
2026-01-04T14:34:42.3875400Z [1m[92m   Compiling[0m winnow v0.7.14
2026-01-04T14:34:42.4173950Z [1m[92m   Compiling[0m futf v0.1.5
2026-01-04T14:34:42.4641960Z [1m[92m   Compiling[0m markup5ever v0.14.1
2026-01-04T14:34:42.6037790Z [1m[92m   Compiling[0m idna_adapter v1.2.1
2026-01-04T14:34:42.6647800Z [1m[92m   Compiling[0m phf_macros v0.10.0
2026-01-04T14:34:42.8796780Z [1m[92m   Compiling[0m parking_lot v0.12.5
2026-01-04T14:34:43.2184500Z [1m[92m   Compiling[0m cssparser v0.29.6
2026-01-04T14:34:43.3969760Z [1m[92m   Compiling[0m phf_codegen v0.8.0
2026-01-04T14:34:43.4717900Z [1m[92m   Compiling[0m toml_datetime v0.7.5+spec-1.1.0
2026-01-04T14:34:43.5586660Z [1m[92m   Compiling[0m toml_parser v1.0.6+spec-1.1.0
2026-01-04T14:34:43.6772260Z [1m[92m   Compiling[0m serde_spanned v1.0.4
2026-01-04T14:34:43.7375330Z [1m[92m   Compiling[0m semver v1.0.27
2026-01-04T14:34:43.9910480Z [1m[92m   Compiling[0m utf-8 v0.7.6
2026-01-04T14:34:44.0618290Z [1m[92m   Compiling[0m dtoa v1.0.11
2026-01-04T14:34:44.1383580Z [1m[92m   Compiling[0m percent-encoding v2.3.2
2026-01-04T14:34:44.2540590Z [1m[92m   Compiling[0m num-conv v0.1.0
2026-01-04T14:34:44.2945390Z [1m[92m   Compiling[0m toml_writer v1.0.6+spec-1.1.0
2026-01-04T14:34:44.3551430Z [1m[92m   Compiling[0m log v0.4.29
2026-01-04T14:34:44.3765190Z [1m[92m   Compiling[0m time-core v0.1.6
2026-01-04T14:34:44.4671650Z [1m[92m   Compiling[0m bitflags v1.3.2
2026-01-04T14:34:44.4878860Z [1m[92m   Compiling[0m utf8_iter v1.0.4
2026-01-04T14:34:44.5086540Z [1m[92m   Compiling[0m toml v0.9.10+spec-1.1.0
2026-01-04T14:34:44.6097510Z [1m[92m   Compiling[0m idna v1.1.0
2026-01-04T14:34:44.6504310Z [1m[92m   Compiling[0m form_urlencoded v1.2.2
2026-01-04T14:34:44.7294450Z [1m[92m   Compiling[0m dtoa-short v0.3.5
2026-01-04T14:34:44.7938270Z [1m[92m   Compiling[0m tendril v0.4.3
2026-01-04T14:34:44.9225730Z [1m[92m   Compiling[0m selectors v0.24.0
2026-01-04T14:34:44.9842220Z [1m[92m   Compiling[0m phf v0.10.1
2026-01-04T14:34:45.0669480Z [1m[92m   Compiling[0m string_cache v0.8.9
2026-01-04T14:34:45.1777160Z [1m[92m   Compiling[0m uuid v1.19.0
2026-01-04T14:34:45.3817090Z [1m[92m   Compiling[0m phf v0.11.3
2026-01-04T14:34:45.4158720Z [1m[92m   Compiling[0m aho-corasick v1.1.4
2026-01-04T14:34:45.4514680Z [1m[92m   Compiling[0m indexmap v1.9.3
2026-01-04T14:34:45.4556190Z [1m[92m   Compiling[0m ctor v0.2.9
2026-01-04T14:34:45.5687510Z [1m[92m   Compiling[0m cssparser-macros v0.6.1
2026-01-04T14:34:45.7688890Z [1m[92m   Compiling[0m camino v1.2.2
2026-01-04T14:34:45.8192030Z [1m[92m   Compiling[0m convert_case v0.4.0
2026-01-04T14:34:45.9111550Z [1m[92m   Compiling[0m nodrop v0.1.14
2026-01-04T14:34:45.9406030Z [1m[92m   Compiling[0m alloc-no-stdlib v2.0.4
2026-01-04T14:34:45.9762300Z [1m[92m   Compiling[0m unic-common v0.9.0
2026-01-04T14:34:46.0034020Z [1m[92m   Compiling[0m matches v0.1.10
2026-01-04T14:34:46.0095310Z [1m[92m   Compiling[0m unic-char-range v0.9.0
2026-01-04T14:34:46.0238430Z [1m[92m   Compiling[0m equivalent v1.0.2
2026-01-04T14:34:46.0474720Z [1m[92m   Compiling[0m regex-syntax v0.8.8
2026-01-04T14:34:46.0518630Z [1m[92m   Compiling[0m hashbrown v0.16.1
2026-01-04T14:34:46.3695630Z [1m[92m   Compiling[0m indexmap v2.12.1
2026-01-04T14:34:46.5066940Z [1m[92m   Compiling[0m unic-char-property v0.9.0
2026-01-04T14:34:46.8404780Z [1m[92m   Compiling[0m derive_more v0.99.20
2026-01-04T14:34:47.1145830Z [1m[92m   Compiling[0m unic-ucd-version v0.9.0
2026-01-04T14:34:47.1453450Z [1m[92m   Compiling[0m regex-automata v0.4.13
2026-01-04T14:34:47.6266660Z [1m[92m   Compiling[0m alloc-stdlib v0.2.2
2026-01-04T14:34:47.6828360Z [1m[92m   Compiling[0m servo_arc v0.2.0
2026-01-04T14:34:48.3442780Z [1m[92m   Compiling[0m url v2.5.7
2026-01-04T14:34:48.3954220Z [1m[92m   Compiling[0m fxhash v0.2.1
2026-01-04T14:34:48.4446760Z [1m[92m   Compiling[0m phf v0.8.0
2026-01-04T14:34:48.4985300Z [1m[92m   Compiling[0m swift-rs v1.0.7
2026-01-04T14:34:48.9366010Z [1m[92m   Compiling[0m match_token v0.1.0
2026-01-04T14:34:48.9715850Z [1m[92m   Compiling[0m serde_derive_internals v0.29.1
2026-01-04T14:34:49.1925450Z [1m[92m   Compiling[0m schemars v0.8.22
2026-01-04T14:34:49.3129230Z [1m[92m   Compiling[0m hashbrown v0.12.3
2026-01-04T14:34:49.3646780Z [1m[92m   Compiling[0m html5ever v0.29.1
2026-01-04T14:34:49.5544260Z [1m[92m   Compiling[0m schemars_derive v0.8.22
2026-01-04T14:34:50.2066880Z [1m[92m   Compiling[0m regex v1.12.2
2026-01-04T14:34:50.3198500Z [1m[92m   Compiling[0m brotli-decompressor v5.0.0
2026-01-04T14:34:50.4492190Z [1m[92m   Compiling[0m unic-ucd-ident v0.9.0
2026-01-04T14:34:50.4761490Z [1m[92m   Compiling[0m cfb v0.7.3
2026-01-04T14:34:50.5703670Z [1m[92m   Compiling[0m objc2-foundation v0.3.2
2026-01-04T14:34:50.8773030Z [1m[92m   Compiling[0m jsonptr v0.6.3
2026-01-04T14:34:51.0071690Z [1m[92m   Compiling[0m cargo-platform v0.1.9
2026-01-04T14:34:51.1276680Z [1m[92m   Compiling[0m base64 v0.21.7
2026-01-04T14:34:51.1427220Z [1m[92m   Compiling[0m dyn-clone v1.0.20
2026-01-04T14:34:51.1836520Z [1m[92m   Compiling[0m dunce v1.0.5
2026-01-04T14:34:51.2092860Z [1m[92m   Compiling[0m bytes v1.11.0
2026-01-04T14:34:51.2764000Z [1m[92m   Compiling[0m same-file v1.0.6
2026-01-04T14:34:51.3247830Z [1m[92m   Compiling[0m walkdir v2.5.0
2026-01-04T14:34:51.5347470Z [1m[92m   Compiling[0m http v1.4.0
2026-01-04T14:34:52.1693050Z [1m[92m   Compiling[0m cargo_metadata v0.19.2
2026-01-04T14:34:52.6479300Z [1m[92m   Compiling[0m json-patch v3.0.1
2026-01-04T14:34:53.1843740Z [1m[92m   Compiling[0m infer v0.19.0
2026-01-04T14:34:53.2246870Z [1m[92m   Compiling[0m brotli v8.0.2
2026-01-04T14:34:53.5304530Z [1m[92m   Compiling[0m urlpattern v0.3.0
2026-01-04T14:34:54.1500130Z [1m[92m   Compiling[0m kuchikiki v0.8.8-speedreader
2026-01-04T14:34:54.5186690Z [1m[92m   Compiling[0m serde-untagged v0.1.9
2026-01-04T14:34:54.6811980Z [1m[92m   Compiling[0m serde_with v3.16.1
2026-01-04T14:34:55.8789970Z [1m[92m   Compiling[0m glob v0.3.3
2026-01-04T14:34:56.0596550Z [1m[92m   Compiling[0m powerfmt v0.2.0
2026-01-04T14:34:56.2939340Z [1m[92m   Compiling[0m tauri-utils v2.8.1
2026-01-04T14:34:56.5064800Z [1m[92m   Compiling[0m deranged v0.5.5
2026-01-04T14:34:57.2930960Z [1m[92m   Compiling[0m crossbeam-utils v0.8.21
2026-01-04T14:34:57.5970620Z [1m[92m   Compiling[0m time v0.3.44
2026-01-04T14:34:59.2624910Z [1m[92m   Compiling[0m quick-xml v0.38.4
2026-01-04T14:35:00.7606480Z [1m[92m   Compiling[0m base64 v0.22.1
2026-01-04T14:35:00.9653110Z [1m[92m   Compiling[0m plist v1.8.0
2026-01-04T14:35:01.7144660Z [1m[92m   Compiling[0m objc2-metal v0.3.2
2026-01-04T14:35:02.8968400Z [1m[92m   Compiling[0m once_cell v1.21.3
2026-01-04T14:35:03.0431250Z [1m[92m   Compiling[0m crc32fast v1.5.0
2026-01-04T14:35:03.2886020Z [1m[92m   Compiling[0m objc2-core-graphics v0.3.2
2026-01-04T14:35:04.7275600Z [1m[92m   Compiling[0m objc2-core-video v0.3.2
2026-01-04T14:35:04.9718180Z [1m[92m   Compiling[0m core-foundation-sys v0.8.7
2026-01-04T14:35:05.1104200Z [1m[92m   Compiling[0m objc2-quartz-core v0.3.2
2026-01-04T14:35:05.5358400Z [1m[92m   Compiling[0m objc2-core-image v0.3.2
2026-01-04T14:35:06.0547170Z [1m[92m   Compiling[0m num-traits v0.2.19
2026-01-04T14:35:06.1874360Z [1m[92m   Compiling[0m pin-project-lite v0.2.16
2026-01-04T14:35:06.2190500Z [1m[92m   Compiling[0m version_check v0.9.5
2026-01-04T14:35:06.5564090Z [1m[92m   Compiling[0m tauri-plugin v2.5.2
2026-01-04T14:35:06.6279280Z [1m[92m   Compiling[0m objc2-core-data v0.3.2
2026-01-04T14:35:06.9443540Z [1m[92m   Compiling[0m objc2-cloud-kit v0.3.2
2026-01-04T14:35:07.2173970Z [1m[92m   Compiling[0m rustc_version v0.4.1
2026-01-04T14:35:07.3891730Z [1m[92m   Compiling[0m objc2-core-text v0.3.2
2026-01-04T14:35:07.6933990Z [1m[92m   Compiling[0m option-ext v0.2.0
2026-01-04T14:35:07.7334890Z [1m[92m   Compiling[0m dirs-sys v0.5.0
2026-01-04T14:35:07.7938620Z [1m[92m   Compiling[0m objc2-app-kit v0.3.2
2026-01-04T14:35:08.5968290Z [1m[92m   Compiling[0m embed-resource v3.0.6
2026-01-04T14:35:10.6692800Z [1m[92m   Compiling[0m simd-adler32 v0.3.8
2026-01-04T14:35:10.7709300Z [1m[92m   Compiling[0m heck v0.5.0
2026-01-04T14:35:11.3738400Z [1m[92m   Compiling[0m tauri-winres v0.3.5
2026-01-04T14:35:11.6530740Z [1m[92m   Compiling[0m dirs v6.0.0
2026-01-04T14:35:11.7034200Z [1m[92m   Compiling[0m cargo_toml v0.22.3
2026-01-04T14:35:11.7341590Z [1m[92m   Compiling[0m tokio-macros v2.6.0
2026-01-04T14:35:12.1888660Z [1m[92m   Compiling[0m socket2 v0.6.1
2026-01-04T14:35:12.7275480Z [1m[92m   Compiling[0m mio v1.1.1
2026-01-04T14:35:13.4213880Z [1m[92m   Compiling[0m tokio v1.49.0
2026-01-04T14:35:13.4839490Z [1m[92m   Compiling[0m tauri-build v2.5.3
2026-01-04T14:35:14.7343220Z [1m[92m   Compiling[0m crossbeam-epoch v0.9.18
2026-01-04T14:35:15.1378090Z [1m[92m   Compiling[0m adler2 v2.0.1
2026-01-04T14:35:15.2663500Z [1m[92m   Compiling[0m rayon-core v1.13.0
2026-01-04T14:35:15.4012430Z [1m[92m   Compiling[0m miniz_oxide v0.8.9
2026-01-04T14:35:17.6528650Z [1m[92m   Compiling[0m crossbeam-deque v0.8.6
2026-01-04T14:35:21.1713810Z [1m[92m   Compiling[0m equator-macro v0.4.2
2026-01-04T14:35:22.0660090Z [1m[92m   Compiling[0m equator v0.4.2
2026-01-04T14:35:23.7299240Z [1m[92m   Compiling[0m tauri v2.9.5
2026-01-04T14:35:24.5551090Z [1m[92m   Compiling[0m num-integer v0.1.46
2026-01-04T14:35:24.9739490Z [1m[92m   Compiling[0m either v1.15.0
2026-01-04T14:35:25.0233710Z [1m[92m   Compiling[0m typenum v1.19.0
2026-01-04T14:35:25.2895420Z [1m[92m   Compiling[0m num-bigint v0.4.6
2026-01-04T14:35:27.0662210Z [1m[92m   Compiling[0m flate2 v1.1.5
2026-01-04T14:35:27.4804560Z [1m[92m   Compiling[0m aligned-vec v0.6.4
2026-01-04T14:35:28.2666920Z [1m[92m   Compiling[0m generic-array v0.14.7
2026-01-04T14:35:28.5620390Z [1m[92m   Compiling[0m arrayvec v0.7.6
2026-01-04T14:35:29.7130270Z [1m[92m   Compiling[0m v_frame v0.3.9
2026-01-04T14:35:29.8391840Z [1m[92m   Compiling[0m num-rational v0.4.2
2026-01-04T14:35:31.7702710Z [1m[92m   Compiling[0m rayon v1.11.0
2026-01-04T14:35:32.2059040Z [1m[92m   Compiling[0m fdeflate v0.3.7
2026-01-04T14:35:32.9485940Z [1m[92m   Compiling[0m as-slice v0.2.1
2026-01-04T14:35:33.0078860Z [1m[92m   Compiling[0m zerocopy-derive v0.8.31
2026-01-04T14:35:33.3014900Z [1m[92m   Compiling[0m av-scenechange v0.14.1
2026-01-04T14:35:33.6869950Z [1m[92m   Compiling[0m paste v1.0.15
2026-01-04T14:35:33.7598060Z [1m[92m   Compiling[0m built v0.8.0
2026-01-04T14:35:34.0351930Z [1m[92m   Compiling[0m rav1e v0.8.1
2026-01-04T14:35:34.9772190Z [1m[92m   Compiling[0m aligned v0.4.3
2026-01-04T14:35:35.0574920Z [1m[92m   Compiling[0m dpi v0.1.2
2026-01-04T14:35:35.2559000Z [1m[92m   Compiling[0m time-macros v0.2.24
2026-01-04T14:35:35.3720510Z [1m[92m   Compiling[0m core2 v0.4.0
2026-01-04T14:35:35.3959270Z [1m[92m   Compiling[0m nom v8.0.0
2026-01-04T14:35:37.6167240Z [1m[92m   Compiling[0m arg_enum_proc_macro v0.3.4
2026-01-04T14:35:37.9405490Z [1m[92m   Compiling[0m profiling-procmacros v1.0.17
2026-01-04T14:35:38.1325620Z [1m[92m   Compiling[0m futures-core v0.3.31
2026-01-04T14:35:38.2229510Z [1m[92m   Compiling[0m raw-window-handle v0.6.2
2026-01-04T14:35:38.3754600Z [1m[92m   Compiling[0m pastey v0.1.1
2026-01-04T14:35:38.6278080Z [1m[92m   Compiling[0m y4m v0.8.0
2026-01-04T14:35:39.3248780Z [1m[92m   Compiling[0m quick-error v2.0.1
2026-01-04T14:35:42.2607410Z [1m[92m   Compiling[0m profiling v1.0.17
2026-01-04T14:35:42.5001710Z [1m[92m   Compiling[0m av1-grain v0.2.5
2026-01-04T14:35:44.7462970Z [1m[92m   Compiling[0m bitstream-io v4.9.0
2026-01-04T14:35:45.6903860Z [1m[92m   Compiling[0m half v2.7.1
2026-01-04T14:35:46.0765490Z [1m[92m   Compiling[0m maybe-rayon v0.1.1
2026-01-04T14:35:46.1169620Z [1m[92m   Compiling[0m itertools v0.14.0
2026-01-04T14:35:46.3861730Z [1m[92m   Compiling[0m cookie v0.18.1
2026-01-04T14:35:46.5606280Z [1m[92m   Compiling[0m crossbeam-channel v0.5.15
2026-01-04T14:35:47.0785320Z [1m[92m   Compiling[0m num-derive v0.4.2
2026-01-04T14:35:47.3764140Z [1m[92m   Compiling[0m fax_derive v0.2.0
2026-01-04T14:35:47.8285430Z [1m[92m   Compiling[0m simd_helpers v0.1.0
2026-01-04T14:35:48.1272080Z [1m[92m   Compiling[0m weezl v0.1.12
2026-01-04T14:35:48.2337720Z [1m[92m   Compiling[0m zune-core v0.4.12
2026-01-04T14:35:49.5741660Z [1m[92m   Compiling[0m imgref v1.12.0
2026-01-04T14:35:49.7360310Z [1m[92m   Compiling[0m noop_proc_macro v0.3.0
2026-01-04T14:35:51.2157880Z [1m[92m   Compiling[0m loop9 v0.1.5
2026-01-04T14:35:51.4313020Z [1m[92m   Compiling[0m zune-jpeg v0.4.21
2026-01-04T14:35:52.4184070Z [1m[92m   Compiling[0m fax v0.2.6
2026-01-04T14:35:54.9860360Z [1m[92m   Compiling[0m crypto-common v0.1.7
2026-01-04T14:35:55.0780130Z [1m[92m   Compiling[0m block-buffer v0.10.4
2026-01-04T14:35:55.5946210Z [1m[92m   Compiling[0m avif-serialize v0.8.6
2026-01-04T14:35:57.1343680Z [1m[92m   Compiling[0m zune-inflate v0.2.54
2026-01-04T14:35:57.3020240Z [1m[92m   Compiling[0m pxfm v0.1.27
2026-01-04T14:35:57.5455970Z [1m[92m   Compiling[0m core-foundation v0.10.1
2026-01-04T14:35:57.9063490Z [1m[92m   Compiling[0m objc2-security v0.3.2
2026-01-04T14:35:58.0289730Z [1m[92m   Compiling[0m objc2-javascript-core v0.3.2
2026-01-04T14:35:58.2441060Z [1m[92m   Compiling[0m foreign-types-macros v0.2.3
2026-01-04T14:35:58.7599970Z [1m[92m   Compiling[0m rgb v0.8.52
2026-01-04T14:35:58.8702660Z [1m[92m   Compiling[0m bit_field v0.10.3
2026-01-04T14:35:58.9344120Z [1m[92m   Compiling[0m lebe v0.5.3
2026-01-04T14:35:59.0274680Z [1m[92m   Compiling[0m byteorder-lite v0.1.0
2026-01-04T14:35:59.0439410Z [1m[92m   Compiling[0m color_quant v1.1.0
2026-01-04T14:35:59.1838650Z [1m[92m   Compiling[0m bytemuck v1.24.0
2026-01-04T14:35:59.3018100Z [1m[92m   Compiling[0m futures-sink v0.3.31
2026-01-04T14:35:59.3392110Z [1m[92m   Compiling[0m unicode-segmentation v1.12.0
2026-01-04T14:35:59.4709400Z [1m[92m   Compiling[0m zune-core v0.5.0
2026-01-04T14:35:59.6102780Z [1m[92m   Compiling[0m foreign-types-shared v0.3.1
2026-01-04T14:35:59.7204000Z [1m[92m   Compiling[0m foreign-types v0.5.0
2026-01-04T14:35:59.7398360Z [1m[92m   Compiling[0m zune-jpeg v0.5.8
2026-01-04T14:35:59.7467750Z [1m[92m   Compiling[0m keyboard-types v0.7.0
2026-01-04T14:36:01.7115530Z [1m[92m   Compiling[0m qoi v0.4.1
2026-01-04T14:36:02.5308950Z [1m[92m   Compiling[0m image-webp v0.2.4
2026-01-04T14:36:04.5561450Z [1m[92m   Compiling[0m gif v0.14.1
2026-01-04T14:36:04.9596710Z [1m[92m   Compiling[0m exr v1.74.0
2026-01-04T14:36:05.9888760Z [1m[92m   Compiling[0m ravif v0.12.0
2026-01-04T14:36:07.2555100Z [1m[92m   Compiling[0m moxcms v0.7.11
2026-01-04T14:36:11.4248180Z [1m[92m   Compiling[0m objc2-web-kit v0.3.2
2026-01-04T14:36:19.0452960Z [1m[92m   Compiling[0m core-graphics-types v0.2.0
2026-01-04T14:36:20.5597910Z [1m[92m   Compiling[0m png v0.17.16
2026-01-04T14:36:24.9478700Z [1m[92m   Compiling[0m digest v0.10.7
2026-01-04T14:36:30.5201350Z [1m[92m   Compiling[0m tiff v0.10.3
2026-01-04T14:36:30.8384390Z [1m[92m   Compiling[0m png v0.18.0
2026-01-04T14:36:33.7623950Z [1m[92m   Compiling[0m cpufeatures v0.2.17
2026-01-04T14:36:33.9258930Z [1m[92m   Compiling[0m tauri-runtime v2.9.2
2026-01-04T14:36:34.1834210Z [1m[92m   Compiling[0m wry v0.53.5
2026-01-04T14:36:35.6829830Z [1m[92m   Compiling[0m sha2 v0.10.9
2026-01-04T14:36:35.8076110Z [1m[92m   Compiling[0m image v0.25.9
2026-01-04T14:36:36.9498230Z [1m[92m   Compiling[0m ico v0.4.0
2026-01-04T14:36:37.3057400Z [1m[92m   Compiling[0m core-graphics v0.24.0
2026-01-04T14:36:38.0623440Z [1m[92m   Compiling[0m tauri-runtime-wry v2.9.3
2026-01-04T14:36:38.2711020Z [1m[92m   Compiling[0m lazy_static v1.5.0
2026-01-04T14:36:38.3555720Z [1m[92m   Compiling[0m dispatch v0.2.0
2026-01-04T14:36:38.4942450Z [1m[92m   Compiling[0m slab v0.4.11
2026-01-04T14:36:38.6004600Z [1m[92m   Compiling[0m rustix v1.1.3
2026-01-04T14:36:39.2481970Z [1m[92m   Compiling[0m tao v0.34.5
2026-01-04T14:36:47.1249920Z [1m[92m   Compiling[0m tauri-codegen v2.5.2
2026-01-04T14:36:48.3525580Z [1m[92m   Compiling[0m muda v0.17.1
2026-01-04T14:36:51.3380790Z [1m[92m   Compiling[0m core-foundation v0.9.4
2026-01-04T14:36:51.6646390Z [1m[92m   Compiling[0m tracing-core v0.1.36
2026-01-04T14:36:54.0080210Z [1m[92m   Compiling[0m serialize-to-javascript-impl v0.1.2
2026-01-04T14:36:54.2861510Z [1m[92m   Compiling[0m tracing-attributes v0.1.31
2026-01-04T14:36:55.1984470Z [1m[92m   Compiling[0m ring v0.17.14
2026-01-04T14:36:55.5622310Z [1m[92m   Compiling[0m errno v0.3.14
2026-01-04T14:36:55.6687820Z [1m[92m   Compiling[0m pin-utils v0.1.0
2026-01-04T14:36:55.7372940Z [1m[92m   Compiling[0m mime v0.3.17
2026-01-04T14:37:00.7054220Z [1m[92m   Compiling[0m tracing v0.1.44
2026-01-04T14:37:00.9405780Z [1m[92m   Compiling[0m serialize-to-javascript v0.1.2
2026-01-04T14:37:02.1685280Z [1m[92m   Compiling[0m tray-icon v0.21.2
2026-01-04T14:37:03.6901230Z [1m[92m   Compiling[0m tauri-macros v2.5.2
2026-01-04T14:37:05.0129290Z [1m[92m   Compiling[0m window-vibrancy v0.6.0
2026-01-04T14:37:05.1534470Z [1m[92m   Compiling[0m http-body v1.0.1
2026-01-04T14:37:05.2275430Z [1m[92m   Compiling[0m futures-macro v0.3.31
2026-01-04T14:37:05.7460960Z [1m[92m   Compiling[0m serde_repr v0.1.20
2026-01-04T14:37:06.0678900Z [1m[92m   Compiling[0m system-configuration-sys v0.6.0
2026-01-04T14:37:06.1935550Z [1m[92m   Compiling[0m embed_plist v1.2.2
2026-01-04T14:37:06.2250010Z [1m[92m   Compiling[0m httparse v1.10.1
2026-01-04T14:37:06.2300810Z [1m[92m   Compiling[0m zeroize v1.8.2
2026-01-04T14:37:06.3205110Z [1m[92m   Compiling[0m futures-io v0.3.31
2026-01-04T14:37:06.4345630Z [1m[92m   Compiling[0m futures-task v0.3.31
2026-01-04T14:37:06.9933760Z [1m[92m   Compiling[0m futures-util v0.3.31
2026-01-04T14:37:09.4618800Z [1m[92m   Compiling[0m rustls-pki-types v1.13.2
2026-01-04T14:37:10.2897050Z [1m[92m   Compiling[0m tokio-util v0.7.17
2026-01-04T14:37:11.2909930Z [1m[92m   Compiling[0m untrusted v0.9.0
2026-01-04T14:37:11.3779490Z [1m[92m   Compiling[0m tower-service v0.3.3
2026-01-04T14:37:11.5666830Z [1m[92m   Compiling[0m try-lock v0.2.5
2026-01-04T14:37:11.5979180Z [1m[92m   Compiling[0m atomic-waker v1.1.2
2026-01-04T14:37:11.8117800Z [1m[92m   Compiling[0m h2 v0.4.12
2026-01-04T14:37:11.8854120Z [1m[92m   Compiling[0m want v0.3.1
2026-01-04T14:37:18.4343380Z [1m[92m   Compiling[0m futures-channel v0.3.31
2026-01-04T14:37:18.5917350Z [1m[92m   Compiling[0m security-framework-sys v2.15.0
2026-01-04T14:37:18.7214380Z [1m[92m   Compiling[0m fastrand v2.3.0
2026-01-04T14:37:19.0831060Z [1m[92m   Compiling[0m native-tls v0.2.14
2026-01-04T14:37:19.3077160Z [1m[92m   Compiling[0m rustls v0.23.35
2026-01-04T14:37:19.5011440Z [1m[92m   Compiling[0m tempfile v3.24.0
2026-01-04T14:37:20.1320380Z [1m[92m   Compiling[0m security-framework v2.11.1
2026-01-04T14:37:20.3441180Z [1m[92m   Compiling[0m hyper v1.8.1
2026-01-04T14:37:22.9330870Z [1m[92m   Compiling[0m system-configuration v0.6.1
2026-01-04T14:37:23.2118470Z [1m[92m   Compiling[0m rustls-webpki v0.103.8
2026-01-04T14:37:24.2092110Z [1m[92m   Compiling[0m tauri-plugin-fs v2.4.4
2026-01-04T14:37:24.9234520Z [1m[92m   Compiling[0m ipnet v2.11.0
2026-01-04T14:37:25.6377310Z [1m[92m   Compiling[0m subtle v2.6.1
2026-01-04T14:37:26.1268030Z [1m[92m   Compiling[0m hyper-util v0.1.19
2026-01-04T14:37:28.7639900Z [1m[92m   Compiling[0m sync_wrapper v1.0.2
2026-01-04T14:37:28.8569290Z [1m[92m   Compiling[0m tower-layer v0.3.3
2026-01-04T14:37:29.0516470Z [1m[92m   Compiling[0m tokio-rustls v0.26.4
2026-01-04T14:37:29.1145130Z [1m[92m   Compiling[0m tower v0.5.2
2026-01-04T14:37:29.3361300Z [1m[92m   Compiling[0m tokio-native-tls v0.3.1
2026-01-04T14:37:29.4369960Z [1m[92m   Compiling[0m webpki-roots v1.0.5
2026-01-04T14:37:29.5319800Z [1m[92m   Compiling[0m http-body-util v0.1.3
2026-01-04T14:37:29.6198640Z [1m[92m   Compiling[0m tauri-plugin-updater v2.9.0
2026-01-04T14:37:29.7535210Z [1m[92m   Compiling[0m tauri-plugin-store v2.4.1
2026-01-04T14:37:30.1060810Z [1m[92m   Compiling[0m tauri-plugin-dialog v2.4.2
2026-01-04T14:37:30.2150130Z [1m[92m   Compiling[0m tauri-plugin-global-shortcut v2.3.1
2026-01-04T14:37:30.6394970Z [1m[92m   Compiling[0m tauri-plugin-process v2.3.1
2026-01-04T14:37:30.6821810Z [1m[92m   Compiling[0m tauri-plugin-opener v2.5.2
2026-01-04T14:37:31.0215680Z [1m[92m   Compiling[0m objc2-core-audio-types v0.3.2
2026-01-04T14:37:31.1604370Z [1m[92m   Compiling[0m iri-string v0.7.10
2026-01-04T14:37:31.2403730Z [1m[92m   Compiling[0m foldhash v0.1.5
2026-01-04T14:37:31.4336130Z [1m[92m   Compiling[0m g2poly v1.2.2
2026-01-04T14:37:31.5260410Z [1m[92m   Compiling[0m ryu v1.0.22
2026-01-04T14:37:31.8057210Z [1m[92m   Compiling[0m rfd v0.15.4
2026-01-04T14:37:31.9914980Z [1m[92m   Compiling[0m allocator-api2 v0.2.21
2026-01-04T14:37:32.5603120Z [1m[92m   Compiling[0m hashbrown v0.15.5
2026-01-04T14:37:33.8811510Z [1m[92m   Compiling[0m tower-http v0.6.8
2026-01-04T14:37:34.2166530Z [1m[92m   Compiling[0m serde_urlencoded v0.7.1
2026-01-04T14:37:34.5083220Z [1m[92m   Compiling[0m g2gen v1.2.2
2026-01-04T14:37:35.3018230Z [1m[92m   Compiling[0m hyper-tls v0.6.0
2026-01-04T14:37:35.3318700Z [1m[92m   Compiling[0m hyper-rustls v0.27.7
2026-01-04T14:37:35.5168990Z [1m[92m   Compiling[0m xattr v1.6.1
2026-01-04T14:37:35.9379770Z [1m[92m   Compiling[0m objc2-osa-kit v0.3.2
2026-01-04T14:37:36.1064190Z [1m[92m   Compiling[0m objc2-avf-audio v0.3.2
2026-01-04T14:37:36.3171050Z [1m[92m   Compiling[0m encoding_rs v0.8.35
2026-01-04T14:37:36.4397530Z [1m[92m   Compiling[0m filetime v0.2.26
2026-01-04T14:37:36.5907970Z [1m[92m   Compiling[0m objc2-media-toolbox v0.3.2
2026-01-04T14:37:36.6674540Z [1m[92m   Compiling[0m objc2-core-audio v0.3.2
2026-01-04T14:37:36.8475040Z [1m[92m   Compiling[0m objc2-image-io v0.3.2
2026-01-04T14:37:37.1679160Z [1m[92m   Compiling[0m pathdiff v0.2.3
2026-01-04T14:37:37.2303090Z [1m[92m   Compiling[0m open v5.3.3
2026-01-04T14:37:37.3767980Z [1m[92m   Compiling[0m reqwest v0.12.28
2026-01-04T14:37:41.1749430Z [1m[92m   Compiling[0m g2p v1.2.2
2026-01-04T14:37:41.2566660Z [1m[92m   Compiling[0m objc2-av-foundation v0.3.2
2026-01-04T14:37:48.6993320Z [1m[92m   Compiling[0m objc2-core-media v0.3.2
2026-01-04T14:37:49.2368590Z [1m[92m   Compiling[0m tar v0.4.44
2026-01-04T14:37:52.3012690Z [1m[92m   Compiling[0m osakit v0.3.1
2026-01-04T14:37:53.8571020Z [1m[92m   Compiling[0m lru v0.12.5
2026-01-04T14:37:55.0313630Z [1m[92m   Compiling[0m global-hotkey v0.7.0
2026-01-04T14:37:55.1694560Z [1m[92m   Compiling[0m screen-inu v0.2.1 (/Users/runner/work/screen_inu/screen_inu/app/src-tauri)
2026-01-04T14:37:55.7705440Z [1m[92m   Compiling[0m minisign-verify v0.2.4
2026-01-04T14:37:58.5153910Z [1m[92m   Compiling[0m rqrr v0.8.0
2026-01-04T14:37:58.9412410Z [1m[92m   Compiling[0m xcap v0.8.1
2026-01-04T14:39:19.1855880Z [1m[92m    Finished[0m `release` profile [optimized] target(s) in 4m 58s
2026-01-04T14:39:19.5056700Z        Built application at: /Users/runner/work/screen_inu/screen_inu/app/src-tauri/target/release/screen-inu
2026-01-04T14:39:19.5993500Z Looking for artifacts in:
2026-01-04T14:39:19.6113270Z /Users/runner/work/screen_inu/screen_inu/app/src-tauri/target/release/bundle/dmg/Screen Inu_0.2.1_aarch64.dmg
2026-01-04T14:39:19.6215090Z /Users/runner/work/screen_inu/screen_inu/app/src-tauri/target/release/bundle/macos/Screen Inu.app
2026-01-04T14:39:19.6216540Z /Users/runner/work/screen_inu/screen_inu/app/src-tauri/target/release/bundle/macos/Screen Inu.app.tar.gz
2026-01-04T14:39:19.6275540Z /Users/runner/work/screen_inu/screen_inu/app/src-tauri/target/release/bundle/macos/Screen Inu.app.tar.gz.sig
2026-01-04T14:39:19.6480300Z ##[error]No artifacts were found.
2026-01-04T14:39:19.6812560Z Post job cleanup.
2026-01-04T14:39:20.2370940Z [command]/opt/homebrew/bin/git version
2026-01-04T14:39:20.2710690Z git version 2.50.1
2026-01-04T14:39:20.2759010Z Copying '/Users/runner/.gitconfig' to '/Users/runner/work/_temp/9758d9d6-3082-4911-bd12-194e852a3b7c/.gitconfig'
2026-01-04T14:39:20.2771770Z Temporarily overriding HOME='/Users/runner/work/_temp/9758d9d6-3082-4911-bd12-194e852a3b7c' before making global git config changes
2026-01-04T14:39:20.2772690Z Adding repository directory to the temporary git global config as a safe directory
2026-01-04T14:39:20.2775340Z [command]/opt/homebrew/bin/git config --global --add safe.directory /Users/runner/work/screen_inu/screen_inu
2026-01-04T14:39:20.2883740Z [command]/opt/homebrew/bin/git config --local --name-only --get-regexp core\.sshCommand
2026-01-04T14:39:20.2949900Z [command]/opt/homebrew/bin/git submodule foreach --recursive sh -c "git config --local --name-only --get-regexp 'core\.sshCommand' && git config --local --unset-all 'core.sshCommand' || :"
2026-01-04T14:39:20.4082710Z [command]/opt/homebrew/bin/git config --local --name-only --get-regexp http\.https\:\/\/github\.com\/\.extraheader
2026-01-04T14:39:20.4137890Z http.https://github.com/.extraheader
2026-01-04T14:39:20.4146590Z [command]/opt/homebrew/bin/git config --local --unset-all http.https://github.com/.extraheader
2026-01-04T14:39:20.4213700Z [command]/opt/homebrew/bin/git submodule foreach --recursive sh -c "git config --local --name-only --get-regexp 'http\.https\:\/\/github\.com\/\.extraheader' && git config --local --unset-all 'http.https://github.com/.extraheader' || :"
2026-01-04T14:39:20.5735840Z [command]/opt/homebrew/bin/git config --local --name-only --get-regexp ^includeIf\.gitdir:
2026-01-04T14:39:20.5865440Z [command]/opt/homebrew/bin/git submodule foreach --recursive git config --local --show-origin --name-only --get-regexp remote.origin.url
2026-01-04T14:39:20.7310910Z Cleaning up orphan processes
