check (macos-latest)	Set up job	ï»¿2026-01-03T15:07:15.1746900Z Current runner version: '2.330.0'
check (macos-latest)	Set up job	2026-01-03T15:07:15.1768350Z ##[group]Runner Image Provisioner
check (macos-latest)	Set up job	2026-01-03T15:07:15.1768910Z Hosted Compute Agent
check (macos-latest)	Set up job	2026-01-03T15:07:15.1769240Z Version: 20251211.462
check (macos-latest)	Set up job	2026-01-03T15:07:15.1769600Z Commit: 6cbad8c2bb55d58165063d031ccabf57e2d2db61
check (macos-latest)	Set up job	2026-01-03T15:07:15.1770030Z Build Date: 2025-12-11T16:28:49Z
check (macos-latest)	Set up job	2026-01-03T15:07:15.1770430Z Worker ID: {e3507fef-a191-41f1-a517-d1b518461128}
check (macos-latest)	Set up job	2026-01-03T15:07:15.1770840Z ##[endgroup]
check (macos-latest)	Set up job	2026-01-03T15:07:15.1771160Z ##[group]Operating System
check (macos-latest)	Set up job	2026-01-03T15:07:15.1771810Z macOS
check (macos-latest)	Set up job	2026-01-03T15:07:15.1772120Z 15.7.2
check (macos-latest)	Set up job	2026-01-03T15:07:15.1772400Z 24G325
check (macos-latest)	Set up job	2026-01-03T15:07:15.1772670Z ##[endgroup]
check (macos-latest)	Set up job	2026-01-03T15:07:15.1772980Z ##[group]Runner Image
check (macos-latest)	Set up job	2026-01-03T15:07:15.1773310Z Image: macos-15-arm64
check (macos-latest)	Set up job	2026-01-03T15:07:15.1773630Z Version: 20251215.0075.1
check (macos-latest)	Set up job	2026-01-03T15:07:15.1774320Z Included Software: https://github.com/actions/runner-images/blob/macos-15-arm64/20251215.0075/images/macos/macos-15-arm64-Readme.md
check (macos-latest)	Set up job	2026-01-03T15:07:15.1775260Z Image Release: https://github.com/actions/runner-images/releases/tag/macos-15-arm64%2F20251215.0075
check (macos-latest)	Set up job	2026-01-03T15:07:15.1775970Z ##[endgroup]
check (macos-latest)	Set up job	2026-01-03T15:07:15.1776670Z ##[group]GITHUB_TOKEN Permissions
check (macos-latest)	Set up job	2026-01-03T15:07:15.1777760Z Contents: read
check (macos-latest)	Set up job	2026-01-03T15:07:15.1778070Z Metadata: read
check (macos-latest)	Set up job	2026-01-03T15:07:15.1778360Z Packages: read
check (macos-latest)	Set up job	2026-01-03T15:07:15.1778650Z ##[endgroup]
check (macos-latest)	Set up job	2026-01-03T15:07:15.1781120Z Secret source: Actions
check (macos-latest)	Set up job	2026-01-03T15:07:15.1781540Z Prepare workflow directory
check (macos-latest)	Set up job	2026-01-03T15:07:15.2072250Z Prepare all required actions
check (macos-latest)	Set up job	2026-01-03T15:07:15.2106760Z Getting action download info
check (macos-latest)	Set up job	2026-01-03T15:07:15.7508890Z Download action repository 'actions/checkout@v4' (SHA:34e114876b0b11c390a56381ad16ebd13914f8d5)
check (macos-latest)	Set up job	2026-01-03T15:07:16.1407160Z Download action repository 'actions/setup-node@v4' (SHA:49933ea5288caeca8642d1e84afbd3f7d6820020)
check (macos-latest)	Set up job	2026-01-03T15:07:16.2632600Z Download action repository 'dtolnay/rust-toolchain@stable' (SHA:4be9e76fd7c4901c61fb841f559994984270fce7)
check (macos-latest)	Set up job	2026-01-03T15:07:16.7781010Z Download action repository 'Swatinem/rust-cache@v2' (SHA:779680da715d629ac1d338a641029a2f4372abb5)
check (macos-latest)	Set up job	2026-01-03T15:07:17.5708260Z Complete job name: check (macos-latest)
check (macos-latest)	Checkout repository	ï»¿2026-01-03T15:07:17.6218800Z ##[group]Run actions/checkout@v4
check (macos-latest)	Checkout repository	2026-01-03T15:07:17.6219740Z with:
check (macos-latest)	Checkout repository	2026-01-03T15:07:17.6220410Z   repository: ImL1s/screen_inu
check (macos-latest)	Checkout repository	2026-01-03T15:07:17.6221470Z   token: ***
check (macos-latest)	Checkout repository	2026-01-03T15:07:17.6221980Z   ssh-strict: true
check (macos-latest)	Checkout repository	2026-01-03T15:07:17.6222710Z   ssh-user: git
check (macos-latest)	Checkout repository	2026-01-03T15:07:17.6223360Z   persist-credentials: true
check (macos-latest)	Checkout repository	2026-01-03T15:07:17.6223990Z   clean: true
check (macos-latest)	Checkout repository	2026-01-03T15:07:17.6224540Z   sparse-checkout-cone-mode: true
check (macos-latest)	Checkout repository	2026-01-03T15:07:17.6225290Z   fetch-depth: 1
check (macos-latest)	Checkout repository	2026-01-03T15:07:17.6225810Z   fetch-tags: false
check (macos-latest)	Checkout repository	2026-01-03T15:07:17.6226360Z   show-progress: true
check (macos-latest)	Checkout repository	2026-01-03T15:07:17.6226880Z   lfs: false
check (macos-latest)	Checkout repository	2026-01-03T15:07:17.6243400Z   submodules: false
check (macos-latest)	Checkout repository	2026-01-03T15:07:17.6244070Z   set-safe-directory: true
check (macos-latest)	Checkout repository	2026-01-03T15:07:17.6245320Z ##[endgroup]
check (macos-latest)	Checkout repository	2026-01-03T15:07:17.9152390Z Syncing repository: ImL1s/screen_inu
check (macos-latest)	Checkout repository	2026-01-03T15:07:17.9154410Z ##[group]Getting Git version info
check (macos-latest)	Checkout repository	2026-01-03T15:07:17.9155200Z Working directory is '/Users/runner/work/screen_inu/screen_inu'
check (macos-latest)	Checkout repository	2026-01-03T15:07:17.9156320Z [command]/opt/homebrew/bin/git version
check (macos-latest)	Checkout repository	2026-01-03T15:07:17.9666070Z git version 2.50.1
check (macos-latest)	Checkout repository	2026-01-03T15:07:17.9696730Z ##[endgroup]
check (macos-latest)	Checkout repository	2026-01-03T15:07:17.9703010Z Copying '/Users/runner/.gitconfig' to '/Users/runner/work/_temp/88caf131-89b3-499c-9377-1232e77bfded/.gitconfig'
check (macos-latest)	Checkout repository	2026-01-03T15:07:17.9714220Z Temporarily overriding HOME='/Users/runner/work/_temp/88caf131-89b3-499c-9377-1232e77bfded' before making global git config changes
check (macos-latest)	Checkout repository	2026-01-03T15:07:17.9715850Z Adding repository directory to the temporary git global config as a safe directory
check (macos-latest)	Checkout repository	2026-01-03T15:07:17.9717670Z [command]/opt/homebrew/bin/git config --global --add safe.directory /Users/runner/work/screen_inu/screen_inu
check (macos-latest)	Checkout repository	2026-01-03T15:07:17.9810160Z Deleting the contents of '/Users/runner/work/screen_inu/screen_inu'
check (macos-latest)	Checkout repository	2026-01-03T15:07:17.9813460Z ##[group]Initializing the repository
check (macos-latest)	Checkout repository	2026-01-03T15:07:17.9817140Z [command]/opt/homebrew/bin/git init /Users/runner/work/screen_inu/screen_inu
check (macos-latest)	Checkout repository	2026-01-03T15:07:17.9998370Z hint: Using 'master' as the name for the initial branch. This default branch name
check (macos-latest)	Checkout repository	2026-01-03T15:07:18.0000980Z hint: is subject to change. To configure the initial branch name to use in all
check (macos-latest)	Checkout repository	2026-01-03T15:07:18.0002550Z hint: of your new repositories, which will suppress this warning, call:
check (macos-latest)	Checkout repository	2026-01-03T15:07:18.0003790Z hint:
check (macos-latest)	Checkout repository	2026-01-03T15:07:18.0005120Z hint: 	git config --global init.defaultBranch <name>
check (macos-latest)	Checkout repository	2026-01-03T15:07:18.0005840Z hint:
check (macos-latest)	Checkout repository	2026-01-03T15:07:18.0006480Z hint: Names commonly chosen instead of 'master' are 'main', 'trunk' and
check (macos-latest)	Checkout repository	2026-01-03T15:07:18.0007520Z hint: 'development'. The just-created branch can be renamed via this command:
check (macos-latest)	Checkout repository	2026-01-03T15:07:18.0008340Z hint:
check (macos-latest)	Checkout repository	2026-01-03T15:07:18.0008780Z hint: 	git branch -m <name>
check (macos-latest)	Checkout repository	2026-01-03T15:07:18.0009310Z hint:
check (macos-latest)	Checkout repository	2026-01-03T15:07:18.0009990Z hint: Disable this message with "git config set advice.defaultBranchName false"
check (macos-latest)	Checkout repository	2026-01-03T15:07:18.0011140Z Initialized empty Git repository in /Users/runner/work/screen_inu/screen_inu/.git/
check (macos-latest)	Checkout repository	2026-01-03T15:07:18.0013210Z [command]/opt/homebrew/bin/git remote add origin https://github.com/ImL1s/screen_inu
check (macos-latest)	Checkout repository	2026-01-03T15:07:18.0068870Z ##[endgroup]
check (macos-latest)	Checkout repository	2026-01-03T15:07:18.0069860Z ##[group]Disabling automatic garbage collection
check (macos-latest)	Checkout repository	2026-01-03T15:07:18.0070700Z [command]/opt/homebrew/bin/git config --local gc.auto 0
check (macos-latest)	Checkout repository	2026-01-03T15:07:18.0124290Z ##[endgroup]
check (macos-latest)	Checkout repository	2026-01-03T15:07:18.0125150Z ##[group]Setting up auth
check (macos-latest)	Checkout repository	2026-01-03T15:07:18.0128600Z [command]/opt/homebrew/bin/git config --local --name-only --get-regexp core\.sshCommand
check (macos-latest)	Checkout repository	2026-01-03T15:07:18.0180710Z [command]/opt/homebrew/bin/git submodule foreach --recursive sh -c "git config --local --name-only --get-regexp 'core\.sshCommand' && git config --local --unset-all 'core.sshCommand' || :"
check (macos-latest)	Checkout repository	2026-01-03T15:07:18.1041170Z [command]/opt/homebrew/bin/git config --local --name-only --get-regexp http\.https\:\/\/github\.com\/\.extraheader
check (macos-latest)	Checkout repository	2026-01-03T15:07:18.1093890Z [command]/opt/homebrew/bin/git submodule foreach --recursive sh -c "git config --local --name-only --get-regexp 'http\.https\:\/\/github\.com\/\.extraheader' && git config --local --unset-all 'http.https://github.com/.extraheader' || :"
check (macos-latest)	Checkout repository	2026-01-03T15:07:18.1736970Z [command]/opt/homebrew/bin/git config --local --name-only --get-regexp ^includeIf\.gitdir:
check (macos-latest)	Checkout repository	2026-01-03T15:07:18.1791460Z [command]/opt/homebrew/bin/git submodule foreach --recursive git config --local --show-origin --name-only --get-regexp remote.origin.url
check (macos-latest)	Checkout repository	2026-01-03T15:07:18.2463740Z [command]/opt/homebrew/bin/git config --local http.https://github.com/.extraheader AUTHORIZATION: basic ***
check (macos-latest)	Checkout repository	2026-01-03T15:07:18.2526030Z ##[endgroup]
check (macos-latest)	Checkout repository	2026-01-03T15:07:18.2526970Z ##[group]Fetching the repository
check (macos-latest)	Checkout repository	2026-01-03T15:07:18.2531740Z [command]/opt/homebrew/bin/git -c protocol.version=2 fetch --no-tags --prune --no-recurse-submodules --depth=1 origin +1786bd557d65a0e45563e1fd8e23a1bc7386a142:refs/remotes/origin/develop
check (macos-latest)	Checkout repository	2026-01-03T15:07:22.0558200Z From https://github.com/ImL1s/screen_inu
check (macos-latest)	Checkout repository	2026-01-03T15:07:22.0559610Z  * [new ref]         1786bd557d65a0e45563e1fd8e23a1bc7386a142 -> origin/develop
check (macos-latest)	Checkout repository	2026-01-03T15:07:22.0622910Z ##[endgroup]
check (macos-latest)	Checkout repository	2026-01-03T15:07:22.0623480Z ##[group]Determining the checkout info
check (macos-latest)	Checkout repository	2026-01-03T15:07:22.0624060Z ##[endgroup]
check (macos-latest)	Checkout repository	2026-01-03T15:07:22.0627500Z [command]/opt/homebrew/bin/git sparse-checkout disable
check (macos-latest)	Checkout repository	2026-01-03T15:07:22.0691900Z [command]/opt/homebrew/bin/git config --local --unset-all extensions.worktreeConfig
check (macos-latest)	Checkout repository	2026-01-03T15:07:22.0744100Z ##[group]Checking out the ref
check (macos-latest)	Checkout repository	2026-01-03T15:07:22.0746730Z [command]/opt/homebrew/bin/git checkout --progress --force -B develop refs/remotes/origin/develop
check (macos-latest)	Checkout repository	2026-01-03T15:07:22.9749710Z Switched to a new branch 'develop'
check (macos-latest)	Checkout repository	2026-01-03T15:07:22.9859310Z branch 'develop' set up to track 'origin/develop'.
check (macos-latest)	Checkout repository	2026-01-03T15:07:23.0199860Z ##[endgroup]
check (macos-latest)	Checkout repository	2026-01-03T15:07:23.0470680Z [command]/opt/homebrew/bin/git log -1 --format=%H
check (macos-latest)	Checkout repository	2026-01-03T15:07:23.0571990Z 1786bd557d65a0e45563e1fd8e23a1bc7386a142
check (macos-latest)	Node.js setup	ï»¿2026-01-03T15:07:23.1194210Z ##[group]Run actions/setup-node@v4
check (macos-latest)	Node.js setup	2026-01-03T15:07:23.1194490Z with:
check (macos-latest)	Node.js setup	2026-01-03T15:07:23.1194660Z   node-version: 20
check (macos-latest)	Node.js setup	2026-01-03T15:07:23.1194860Z   cache: npm
check (macos-latest)	Node.js setup	2026-01-03T15:07:23.1195030Z   cache-dependency-path: app/package-lock.json
check (macos-latest)	Node.js setup	2026-01-03T15:07:23.1195270Z   always-auth: false
check (macos-latest)	Node.js setup	2026-01-03T15:07:23.1195470Z   check-latest: false
check (macos-latest)	Node.js setup	2026-01-03T15:07:23.1195750Z   token: ***
check (macos-latest)	Node.js setup	2026-01-03T15:07:23.1195880Z ##[endgroup]
check (macos-latest)	Node.js setup	2026-01-03T15:07:23.3128150Z Found in cache @ /Users/runner/hostedtoolcache/node/20.19.6/arm64
check (macos-latest)	Node.js setup	2026-01-03T15:07:23.3128660Z ##[group]Environment details
check (macos-latest)	Node.js setup	2026-01-03T15:07:23.7636880Z node: v20.19.6
check (macos-latest)	Node.js setup	2026-01-03T15:07:23.7737820Z npm: 10.8.2
check (macos-latest)	Node.js setup	2026-01-03T15:07:23.7838840Z yarn: 1.22.22
check (macos-latest)	Node.js setup	2026-01-03T15:07:23.7940600Z ##[endgroup]
check (macos-latest)	Node.js setup	2026-01-03T15:07:23.8127080Z [command]/Users/runner/hostedtoolcache/node/20.19.6/arm64/bin/npm config get cache
check (macos-latest)	Node.js setup	2026-01-03T15:07:23.9241820Z /Users/runner/.npm
check (macos-latest)	Node.js setup	2026-01-03T15:07:24.3308640Z Cache hit for: node-cache-macOS-arm64-npm-7b1721a1823a7f3272e1220a1a535b63b54925b27cccb8e7506b99a484060337
check (macos-latest)	Node.js setup	2026-01-03T15:07:25.6292720Z Received 0 of 32933823 (0.0%), 0.0 MBs/sec
check (macos-latest)	Node.js setup	2026-01-03T15:07:25.9576970Z Received 32933823 of 32933823 (100.0%), 23.6 MBs/sec
check (macos-latest)	Node.js setup	2026-01-03T15:07:25.9627940Z Cache Size: ~31 MB (32933823 B)
check (macos-latest)	Node.js setup	2026-01-03T15:07:25.9630500Z [command]/opt/homebrew/bin/gtar -xf /Users/runner/work/_temp/3f4463df-df40-42d6-81c7-4e6d6a1edb58/cache.tzst -P -C /Users/runner/work/screen_inu/screen_inu --delay-directory-restore --use-compress-program unzstd
check (macos-latest)	Node.js setup	2026-01-03T15:07:26.0924370Z Cache restored successfully
check (macos-latest)	Node.js setup	2026-01-03T15:07:26.0944640Z Cache restored from key: node-cache-macOS-arm64-npm-7b1721a1823a7f3272e1220a1a535b63b54925b27cccb8e7506b99a484060337
check (macos-latest)	Install Rust	ï»¿2026-01-03T15:07:26.1110040Z ##[group]Run dtolnay/rust-toolchain@stable
check (macos-latest)	Install Rust	2026-01-03T15:07:26.1110310Z with:
check (macos-latest)	Install Rust	2026-01-03T15:07:26.1110460Z   toolchain: stable
check (macos-latest)	Install Rust	2026-01-03T15:07:26.1110600Z ##[endgroup]
check (macos-latest)	Install Rust	2026-01-03T15:07:26.1211480Z ##[group]Run : parse toolchain version
check (macos-latest)	Install Rust	2026-01-03T15:07:26.1211810Z [36;1m: parse toolchain version[0m
check (macos-latest)	Install Rust	2026-01-03T15:07:26.1212030Z [36;1mif [[ -z $toolchain ]]; then[0m
check (macos-latest)	Install Rust	2026-01-03T15:07:26.1212420Z [36;1m  # GitHub does not enforce `required: true` inputs itself. https://github.com/actions/runner/issues/1070[0m
check (macos-latest)	Install Rust	2026-01-03T15:07:26.1212820Z [36;1m  echo "'toolchain' is a required input" >&2[0m
check (macos-latest)	Install Rust	2026-01-03T15:07:26.1213030Z [36;1m  exit 1[0m
check (macos-latest)	Install Rust	2026-01-03T15:07:26.1213270Z [36;1melif [[ $toolchain =~ ^stable' '[0-9]+' '(year|month|week|day)s?' 'ago$ ]]; then[0m
check (macos-latest)	Install Rust	2026-01-03T15:07:26.1213550Z [36;1m  if [[ macOS == macOS ]]; then[0m
check (macos-latest)	Install Rust	2026-01-03T15:07:26.1213920Z [36;1m    echo "toolchain=1.$((($(date -v-$(sed 's/stable \([0-9]*\) \(.\).*/\1\2/' <<< $toolchain) +%s)/60/60/24-16569)/7/6))" >> $GITHUB_OUTPUT[0m
check (macos-latest)	Install Rust	2026-01-03T15:07:26.1214320Z [36;1m  else[0m
check (macos-latest)	Install Rust	2026-01-03T15:07:26.1214600Z [36;1m    echo "toolchain=1.$((($(date --date "${toolchain#stable }" +%s)/60/60/24-16569)/7/6))" >> $GITHUB_OUTPUT[0m
check (macos-latest)	Install Rust	2026-01-03T15:07:26.1215540Z [36;1m  fi[0m
check (macos-latest)	Install Rust	2026-01-03T15:07:26.1215820Z [36;1melif [[ $toolchain =~ ^stable' 'minus' '[0-9]+' 'releases?$ ]]; then[0m
check (macos-latest)	Install Rust	2026-01-03T15:07:26.1216220Z [36;1m  echo "toolchain=1.$((($(date +%s)/60/60/24-16569)/7/6-${toolchain//[^0-9]/}))" >> $GITHUB_OUTPUT[0m
check (macos-latest)	Install Rust	2026-01-03T15:07:26.1216570Z [36;1melif [[ $toolchain =~ ^1\.[0-9]+$ ]]; then[0m
check (macos-latest)	Install Rust	2026-01-03T15:07:26.1216940Z [36;1m  echo "toolchain=1.$((i=${toolchain#1.}, c=($(date +%s)/60/60/24-16569)/7/6, i+9*i*(10*i<=c)+90*i*(100*i<=c)))" >> $GITHUB_OUTPUT[0m
check (macos-latest)	Install Rust	2026-01-03T15:07:26.1217270Z [36;1melse[0m
check (macos-latest)	Install Rust	2026-01-03T15:07:26.1217430Z [36;1m  echo "toolchain=$toolchain" >> $GITHUB_OUTPUT[0m
check (macos-latest)	Install Rust	2026-01-03T15:07:26.1217690Z [36;1mfi[0m
check (macos-latest)	Install Rust	2026-01-03T15:07:26.1271880Z shell: /bin/bash --noprofile --norc -e -o pipefail {0}
check (macos-latest)	Install Rust	2026-01-03T15:07:26.1272260Z env:
check (macos-latest)	Install Rust	2026-01-03T15:07:26.1272540Z   toolchain: stable
check (macos-latest)	Install Rust	2026-01-03T15:07:26.1272800Z ##[endgroup]
check (macos-latest)	Install Rust	2026-01-03T15:07:26.1637200Z ##[group]Run : construct rustup command line
check (macos-latest)	Install Rust	2026-01-03T15:07:26.1637490Z [36;1m: construct rustup command line[0m
check (macos-latest)	Install Rust	2026-01-03T15:07:26.1637810Z [36;1mecho "targets=$(for t in ${targets//,/ }; do echo -n ' --target' $t; done)" >> $GITHUB_OUTPUT[0m
check (macos-latest)	Install Rust	2026-01-03T15:07:26.1639710Z [36;1mecho "components=$(for c in ${components//,/ }; do echo -n ' --component' $c; done)" >> $GITHUB_OUTPUT[0m
check (macos-latest)	Install Rust	2026-01-03T15:07:26.1640280Z [36;1mecho "downgrade=" >> $GITHUB_OUTPUT[0m
check (macos-latest)	Install Rust	2026-01-03T15:07:26.1696880Z shell: /bin/bash --noprofile --norc -e -o pipefail {0}
check (macos-latest)	Install Rust	2026-01-03T15:07:26.1697160Z env:
check (macos-latest)	Install Rust	2026-01-03T15:07:26.1697300Z   targets: 
check (macos-latest)	Install Rust	2026-01-03T15:07:26.1697430Z   components: 
check (macos-latest)	Install Rust	2026-01-03T15:07:26.1697580Z ##[endgroup]
check (macos-latest)	Install Rust	2026-01-03T15:07:26.2020170Z ##[group]Run : set $CARGO_HOME
check (macos-latest)	Install Rust	2026-01-03T15:07:26.2020520Z [36;1m: set $CARGO_HOME[0m
check (macos-latest)	Install Rust	2026-01-03T15:07:26.2020760Z [36;1mecho CARGO_HOME=${CARGO_HOME:-"$HOME/.cargo"} >> $GITHUB_ENV[0m
check (macos-latest)	Install Rust	2026-01-03T15:07:26.2067190Z shell: /bin/bash --noprofile --norc -e -o pipefail {0}
check (macos-latest)	Install Rust	2026-01-03T15:07:26.2067480Z ##[endgroup]
check (macos-latest)	Install Rust	2026-01-03T15:07:26.2354030Z ##[group]Run : install rustup if needed
check (macos-latest)	Install Rust	2026-01-03T15:07:26.2354500Z [36;1m: install rustup if needed[0m
check (macos-latest)	Install Rust	2026-01-03T15:07:26.2354850Z [36;1mif ! command -v rustup &>/dev/null; then[0m
check (macos-latest)	Install Rust	2026-01-03T15:07:26.2355410Z [36;1m  curl --proto '=https' --tlsv1.2 --retry 10 --retry-connrefused --location --silent --show-error --fail https://sh.rustup.rs | sh -s -- --default-toolchain none -y[0m
check (macos-latest)	Install Rust	2026-01-03T15:07:26.2355910Z [36;1m  echo "$CARGO_HOME/bin" >> $GITHUB_PATH[0m
check (macos-latest)	Install Rust	2026-01-03T15:07:26.2356120Z [36;1mfi[0m
check (macos-latest)	Install Rust	2026-01-03T15:07:26.2395370Z shell: /bin/bash --noprofile --norc -e -o pipefail {0}
check (macos-latest)	Install Rust	2026-01-03T15:07:26.2395650Z env:
check (macos-latest)	Install Rust	2026-01-03T15:07:26.2395810Z   CARGO_HOME: /Users/runner/.cargo
check (macos-latest)	Install Rust	2026-01-03T15:07:26.2396910Z ##[endgroup]
check (macos-latest)	Install Rust	2026-01-03T15:07:26.2752080Z ##[group]Run rustup toolchain install stable --profile minimal --no-self-update
check (macos-latest)	Install Rust	2026-01-03T15:07:26.2753210Z [36;1mrustup toolchain install stable --profile minimal --no-self-update[0m
check (macos-latest)	Install Rust	2026-01-03T15:07:26.2801390Z shell: /bin/bash --noprofile --norc -e -o pipefail {0}
check (macos-latest)	Install Rust	2026-01-03T15:07:26.2801660Z env:
check (macos-latest)	Install Rust	2026-01-03T15:07:26.2801820Z   CARGO_HOME: /Users/runner/.cargo
check (macos-latest)	Install Rust	2026-01-03T15:07:26.2802070Z   RUSTUP_PERMIT_COPY_RENAME: 1
check (macos-latest)	Install Rust	2026-01-03T15:07:26.2802250Z ##[endgroup]
check (macos-latest)	Install Rust	2026-01-03T15:07:26.6246550Z info: syncing channel updates for 'stable-aarch64-apple-darwin'
check (macos-latest)	Install Rust	2026-01-03T15:07:26.6696120Z 
check (macos-latest)	Install Rust	2026-01-03T15:07:26.6781570Z   stable-aarch64-apple-darwin unchanged - rustc 1.92.0 (ded5c06cf 2025-12-08)
check (macos-latest)	Install Rust	2026-01-03T15:07:26.6782260Z info: self-update is disabled for this build of rustup
check (macos-latest)	Install Rust	2026-01-03T15:07:26.6783540Z info: any updates to rustup will need to be fetched with your system package manager
check (macos-latest)	Install Rust	2026-01-03T15:07:26.6784060Z 
check (macos-latest)	Install Rust	2026-01-03T15:07:26.6876350Z ##[group]Run rustup default stable
check (macos-latest)	Install Rust	2026-01-03T15:07:26.6877430Z [36;1mrustup default stable[0m
check (macos-latest)	Install Rust	2026-01-03T15:07:26.6916320Z shell: /bin/bash --noprofile --norc -e -o pipefail {0}
check (macos-latest)	Install Rust	2026-01-03T15:07:26.6917200Z env:
check (macos-latest)	Install Rust	2026-01-03T15:07:26.6917780Z   CARGO_HOME: /Users/runner/.cargo
check (macos-latest)	Install Rust	2026-01-03T15:07:26.6918000Z ##[endgroup]
check (macos-latest)	Install Rust	2026-01-03T15:07:26.7270050Z info: using existing install for 'stable-aarch64-apple-darwin'
check (macos-latest)	Install Rust	2026-01-03T15:07:26.7711060Z info: default toolchain set to 'stable-aarch64-apple-darwin'
check (macos-latest)	Install Rust	2026-01-03T15:07:26.7711440Z 
check (macos-latest)	Install Rust	2026-01-03T15:07:26.7796140Z   stable-aarch64-apple-darwin unchanged - rustc 1.92.0 (ded5c06cf 2025-12-08)
check (macos-latest)	Install Rust	2026-01-03T15:07:26.7796480Z 
check (macos-latest)	Install Rust	2026-01-03T15:07:26.7824710Z ##[group]Run : create cachekey
check (macos-latest)	Install Rust	2026-01-03T15:07:26.7824940Z [36;1m: create cachekey[0m
check (macos-latest)	Install Rust	2026-01-03T15:07:26.7825280Z [36;1mDATE=$(rustc +stable --version --verbose | sed -ne 's/^commit-date: \(20[0-9][0-9]\)-\([01][0-9]\)-\([0-3][0-9]\)$/\1\2\3/p')[0m
check (macos-latest)	Install Rust	2026-01-03T15:07:26.7825750Z [36;1mHASH=$(rustc +stable --version --verbose | sed -ne 's/^commit-hash: //p')[0m
check (macos-latest)	Install Rust	2026-01-03T15:07:26.7826110Z [36;1mecho "cachekey=$(echo $DATE$HASH | head -c12)" >> $GITHUB_OUTPUT[0m
check (macos-latest)	Install Rust	2026-01-03T15:07:26.7856030Z shell: /bin/bash --noprofile --norc -e -o pipefail {0}
check (macos-latest)	Install Rust	2026-01-03T15:07:26.7856260Z env:
check (macos-latest)	Install Rust	2026-01-03T15:07:26.7856410Z   CARGO_HOME: /Users/runner/.cargo
check (macos-latest)	Install Rust	2026-01-03T15:07:26.7856580Z ##[endgroup]
check (macos-latest)	Install Rust	2026-01-03T15:07:26.8670920Z ##[group]Run : disable incremental compilation
check (macos-latest)	Install Rust	2026-01-03T15:07:26.8671510Z [36;1m: disable incremental compilation[0m
check (macos-latest)	Install Rust	2026-01-03T15:07:26.8671750Z [36;1mif [ -z "${CARGO_INCREMENTAL+set}" ]; then[0m
check (macos-latest)	Install Rust	2026-01-03T15:07:26.8671990Z [36;1m  echo CARGO_INCREMENTAL=0 >> $GITHUB_ENV[0m
check (macos-latest)	Install Rust	2026-01-03T15:07:26.8672200Z [36;1mfi[0m
check (macos-latest)	Install Rust	2026-01-03T15:07:26.8705280Z shell: /bin/bash --noprofile --norc -e -o pipefail {0}
check (macos-latest)	Install Rust	2026-01-03T15:07:26.8705530Z env:
check (macos-latest)	Install Rust	2026-01-03T15:07:26.8705670Z   CARGO_HOME: /Users/runner/.cargo
check (macos-latest)	Install Rust	2026-01-03T15:07:26.8705910Z ##[endgroup]
check (macos-latest)	Install Rust	2026-01-03T15:07:26.8949500Z ##[group]Run : enable colors in Cargo output
check (macos-latest)	Install Rust	2026-01-03T15:07:26.8949860Z [36;1m: enable colors in Cargo output[0m
check (macos-latest)	Install Rust	2026-01-03T15:07:26.8950090Z [36;1mif [ -z "${CARGO_TERM_COLOR+set}" ]; then[0m
check (macos-latest)	Install Rust	2026-01-03T15:07:26.8950390Z [36;1m  echo CARGO_TERM_COLOR=always >> $GITHUB_ENV[0m
check (macos-latest)	Install Rust	2026-01-03T15:07:26.8950620Z [36;1mfi[0m
check (macos-latest)	Install Rust	2026-01-03T15:07:26.8983620Z shell: /bin/bash --noprofile --norc -e -o pipefail {0}
check (macos-latest)	Install Rust	2026-01-03T15:07:26.8983870Z env:
check (macos-latest)	Install Rust	2026-01-03T15:07:26.8984020Z   CARGO_HOME: /Users/runner/.cargo
check (macos-latest)	Install Rust	2026-01-03T15:07:26.8984280Z   CARGO_INCREMENTAL: 0
check (macos-latest)	Install Rust	2026-01-03T15:07:26.8984440Z ##[endgroup]
check (macos-latest)	Install Rust	2026-01-03T15:07:26.9241920Z ##[group]Run : enable Cargo sparse registry
check (macos-latest)	Install Rust	2026-01-03T15:07:26.9242260Z [36;1m: enable Cargo sparse registry[0m
check (macos-latest)	Install Rust	2026-01-03T15:07:26.9242520Z [36;1m# implemented in 1.66, stabilized in 1.68, made default in 1.70[0m
check (macos-latest)	Install Rust	2026-01-03T15:07:26.9243010Z [36;1mif [ -z "${CARGO_REGISTRIES_CRATES_IO_PROTOCOL+set}" -o -f "/Users/runner/work/_temp"/.implicit_cargo_registries_crates_io_protocol ]; then[0m
check (macos-latest)	Install Rust	2026-01-03T15:07:26.9243550Z [36;1m  if rustc +stable --version --verbose | grep -q '^release: 1\.6[89]\.'; then[0m
check (macos-latest)	Install Rust	2026-01-03T15:07:26.9243980Z [36;1m    touch "/Users/runner/work/_temp"/.implicit_cargo_registries_crates_io_protocol || true[0m
check (macos-latest)	Install Rust	2026-01-03T15:07:26.9244680Z [36;1m    echo CARGO_REGISTRIES_CRATES_IO_PROTOCOL=sparse >> $GITHUB_ENV[0m
check (macos-latest)	Install Rust	2026-01-03T15:07:26.9245030Z [36;1m  elif rustc +stable --version --verbose | grep -q '^release: 1\.6[67]\.'; then[0m
check (macos-latest)	Install Rust	2026-01-03T15:07:26.9245460Z [36;1m    touch "/Users/runner/work/_temp"/.implicit_cargo_registries_crates_io_protocol || true[0m
check (macos-latest)	Install Rust	2026-01-03T15:07:26.9245830Z [36;1m    echo CARGO_REGISTRIES_CRATES_IO_PROTOCOL=git >> $GITHUB_ENV[0m
check (macos-latest)	Install Rust	2026-01-03T15:07:26.9246070Z [36;1m  fi[0m
check (macos-latest)	Install Rust	2026-01-03T15:07:26.9246210Z [36;1mfi[0m
check (macos-latest)	Install Rust	2026-01-03T15:07:26.9284030Z shell: /bin/bash --noprofile --norc -e -o pipefail {0}
check (macos-latest)	Install Rust	2026-01-03T15:07:26.9284320Z env:
check (macos-latest)	Install Rust	2026-01-03T15:07:26.9284480Z   CARGO_HOME: /Users/runner/.cargo
check (macos-latest)	Install Rust	2026-01-03T15:07:26.9284670Z   CARGO_INCREMENTAL: 0
check (macos-latest)	Install Rust	2026-01-03T15:07:26.9284830Z   CARGO_TERM_COLOR: always
check (macos-latest)	Install Rust	2026-01-03T15:07:26.9284980Z ##[endgroup]
check (macos-latest)	Install Rust	2026-01-03T15:07:26.9923830Z ##[group]Run : work around spurious network errors in curl 8.0
check (macos-latest)	Install Rust	2026-01-03T15:07:26.9924270Z [36;1m: work around spurious network errors in curl 8.0[0m
check (macos-latest)	Install Rust	2026-01-03T15:07:26.9924670Z [36;1m# https://rust-lang.zulipchat.com/#narrow/stream/246057-t-cargo/topic/timeout.20investigation[0m
check (macos-latest)	Install Rust	2026-01-03T15:07:26.9925110Z [36;1mif rustc +stable --version --verbose | grep -q '^release: 1\.7[01]\.'; then[0m
check (macos-latest)	Install Rust	2026-01-03T15:07:26.9925590Z [36;1m  echo CARGO_HTTP_MULTIPLEXING=false >> $GITHUB_ENV[0m
check (macos-latest)	Install Rust	2026-01-03T15:07:26.9925820Z [36;1mfi[0m
check (macos-latest)	Install Rust	2026-01-03T15:07:26.9964440Z shell: /bin/bash --noprofile --norc -e -o pipefail {0}
check (macos-latest)	Install Rust	2026-01-03T15:07:26.9964720Z env:
check (macos-latest)	Install Rust	2026-01-03T15:07:26.9964880Z   CARGO_HOME: /Users/runner/.cargo
check (macos-latest)	Install Rust	2026-01-03T15:07:26.9965090Z   CARGO_INCREMENTAL: 0
check (macos-latest)	Install Rust	2026-01-03T15:07:26.9965240Z   CARGO_TERM_COLOR: always
check (macos-latest)	Install Rust	2026-01-03T15:07:26.9965500Z ##[endgroup]
check (macos-latest)	Install Rust	2026-01-03T15:07:27.0396820Z ##[group]Run rustc +stable --version --verbose
check (macos-latest)	Install Rust	2026-01-03T15:07:27.0397180Z [36;1mrustc +stable --version --verbose[0m
check (macos-latest)	Install Rust	2026-01-03T15:07:27.0434180Z shell: /bin/bash --noprofile --norc -e -o pipefail {0}
check (macos-latest)	Install Rust	2026-01-03T15:07:27.0434480Z env:
check (macos-latest)	Install Rust	2026-01-03T15:07:27.0434640Z   CARGO_HOME: /Users/runner/.cargo
check (macos-latest)	Install Rust	2026-01-03T15:07:27.0434830Z   CARGO_INCREMENTAL: 0
check (macos-latest)	Install Rust	2026-01-03T15:07:27.0435020Z   CARGO_TERM_COLOR: always
check (macos-latest)	Install Rust	2026-01-03T15:07:27.0435210Z ##[endgroup]
check (macos-latest)	Install Rust	2026-01-03T15:07:27.0824420Z rustc 1.92.0 (ded5c06cf 2025-12-08)
check (macos-latest)	Install Rust	2026-01-03T15:07:27.0824900Z binary: rustc
check (macos-latest)	Install Rust	2026-01-03T15:07:27.0825190Z commit-hash: ded5c06cf21d2b93bffd5d884aa6e96934ee4234
check (macos-latest)	Install Rust	2026-01-03T15:07:27.0825460Z commit-date: 2025-12-08
check (macos-latest)	Install Rust	2026-01-03T15:07:27.0825670Z host: aarch64-apple-darwin
check (macos-latest)	Install Rust	2026-01-03T15:07:27.0825850Z release: 1.92.0
check (macos-latest)	Install Rust	2026-01-03T15:07:27.0831330Z LLVM version: 21.1.3
check (macos-latest)	Rust cache	ï»¿2026-01-03T15:07:27.0923620Z ##[group]Run Swatinem/rust-cache@v2
check (macos-latest)	Rust cache	2026-01-03T15:07:27.0923840Z with:
check (macos-latest)	Rust cache	2026-01-03T15:07:27.0924000Z   workspaces: ./app/src-tauri -> target
check (macos-latest)	Rust cache	2026-01-03T15:07:27.0924190Z   prefix-key: v0-rust
check (macos-latest)	Rust cache	2026-01-03T15:07:27.0924350Z   add-job-id-key: true
check (macos-latest)	Rust cache	2026-01-03T15:07:27.0924510Z   add-rust-environment-hash-key: true
check (macos-latest)	Rust cache	2026-01-03T15:07:27.0924710Z   cache-targets: true
check (macos-latest)	Rust cache	2026-01-03T15:07:27.0924850Z   cache-all-crates: false
check (macos-latest)	Rust cache	2026-01-03T15:07:27.0925010Z   cache-workspace-crates: false
check (macos-latest)	Rust cache	2026-01-03T15:07:27.0925180Z   save-if: true
check (macos-latest)	Rust cache	2026-01-03T15:07:27.0925310Z   cache-provider: github
check (macos-latest)	Rust cache	2026-01-03T15:07:27.0925540Z   cache-bin: true
check (macos-latest)	Rust cache	2026-01-03T15:07:27.0925690Z   lookup-only: false
check (macos-latest)	Rust cache	2026-01-03T15:07:27.0925820Z env:
check (macos-latest)	Rust cache	2026-01-03T15:07:27.0925940Z   CARGO_HOME: /Users/runner/.cargo
check (macos-latest)	Rust cache	2026-01-03T15:07:27.0926120Z   CARGO_INCREMENTAL: 0
check (macos-latest)	Rust cache	2026-01-03T15:07:27.0926280Z   CARGO_TERM_COLOR: always
check (macos-latest)	Rust cache	2026-01-03T15:07:27.0926420Z ##[endgroup]
check (macos-latest)	Rust cache	2026-01-03T15:07:27.4888270Z ##[group]Cache Configuration
check (macos-latest)	Rust cache	2026-01-03T15:07:27.4901440Z Cache Provider:
check (macos-latest)	Rust cache	2026-01-03T15:07:27.4922280Z     github
check (macos-latest)	Rust cache	2026-01-03T15:07:27.4934480Z Workspaces:
check (macos-latest)	Rust cache	2026-01-03T15:07:27.4934930Z     /Users/runner/work/screen_inu/screen_inu/app/src-tauri
check (macos-latest)	Rust cache	2026-01-03T15:07:27.4935350Z Cache Paths:
check (macos-latest)	Rust cache	2026-01-03T15:07:27.4935660Z     /Users/runner/.cargo/bin
check (macos-latest)	Rust cache	2026-01-03T15:07:27.4936120Z     /Users/runner/.cargo/.crates.toml
check (macos-latest)	Rust cache	2026-01-03T15:07:27.4937580Z     /Users/runner/.cargo/.crates2.json
check (macos-latest)	Rust cache	2026-01-03T15:07:27.4938150Z     /Users/runner/.cargo/registry
check (macos-latest)	Rust cache	2026-01-03T15:07:27.4938460Z     /Users/runner/.cargo/git
check (macos-latest)	Rust cache	2026-01-03T15:07:27.4938830Z     /Users/runner/work/screen_inu/screen_inu/app/src-tauri/target
check (macos-latest)	Rust cache	2026-01-03T15:07:27.4939190Z Restore Key:
check (macos-latest)	Rust cache	2026-01-03T15:07:27.4939520Z     v0-rust-check-Darwin-arm64-e910a226
check (macos-latest)	Rust cache	2026-01-03T15:07:27.4939900Z Cache Key:
check (macos-latest)	Rust cache	2026-01-03T15:07:27.4940160Z     v0-rust-check-Darwin-arm64-e910a226-149508fa
check (macos-latest)	Rust cache	2026-01-03T15:07:27.4940470Z .. Prefix:
check (macos-latest)	Rust cache	2026-01-03T15:07:27.4940700Z   - v0-rust-check-Darwin-arm64
check (macos-latest)	Rust cache	2026-01-03T15:07:27.4941040Z .. Environment considered:
check (macos-latest)	Rust cache	2026-01-03T15:07:27.4941560Z   - Rust Version: 1.92.0 aarch64-apple-darwin (ded5c06cf21d2b93bffd5d884aa6e96934ee4234)
check (macos-latest)	Rust cache	2026-01-03T15:07:27.4942020Z   - CARGO_HOME
check (macos-latest)	Rust cache	2026-01-03T15:07:27.4942230Z   - CARGO_INCREMENTAL
check (macos-latest)	Rust cache	2026-01-03T15:07:27.4942440Z   - CARGO_TERM_COLOR
check (macos-latest)	Rust cache	2026-01-03T15:07:27.4942730Z .. Lockfiles considered:
check (macos-latest)	Rust cache	2026-01-03T15:07:27.4943170Z   - /Users/runner/work/screen_inu/screen_inu/app/src-tauri/Cargo.lock
check (macos-latest)	Rust cache	2026-01-03T15:07:27.4943720Z   - /Users/runner/work/screen_inu/screen_inu/app/src-tauri/Cargo.toml
check (macos-latest)	Rust cache	2026-01-03T15:07:27.4944370Z ##[endgroup]
check (macos-latest)	Rust cache	2026-01-03T15:07:27.4944580Z 
check (macos-latest)	Rust cache	2026-01-03T15:07:27.4944710Z ... Restoring cache ...
check (macos-latest)	Rust cache	2026-01-03T15:07:27.7205120Z Cache hit for: v0-rust-check-Darwin-arm64-e910a226-149508fa
check (macos-latest)	Rust cache	2026-01-03T15:07:29.0395400Z Received 0 of 579316241 (0.0%), 0.0 MBs/sec
check (macos-latest)	Rust cache	2026-01-03T15:07:30.0501380Z Received 75497472 of 579316241 (13.0%), 35.8 MBs/sec
check (macos-latest)	Rust cache	2026-01-03T15:07:31.0615220Z Received 130023424 of 579316241 (22.4%), 41.1 MBs/sec
check (macos-latest)	Rust cache	2026-01-03T15:07:32.0549840Z Received 159383552 of 579316241 (27.5%), 37.8 MBs/sec
check (macos-latest)	Rust cache	2026-01-03T15:07:33.0576220Z Received 247463936 of 579316241 (42.7%), 47.0 MBs/sec
check (macos-latest)	Rust cache	2026-01-03T15:07:34.0589940Z Received 301989888 of 579316241 (52.1%), 47.8 MBs/sec
check (macos-latest)	Rust cache	2026-01-03T15:07:35.0649980Z Received 390070272 of 579316241 (67.3%), 52.9 MBs/sec
check (macos-latest)	Rust cache	2026-01-03T15:07:36.0649040Z Received 436207616 of 579316241 (75.3%), 51.8 MBs/sec
check (macos-latest)	Rust cache	2026-01-03T15:07:37.0660230Z Received 520093696 of 579316241 (89.8%), 54.9 MBs/sec
check (macos-latest)	Rust cache	2026-01-03T15:07:38.0658140Z Received 575121937 of 579316241 (99.3%), 54.7 MBs/sec
check (macos-latest)	Rust cache	2026-01-03T15:07:38.1474370Z Received 579316241 of 579316241 (100.0%), 54.6 MBs/sec
check (macos-latest)	Rust cache	2026-01-03T15:07:38.1751870Z Cache Size: ~552 MB (579316241 B)
check (macos-latest)	Rust cache	2026-01-03T15:07:38.1753160Z [command]/opt/homebrew/bin/gtar -xf /Users/runner/work/_temp/1791443f-6780-459d-83d6-6a7b74375093/cache.tzst -P -C /Users/runner/work/screen_inu/screen_inu --delay-directory-restore --use-compress-program unzstd
check (macos-latest)	Rust cache	2026-01-03T15:07:43.1047610Z Cache restored successfully
check (macos-latest)	Rust cache	2026-01-03T15:07:43.1190590Z Restored from cache key "v0-rust-check-Darwin-arm64-e910a226-149508fa" full match: true.
check (macos-latest)	Prepare dummy Tesseract sidecars	ï»¿2026-01-03T15:07:43.1363880Z ##[group]Run mkdir -p app/src-tauri/binaries
check (macos-latest)	Prepare dummy Tesseract sidecars	2026-01-03T15:07:43.1364450Z [36;1mmkdir -p app/src-tauri/binaries[0m
check (macos-latest)	Prepare dummy Tesseract sidecars	2026-01-03T15:07:43.1364830Z [36;1mif [ "macos-latest" = "macos-latest" ]; then[0m
check (macos-latest)	Prepare dummy Tesseract sidecars	2026-01-03T15:07:43.1365190Z [36;1m  touch app/src-tauri/binaries/tesseract-aarch64-apple-darwin[0m
check (macos-latest)	Prepare dummy Tesseract sidecars	2026-01-03T15:07:43.1365640Z [36;1m  touch app/src-tauri/binaries/tesseract-x86_64-apple-darwin[0m
check (macos-latest)	Prepare dummy Tesseract sidecars	2026-01-03T15:07:43.1367000Z [36;1m  chmod +x app/src-tauri/binaries/tesseract-aarch64-apple-darwin[0m
check (macos-latest)	Prepare dummy Tesseract sidecars	2026-01-03T15:07:43.1368900Z [36;1m  chmod +x app/src-tauri/binaries/tesseract-x86_64-apple-darwin[0m
check (macos-latest)	Prepare dummy Tesseract sidecars	2026-01-03T15:07:43.1369280Z [36;1melif [ "macos-latest" = "windows-latest" ]; then[0m
check (macos-latest)	Prepare dummy Tesseract sidecars	2026-01-03T15:07:43.1369710Z [36;1m  # Windows sidecars are often .exe, but externalBin config just says 'binaries/tesseract'[0m
check (macos-latest)	Prepare dummy Tesseract sidecars	2026-01-03T15:07:43.1370220Z [36;1m  # Looking at ocr.rs, it expects platform specific names.[0m
check (macos-latest)	Prepare dummy Tesseract sidecars	2026-01-03T15:07:43.1370650Z [36;1m  touch app/src-tauri/binaries/tesseract-x86_64-pc-windows-msvc.exe[0m
check (macos-latest)	Prepare dummy Tesseract sidecars	2026-01-03T15:07:43.1371170Z [36;1mfi[0m
check (macos-latest)	Prepare dummy Tesseract sidecars	2026-01-03T15:07:43.1432550Z shell: /bin/bash --noprofile --norc -e -o pipefail {0}
check (macos-latest)	Prepare dummy Tesseract sidecars	2026-01-03T15:07:43.1432900Z env:
check (macos-latest)	Prepare dummy Tesseract sidecars	2026-01-03T15:07:43.1433200Z   CARGO_HOME: /Users/runner/.cargo
check (macos-latest)	Prepare dummy Tesseract sidecars	2026-01-03T15:07:43.1433480Z   CARGO_INCREMENTAL: 0
check (macos-latest)	Prepare dummy Tesseract sidecars	2026-01-03T15:07:43.1433700Z   CARGO_TERM_COLOR: always
check (macos-latest)	Prepare dummy Tesseract sidecars	2026-01-03T15:07:43.1433990Z   CACHE_ON_FAILURE: false
check (macos-latest)	Prepare dummy Tesseract sidecars	2026-01-03T15:07:43.1434250Z ##[endgroup]
check (macos-latest)	Install frontend dependencies	ï»¿2026-01-03T15:07:43.2346670Z ##[group]Run npm install
check (macos-latest)	Install frontend dependencies	2026-01-03T15:07:43.2347280Z [36;1mnpm install[0m
check (macos-latest)	Install frontend dependencies	2026-01-03T15:07:43.2391110Z shell: /bin/bash -e {0}
check (macos-latest)	Install frontend dependencies	2026-01-03T15:07:43.2391420Z env:
check (macos-latest)	Install frontend dependencies	2026-01-03T15:07:43.2391690Z   CARGO_HOME: /Users/runner/.cargo
check (macos-latest)	Install frontend dependencies	2026-01-03T15:07:43.2391930Z   CARGO_INCREMENTAL: 0
check (macos-latest)	Install frontend dependencies	2026-01-03T15:07:43.2392160Z   CARGO_TERM_COLOR: always
check (macos-latest)	Install frontend dependencies	2026-01-03T15:07:43.2392390Z   CACHE_ON_FAILURE: false
check (macos-latest)	Install frontend dependencies	2026-01-03T15:07:43.2392680Z ##[endgroup]
check (macos-latest)	Install frontend dependencies	2026-01-03T15:07:46.1971990Z 
check (macos-latest)	Install frontend dependencies	2026-01-03T15:07:46.1973430Z added 106 packages, and audited 107 packages in 3s
check (macos-latest)	Install frontend dependencies	2026-01-03T15:07:46.1975600Z 
check (macos-latest)	Install frontend dependencies	2026-01-03T15:07:46.1976770Z 18 packages are looking for funding
check (macos-latest)	Install frontend dependencies	2026-01-03T15:07:46.1980240Z   run `npm fund` for details
check (macos-latest)	Install frontend dependencies	2026-01-03T15:07:46.1983610Z 
check (macos-latest)	Install frontend dependencies	2026-01-03T15:07:46.1983870Z found 0 vulnerabilities
check (macos-latest)	Build Check (Tauri)	ï»¿2026-01-03T15:07:46.2091690Z ##[group]Run npm run tauri build -- --no-bundle
check (macos-latest)	Build Check (Tauri)	2026-01-03T15:07:46.2092080Z [36;1mnpm run tauri build -- --no-bundle[0m
check (macos-latest)	Build Check (Tauri)	2026-01-03T15:07:46.2131290Z shell: /bin/bash -e {0}
check (macos-latest)	Build Check (Tauri)	2026-01-03T15:07:46.2131530Z env:
check (macos-latest)	Build Check (Tauri)	2026-01-03T15:07:46.2131740Z   CARGO_HOME: /Users/runner/.cargo
check (macos-latest)	Build Check (Tauri)	2026-01-03T15:07:46.2132050Z   CARGO_INCREMENTAL: 0
check (macos-latest)	Build Check (Tauri)	2026-01-03T15:07:46.2132380Z   CARGO_TERM_COLOR: always
check (macos-latest)	Build Check (Tauri)	2026-01-03T15:07:46.2132700Z   CACHE_ON_FAILURE: false
check (macos-latest)	Build Check (Tauri)	2026-01-03T15:07:46.2133570Z   GITHUB_TOKEN: ***
check (macos-latest)	Build Check (Tauri)	2026-01-03T15:07:46.2133880Z ##[endgroup]
check (macos-latest)	Build Check (Tauri)	2026-01-03T15:07:46.3806240Z 
check (macos-latest)	Build Check (Tauri)	2026-01-03T15:07:46.3886690Z > app@0.1.2 tauri
check (macos-latest)	Build Check (Tauri)	2026-01-03T15:07:46.3887830Z > tauri build --no-bundle
check (macos-latest)	Build Check (Tauri)	2026-01-03T15:07:46.3888960Z 
check (macos-latest)	Build Check (Tauri)	2026-01-03T15:07:46.5611520Z         Info Looking up installed tauri packages to check mismatched versions...
check (macos-latest)	Build Check (Tauri)	2026-01-03T15:07:46.9204780Z      Running beforeBuildCommand `npm run build`
check (macos-latest)	Build Check (Tauri)	2026-01-03T15:07:47.0612030Z 
check (macos-latest)	Build Check (Tauri)	2026-01-03T15:07:47.0612720Z > app@0.1.2 build
check (macos-latest)	Build Check (Tauri)	2026-01-03T15:07:47.0613360Z > tsc && vite build
check (macos-latest)	Build Check (Tauri)	2026-01-03T15:07:47.0613930Z 
check (macos-latest)	Build Check (Tauri)	2026-01-03T15:07:48.7000660Z [36mvite v7.3.0 [32mbuilding client environment for production...[36m[39m
check (macos-latest)	Build Check (Tauri)	2026-01-03T15:07:48.8656610Z transforming...
check (macos-latest)	Build Check (Tauri)	2026-01-03T15:07:51.7113000Z [32mâœ“[39m 2146 modules transformed.
check (macos-latest)	Build Check (Tauri)	2026-01-03T15:07:51.8050620Z rendering chunks...
check (macos-latest)	Build Check (Tauri)	2026-01-03T15:07:51.9033800Z [33m[plugin vite:reporter] 
check (macos-latest)	Build Check (Tauri)	2026-01-03T15:07:51.9035680Z (!) /Users/runner/work/screen_inu/screen_inu/app/node_modules/@tauri-apps/plugin-global-shortcut/dist-js/index.js is dynamically imported by /Users/runner/work/screen_inu/screen_inu/app/src/App.tsx, /Users/runner/work/screen_inu/screen_inu/app/src/App.tsx but also statically imported by /Users/runner/work/screen_inu/screen_inu/app/src/App.tsx, dynamic import will not move module into another chunk.
check (macos-latest)	Build Check (Tauri)	2026-01-03T15:07:51.9037130Z [39m
check (macos-latest)	Build Check (Tauri)	2026-01-03T15:07:51.9037410Z [33m[plugin vite:reporter] 
check (macos-latest)	Build Check (Tauri)	2026-01-03T15:07:51.9039570Z (!) /Users/runner/work/screen_inu/screen_inu/app/node_modules/@tauri-apps/api/event.js is dynamically imported by /Users/runner/work/screen_inu/screen_inu/app/src/App.tsx but also statically imported by /Users/runner/work/screen_inu/screen_inu/app/node_modules/@tauri-apps/api/webview.js, /Users/runner/work/screen_inu/screen_inu/app/node_modules/@tauri-apps/api/webviewWindow.js, /Users/runner/work/screen_inu/screen_inu/app/node_modules/@tauri-apps/api/window.js, dynamic import will not move module into another chunk.
check (macos-latest)	Build Check (Tauri)	2026-01-03T15:07:51.9041100Z [39m
check (macos-latest)	Build Check (Tauri)	2026-01-03T15:07:51.9143240Z computing gzip size...
check (macos-latest)	Build Check (Tauri)	2026-01-03T15:07:51.9312090Z [2mdist/[22m[32mindex.html                 [39m[1m[2m  0.46 kB[22m[1m[22m[2m â”‚ gzip:   0.30 kB[22m
check (macos-latest)	Build Check (Tauri)	2026-01-03T15:07:51.9313760Z [2mdist/[22m[2massets/[22m[35mindex-DIyAXPPB.css  [39m[1m[2m 28.17 kB[22m[1m[22m[2m â”‚ gzip:   5.72 kB[22m
check (macos-latest)	Build Check (Tauri)	2026-01-03T15:07:51.9314730Z [2mdist/[22m[2massets/[22m[36mindex-9-5NY70f.js   [39m[1m[2m  0.13 kB[22m[1m[22m[2m â”‚ gzip:   0.14 kB[22m
check (macos-latest)	Build Check (Tauri)	2026-01-03T15:07:51.9315510Z [2mdist/[22m[2massets/[22m[36mindex-B37ahw2Q.js   [39m[1m[2m427.11 kB[22m[1m[22m[2m â”‚ gzip: 134.35 kB[22m
check (macos-latest)	Build Check (Tauri)	2026-01-03T15:07:51.9316520Z [32mâœ“ built in 3.22s[39m
check (macos-latest)	Build Check (Tauri)	2026-01-03T15:07:52.7841570Z [1m[92m    Updating[0m crates.io index
check (macos-latest)	Build Check (Tauri)	2026-01-03T15:07:55.7190090Z [1m[92m   Compiling[0m screen-inu v0.1.0 (/Users/runner/work/screen_inu/screen_inu/app/src-tauri)
check (macos-latest)	Build Check (Tauri)	2026-01-03T15:08:00.3863870Z [1m[91merror[0m[1m: proc macro panicked[0m
check (macos-latest)	Build Check (Tauri)	2026-01-03T15:08:00.3864510Z    [1m[94m--> [0msrc/lib.rs:150:14
check (macos-latest)	Build Check (Tauri)	2026-01-03T15:08:00.3865490Z     [1m[94m|[0m
check (macos-latest)	Build Check (Tauri)	2026-01-03T15:08:00.3867590Z [1m[94m150[0m [1m[94m|[0m         .run(tauri::generate_context!())
check (macos-latest)	Build Check (Tauri)	2026-01-03T15:08:00.3868060Z     [1m[94m|[0m              [1m[91m^^^^^^^^^^^^^^^^^^^^^^^^^^[0m
check (macos-latest)	Build Check (Tauri)	2026-01-03T15:08:00.3868430Z     [1m[94m|[0m
check (macos-latest)	Build Check (Tauri)	2026-01-03T15:08:00.3869100Z     [1m[94m= [0m[1mhelp[0m: message: failed to read icon /Users/runner/work/screen_inu/screen_inu/app/src-tauri/icons/32x32.png: Invalid PNG signature.
check (macos-latest)	Build Check (Tauri)	2026-01-03T15:08:00.3870110Z 
check (macos-latest)	Build Check (Tauri)	2026-01-03T15:08:01.0881010Z [1m[91merror[0m: could not compile `screen-inu` (lib) due to 1 previous error
check (macos-latest)	Build Check (Tauri)	2026-01-03T15:08:01.1143980Z failed to build app: failed to build app
check (macos-latest)	Build Check (Tauri)	2026-01-03T15:08:01.1251770Z        Error failed to build app: failed to build app
check (macos-latest)	Build Check (Tauri)	2026-01-03T15:08:01.1343130Z ##[error]Process completed with exit code 1.
check (macos-latest)	Post Checkout repository	ï»¿2026-01-03T15:08:01.1453350Z Post job cleanup.
check (macos-latest)	Post Checkout repository	2026-01-03T15:08:01.2561320Z [command]/opt/homebrew/bin/git version
check (macos-latest)	Post Checkout repository	2026-01-03T15:08:01.2637380Z git version 2.50.1
check (macos-latest)	Post Checkout repository	2026-01-03T15:08:01.2696960Z Copying '/Users/runner/.gitconfig' to '/Users/runner/work/_temp/5dfa7c56-f770-4276-b62f-a881cd9a6ed0/.gitconfig'
check (macos-latest)	Post Checkout repository	2026-01-03T15:08:01.2697930Z Temporarily overriding HOME='/Users/runner/work/_temp/5dfa7c56-f770-4276-b62f-a881cd9a6ed0' before making global git config changes
check (macos-latest)	Post Checkout repository	2026-01-03T15:08:01.2698780Z Adding repository directory to the temporary git global config as a safe directory
check (macos-latest)	Post Checkout repository	2026-01-03T15:08:01.2699570Z [command]/opt/homebrew/bin/git config --global --add safe.directory /Users/runner/work/screen_inu/screen_inu
check (macos-latest)	Post Checkout repository	2026-01-03T15:08:01.2744960Z [command]/opt/homebrew/bin/git config --local --name-only --get-regexp core\.sshCommand
check (macos-latest)	Post Checkout repository	2026-01-03T15:08:01.2803630Z [command]/opt/homebrew/bin/git submodule foreach --recursive sh -c "git config --local --name-only --get-regexp 'core\.sshCommand' && git config --local --unset-all 'core.sshCommand' || :"
check (macos-latest)	Post Checkout repository	2026-01-03T15:08:01.3598640Z [command]/opt/homebrew/bin/git config --local --name-only --get-regexp http\.https\:\/\/github\.com\/\.extraheader
check (macos-latest)	Post Checkout repository	2026-01-03T15:08:01.3660150Z http.https://github.com/.extraheader
check (macos-latest)	Post Checkout repository	2026-01-03T15:08:01.3670240Z [command]/opt/homebrew/bin/git config --local --unset-all http.https://github.com/.extraheader
check (macos-latest)	Post Checkout repository	2026-01-03T15:08:01.3719180Z [command]/opt/homebrew/bin/git submodule foreach --recursive sh -c "git config --local --name-only --get-regexp 'http\.https\:\/\/github\.com\/\.extraheader' && git config --local --unset-all 'http.https://github.com/.extraheader' || :"
check (macos-latest)	Post Checkout repository	2026-01-03T15:08:01.4443670Z [command]/opt/homebrew/bin/git config --local --name-only --get-regexp ^includeIf\.gitdir:
check (macos-latest)	Post Checkout repository	2026-01-03T15:08:01.4498060Z [command]/opt/homebrew/bin/git submodule foreach --recursive git config --local --show-origin --name-only --get-regexp remote.origin.url
check (macos-latest)	Complete job	ï»¿2026-01-03T15:08:01.5944070Z Cleaning up orphan processes
