check (macos-latest)	Set up job	ï»¿2026-01-03T05:29:55.7023510Z Current runner version: '2.330.0'
check (macos-latest)	Set up job	2026-01-03T05:29:55.7041540Z ##[group]Runner Image Provisioner
check (macos-latest)	Set up job	2026-01-03T05:29:55.7042070Z Hosted Compute Agent
check (macos-latest)	Set up job	2026-01-03T05:29:55.7042550Z Version: 20251211.462
check (macos-latest)	Set up job	2026-01-03T05:29:55.7042940Z Commit: 6cbad8c2bb55d58165063d031ccabf57e2d2db61
check (macos-latest)	Set up job	2026-01-03T05:29:55.7043400Z Build Date: 2025-12-11T16:28:49Z
check (macos-latest)	Set up job	2026-01-03T05:29:55.7043950Z Worker ID: {f6c0e60f-2423-418a-96ce-f3120e791488}
check (macos-latest)	Set up job	2026-01-03T05:29:55.7044530Z ##[endgroup]
check (macos-latest)	Set up job	2026-01-03T05:29:55.7044900Z ##[group]Operating System
check (macos-latest)	Set up job	2026-01-03T05:29:55.7045270Z macOS
check (macos-latest)	Set up job	2026-01-03T05:29:55.7045590Z 15.7.2
check (macos-latest)	Set up job	2026-01-03T05:29:55.7046020Z 24G325
check (macos-latest)	Set up job	2026-01-03T05:29:55.7046490Z ##[endgroup]
check (macos-latest)	Set up job	2026-01-03T05:29:55.7046970Z ##[group]Runner Image
check (macos-latest)	Set up job	2026-01-03T05:29:55.7047460Z Image: macos-15-arm64
check (macos-latest)	Set up job	2026-01-03T05:29:55.7047990Z Version: 20251215.0075.1
check (macos-latest)	Set up job	2026-01-03T05:29:55.7048880Z Included Software: https://github.com/actions/runner-images/blob/macos-15-arm64/20251215.0075/images/macos/macos-15-arm64-Readme.md
check (macos-latest)	Set up job	2026-01-03T05:29:55.7050070Z Image Release: https://github.com/actions/runner-images/releases/tag/macos-15-arm64%2F20251215.0075
check (macos-latest)	Set up job	2026-01-03T05:29:55.7050800Z ##[endgroup]
check (macos-latest)	Set up job	2026-01-03T05:29:55.7051570Z ##[group]GITHUB_TOKEN Permissions
check (macos-latest)	Set up job	2026-01-03T05:29:55.7052780Z Contents: read
check (macos-latest)	Set up job	2026-01-03T05:29:55.7053470Z Metadata: read
check (macos-latest)	Set up job	2026-01-03T05:29:55.7053970Z Packages: read
check (macos-latest)	Set up job	2026-01-03T05:29:55.7054310Z ##[endgroup]
check (macos-latest)	Set up job	2026-01-03T05:29:55.7055790Z Secret source: Actions
check (macos-latest)	Set up job	2026-01-03T05:29:55.7056290Z Prepare workflow directory
check (macos-latest)	Set up job	2026-01-03T05:29:55.7299530Z Prepare all required actions
check (macos-latest)	Set up job	2026-01-03T05:29:55.7327580Z Getting action download info
check (macos-latest)	Set up job	2026-01-03T05:29:56.0044160Z Download action repository 'actions/checkout@v4' (SHA:34e114876b0b11c390a56381ad16ebd13914f8d5)
check (macos-latest)	Set up job	2026-01-03T05:29:56.2776250Z Download action repository 'actions/setup-node@v4' (SHA:49933ea5288caeca8642d1e84afbd3f7d6820020)
check (macos-latest)	Set up job	2026-01-03T05:29:56.4515770Z Download action repository 'dtolnay/rust-toolchain@stable' (SHA:4be9e76fd7c4901c61fb841f559994984270fce7)
check (macos-latest)	Set up job	2026-01-03T05:29:57.4482450Z Download action repository 'Swatinem/rust-cache@v2' (SHA:779680da715d629ac1d338a641029a2f4372abb5)
check (macos-latest)	Set up job	2026-01-03T05:29:58.9929520Z Complete job name: check (macos-latest)
check (macos-latest)	Checkout repository	ï»¿2026-01-03T05:29:59.0466580Z ##[group]Run actions/checkout@v4
check (macos-latest)	Checkout repository	2026-01-03T05:29:59.0467010Z with:
check (macos-latest)	Checkout repository	2026-01-03T05:29:59.0467160Z   repository: ImL1s/screen_inu
check (macos-latest)	Checkout repository	2026-01-03T05:29:59.0467590Z   token: ***
check (macos-latest)	Checkout repository	2026-01-03T05:29:59.0467720Z   ssh-strict: true
check (macos-latest)	Checkout repository	2026-01-03T05:29:59.0467860Z   ssh-user: git
check (macos-latest)	Checkout repository	2026-01-03T05:29:59.0468000Z   persist-credentials: true
check (macos-latest)	Checkout repository	2026-01-03T05:29:59.0468170Z   clean: true
check (macos-latest)	Checkout repository	2026-01-03T05:29:59.0468320Z   sparse-checkout-cone-mode: true
check (macos-latest)	Checkout repository	2026-01-03T05:29:59.0468500Z   fetch-depth: 1
check (macos-latest)	Checkout repository	2026-01-03T05:29:59.0468650Z   fetch-tags: false
check (macos-latest)	Checkout repository	2026-01-03T05:29:59.0468790Z   show-progress: true
check (macos-latest)	Checkout repository	2026-01-03T05:29:59.0468940Z   lfs: false
check (macos-latest)	Checkout repository	2026-01-03T05:29:59.0469070Z   submodules: false
check (macos-latest)	Checkout repository	2026-01-03T05:29:59.0469210Z   set-safe-directory: true
check (macos-latest)	Checkout repository	2026-01-03T05:29:59.0469490Z ##[endgroup]
check (macos-latest)	Checkout repository	2026-01-03T05:29:59.5294900Z Syncing repository: ImL1s/screen_inu
check (macos-latest)	Checkout repository	2026-01-03T05:29:59.5296070Z ##[group]Getting Git version info
check (macos-latest)	Checkout repository	2026-01-03T05:29:59.5296460Z Working directory is '/Users/runner/work/screen_inu/screen_inu'
check (macos-latest)	Checkout repository	2026-01-03T05:29:59.5305310Z [command]/opt/homebrew/bin/git version
check (macos-latest)	Checkout repository	2026-01-03T05:29:59.5942890Z git version 2.50.1
check (macos-latest)	Checkout repository	2026-01-03T05:29:59.5969550Z ##[endgroup]
check (macos-latest)	Checkout repository	2026-01-03T05:29:59.5975910Z Copying '/Users/runner/.gitconfig' to '/Users/runner/work/_temp/fc4e7183-a22d-42e1-b892-761f56a64d98/.gitconfig'
check (macos-latest)	Checkout repository	2026-01-03T05:29:59.5986190Z Temporarily overriding HOME='/Users/runner/work/_temp/fc4e7183-a22d-42e1-b892-761f56a64d98' before making global git config changes
check (macos-latest)	Checkout repository	2026-01-03T05:29:59.5989210Z Adding repository directory to the temporary git global config as a safe directory
check (macos-latest)	Checkout repository	2026-01-03T05:29:59.5989830Z [command]/opt/homebrew/bin/git config --global --add safe.directory /Users/runner/work/screen_inu/screen_inu
check (macos-latest)	Checkout repository	2026-01-03T05:29:59.6127600Z Deleting the contents of '/Users/runner/work/screen_inu/screen_inu'
check (macos-latest)	Checkout repository	2026-01-03T05:29:59.6130940Z ##[group]Initializing the repository
check (macos-latest)	Checkout repository	2026-01-03T05:29:59.6137580Z [command]/opt/homebrew/bin/git init /Users/runner/work/screen_inu/screen_inu
check (macos-latest)	Checkout repository	2026-01-03T05:29:59.6410800Z hint: Using 'master' as the name for the initial branch. This default branch name
check (macos-latest)	Checkout repository	2026-01-03T05:29:59.6418390Z hint: is subject to change. To configure the initial branch name to use in all
check (macos-latest)	Checkout repository	2026-01-03T05:29:59.6419660Z hint: of your new repositories, which will suppress this warning, call:
check (macos-latest)	Checkout repository	2026-01-03T05:29:59.6420400Z hint:
check (macos-latest)	Checkout repository	2026-01-03T05:29:59.6420930Z hint: 	git config --global init.defaultBranch <name>
check (macos-latest)	Checkout repository	2026-01-03T05:29:59.6421510Z hint:
check (macos-latest)	Checkout repository	2026-01-03T05:29:59.6422080Z hint: Names commonly chosen instead of 'master' are 'main', 'trunk' and
check (macos-latest)	Checkout repository	2026-01-03T05:29:59.6423070Z hint: 'development'. The just-created branch can be renamed via this command:
check (macos-latest)	Checkout repository	2026-01-03T05:29:59.6423870Z hint:
check (macos-latest)	Checkout repository	2026-01-03T05:29:59.6424250Z hint: 	git branch -m <name>
check (macos-latest)	Checkout repository	2026-01-03T05:29:59.6424690Z hint:
check (macos-latest)	Checkout repository	2026-01-03T05:29:59.6425360Z hint: Disable this message with "git config set advice.defaultBranchName false"
check (macos-latest)	Checkout repository	2026-01-03T05:29:59.6426470Z Initialized empty Git repository in /Users/runner/work/screen_inu/screen_inu/.git/
check (macos-latest)	Checkout repository	2026-01-03T05:29:59.6434230Z [command]/opt/homebrew/bin/git remote add origin https://github.com/ImL1s/screen_inu
check (macos-latest)	Checkout repository	2026-01-03T05:29:59.6541940Z ##[endgroup]
check (macos-latest)	Checkout repository	2026-01-03T05:29:59.6542540Z ##[group]Disabling automatic garbage collection
check (macos-latest)	Checkout repository	2026-01-03T05:29:59.6555110Z [command]/opt/homebrew/bin/git config --local gc.auto 0
check (macos-latest)	Checkout repository	2026-01-03T05:29:59.6638240Z ##[endgroup]
check (macos-latest)	Checkout repository	2026-01-03T05:29:59.6640940Z ##[group]Setting up auth
check (macos-latest)	Checkout repository	2026-01-03T05:29:59.6644740Z [command]/opt/homebrew/bin/git config --local --name-only --get-regexp core\.sshCommand
check (macos-latest)	Checkout repository	2026-01-03T05:29:59.6706660Z [command]/opt/homebrew/bin/git submodule foreach --recursive sh -c "git config --local --name-only --get-regexp 'core\.sshCommand' && git config --local --unset-all 'core.sshCommand' || :"
check (macos-latest)	Checkout repository	2026-01-03T05:29:59.7708240Z [command]/opt/homebrew/bin/git config --local --name-only --get-regexp http\.https\:\/\/github\.com\/\.extraheader
check (macos-latest)	Checkout repository	2026-01-03T05:29:59.7763840Z [command]/opt/homebrew/bin/git submodule foreach --recursive sh -c "git config --local --name-only --get-regexp 'http\.https\:\/\/github\.com\/\.extraheader' && git config --local --unset-all 'http.https://github.com/.extraheader' || :"
check (macos-latest)	Checkout repository	2026-01-03T05:29:59.8577370Z [command]/opt/homebrew/bin/git config --local --name-only --get-regexp ^includeIf\.gitdir:
check (macos-latest)	Checkout repository	2026-01-03T05:29:59.8644180Z [command]/opt/homebrew/bin/git submodule foreach --recursive git config --local --show-origin --name-only --get-regexp remote.origin.url
check (macos-latest)	Checkout repository	2026-01-03T05:29:59.9469270Z [command]/opt/homebrew/bin/git config --local http.https://github.com/.extraheader AUTHORIZATION: basic ***
check (macos-latest)	Checkout repository	2026-01-03T05:29:59.9534550Z ##[endgroup]
check (macos-latest)	Checkout repository	2026-01-03T05:29:59.9534990Z ##[group]Fetching the repository
check (macos-latest)	Checkout repository	2026-01-03T05:29:59.9540090Z [command]/opt/homebrew/bin/git -c protocol.version=2 fetch --no-tags --prune --no-recurse-submodules --depth=1 origin +3168ff0581c6d9a3ffafecb6cb2d5632ba0c0efc:refs/remotes/pull/1/merge
check (macos-latest)	Checkout repository	2026-01-03T05:30:04.6706030Z From https://github.com/ImL1s/screen_inu
check (macos-latest)	Checkout repository	2026-01-03T05:30:04.6711190Z  * [new ref]         3168ff0581c6d9a3ffafecb6cb2d5632ba0c0efc -> pull/1/merge
check (macos-latest)	Checkout repository	2026-01-03T05:30:04.6820060Z ##[endgroup]
check (macos-latest)	Checkout repository	2026-01-03T05:30:04.6821380Z ##[group]Determining the checkout info
check (macos-latest)	Checkout repository	2026-01-03T05:30:04.6822050Z ##[endgroup]
check (macos-latest)	Checkout repository	2026-01-03T05:30:04.6859170Z [command]/opt/homebrew/bin/git sparse-checkout disable
check (macos-latest)	Checkout repository	2026-01-03T05:30:04.6965220Z [command]/opt/homebrew/bin/git config --local --unset-all extensions.worktreeConfig
check (macos-latest)	Checkout repository	2026-01-03T05:30:04.7045340Z ##[group]Checking out the ref
check (macos-latest)	Checkout repository	2026-01-03T05:30:04.7063610Z [command]/opt/homebrew/bin/git checkout --progress --force refs/remotes/pull/1/merge
check (macos-latest)	Checkout repository	2026-01-03T05:30:05.8036970Z Updating files: 100% (226/226)
check (macos-latest)	Checkout repository	2026-01-03T05:30:05.8038160Z Updating files: 100% (226/226), done.
check (macos-latest)	Checkout repository	2026-01-03T05:30:05.8071970Z HEAD is now at 3168ff0 Merge d029691232ec0bd5346bc80ff56fe4a106afd7c1 into 1b8a9e228eb219d5282e778311c815306a380cc4
check (macos-latest)	Checkout repository	2026-01-03T05:30:05.8165530Z ##[endgroup]
check (macos-latest)	Checkout repository	2026-01-03T05:30:05.8348230Z [command]/opt/homebrew/bin/git log -1 --format=%H
check (macos-latest)	Checkout repository	2026-01-03T05:30:05.8419210Z 3168ff0581c6d9a3ffafecb6cb2d5632ba0c0efc
check (macos-latest)	Node.js setup	ï»¿2026-01-03T05:30:05.8895440Z ##[group]Run actions/setup-node@v4
check (macos-latest)	Node.js setup	2026-01-03T05:30:05.8895680Z with:
check (macos-latest)	Node.js setup	2026-01-03T05:30:05.8895810Z   node-version: 20
check (macos-latest)	Node.js setup	2026-01-03T05:30:05.8895930Z   cache: npm
check (macos-latest)	Node.js setup	2026-01-03T05:30:05.8896130Z   cache-dependency-path: app/package-lock.json
check (macos-latest)	Node.js setup	2026-01-03T05:30:05.8896340Z   always-auth: false
check (macos-latest)	Node.js setup	2026-01-03T05:30:05.8896480Z   check-latest: false
check (macos-latest)	Node.js setup	2026-01-03T05:30:05.8896720Z   token: ***
check (macos-latest)	Node.js setup	2026-01-03T05:30:05.8896830Z ##[endgroup]
check (macos-latest)	Node.js setup	2026-01-03T05:30:06.0896890Z Found in cache @ /Users/runner/hostedtoolcache/node/20.19.6/arm64
check (macos-latest)	Node.js setup	2026-01-03T05:30:06.0900780Z ##[group]Environment details
check (macos-latest)	Node.js setup	2026-01-03T05:30:06.4700590Z node: v20.19.6
check (macos-latest)	Node.js setup	2026-01-03T05:30:06.4700920Z npm: 10.8.2
check (macos-latest)	Node.js setup	2026-01-03T05:30:06.4701090Z yarn: 1.22.22
check (macos-latest)	Node.js setup	2026-01-03T05:30:06.4701650Z ##[endgroup]
check (macos-latest)	Node.js setup	2026-01-03T05:30:06.4721260Z [command]/Users/runner/hostedtoolcache/node/20.19.6/arm64/bin/npm config get cache
check (macos-latest)	Node.js setup	2026-01-03T05:30:06.6493480Z /Users/runner/.npm
check (macos-latest)	Node.js setup	2026-01-03T05:30:06.8062420Z npm cache is not found
check (macos-latest)	Install Rust	ï»¿2026-01-03T05:30:06.8221570Z ##[group]Run dtolnay/rust-toolchain@stable
check (macos-latest)	Install Rust	2026-01-03T05:30:06.8221800Z with:
check (macos-latest)	Install Rust	2026-01-03T05:30:06.8221930Z   toolchain: stable
check (macos-latest)	Install Rust	2026-01-03T05:30:06.8233260Z ##[endgroup]
check (macos-latest)	Install Rust	2026-01-03T05:30:06.8319470Z ##[group]Run : parse toolchain version
check (macos-latest)	Install Rust	2026-01-03T05:30:06.8319730Z [36;1m: parse toolchain version[0m
check (macos-latest)	Install Rust	2026-01-03T05:30:06.8319940Z [36;1mif [[ -z $toolchain ]]; then[0m
check (macos-latest)	Install Rust	2026-01-03T05:30:06.8320300Z [36;1m  # GitHub does not enforce `required: true` inputs itself. https://github.com/actions/runner/issues/1070[0m
check (macos-latest)	Install Rust	2026-01-03T05:30:06.8320740Z [36;1m  echo "'toolchain' is a required input" >&2[0m
check (macos-latest)	Install Rust	2026-01-03T05:30:06.8320960Z [36;1m  exit 1[0m
check (macos-latest)	Install Rust	2026-01-03T05:30:06.8321190Z [36;1melif [[ $toolchain =~ ^stable' '[0-9]+' '(year|month|week|day)s?' 'ago$ ]]; then[0m
check (macos-latest)	Install Rust	2026-01-03T05:30:06.8321460Z [36;1m  if [[ macOS == macOS ]]; then[0m
check (macos-latest)	Install Rust	2026-01-03T05:30:06.8321800Z [36;1m    echo "toolchain=1.$((($(date -v-$(sed 's/stable \([0-9]*\) \(.\).*/\1\2/' <<< $toolchain) +%s)/60/60/24-16569)/7/6))" >> $GITHUB_OUTPUT[0m
check (macos-latest)	Install Rust	2026-01-03T05:30:06.8322210Z [36;1m  else[0m
check (macos-latest)	Install Rust	2026-01-03T05:30:06.8322480Z [36;1m    echo "toolchain=1.$((($(date --date "${toolchain#stable }" +%s)/60/60/24-16569)/7/6))" >> $GITHUB_OUTPUT[0m
check (macos-latest)	Install Rust	2026-01-03T05:30:06.8322790Z [36;1m  fi[0m
check (macos-latest)	Install Rust	2026-01-03T05:30:06.8322990Z [36;1melif [[ $toolchain =~ ^stable' 'minus' '[0-9]+' 'releases?$ ]]; then[0m
check (macos-latest)	Install Rust	2026-01-03T05:30:06.8323360Z [36;1m  echo "toolchain=1.$((($(date +%s)/60/60/24-16569)/7/6-${toolchain//[^0-9]/}))" >> $GITHUB_OUTPUT[0m
check (macos-latest)	Install Rust	2026-01-03T05:30:06.8323680Z [36;1melif [[ $toolchain =~ ^1\.[0-9]+$ ]]; then[0m
check (macos-latest)	Install Rust	2026-01-03T05:30:06.8324050Z [36;1m  echo "toolchain=1.$((i=${toolchain#1.}, c=($(date +%s)/60/60/24-16569)/7/6, i+9*i*(10*i<=c)+90*i*(100*i<=c)))" >> $GITHUB_OUTPUT[0m
check (macos-latest)	Install Rust	2026-01-03T05:30:06.8324370Z [36;1melse[0m
check (macos-latest)	Install Rust	2026-01-03T05:30:06.8324540Z [36;1m  echo "toolchain=$toolchain" >> $GITHUB_OUTPUT[0m
check (macos-latest)	Install Rust	2026-01-03T05:30:06.8324760Z [36;1mfi[0m
check (macos-latest)	Install Rust	2026-01-03T05:30:06.8368260Z shell: /bin/bash --noprofile --norc -e -o pipefail {0}
check (macos-latest)	Install Rust	2026-01-03T05:30:06.8368540Z env:
check (macos-latest)	Install Rust	2026-01-03T05:30:06.8368660Z   toolchain: stable
check (macos-latest)	Install Rust	2026-01-03T05:30:06.8368800Z ##[endgroup]
check (macos-latest)	Install Rust	2026-01-03T05:30:06.8735600Z ##[group]Run : construct rustup command line
check (macos-latest)	Install Rust	2026-01-03T05:30:06.8735920Z [36;1m: construct rustup command line[0m
check (macos-latest)	Install Rust	2026-01-03T05:30:06.8736240Z [36;1mecho "targets=$(for t in ${targets//,/ }; do echo -n ' --target' $t; done)" >> $GITHUB_OUTPUT[0m
check (macos-latest)	Install Rust	2026-01-03T05:30:06.8736670Z [36;1mecho "components=$(for c in ${components//,/ }; do echo -n ' --component' $c; done)" >> $GITHUB_OUTPUT[0m
check (macos-latest)	Install Rust	2026-01-03T05:30:06.8737010Z [36;1mecho "downgrade=" >> $GITHUB_OUTPUT[0m
check (macos-latest)	Install Rust	2026-01-03T05:30:06.8771360Z shell: /bin/bash --noprofile --norc -e -o pipefail {0}
check (macos-latest)	Install Rust	2026-01-03T05:30:06.8771710Z env:
check (macos-latest)	Install Rust	2026-01-03T05:30:06.8771880Z   targets: 
check (macos-latest)	Install Rust	2026-01-03T05:30:06.8772010Z   components: 
check (macos-latest)	Install Rust	2026-01-03T05:30:06.8772140Z ##[endgroup]
check (macos-latest)	Install Rust	2026-01-03T05:30:06.9098070Z ##[group]Run : set $CARGO_HOME
check (macos-latest)	Install Rust	2026-01-03T05:30:06.9098340Z [36;1m: set $CARGO_HOME[0m
check (macos-latest)	Install Rust	2026-01-03T05:30:06.9098770Z [36;1mecho CARGO_HOME=${CARGO_HOME:-"$HOME/.cargo"} >> $GITHUB_ENV[0m
check (macos-latest)	Install Rust	2026-01-03T05:30:06.9125090Z shell: /bin/bash --noprofile --norc -e -o pipefail {0}
check (macos-latest)	Install Rust	2026-01-03T05:30:06.9125330Z ##[endgroup]
check (macos-latest)	Install Rust	2026-01-03T05:30:06.9450870Z ##[group]Run : install rustup if needed
check (macos-latest)	Install Rust	2026-01-03T05:30:06.9451140Z [36;1m: install rustup if needed[0m
check (macos-latest)	Install Rust	2026-01-03T05:30:06.9451350Z [36;1mif ! command -v rustup &>/dev/null; then[0m
check (macos-latest)	Install Rust	2026-01-03T05:30:06.9451880Z [36;1m  curl --proto '=https' --tlsv1.2 --retry 10 --retry-connrefused --location --silent --show-error --fail https://sh.rustup.rs | sh -s -- --default-toolchain none -y[0m
check (macos-latest)	Install Rust	2026-01-03T05:30:06.9452390Z [36;1m  echo "$CARGO_HOME/bin" >> $GITHUB_PATH[0m
check (macos-latest)	Install Rust	2026-01-03T05:30:06.9452600Z [36;1mfi[0m
check (macos-latest)	Install Rust	2026-01-03T05:30:06.9482170Z shell: /bin/bash --noprofile --norc -e -o pipefail {0}
check (macos-latest)	Install Rust	2026-01-03T05:30:06.9482400Z env:
check (macos-latest)	Install Rust	2026-01-03T05:30:06.9482530Z   CARGO_HOME: /Users/runner/.cargo
check (macos-latest)	Install Rust	2026-01-03T05:30:06.9482690Z ##[endgroup]
check (macos-latest)	Install Rust	2026-01-03T05:30:06.9803030Z ##[group]Run rustup toolchain install stable --profile minimal --no-self-update
check (macos-latest)	Install Rust	2026-01-03T05:30:06.9804000Z [36;1mrustup toolchain install stable --profile minimal --no-self-update[0m
check (macos-latest)	Install Rust	2026-01-03T05:30:06.9831610Z shell: /bin/bash --noprofile --norc -e -o pipefail {0}
check (macos-latest)	Install Rust	2026-01-03T05:30:06.9831840Z env:
check (macos-latest)	Install Rust	2026-01-03T05:30:06.9831980Z   CARGO_HOME: /Users/runner/.cargo
check (macos-latest)	Install Rust	2026-01-03T05:30:06.9832170Z   RUSTUP_PERMIT_COPY_RENAME: 1
check (macos-latest)	Install Rust	2026-01-03T05:30:06.9832350Z ##[endgroup]
check (macos-latest)	Install Rust	2026-01-03T05:30:07.3057500Z info: syncing channel updates for 'stable-aarch64-apple-darwin'
check (macos-latest)	Install Rust	2026-01-03T05:30:07.3761430Z 
check (macos-latest)	Install Rust	2026-01-03T05:30:07.3847000Z info: self-update is disabled for this build of rustup
check (macos-latest)	Install Rust	2026-01-03T05:30:07.3849220Z   stable-aarch64-apple-darwin unchanged - rustc 1.92.0 (ded5c06cf 2025-12-08)
check (macos-latest)	Install Rust	2026-01-03T05:30:07.3851860Z info: any updates to rustup will need to be fetched with your system package manager
check (macos-latest)	Install Rust	2026-01-03T05:30:07.3852600Z 
check (macos-latest)	Install Rust	2026-01-03T05:30:07.3874330Z ##[group]Run rustup default stable
check (macos-latest)	Install Rust	2026-01-03T05:30:07.3874610Z [36;1mrustup default stable[0m
check (macos-latest)	Install Rust	2026-01-03T05:30:07.3903730Z shell: /bin/bash --noprofile --norc -e -o pipefail {0}
check (macos-latest)	Install Rust	2026-01-03T05:30:07.3903970Z env:
check (macos-latest)	Install Rust	2026-01-03T05:30:07.3904100Z   CARGO_HOME: /Users/runner/.cargo
check (macos-latest)	Install Rust	2026-01-03T05:30:07.3904290Z ##[endgroup]
check (macos-latest)	Install Rust	2026-01-03T05:30:07.4288670Z info: using existing install for 'stable-aarch64-apple-darwin'
check (macos-latest)	Install Rust	2026-01-03T05:30:07.4564090Z info: default toolchain set to 'stable-aarch64-apple-darwin'
check (macos-latest)	Install Rust	2026-01-03T05:30:07.4564400Z 
check (macos-latest)	Install Rust	2026-01-03T05:30:07.4642980Z   stable-aarch64-apple-darwin unchanged - rustc 1.92.0 (ded5c06cf 2025-12-08)
check (macos-latest)	Install Rust	2026-01-03T05:30:07.4646610Z 
check (macos-latest)	Install Rust	2026-01-03T05:30:07.4675090Z ##[group]Run : create cachekey
check (macos-latest)	Install Rust	2026-01-03T05:30:07.4675390Z [36;1m: create cachekey[0m
check (macos-latest)	Install Rust	2026-01-03T05:30:07.4675770Z [36;1mDATE=$(rustc +stable --version --verbose | sed -ne 's/^commit-date: \(20[0-9][0-9]\)-\([01][0-9]\)-\([0-3][0-9]\)$/\1\2\3/p')[0m
check (macos-latest)	Install Rust	2026-01-03T05:30:07.4676240Z [36;1mHASH=$(rustc +stable --version --verbose | sed -ne 's/^commit-hash: //p')[0m
check (macos-latest)	Install Rust	2026-01-03T05:30:07.4676700Z [36;1mecho "cachekey=$(echo $DATE$HASH | head -c12)" >> $GITHUB_OUTPUT[0m
check (macos-latest)	Install Rust	2026-01-03T05:30:07.4706810Z shell: /bin/bash --noprofile --norc -e -o pipefail {0}
check (macos-latest)	Install Rust	2026-01-03T05:30:07.4707070Z env:
check (macos-latest)	Install Rust	2026-01-03T05:30:07.4707220Z   CARGO_HOME: /Users/runner/.cargo
check (macos-latest)	Install Rust	2026-01-03T05:30:07.4707400Z ##[endgroup]
check (macos-latest)	Install Rust	2026-01-03T05:30:07.5821070Z ##[group]Run : disable incremental compilation
check (macos-latest)	Install Rust	2026-01-03T05:30:07.5821390Z [36;1m: disable incremental compilation[0m
check (macos-latest)	Install Rust	2026-01-03T05:30:07.5821620Z [36;1mif [ -z "${CARGO_INCREMENTAL+set}" ]; then[0m
check (macos-latest)	Install Rust	2026-01-03T05:30:07.5821980Z [36;1m  echo CARGO_INCREMENTAL=0 >> $GITHUB_ENV[0m
check (macos-latest)	Install Rust	2026-01-03T05:30:07.5822180Z [36;1mfi[0m
check (macos-latest)	Install Rust	2026-01-03T05:30:07.5849700Z shell: /bin/bash --noprofile --norc -e -o pipefail {0}
check (macos-latest)	Install Rust	2026-01-03T05:30:07.5849930Z env:
check (macos-latest)	Install Rust	2026-01-03T05:30:07.5850060Z   CARGO_HOME: /Users/runner/.cargo
check (macos-latest)	Install Rust	2026-01-03T05:30:07.5850240Z ##[endgroup]
check (macos-latest)	Install Rust	2026-01-03T05:30:07.6174330Z ##[group]Run : enable colors in Cargo output
check (macos-latest)	Install Rust	2026-01-03T05:30:07.6174650Z [36;1m: enable colors in Cargo output[0m
check (macos-latest)	Install Rust	2026-01-03T05:30:07.6175090Z [36;1mif [ -z "${CARGO_TERM_COLOR+set}" ]; then[0m
check (macos-latest)	Install Rust	2026-01-03T05:30:07.6175370Z [36;1m  echo CARGO_TERM_COLOR=always >> $GITHUB_ENV[0m
check (macos-latest)	Install Rust	2026-01-03T05:30:07.6175570Z [36;1mfi[0m
check (macos-latest)	Install Rust	2026-01-03T05:30:07.6204710Z shell: /bin/bash --noprofile --norc -e -o pipefail {0}
check (macos-latest)	Install Rust	2026-01-03T05:30:07.6204960Z env:
check (macos-latest)	Install Rust	2026-01-03T05:30:07.6205110Z   CARGO_HOME: /Users/runner/.cargo
check (macos-latest)	Install Rust	2026-01-03T05:30:07.6205290Z   CARGO_INCREMENTAL: 0
check (macos-latest)	Install Rust	2026-01-03T05:30:07.6205440Z ##[endgroup]
check (macos-latest)	Install Rust	2026-01-03T05:30:07.6543540Z ##[group]Run : enable Cargo sparse registry
check (macos-latest)	Install Rust	2026-01-03T05:30:07.6543880Z [36;1m: enable Cargo sparse registry[0m
check (macos-latest)	Install Rust	2026-01-03T05:30:07.6544150Z [36;1m# implemented in 1.66, stabilized in 1.68, made default in 1.70[0m
check (macos-latest)	Install Rust	2026-01-03T05:30:07.6544680Z [36;1mif [ -z "${CARGO_REGISTRIES_CRATES_IO_PROTOCOL+set}" -o -f "/Users/runner/work/_temp"/.implicit_cargo_registries_crates_io_protocol ]; then[0m
check (macos-latest)	Install Rust	2026-01-03T05:30:07.6545210Z [36;1m  if rustc +stable --version --verbose | grep -q '^release: 1\.6[89]\.'; then[0m
check (macos-latest)	Install Rust	2026-01-03T05:30:07.6545680Z [36;1m    touch "/Users/runner/work/_temp"/.implicit_cargo_registries_crates_io_protocol || true[0m
check (macos-latest)	Install Rust	2026-01-03T05:30:07.6546360Z [36;1m    echo CARGO_REGISTRIES_CRATES_IO_PROTOCOL=sparse >> $GITHUB_ENV[0m
check (macos-latest)	Install Rust	2026-01-03T05:30:07.6546720Z [36;1m  elif rustc +stable --version --verbose | grep -q '^release: 1\.6[67]\.'; then[0m
check (macos-latest)	Install Rust	2026-01-03T05:30:07.6547150Z [36;1m    touch "/Users/runner/work/_temp"/.implicit_cargo_registries_crates_io_protocol || true[0m
check (macos-latest)	Install Rust	2026-01-03T05:30:07.6547560Z [36;1m    echo CARGO_REGISTRIES_CRATES_IO_PROTOCOL=git >> $GITHUB_ENV[0m
check (macos-latest)	Install Rust	2026-01-03T05:30:07.6547800Z [36;1m  fi[0m
check (macos-latest)	Install Rust	2026-01-03T05:30:07.6547930Z [36;1mfi[0m
check (macos-latest)	Install Rust	2026-01-03T05:30:07.6577260Z shell: /bin/bash --noprofile --norc -e -o pipefail {0}
check (macos-latest)	Install Rust	2026-01-03T05:30:07.6577530Z env:
check (macos-latest)	Install Rust	2026-01-03T05:30:07.6577670Z   CARGO_HOME: /Users/runner/.cargo
check (macos-latest)	Install Rust	2026-01-03T05:30:07.6577860Z   CARGO_INCREMENTAL: 0
check (macos-latest)	Install Rust	2026-01-03T05:30:07.6578020Z   CARGO_TERM_COLOR: always
check (macos-latest)	Install Rust	2026-01-03T05:30:07.6578220Z ##[endgroup]
check (macos-latest)	Install Rust	2026-01-03T05:30:07.7338060Z ##[group]Run : work around spurious network errors in curl 8.0
check (macos-latest)	Install Rust	2026-01-03T05:30:07.7338550Z [36;1m: work around spurious network errors in curl 8.0[0m
check (macos-latest)	Install Rust	2026-01-03T05:30:07.7338960Z [36;1m# https://rust-lang.zulipchat.com/#narrow/stream/246057-t-cargo/topic/timeout.20investigation[0m
check (macos-latest)	Install Rust	2026-01-03T05:30:07.7339410Z [36;1mif rustc +stable --version --verbose | grep -q '^release: 1\.7[01]\.'; then[0m
check (macos-latest)	Install Rust	2026-01-03T05:30:07.7339790Z [36;1m  echo CARGO_HTTP_MULTIPLEXING=false >> $GITHUB_ENV[0m
check (macos-latest)	Install Rust	2026-01-03T05:30:07.7340040Z [36;1mfi[0m
check (macos-latest)	Install Rust	2026-01-03T05:30:07.7372700Z shell: /bin/bash --noprofile --norc -e -o pipefail {0}
check (macos-latest)	Install Rust	2026-01-03T05:30:07.7372960Z env:
check (macos-latest)	Install Rust	2026-01-03T05:30:07.7373130Z   CARGO_HOME: /Users/runner/.cargo
check (macos-latest)	Install Rust	2026-01-03T05:30:07.7373330Z   CARGO_INCREMENTAL: 0
check (macos-latest)	Install Rust	2026-01-03T05:30:07.7373500Z   CARGO_TERM_COLOR: always
check (macos-latest)	Install Rust	2026-01-03T05:30:07.7373670Z ##[endgroup]
check (macos-latest)	Install Rust	2026-01-03T05:30:07.7872350Z ##[group]Run rustc +stable --version --verbose
check (macos-latest)	Install Rust	2026-01-03T05:30:07.7872730Z [36;1mrustc +stable --version --verbose[0m
check (macos-latest)	Install Rust	2026-01-03T05:30:07.7900990Z shell: /bin/bash --noprofile --norc -e -o pipefail {0}
check (macos-latest)	Install Rust	2026-01-03T05:30:07.7901240Z env:
check (macos-latest)	Install Rust	2026-01-03T05:30:07.7901380Z   CARGO_HOME: /Users/runner/.cargo
check (macos-latest)	Install Rust	2026-01-03T05:30:07.7901560Z   CARGO_INCREMENTAL: 0
check (macos-latest)	Install Rust	2026-01-03T05:30:07.7901730Z   CARGO_TERM_COLOR: always
check (macos-latest)	Install Rust	2026-01-03T05:30:07.7901900Z ##[endgroup]
check (macos-latest)	Install Rust	2026-01-03T05:30:07.8371530Z rustc 1.92.0 (ded5c06cf 2025-12-08)
check (macos-latest)	Install Rust	2026-01-03T05:30:07.8372390Z binary: rustc
check (macos-latest)	Install Rust	2026-01-03T05:30:07.8372850Z commit-hash: ded5c06cf21d2b93bffd5d884aa6e96934ee4234
check (macos-latest)	Install Rust	2026-01-03T05:30:07.8373230Z commit-date: 2025-12-08
check (macos-latest)	Install Rust	2026-01-03T05:30:07.8373550Z host: aarch64-apple-darwin
check (macos-latest)	Install Rust	2026-01-03T05:30:07.8373830Z release: 1.92.0
check (macos-latest)	Install Rust	2026-01-03T05:30:07.8375450Z LLVM version: 21.1.3
check (macos-latest)	Rust cache	ï»¿2026-01-03T05:30:07.8457280Z ##[group]Run Swatinem/rust-cache@v2
check (macos-latest)	Rust cache	2026-01-03T05:30:07.8457520Z with:
check (macos-latest)	Rust cache	2026-01-03T05:30:07.8457670Z   workspaces: ./app/src-tauri -> target
check (macos-latest)	Rust cache	2026-01-03T05:30:07.8457870Z   prefix-key: v0-rust
check (macos-latest)	Rust cache	2026-01-03T05:30:07.8458270Z   add-job-id-key: true
check (macos-latest)	Rust cache	2026-01-03T05:30:07.8458450Z   add-rust-environment-hash-key: true
check (macos-latest)	Rust cache	2026-01-03T05:30:07.8458650Z   cache-targets: true
check (macos-latest)	Rust cache	2026-01-03T05:30:07.8458790Z   cache-all-crates: false
check (macos-latest)	Rust cache	2026-01-03T05:30:07.8459000Z   cache-workspace-crates: false
check (macos-latest)	Rust cache	2026-01-03T05:30:07.8459160Z   save-if: true
check (macos-latest)	Rust cache	2026-01-03T05:30:07.8459300Z   cache-provider: github
check (macos-latest)	Rust cache	2026-01-03T05:30:07.8459450Z   cache-bin: true
check (macos-latest)	Rust cache	2026-01-03T05:30:07.8459590Z   lookup-only: false
check (macos-latest)	Rust cache	2026-01-03T05:30:07.8459740Z env:
check (macos-latest)	Rust cache	2026-01-03T05:30:07.8459860Z   CARGO_HOME: /Users/runner/.cargo
check (macos-latest)	Rust cache	2026-01-03T05:30:07.8460150Z   CARGO_INCREMENTAL: 0
check (macos-latest)	Rust cache	2026-01-03T05:30:07.8460330Z   CARGO_TERM_COLOR: always
check (macos-latest)	Rust cache	2026-01-03T05:30:07.8460500Z ##[endgroup]
check (macos-latest)	Rust cache	2026-01-03T05:30:08.4137080Z ##[group]Cache Configuration
check (macos-latest)	Rust cache	2026-01-03T05:30:08.4243190Z Cache Provider:
check (macos-latest)	Rust cache	2026-01-03T05:30:08.4344550Z     github
check (macos-latest)	Rust cache	2026-01-03T05:30:08.4445610Z Workspaces:
check (macos-latest)	Rust cache	2026-01-03T05:30:08.4492750Z     /Users/runner/work/screen_inu/screen_inu/app/src-tauri
check (macos-latest)	Rust cache	2026-01-03T05:30:08.4493350Z Cache Paths:
check (macos-latest)	Rust cache	2026-01-03T05:30:08.4493830Z     /Users/runner/.cargo/bin
check (macos-latest)	Rust cache	2026-01-03T05:30:08.4497620Z     /Users/runner/.cargo/.crates.toml
check (macos-latest)	Rust cache	2026-01-03T05:30:08.4513510Z     /Users/runner/.cargo/.crates2.json
check (macos-latest)	Rust cache	2026-01-03T05:30:08.4513980Z     /Users/runner/.cargo/registry
check (macos-latest)	Rust cache	2026-01-03T05:30:08.4514330Z     /Users/runner/.cargo/git
check (macos-latest)	Rust cache	2026-01-03T05:30:08.4514820Z     /Users/runner/work/screen_inu/screen_inu/app/src-tauri/target
check (macos-latest)	Rust cache	2026-01-03T05:30:08.4515270Z Restore Key:
check (macos-latest)	Rust cache	2026-01-03T05:30:08.4515970Z     v0-rust-check-Darwin-arm64-e910a226
check (macos-latest)	Rust cache	2026-01-03T05:30:08.4542130Z Cache Key:
check (macos-latest)	Rust cache	2026-01-03T05:30:08.4543710Z     v0-rust-check-Darwin-arm64-e910a226-27e859eb
check (macos-latest)	Rust cache	2026-01-03T05:30:08.4561720Z .. Prefix:
check (macos-latest)	Rust cache	2026-01-03T05:30:08.4564580Z   - v0-rust-check-Darwin-arm64
check (macos-latest)	Rust cache	2026-01-03T05:30:08.4565060Z .. Environment considered:
check (macos-latest)	Rust cache	2026-01-03T05:30:08.4565950Z   - Rust Version: 1.92.0 aarch64-apple-darwin (ded5c06cf21d2b93bffd5d884aa6e96934ee4234)
check (macos-latest)	Rust cache	2026-01-03T05:30:08.4566760Z   - CARGO_HOME
check (macos-latest)	Rust cache	2026-01-03T05:30:08.4567130Z   - CARGO_INCREMENTAL
check (macos-latest)	Rust cache	2026-01-03T05:30:08.4567510Z   - CARGO_TERM_COLOR
check (macos-latest)	Rust cache	2026-01-03T05:30:08.4568290Z .. Lockfiles considered:
check (macos-latest)	Rust cache	2026-01-03T05:30:08.4568960Z   - /Users/runner/work/screen_inu/screen_inu/app/src-tauri/Cargo.lock
check (macos-latest)	Rust cache	2026-01-03T05:30:08.4569730Z   - /Users/runner/work/screen_inu/screen_inu/app/src-tauri/Cargo.toml
check (macos-latest)	Rust cache	2026-01-03T05:30:08.4570620Z ##[endgroup]
check (macos-latest)	Rust cache	2026-01-03T05:30:08.4570870Z 
check (macos-latest)	Rust cache	2026-01-03T05:30:08.4571070Z ... Restoring cache ...
check (macos-latest)	Rust cache	2026-01-03T05:30:08.5886120Z Cache hit for restore-key: v0-rust-check-Darwin-arm64-e910a226-3d2fefef
check (macos-latest)	Rust cache	2026-01-03T05:30:09.6101360Z Received 130023424 of 571597178 (22.7%), 123.9 MBs/sec
check (macos-latest)	Rust cache	2026-01-03T05:30:10.6183830Z Received 188743680 of 571597178 (33.0%), 89.8 MBs/sec
check (macos-latest)	Rust cache	2026-01-03T05:30:11.6763170Z Received 285212672 of 571597178 (49.9%), 89.1 MBs/sec
check (macos-latest)	Rust cache	2026-01-03T05:30:12.6633440Z Received 411041792 of 571597178 (71.9%), 96.7 MBs/sec
check (macos-latest)	Rust cache	2026-01-03T05:30:13.6187360Z Received 571597178 of 571597178 (100.0%), 108.8 MBs/sec
check (macos-latest)	Rust cache	2026-01-03T05:30:13.6189970Z Cache Size: ~545 MB (571597178 B)
check (macos-latest)	Rust cache	2026-01-03T05:30:13.6387060Z [command]/opt/homebrew/bin/gtar -xf /Users/runner/work/_temp/10f15ec5-4e37-4192-a3aa-a72b3b16d8d4/cache.tzst -P -C /Users/runner/work/screen_inu/screen_inu --delay-directory-restore --use-compress-program unzstd
check (macos-latest)	Rust cache	2026-01-03T05:30:18.6186220Z Cache restored successfully
check (macos-latest)	Rust cache	2026-01-03T05:30:18.6559920Z Restored from cache key "v0-rust-check-Darwin-arm64-e910a226-3d2fefef" full match: false.
check (macos-latest)	Install Tesseract (macOS)	ï»¿2026-01-03T05:30:18.7002420Z ##[group]Run brew install tesseract leptonica
check (macos-latest)	Install Tesseract (macOS)	2026-01-03T05:30:18.7002910Z [36;1mbrew install tesseract leptonica[0m
check (macos-latest)	Install Tesseract (macOS)	2026-01-03T05:30:18.7047890Z shell: /bin/bash -e {0}
check (macos-latest)	Install Tesseract (macOS)	2026-01-03T05:30:18.7048220Z env:
check (macos-latest)	Install Tesseract (macOS)	2026-01-03T05:30:18.7048430Z   CARGO_HOME: /Users/runner/.cargo
check (macos-latest)	Install Tesseract (macOS)	2026-01-03T05:30:18.7048680Z   CARGO_INCREMENTAL: 0
check (macos-latest)	Install Tesseract (macOS)	2026-01-03T05:30:18.7048960Z   CARGO_TERM_COLOR: always
check (macos-latest)	Install Tesseract (macOS)	2026-01-03T05:30:18.7049200Z   CACHE_ON_FAILURE: false
check (macos-latest)	Install Tesseract (macOS)	2026-01-03T05:30:18.7049400Z ##[endgroup]
check (macos-latest)	Install Tesseract (macOS)	2026-01-03T05:30:21.7030090Z âœ”ï¸Ž JSON API formula_tap_migrations.jws.json
check (macos-latest)	Install Tesseract (macOS)	2026-01-03T05:30:21.7030960Z âœ”ï¸Ž JSON API cask_tap_migrations.jws.json
check (macos-latest)	Install Tesseract (macOS)	2026-01-03T05:30:23.0499780Z [32m==>[0m [1mFetching downloads for: [32mtesseract[39m and [32mleptonica[39m[0m
check (macos-latest)	Install Tesseract (macOS)	2026-01-03T05:30:23.5277260Z âœ”ï¸Ž Bottle Manifest leptonica (1.86.0)
check (macos-latest)	Install Tesseract (macOS)	2026-01-03T05:30:23.5999020Z âœ”ï¸Ž Bottle Manifest tesseract (5.5.1_1)
check (macos-latest)	Install Tesseract (macOS)	2026-01-03T05:30:24.5258190Z âœ”ï¸Ž Bottle Manifest leptonica (1.86.0)
check (macos-latest)	Install Tesseract (macOS)	2026-01-03T05:30:24.6717060Z âœ”ï¸Ž Bottle Manifest openjpeg (2.5.4)
check (macos-latest)	Install Tesseract (macOS)	2026-01-03T05:30:24.7562830Z âœ”ï¸Ž Bottle Manifest webp (1.6.0)
check (macos-latest)	Install Tesseract (macOS)	2026-01-03T05:30:24.7667220Z âœ”ï¸Ž Bottle webp (1.6.0)
check (macos-latest)	Install Tesseract (macOS)	2026-01-03T05:30:24.8273350Z âœ”ï¸Ž Bottle webp (1.6.0)
check (macos-latest)	Install Tesseract (macOS)	2026-01-03T05:30:24.8377620Z âœ”ï¸Ž Bottle Manifest libb2 (0.98.1)
check (macos-latest)	Install Tesseract (macOS)	2026-01-03T05:30:24.8821320Z âœ”ï¸Ž Bottle openjpeg (2.5.4)
check (macos-latest)	Install Tesseract (macOS)	2026-01-03T05:30:24.8922800Z âœ”ï¸Ž Bottle leptonica (1.86.0)
check (macos-latest)	Install Tesseract (macOS)	2026-01-03T05:30:25.1222150Z âœ”ï¸Ž Bottle libb2 (0.98.1)
check (macos-latest)	Install Tesseract (macOS)	2026-01-03T05:30:25.2371420Z âœ”ï¸Ž Bottle Manifest libarchive (3.8.4)
check (macos-latest)	Install Tesseract (macOS)	2026-01-03T05:30:25.2396390Z âœ”ï¸Ž Bottle Manifest fribidi (1.0.16)
check (macos-latest)	Install Tesseract (macOS)	2026-01-03T05:30:25.2864520Z âœ”ï¸Ž Bottle libarchive (3.8.4)
check (macos-latest)	Install Tesseract (macOS)	2026-01-03T05:30:25.2864910Z âœ”ï¸Ž Bottle fribidi (1.0.16)
check (macos-latest)	Install Tesseract (macOS)	2026-01-03T05:30:25.3606590Z âœ”ï¸Ž Bottle Manifest pango (1.57.0_1)
check (macos-latest)	Install Tesseract (macOS)	2026-01-03T05:30:25.6122420Z âœ”ï¸Ž Bottle pango (1.57.0_1)
check (macos-latest)	Install Tesseract (macOS)	2026-01-03T05:30:25.8865900Z âœ”ï¸Ž Bottle tesseract (5.5.1_1)
check (macos-latest)	Install Tesseract (macOS)	2026-01-03T05:30:26.1399940Z [32m==>[0m [1mInstalling dependencies for tesseract: [32mopenjpeg[39m, [32mwebp[39m, [32mleptonica[39m, [32mlibb2[39m, [32mlibarchive[39m, [32mfribidi[39m and [32mpango[39m[0m
check (macos-latest)	Install Tesseract (macOS)	2026-01-03T05:30:26.1502140Z [32m==>[0m [1mInstalling tesseract dependency: [32mopenjpeg[39m[0m
check (macos-latest)	Install Tesseract (macOS)	2026-01-03T05:30:26.2511000Z [34m==>[0m [1mPouring openjpeg--2.5.4.arm64_sequoia.bottle.tar.gz[0m
check (macos-latest)	Install Tesseract (macOS)	2026-01-03T05:30:26.8468020Z ðŸº  /opt/homebrew/Cellar/openjpeg/2.5.4: 512 files, 14.7MB
check (macos-latest)	Install Tesseract (macOS)	2026-01-03T05:30:26.8474090Z [32m==>[0m [1mInstalling tesseract dependency: [32mwebp[39m[0m
check (macos-latest)	Install Tesseract (macOS)	2026-01-03T05:30:26.8960440Z [34m==>[0m [1mPouring webp--1.6.0.arm64_sequoia.bottle.tar.gz[0m
check (macos-latest)	Install Tesseract (macOS)	2026-01-03T05:30:27.5778530Z ðŸº  /opt/homebrew/Cellar/webp/1.6.0: 64 files, 2.6MB
check (macos-latest)	Install Tesseract (macOS)	2026-01-03T05:30:27.5787450Z [32m==>[0m [1mInstalling tesseract dependency: [32mleptonica[39m[0m
check (macos-latest)	Install Tesseract (macOS)	2026-01-03T05:30:27.6783120Z [34m==>[0m [1mPouring leptonica--1.86.0.arm64_sequoia.bottle.tar.gz[0m
check (macos-latest)	Install Tesseract (macOS)	2026-01-03T05:30:28.5486160Z ðŸº  /opt/homebrew/Cellar/leptonica/1.86.0: 55 files, 7.3MB
check (macos-latest)	Install Tesseract (macOS)	2026-01-03T05:30:28.5489620Z [32m==>[0m [1mInstalling tesseract dependency: [32mlibb2[39m[0m
check (macos-latest)	Install Tesseract (macOS)	2026-01-03T05:30:28.5507650Z [34m==>[0m [1mPouring libb2--0.98.1.arm64_sequoia.bottle.tar.gz[0m
check (macos-latest)	Install Tesseract (macOS)	2026-01-03T05:30:28.7166940Z ðŸº  /opt/homebrew/Cellar/libb2/0.98.1: 9 files, 132.0KB
check (macos-latest)	Install Tesseract (macOS)	2026-01-03T05:30:28.7172660Z [32m==>[0m [1mInstalling tesseract dependency: [32mlibarchive[39m[0m
check (macos-latest)	Install Tesseract (macOS)	2026-01-03T05:30:28.7485040Z [34m==>[0m [1mPouring libarchive--3.8.4.arm64_sequoia.bottle.tar.gz[0m
check (macos-latest)	Install Tesseract (macOS)	2026-01-03T05:30:29.1990560Z ðŸº  /opt/homebrew/Cellar/libarchive/3.8.4: 65 files, 4MB
check (macos-latest)	Install Tesseract (macOS)	2026-01-03T05:30:29.1994290Z [32m==>[0m [1mInstalling tesseract dependency: [32mfribidi[39m[0m
check (macos-latest)	Install Tesseract (macOS)	2026-01-03T05:30:29.2016670Z [34m==>[0m [1mPouring fribidi--1.0.16.arm64_sequoia.bottle.tar.gz[0m
check (macos-latest)	Install Tesseract (macOS)	2026-01-03T05:30:29.4357360Z ðŸº  /opt/homebrew/Cellar/fribidi/1.0.16: 68 files, 581.6KB
check (macos-latest)	Install Tesseract (macOS)	2026-01-03T05:30:29.4362560Z [32m==>[0m [1mInstalling tesseract dependency: [32mpango[39m[0m
check (macos-latest)	Install Tesseract (macOS)	2026-01-03T05:30:29.6923100Z [34m==>[0m [1mPouring pango--1.57.0_1.arm64_sequoia.bottle.tar.gz[0m
check (macos-latest)	Install Tesseract (macOS)	2026-01-03T05:30:30.3161070Z ðŸº  /opt/homebrew/Cellar/pango/1.57.0_1: 69 files, 3.7MB
check (macos-latest)	Install Tesseract (macOS)	2026-01-03T05:30:30.3164780Z [32m==>[0m [1mInstalling [32mtesseract[39m[0m
check (macos-latest)	Install Tesseract (macOS)	2026-01-03T05:30:30.3169340Z [34m==>[0m [1mPouring tesseract--5.5.1_1.arm64_sequoia.bottle.tar.gz[0m
check (macos-latest)	Install Tesseract (macOS)	2026-01-03T05:30:31.5487410Z [34m==>[0m [1mCaveats[0m
check (macos-latest)	Install Tesseract (macOS)	2026-01-03T05:30:31.5488090Z This formula contains only the "eng", "osd", and "snum" language data files.
check (macos-latest)	Install Tesseract (macOS)	2026-01-03T05:30:31.5488650Z If you need any other supported languages, run `brew install tesseract-lang`.
check (macos-latest)	Install Tesseract (macOS)	2026-01-03T05:30:31.5489260Z [34m==>[0m [1mSummary[0m
check (macos-latest)	Install Tesseract (macOS)	2026-01-03T05:30:31.5497810Z ðŸº  /opt/homebrew/Cellar/tesseract/5.5.1_1: 75 files, 34.9MB
check (macos-latest)	Install Tesseract (macOS)	2026-01-03T05:30:31.5511470Z [32m==>[0m [1mCaveats[0m
check (macos-latest)	Install Tesseract (macOS)	2026-01-03T05:30:31.5512630Z [34m==>[0m [1mtesseract[0m
check (macos-latest)	Install Tesseract (macOS)	2026-01-03T05:30:31.5513420Z This formula contains only the "eng", "osd", and "snum" language data files.
check (macos-latest)	Install Tesseract (macOS)	2026-01-03T05:30:31.5514130Z If you need any other supported languages, run `brew install tesseract-lang`.
check (macos-latest)	Install frontend dependencies	ï»¿2026-01-03T05:30:31.5968130Z ##[group]Run npm install
check (macos-latest)	Install frontend dependencies	2026-01-03T05:30:31.5969130Z [36;1mnpm install[0m
check (macos-latest)	Install frontend dependencies	2026-01-03T05:30:31.6014300Z shell: /bin/bash -e {0}
check (macos-latest)	Install frontend dependencies	2026-01-03T05:30:31.6014710Z env:
check (macos-latest)	Install frontend dependencies	2026-01-03T05:30:31.6014870Z   CARGO_HOME: /Users/runner/.cargo
check (macos-latest)	Install frontend dependencies	2026-01-03T05:30:31.6015050Z   CARGO_INCREMENTAL: 0
check (macos-latest)	Install frontend dependencies	2026-01-03T05:30:31.6015200Z   CARGO_TERM_COLOR: always
check (macos-latest)	Install frontend dependencies	2026-01-03T05:30:31.6015460Z   CACHE_ON_FAILURE: false
check (macos-latest)	Install frontend dependencies	2026-01-03T05:30:31.6015700Z ##[endgroup]
check (macos-latest)	Install frontend dependencies	2026-01-03T05:30:34.8856870Z 
check (macos-latest)	Install frontend dependencies	2026-01-03T05:30:34.8877040Z added 106 packages, and audited 107 packages in 3s
check (macos-latest)	Install frontend dependencies	2026-01-03T05:30:34.8877940Z 
check (macos-latest)	Install frontend dependencies	2026-01-03T05:30:34.8878270Z 18 packages are looking for funding
check (macos-latest)	Install frontend dependencies	2026-01-03T05:30:34.8878900Z   run `npm fund` for details
check (macos-latest)	Install frontend dependencies	2026-01-03T05:30:34.8879590Z 
check (macos-latest)	Install frontend dependencies	2026-01-03T05:30:34.8879930Z found 0 vulnerabilities
check (macos-latest)	Build Check (Tauri)	ï»¿2026-01-03T05:30:34.9039290Z ##[group]Run npm run tauri build -- --no-bundle
check (macos-latest)	Build Check (Tauri)	2026-01-03T05:30:34.9039670Z [36;1mnpm run tauri build -- --no-bundle[0m
check (macos-latest)	Build Check (Tauri)	2026-01-03T05:30:34.9089560Z shell: /bin/bash -e {0}
check (macos-latest)	Build Check (Tauri)	2026-01-03T05:30:34.9089900Z env:
check (macos-latest)	Build Check (Tauri)	2026-01-03T05:30:34.9090100Z   CARGO_HOME: /Users/runner/.cargo
check (macos-latest)	Build Check (Tauri)	2026-01-03T05:30:34.9090360Z   CARGO_INCREMENTAL: 0
check (macos-latest)	Build Check (Tauri)	2026-01-03T05:30:34.9090650Z   CARGO_TERM_COLOR: always
check (macos-latest)	Build Check (Tauri)	2026-01-03T05:30:34.9090870Z   CACHE_ON_FAILURE: false
check (macos-latest)	Build Check (Tauri)	2026-01-03T05:30:34.9091920Z   GITHUB_TOKEN: ***
check (macos-latest)	Build Check (Tauri)	2026-01-03T05:30:34.9092150Z ##[endgroup]
check (macos-latest)	Build Check (Tauri)	2026-01-03T05:30:35.0853440Z 
check (macos-latest)	Build Check (Tauri)	2026-01-03T05:30:35.0853870Z > app@0.1.2 tauri
check (macos-latest)	Build Check (Tauri)	2026-01-03T05:30:35.0854210Z > tauri build --no-bundle
check (macos-latest)	Build Check (Tauri)	2026-01-03T05:30:35.0854350Z 
check (macos-latest)	Build Check (Tauri)	2026-01-03T05:30:35.5778510Z         Info Looking up installed tauri packages to check mismatched versions...
check (macos-latest)	Build Check (Tauri)	2026-01-03T05:30:35.9128920Z      Running beforeBuildCommand `npm run build`
check (macos-latest)	Build Check (Tauri)	2026-01-03T05:30:36.0892020Z 
check (macos-latest)	Build Check (Tauri)	2026-01-03T05:30:36.0896750Z > app@0.1.2 build
check (macos-latest)	Build Check (Tauri)	2026-01-03T05:30:36.0899640Z > tsc && vite build
check (macos-latest)	Build Check (Tauri)	2026-01-03T05:30:36.0902380Z 
check (macos-latest)	Build Check (Tauri)	2026-01-03T05:30:38.1812960Z [36mvite v7.3.0 [32mbuilding client environment for production...[36m[39m
check (macos-latest)	Build Check (Tauri)	2026-01-03T05:30:38.4378670Z transforming...
check (macos-latest)	Build Check (Tauri)	2026-01-03T05:30:43.2426210Z [32mâœ“[39m 2146 modules transformed.
check (macos-latest)	Build Check (Tauri)	2026-01-03T05:30:43.3852200Z rendering chunks...
check (macos-latest)	Build Check (Tauri)	2026-01-03T05:30:43.5274520Z [33m[plugin vite:reporter] 
check (macos-latest)	Build Check (Tauri)	2026-01-03T05:30:43.5418090Z (!) /Users/runner/work/screen_inu/screen_inu/app/node_modules/@tauri-apps/plugin-global-shortcut/dist-js/index.js is dynamically imported by /Users/runner/work/screen_inu/screen_inu/app/src/App.tsx, /Users/runner/work/screen_inu/screen_inu/app/src/App.tsx but also statically imported by /Users/runner/work/screen_inu/screen_inu/app/src/App.tsx, dynamic import will not move module into another chunk.
check (macos-latest)	Build Check (Tauri)	2026-01-03T05:30:43.5520680Z [39m
check (macos-latest)	Build Check (Tauri)	2026-01-03T05:30:43.5521060Z computing gzip size...
check (macos-latest)	Build Check (Tauri)	2026-01-03T05:30:43.5622750Z [33m[plugin vite:reporter] 
check (macos-latest)	Build Check (Tauri)	2026-01-03T05:30:43.5726290Z (!) /Users/runner/work/screen_inu/screen_inu/app/node_modules/@tauri-apps/api/event.js is dynamically imported by /Users/runner/work/screen_inu/screen_inu/app/src/App.tsx but also statically imported by /Users/runner/work/screen_inu/screen_inu/app/node_modules/@tauri-apps/api/webview.js, /Users/runner/work/screen_inu/screen_inu/app/node_modules/@tauri-apps/api/webviewWindow.js, /Users/runner/work/screen_inu/screen_inu/app/node_modules/@tauri-apps/api/window.js, dynamic import will not move module into another chunk.
check (macos-latest)	Build Check (Tauri)	2026-01-03T05:30:43.5829810Z [39m
check (macos-latest)	Build Check (Tauri)	2026-01-03T05:30:43.5830590Z [2mdist/[22m[32mindex.html                 [39m[1m[2m  0.46 kB[22m[1m[22m[2m â”‚ gzip:   0.29 kB[22m
check (macos-latest)	Build Check (Tauri)	2026-01-03T05:30:43.5933160Z [2mdist/[22m[2massets/[22m[35mindex-DIyAXPPB.css  [39m[1m[2m 28.17 kB[22m[1m[22m[2m â”‚ gzip:   5.72 kB[22m
check (macos-latest)	Build Check (Tauri)	2026-01-03T05:30:43.6041020Z [2mdist/[22m[2massets/[22m[36mindex-DyaSUWkw.js   [39m[1m[2m  0.13 kB[22m[1m[22m[2m â”‚ gzip:   0.14 kB[22m
check (macos-latest)	Build Check (Tauri)	2026-01-03T05:30:43.6097340Z [2mdist/[22m[2massets/[22m[36mindex-C-ji12Fq.js   [39m[1m[2m427.04 kB[22m[1m[22m[2m â”‚ gzip: 134.33 kB[22m
check (macos-latest)	Build Check (Tauri)	2026-01-03T05:30:43.6098770Z [32mâœ“ built in 5.38s[39m
check (macos-latest)	Build Check (Tauri)	2026-01-03T05:30:44.7036400Z [1m[92m    Updating[0m crates.io index
check (macos-latest)	Build Check (Tauri)	2026-01-03T05:30:49.0114630Z [1m[92m   Compiling[0m screen-inu v0.1.0 (/Users/runner/work/screen_inu/screen_inu/app/src-tauri)
check (macos-latest)	Build Check (Tauri)	2026-01-03T05:30:52.6621650Z [1m[91merror[0m: failed to run custom build command for `screen-inu v0.1.0 (/Users/runner/work/screen_inu/screen_inu/app/src-tauri)`
check (macos-latest)	Build Check (Tauri)	2026-01-03T05:30:52.6622200Z 
check (macos-latest)	Build Check (Tauri)	2026-01-03T05:30:52.6622360Z Caused by:
check (macos-latest)	Build Check (Tauri)	2026-01-03T05:30:52.6623230Z   process didn't exit successfully: `/Users/runner/work/screen_inu/screen_inu/app/src-tauri/target/release/build/screen-inu-caaf31c2d001df2e/build-script-build` (exit status: 1)
check (macos-latest)	Build Check (Tauri)	2026-01-03T05:30:52.6624010Z   --- stdout
check (macos-latest)	Build Check (Tauri)	2026-01-03T05:30:52.6624350Z   cargo:rerun-if-env-changed=TAURI_CONFIG
check (macos-latest)	Build Check (Tauri)	2026-01-03T05:30:52.6624700Z   cargo:rustc-check-cfg=cfg(desktop)
check (macos-latest)	Build Check (Tauri)	2026-01-03T05:30:52.6625410Z   cargo:rustc-cfg=desktop
check (macos-latest)	Build Check (Tauri)	2026-01-03T05:30:52.6627590Z   cargo:rustc-check-cfg=cfg(mobile)
check (macos-latest)	Build Check (Tauri)	2026-01-03T05:30:52.6629750Z   cargo:rerun-if-changed=/Users/runner/work/screen_inu/screen_inu/app/src-tauri/tauri.conf.json
check (macos-latest)	Build Check (Tauri)	2026-01-03T05:30:52.6632200Z   cargo:rustc-env=TAURI_ANDROID_PACKAGE_NAME_APP_NAME=screeninu
check (macos-latest)	Build Check (Tauri)	2026-01-03T05:30:52.6632710Z   cargo:rustc-env=TAURI_ANDROID_PACKAGE_NAME_PREFIX=com_iml1s
check (macos-latest)	Build Check (Tauri)	2026-01-03T05:30:52.6633230Z   cargo:rustc-check-cfg=cfg(dev)
check (macos-latest)	Build Check (Tauri)	2026-01-03T05:30:52.6634140Z   cargo:PERMISSION_FILES_PATH=/Users/runner/work/screen_inu/screen_inu/app/src-tauri/target/release/build/screen-inu-ceecbddd8c5fe986/out/app-manifest/__app__-permission-files
check (macos-latest)	Build Check (Tauri)	2026-01-03T05:30:52.6634930Z   cargo:rerun-if-changed=capabilities
check (macos-latest)	Build Check (Tauri)	2026-01-03T05:30:52.6635450Z   cargo:rerun-if-env-changed=REMOVE_UNUSED_COMMANDS
check (macos-latest)	Build Check (Tauri)	2026-01-03T05:30:52.6635890Z   cargo:rustc-env=TAURI_ENV_TARGET_TRIPLE=aarch64-apple-darwin
check (macos-latest)	Build Check (Tauri)	2026-01-03T05:30:52.6636530Z   resource path `binaries/tesseract-aarch64-apple-darwin` doesn't exist
check (macos-latest)	Build Check (Tauri)	2026-01-03T05:30:52.7078590Z failed to build app: failed to build app
check (macos-latest)	Build Check (Tauri)	2026-01-03T05:30:52.7096050Z        Error failed to build app: failed to build app
check (macos-latest)	Build Check (Tauri)	2026-01-03T05:30:52.7368840Z ##[error]Process completed with exit code 1.
check (macos-latest)	Post Checkout repository	ï»¿2026-01-03T05:30:52.7532530Z Post job cleanup.
check (macos-latest)	Post Checkout repository	2026-01-03T05:30:53.1066620Z [command]/opt/homebrew/bin/git version
check (macos-latest)	Post Checkout repository	2026-01-03T05:30:53.1306500Z git version 2.50.1
check (macos-latest)	Post Checkout repository	2026-01-03T05:30:53.1349630Z Copying '/Users/runner/.gitconfig' to '/Users/runner/work/_temp/10462f17-e73d-406d-8391-e696b1cd2dcf/.gitconfig'
check (macos-latest)	Post Checkout repository	2026-01-03T05:30:53.1363900Z Temporarily overriding HOME='/Users/runner/work/_temp/10462f17-e73d-406d-8391-e696b1cd2dcf' before making global git config changes
check (macos-latest)	Post Checkout repository	2026-01-03T05:30:53.1364770Z Adding repository directory to the temporary git global config as a safe directory
check (macos-latest)	Post Checkout repository	2026-01-03T05:30:53.1365420Z [command]/opt/homebrew/bin/git config --global --add safe.directory /Users/runner/work/screen_inu/screen_inu
check (macos-latest)	Post Checkout repository	2026-01-03T05:30:53.1496120Z [command]/opt/homebrew/bin/git config --local --name-only --get-regexp core\.sshCommand
check (macos-latest)	Post Checkout repository	2026-01-03T05:30:53.1564240Z [command]/opt/homebrew/bin/git submodule foreach --recursive sh -c "git config --local --name-only --get-regexp 'core\.sshCommand' && git config --local --unset-all 'core.sshCommand' || :"
check (macos-latest)	Post Checkout repository	2026-01-03T05:30:53.2653450Z [command]/opt/homebrew/bin/git config --local --name-only --get-regexp http\.https\:\/\/github\.com\/\.extraheader
check (macos-latest)	Post Checkout repository	2026-01-03T05:30:53.2719950Z http.https://github.com/.extraheader
check (macos-latest)	Post Checkout repository	2026-01-03T05:30:53.2733180Z [command]/opt/homebrew/bin/git config --local --unset-all http.https://github.com/.extraheader
check (macos-latest)	Post Checkout repository	2026-01-03T05:30:53.2974410Z [command]/opt/homebrew/bin/git submodule foreach --recursive sh -c "git config --local --name-only --get-regexp 'http\.https\:\/\/github\.com\/\.extraheader' && git config --local --unset-all 'http.https://github.com/.extraheader' || :"
check (macos-latest)	Post Checkout repository	2026-01-03T05:30:53.4100540Z [command]/opt/homebrew/bin/git config --local --name-only --get-regexp ^includeIf\.gitdir:
check (macos-latest)	Post Checkout repository	2026-01-03T05:30:53.4171420Z [command]/opt/homebrew/bin/git submodule foreach --recursive git config --local --show-origin --name-only --get-regexp remote.origin.url
check (macos-latest)	Complete job	ï»¿2026-01-03T05:30:53.6057100Z Cleaning up orphan processes
