2026-01-06T08:12:35.7758949Z Current runner version: '2.330.0'
2026-01-06T08:12:35.7789396Z ##[group]Runner Image Provisioner
2026-01-06T08:12:35.7790441Z Hosted Compute Agent
2026-01-06T08:12:35.7791227Z Version: 20251211.462
2026-01-06T08:12:35.7792063Z Commit: 6cbad8c2bb55d58165063d031ccabf57e2d2db61
2026-01-06T08:12:35.7793054Z Build Date: 2025-12-11T16:28:49Z
2026-01-06T08:12:35.7793906Z Worker ID: {8f14b7f2-fc30-47fd-ba29-68dafa43b4e9}
2026-01-06T08:12:35.7794492Z ##[endgroup]
2026-01-06T08:12:35.7794951Z ##[group]Operating System
2026-01-06T08:12:35.7795473Z Microsoft Windows Server 2025
2026-01-06T08:12:35.7796012Z 10.0.26100
2026-01-06T08:12:35.7796389Z Datacenter
2026-01-06T08:12:35.7796788Z ##[endgroup]
2026-01-06T08:12:35.7797217Z ##[group]Runner Image
2026-01-06T08:12:35.7797656Z Image: windows-2025
2026-01-06T08:12:35.7798118Z Version: 20251216.149.1
2026-01-06T08:12:35.7799402Z Included Software: https://github.com/actions/runner-images/blob/win25/20251216.149/images/windows/Windows2025-Readme.md
2026-01-06T08:12:35.7800774Z Image Release: https://github.com/actions/runner-images/releases/tag/win25%2F20251216.149
2026-01-06T08:12:35.7801623Z ##[endgroup]
2026-01-06T08:12:35.7802578Z ##[group]GITHUB_TOKEN Permissions
2026-01-06T08:12:35.7805831Z Contents: read
2026-01-06T08:12:35.7806289Z Metadata: read
2026-01-06T08:12:35.7806788Z Packages: read
2026-01-06T08:12:35.7807263Z ##[endgroup]
2026-01-06T08:12:35.7809156Z Secret source: Actions
2026-01-06T08:12:35.7809795Z Prepare workflow directory
2026-01-06T08:12:35.8170836Z Prepare all required actions
2026-01-06T08:12:35.8209483Z Getting action download info
2026-01-06T08:12:36.1978124Z Download action repository 'actions/checkout@v4' (SHA:34e114876b0b11c390a56381ad16ebd13914f8d5)
2026-01-06T08:12:36.3301948Z Download action repository 'actions/setup-node@v4' (SHA:49933ea5288caeca8642d1e84afbd3f7d6820020)
2026-01-06T08:12:36.4897088Z Download action repository 'dtolnay/rust-toolchain@stable' (SHA:4be9e76fd7c4901c61fb841f559994984270fce7)
2026-01-06T08:12:36.9250016Z Download action repository 'Swatinem/rust-cache@v2' (SHA:779680da715d629ac1d338a641029a2f4372abb5)
2026-01-06T08:12:37.8951507Z Complete job name: test
2026-01-06T08:12:38.1133563Z ##[group]Run actions/checkout@v4
2026-01-06T08:12:38.1134885Z with:
2026-01-06T08:12:38.1135590Z   repository: ImL1s/screen_inu
2026-01-06T08:12:38.1136643Z   token: ***
2026-01-06T08:12:38.1137328Z   ssh-strict: true
2026-01-06T08:12:38.1138043Z   ssh-user: git
2026-01-06T08:12:38.1138756Z   persist-credentials: true
2026-01-06T08:12:38.1139542Z   clean: true
2026-01-06T08:12:38.1140264Z   sparse-checkout-cone-mode: true
2026-01-06T08:12:38.1141128Z   fetch-depth: 1
2026-01-06T08:12:38.1141824Z   fetch-tags: false
2026-01-06T08:12:38.1142544Z   show-progress: true
2026-01-06T08:12:38.1143265Z   lfs: false
2026-01-06T08:12:38.1143930Z   submodules: false
2026-01-06T08:12:38.1144649Z   set-safe-directory: true
2026-01-06T08:12:38.1145646Z ##[endgroup]
2026-01-06T08:12:38.3005713Z Syncing repository: ImL1s/screen_inu
2026-01-06T08:12:38.3008073Z ##[group]Getting Git version info
2026-01-06T08:12:38.3009165Z Working directory is 'D:\a\screen_inu\screen_inu'
2026-01-06T08:12:38.3950044Z [command]"C:\Program Files\Git\bin\git.exe" version
2026-01-06T08:12:39.1301799Z git version 2.52.0.windows.1
2026-01-06T08:12:39.1354897Z ##[endgroup]
2026-01-06T08:12:39.1376286Z Temporarily overriding HOME='D:\a\_temp\5ec7a085-14bf-4a95-91e5-a1c5b16fd9cc' before making global git config changes
2026-01-06T08:12:39.1378456Z Adding repository directory to the temporary git global config as a safe directory
2026-01-06T08:12:39.1388343Z [command]"C:\Program Files\Git\bin\git.exe" config --global --add safe.directory D:\a\screen_inu\screen_inu
2026-01-06T08:12:39.2540349Z Deleting the contents of 'D:\a\screen_inu\screen_inu'
2026-01-06T08:12:39.2547128Z ##[group]Initializing the repository
2026-01-06T08:12:39.2557263Z [command]"C:\Program Files\Git\bin\git.exe" init D:\a\screen_inu\screen_inu
2026-01-06T08:12:39.4292745Z Initialized empty Git repository in D:/a/screen_inu/screen_inu/.git/
2026-01-06T08:12:39.4348503Z [command]"C:\Program Files\Git\bin\git.exe" remote add origin https://github.com/ImL1s/screen_inu
2026-01-06T08:12:39.5189586Z ##[endgroup]
2026-01-06T08:12:39.5190291Z ##[group]Disabling automatic garbage collection
2026-01-06T08:12:39.5199490Z [command]"C:\Program Files\Git\bin\git.exe" config --local gc.auto 0
2026-01-06T08:12:39.5506399Z ##[endgroup]
2026-01-06T08:12:39.5507020Z ##[group]Setting up auth
2026-01-06T08:12:39.5507593Z [command]"C:\Program Files\Git\bin\git.exe" config --local --name-only --get-regexp core\.sshCommand
2026-01-06T08:12:39.5806779Z [command]"C:\Program Files\Git\bin\git.exe" submodule foreach --recursive "sh -c \"git config --local --name-only --get-regexp 'core\.sshCommand' && git config --local --unset-all 'core.sshCommand' || :\""
2026-01-06T08:12:41.8874622Z [command]"C:\Program Files\Git\bin\git.exe" config --local --name-only --get-regexp http\.https\:\/\/github\.com\/\.extraheader
2026-01-06T08:12:41.9165992Z [command]"C:\Program Files\Git\bin\git.exe" submodule foreach --recursive "sh -c \"git config --local --name-only --get-regexp 'http\.https\:\/\/github\.com\/\.extraheader' && git config --local --unset-all 'http.https://github.com/.extraheader' || :\""
2026-01-06T08:12:42.4772300Z [command]"C:\Program Files\Git\bin\git.exe" config --local --name-only --get-regexp ^includeIf\.gitdir:
2026-01-06T08:12:42.5089924Z [command]"C:\Program Files\Git\bin\git.exe" submodule foreach --recursive "git config --local --show-origin --name-only --get-regexp remote.origin.url"
2026-01-06T08:12:43.0341975Z [command]"C:\Program Files\Git\bin\git.exe" config --local http.https://github.com/.extraheader "AUTHORIZATION: basic ***"
2026-01-06T08:12:43.0652572Z ##[endgroup]
2026-01-06T08:12:43.0653070Z ##[group]Fetching the repository
2026-01-06T08:12:43.0666807Z [command]"C:\Program Files\Git\bin\git.exe" -c protocol.version=2 fetch --no-tags --prune --no-recurse-submodules --depth=1 origin +9376faf4110fc41e48a0289a44f617ad603621db:refs/remotes/pull/6/merge
2026-01-06T08:12:47.1326572Z From https://github.com/ImL1s/screen_inu
2026-01-06T08:12:47.1331043Z  * [new ref]         9376faf4110fc41e48a0289a44f617ad603621db -> pull/6/merge
2026-01-06T08:12:47.1514723Z ##[endgroup]
2026-01-06T08:12:47.1515430Z ##[group]Determining the checkout info
2026-01-06T08:12:47.1518804Z ##[endgroup]
2026-01-06T08:12:47.1536058Z [command]"C:\Program Files\Git\bin\git.exe" sparse-checkout disable
2026-01-06T08:12:47.1887923Z [command]"C:\Program Files\Git\bin\git.exe" config --local --unset-all extensions.worktreeConfig
2026-01-06T08:12:47.2195338Z ##[group]Checking out the ref
2026-01-06T08:12:47.2206590Z [command]"C:\Program Files\Git\bin\git.exe" checkout --progress --force refs/remotes/pull/6/merge
2026-01-06T08:12:48.5168842Z Updating files:  60% (182/300)
2026-01-06T08:12:48.5175453Z Updating files:  61% (183/300)
2026-01-06T08:12:48.5183980Z Updating files:  62% (186/300)
2026-01-06T08:12:48.5190901Z Updating files:  63% (189/300)
2026-01-06T08:12:48.5196935Z Updating files:  64% (192/300)
2026-01-06T08:12:48.5202653Z Updating files:  65% (195/300)
2026-01-06T08:12:48.5208854Z Updating files:  66% (198/300)
2026-01-06T08:12:48.5219772Z Updating files:  67% (201/300)
2026-01-06T08:12:48.5244279Z Updating files:  68% (204/300)
2026-01-06T08:12:48.6452493Z Updating files:  69% (207/300)
2026-01-06T08:12:48.8434033Z Updating files:  70% (210/300)
2026-01-06T08:12:48.9995529Z Updating files:  71% (213/300)
2026-01-06T08:12:49.0004134Z Updating files:  72% (216/300)
2026-01-06T08:12:49.0010631Z Updating files:  73% (219/300)
2026-01-06T08:12:49.0018951Z Updating files:  74% (222/300)
2026-01-06T08:12:49.0038164Z Updating files:  75% (225/300)
2026-01-06T08:12:49.0098239Z Updating files:  76% (228/300)
2026-01-06T08:12:49.0115524Z Updating files:  77% (231/300)
2026-01-06T08:12:49.0125764Z Updating files:  78% (234/300)
2026-01-06T08:12:49.0135861Z Updating files:  79% (237/300)
2026-01-06T08:12:49.0144930Z Updating files:  80% (240/300)
2026-01-06T08:12:49.0152710Z Updating files:  81% (243/300)
2026-01-06T08:12:49.0159990Z Updating files:  82% (246/300)
2026-01-06T08:12:49.0170076Z Updating files:  83% (249/300)
2026-01-06T08:12:49.0178190Z Updating files:  84% (252/300)
2026-01-06T08:12:49.0185378Z Updating files:  85% (255/300)
2026-01-06T08:12:49.0191452Z Updating files:  86% (258/300)
2026-01-06T08:12:49.0198154Z Updating files:  87% (261/300)
2026-01-06T08:12:49.0208803Z Updating files:  88% (264/300)
2026-01-06T08:12:49.0221130Z Updating files:  89% (267/300)
2026-01-06T08:12:49.0232092Z Updating files:  90% (270/300)
2026-01-06T08:12:49.0243610Z Updating files:  91% (273/300)
2026-01-06T08:12:49.0279999Z Updating files:  92% (276/300)
2026-01-06T08:12:49.0295853Z Updating files:  93% (279/300)
2026-01-06T08:12:49.0320990Z Updating files:  94% (282/300)
2026-01-06T08:12:49.0327990Z Updating files:  95% (285/300)
2026-01-06T08:12:49.0337483Z Updating files:  96% (288/300)
2026-01-06T08:12:49.0357350Z Updating files:  97% (291/300)
2026-01-06T08:12:49.0364212Z Updating files:  98% (294/300)
2026-01-06T08:12:49.0372256Z Updating files:  99% (297/300)
2026-01-06T08:12:49.0373074Z Updating files: 100% (300/300)
2026-01-06T08:12:49.0373865Z Updating files: 100% (300/300), done.
2026-01-06T08:12:49.0523552Z Note: switching to 'refs/remotes/pull/6/merge'.
2026-01-06T08:12:49.0524013Z 
2026-01-06T08:12:49.0524342Z You are in 'detached HEAD' state. You can look around, make experimental
2026-01-06T08:12:49.0525302Z changes and commit them, and you can discard any commits you make in this
2026-01-06T08:12:49.0526173Z state without impacting any branches by switching back to a branch.
2026-01-06T08:12:49.0526714Z 
2026-01-06T08:12:49.0527233Z If you want to create a new branch to retain commits you create, you may
2026-01-06T08:12:49.0528558Z do so (now or later) by using -c with the switch command. Example:
2026-01-06T08:12:49.0528959Z 
2026-01-06T08:12:49.0529181Z   git switch -c <new-branch-name>
2026-01-06T08:12:49.0529526Z 
2026-01-06T08:12:49.0529673Z Or undo this operation with:
2026-01-06T08:12:49.0529914Z 
2026-01-06T08:12:49.0531015Z   git switch -
2026-01-06T08:12:49.0531258Z 
2026-01-06T08:12:49.0531612Z Turn off this advice by setting config variable advice.detachedHead to false
2026-01-06T08:12:49.0532093Z 
2026-01-06T08:12:49.0532686Z HEAD is now at 9376faf Merge 8e3dc6b3794c29ea90b847a25a9caab666b27a37 into bd054e71bb22172f6ab6990b4ff82ca1a73eb3f4
2026-01-06T08:12:49.0735539Z ##[endgroup]
2026-01-06T08:12:49.1061424Z [command]"C:\Program Files\Git\bin\git.exe" log -1 --format=%H
2026-01-06T08:12:49.1328770Z 9376faf4110fc41e48a0289a44f617ad603621db
2026-01-06T08:12:49.1814824Z ##[group]Run actions/setup-node@v4
2026-01-06T08:12:49.1815101Z with:
2026-01-06T08:12:49.1815261Z   node-version: 22
2026-01-06T08:12:49.1815433Z   cache: npm
2026-01-06T08:12:49.1815636Z   cache-dependency-path: app/package-lock.json
2026-01-06T08:12:49.1815900Z   always-auth: false
2026-01-06T08:12:49.1816075Z   check-latest: false
2026-01-06T08:12:49.1816368Z   token: ***
2026-01-06T08:12:49.1816517Z ##[endgroup]
2026-01-06T08:12:49.4569529Z Found in cache @ C:\hostedtoolcache\windows\node\22.21.1\x64
2026-01-06T08:12:49.4579635Z ##[group]Environment details
2026-01-06T08:12:58.6528129Z node: v22.21.1
2026-01-06T08:12:58.6528423Z npm: 10.9.4
2026-01-06T08:12:58.6528577Z yarn: 1.22.22
2026-01-06T08:12:58.6530609Z ##[endgroup]
2026-01-06T08:12:58.7472141Z [command]C:\Windows\system32\cmd.exe /D /S /C "C:\hostedtoolcache\windows\node\22.21.1\x64\npm.cmd config get cache"
2026-01-06T08:12:59.7047226Z C:\npm\cache
2026-01-06T08:13:00.2476347Z Cache hit for: node-cache-Windows-x64-npm-1afd14348da0f230940be061caf2f50c8ddd7c794441719847974a1324e8b2e8
2026-01-06T08:13:01.4282237Z Received 42343224 of 42343224 (100.0%), 42.0 MBs/sec
2026-01-06T08:13:01.4285233Z Cache Size: ~40 MB (42343224 B)
2026-01-06T08:13:01.4355952Z [command]"C:\Program Files\Git\usr\bin\tar.exe" -xf D:/a/_temp/7d4bb2e5-1904-4267-835b-9495e76c9550/cache.tzst -P -C D:/a/screen_inu/screen_inu --force-local --use-compress-program "zstd -d"
2026-01-06T08:13:02.9040163Z Cache restored successfully
2026-01-06T08:13:02.9082400Z Cache restored from key: node-cache-Windows-x64-npm-1afd14348da0f230940be061caf2f50c8ddd7c794441719847974a1324e8b2e8
2026-01-06T08:13:02.9440340Z ##[group]Run dtolnay/rust-toolchain@stable
2026-01-06T08:13:02.9440661Z with:
2026-01-06T08:13:02.9440824Z   toolchain: stable
2026-01-06T08:13:02.9441001Z ##[endgroup]
2026-01-06T08:13:02.9660654Z ##[group]Run : parse toolchain version
2026-01-06T08:13:02.9660997Z [36;1m: parse toolchain version[0m
2026-01-06T08:13:02.9661238Z [36;1mif [[ -z $toolchain ]]; then[0m
2026-01-06T08:13:02.9661694Z [36;1m  # GitHub does not enforce `required: true` inputs itself. https://github.com/actions/runner/issues/1070[0m
2026-01-06T08:13:02.9662159Z [36;1m  echo "'toolchain' is a required input" >&2[0m
2026-01-06T08:13:02.9662413Z [36;1m  exit 1[0m
2026-01-06T08:13:02.9662688Z [36;1melif [[ $toolchain =~ ^stable' '[0-9]+' '(year|month|week|day)s?' 'ago$ ]]; then[0m
2026-01-06T08:13:02.9663030Z [36;1m  if [[ Windows == macOS ]]; then[0m
2026-01-06T08:13:02.9663480Z [36;1m    echo "toolchain=1.$((($(date -v-$(sed 's/stable \([0-9]*\) \(.\).*/\1\2/' <<< $toolchain) +%s)/60/60/24-16569)/7/6))" >> $GITHUB_OUTPUT[0m
2026-01-06T08:13:02.9663874Z [36;1m  else[0m
2026-01-06T08:13:02.9664197Z [36;1m    echo "toolchain=1.$((($(date --date "${toolchain#stable }" +%s)/60/60/24-16569)/7/6))" >> $GITHUB_OUTPUT[0m
2026-01-06T08:13:02.9664557Z [36;1m  fi[0m
2026-01-06T08:13:02.9664798Z [36;1melif [[ $toolchain =~ ^stable' 'minus' '[0-9]+' 'releases?$ ]]; then[0m
2026-01-06T08:13:02.9665232Z [36;1m  echo "toolchain=1.$((($(date +%s)/60/60/24-16569)/7/6-${toolchain//[^0-9]/}))" >> $GITHUB_OUTPUT[0m
2026-01-06T08:13:02.9665608Z [36;1melif [[ $toolchain =~ ^1\.[0-9]+$ ]]; then[0m
2026-01-06T08:13:02.9666447Z [36;1m  echo "toolchain=1.$((i=${toolchain#1.}, c=($(date +%s)/60/60/24-16569)/7/6, i+9*i*(10*i<=c)+90*i*(100*i<=c)))" >> $GITHUB_OUTPUT[0m
2026-01-06T08:13:02.9666838Z [36;1melse[0m
2026-01-06T08:13:02.9667037Z [36;1m  echo "toolchain=$toolchain" >> $GITHUB_OUTPUT[0m
2026-01-06T08:13:02.9667278Z [36;1mfi[0m
2026-01-06T08:13:02.9687950Z shell: C:\Program Files\Git\bin\bash.EXE --noprofile --norc -e -o pipefail {0}
2026-01-06T08:13:02.9688308Z env:
2026-01-06T08:13:02.9688459Z   toolchain: stable
2026-01-06T08:13:02.9688629Z ##[endgroup]
2026-01-06T08:13:03.0489895Z ##[group]Run : construct rustup command line
2026-01-06T08:13:03.0490200Z [36;1m: construct rustup command line[0m
2026-01-06T08:13:03.0490578Z [36;1mecho "targets=$(for t in ${targets//,/ }; do echo -n ' --target' $t; done)" >> $GITHUB_OUTPUT[0m
2026-01-06T08:13:03.0491093Z [36;1mecho "components=$(for c in ${components//,/ }; do echo -n ' --component' $c; done)" >> $GITHUB_OUTPUT[0m
2026-01-06T08:13:03.0491486Z [36;1mecho "downgrade=" >> $GITHUB_OUTPUT[0m
2026-01-06T08:13:03.0507125Z shell: C:\Program Files\Git\bin\bash.EXE --noprofile --norc -e -o pipefail {0}
2026-01-06T08:13:03.0507476Z env:
2026-01-06T08:13:03.0507615Z   targets: 
2026-01-06T08:13:03.0507763Z   components: 
2026-01-06T08:13:03.0507920Z ##[endgroup]
2026-01-06T08:13:03.1341025Z ##[group]Run : set $CARGO_HOME
2026-01-06T08:13:03.1341267Z [36;1m: set $CARGO_HOME[0m
2026-01-06T08:13:03.1341562Z [36;1mecho CARGO_HOME=${CARGO_HOME:-"$USERPROFILE\.cargo"} >> $GITHUB_ENV[0m
2026-01-06T08:13:03.1356126Z shell: C:\Program Files\Git\bin\bash.EXE --noprofile --norc -e -o pipefail {0}
2026-01-06T08:13:03.1356481Z ##[endgroup]
2026-01-06T08:13:03.1980207Z ##[group]Run : install rustup if needed on windows
2026-01-06T08:13:03.1980525Z [36;1m: install rustup if needed on windows[0m
2026-01-06T08:13:03.1980790Z [36;1mif ! command -v rustup &>/dev/null; then[0m
2026-01-06T08:13:03.1981433Z [36;1m  curl --proto '=https' --tlsv1.2 --retry 10 --retry-connrefused --location --silent --show-error --fail https://win.rustup.rs/x86_64 --output 'D:\a\_temp\rustup-init.exe'[0m
2026-01-06T08:13:03.1982316Z [36;1m  'D:\a\_temp\rustup-init.exe' --default-toolchain none --no-modify-path -y[0m
2026-01-06T08:13:03.1982666Z [36;1m  echo "$CARGO_HOME\bin" >> $GITHUB_PATH[0m
2026-01-06T08:13:03.1982888Z [36;1mfi[0m
2026-01-06T08:13:03.2000124Z shell: C:\Program Files\Git\bin\bash.EXE --noprofile --norc -e -o pipefail {0}
2026-01-06T08:13:03.2000559Z env:
2026-01-06T08:13:03.2000743Z   CARGO_HOME: C:\Users\runneradmin\.cargo
2026-01-06T08:13:03.2000971Z ##[endgroup]
2026-01-06T08:13:03.7168741Z ##[group]Run rustup toolchain install stable --profile minimal --no-self-update
2026-01-06T08:13:03.7169228Z [36;1mrustup toolchain install stable --profile minimal --no-self-update[0m
2026-01-06T08:13:03.7184573Z shell: C:\Program Files\Git\bin\bash.EXE --noprofile --norc -e -o pipefail {0}
2026-01-06T08:13:03.7184917Z env:
2026-01-06T08:13:03.7185088Z   CARGO_HOME: C:\Users\runneradmin\.cargo
2026-01-06T08:13:03.7185354Z   RUSTUP_PERMIT_COPY_RENAME: 1
2026-01-06T08:13:03.7185550Z ##[endgroup]
2026-01-06T08:13:11.9211951Z info: syncing channel updates for 'stable-x86_64-pc-windows-msvc'
2026-01-06T08:13:12.8505252Z 
2026-01-06T08:13:12.8702130Z   stable-x86_64-pc-windows-msvc unchanged - rustc 1.92.0 (ded5c06cf 2025-12-08)
2026-01-06T08:13:12.8703166Z 
2026-01-06T08:13:12.8914742Z ##[group]Run rustup default stable
2026-01-06T08:13:12.8914996Z [36;1mrustup default stable[0m
2026-01-06T08:13:12.8928294Z shell: C:\Program Files\Git\bin\bash.EXE --noprofile --norc -e -o pipefail {0}
2026-01-06T08:13:12.8928627Z env:
2026-01-06T08:13:12.8928802Z   CARGO_HOME: C:\Users\runneradmin\.cargo
2026-01-06T08:13:12.8929035Z ##[endgroup]
2026-01-06T08:13:12.9798495Z info: using existing install for 'stable-x86_64-pc-windows-msvc'
2026-01-06T08:13:13.0400236Z info: default toolchain set to 'stable-x86_64-pc-windows-msvc'
2026-01-06T08:13:13.0400577Z 
2026-01-06T08:13:13.0599486Z   stable-x86_64-pc-windows-msvc unchanged - rustc 1.92.0 (ded5c06cf 2025-12-08)
2026-01-06T08:13:13.0599830Z 
2026-01-06T08:13:13.0800642Z ##[group]Run : create cachekey
2026-01-06T08:13:13.0800889Z [36;1m: create cachekey[0m
2026-01-06T08:13:13.0801326Z [36;1mDATE=$(rustc +stable --version --verbose | sed -ne 's/^commit-date: \(20[0-9][0-9]\)-\([01][0-9]\)-\([0-3][0-9]\)$/\1\2\3/p')[0m
2026-01-06T08:13:13.0801866Z [36;1mHASH=$(rustc +stable --version --verbose | sed -ne 's/^commit-hash: //p')[0m
2026-01-06T08:13:13.0802289Z [36;1mecho "cachekey=$(echo $DATE$HASH | head -c12)" >> $GITHUB_OUTPUT[0m
2026-01-06T08:13:13.0816577Z shell: C:\Program Files\Git\bin\bash.EXE --noprofile --norc -e -o pipefail {0}
2026-01-06T08:13:13.0816927Z env:
2026-01-06T08:13:13.0817100Z   CARGO_HOME: C:\Users\runneradmin\.cargo
2026-01-06T08:13:13.0817345Z ##[endgroup]
2026-01-06T08:13:14.8091505Z ##[group]Run : disable incremental compilation
2026-01-06T08:13:14.8091820Z [36;1m: disable incremental compilation[0m
2026-01-06T08:13:14.8092112Z [36;1mif [ -z "${CARGO_INCREMENTAL+set}" ]; then[0m
2026-01-06T08:13:14.8092388Z [36;1m  echo CARGO_INCREMENTAL=0 >> $GITHUB_ENV[0m
2026-01-06T08:13:14.8092620Z [36;1mfi[0m
2026-01-06T08:13:14.8107874Z shell: C:\Program Files\Git\bin\bash.EXE --noprofile --norc -e -o pipefail {0}
2026-01-06T08:13:14.8108228Z env:
2026-01-06T08:13:14.8108401Z   CARGO_HOME: C:\Users\runneradmin\.cargo
2026-01-06T08:13:14.8108627Z ##[endgroup]
2026-01-06T08:13:14.8665270Z ##[group]Run : enable colors in Cargo output
2026-01-06T08:13:14.8665554Z [36;1m: enable colors in Cargo output[0m
2026-01-06T08:13:14.8665825Z [36;1mif [ -z "${CARGO_TERM_COLOR+set}" ]; then[0m
2026-01-06T08:13:14.8666110Z [36;1m  echo CARGO_TERM_COLOR=always >> $GITHUB_ENV[0m
2026-01-06T08:13:14.8666546Z [36;1mfi[0m
2026-01-06T08:13:14.8680179Z shell: C:\Program Files\Git\bin\bash.EXE --noprofile --norc -e -o pipefail {0}
2026-01-06T08:13:14.8680512Z env:
2026-01-06T08:13:14.8681409Z   CARGO_HOME: C:\Users\runneradmin\.cargo
2026-01-06T08:13:14.8681645Z   CARGO_INCREMENTAL: 0
2026-01-06T08:13:14.8681813Z ##[endgroup]
2026-01-06T08:13:14.9250016Z ##[group]Run : enable Cargo sparse registry
2026-01-06T08:13:14.9250315Z [36;1m: enable Cargo sparse registry[0m
2026-01-06T08:13:14.9251301Z [36;1m# implemented in 1.66, stabilized in 1.68, made default in 1.70[0m
2026-01-06T08:13:14.9251899Z [36;1mif [ -z "${CARGO_REGISTRIES_CRATES_IO_PROTOCOL+set}" -o -f "D:\a\_temp"/.implicit_cargo_registries_crates_io_protocol ]; then[0m
2026-01-06T08:13:14.9252481Z [36;1m  if rustc +stable --version --verbose | grep -q '^release: 1\.6[89]\.'; then[0m
2026-01-06T08:13:14.9252919Z [36;1m    touch "D:\a\_temp"/.implicit_cargo_registries_crates_io_protocol || true[0m
2026-01-06T08:13:14.9253327Z [36;1m    echo CARGO_REGISTRIES_CRATES_IO_PROTOCOL=sparse >> $GITHUB_ENV[0m
2026-01-06T08:13:14.9253755Z [36;1m  elif rustc +stable --version --verbose | grep -q '^release: 1\.6[67]\.'; then[0m
2026-01-06T08:13:14.9254203Z [36;1m    touch "D:\a\_temp"/.implicit_cargo_registries_crates_io_protocol || true[0m
2026-01-06T08:13:14.9254603Z [36;1m    echo CARGO_REGISTRIES_CRATES_IO_PROTOCOL=git >> $GITHUB_ENV[0m
2026-01-06T08:13:14.9254888Z [36;1m  fi[0m
2026-01-06T08:13:14.9255042Z [36;1mfi[0m
2026-01-06T08:13:14.9269611Z shell: C:\Program Files\Git\bin\bash.EXE --noprofile --norc -e -o pipefail {0}
2026-01-06T08:13:14.9269959Z env:
2026-01-06T08:13:14.9270133Z   CARGO_HOME: C:\Users\runneradmin\.cargo
2026-01-06T08:13:14.9270380Z   CARGO_INCREMENTAL: 0
2026-01-06T08:13:14.9270559Z   CARGO_TERM_COLOR: always
2026-01-06T08:13:14.9270752Z ##[endgroup]
2026-01-06T08:13:15.1470434Z ##[group]Run : work around spurious network errors in curl 8.0
2026-01-06T08:13:15.1470985Z [36;1m: work around spurious network errors in curl 8.0[0m
2026-01-06T08:13:15.1471479Z [36;1m# https://rust-lang.zulipchat.com/#narrow/stream/246057-t-cargo/topic/timeout.20investigation[0m
2026-01-06T08:13:15.1472575Z [36;1mif rustc +stable --version --verbose | grep -q '^release: 1\.7[01]\.'; then[0m
2026-01-06T08:13:15.1474830Z [36;1m  echo CARGO_HTTP_MULTIPLEXING=false >> $GITHUB_ENV[0m
2026-01-06T08:13:15.1475471Z [36;1mfi[0m
2026-01-06T08:13:15.1491669Z shell: C:\Program Files\Git\bin\bash.EXE --noprofile --norc -e -o pipefail {0}
2026-01-06T08:13:15.1492016Z env:
2026-01-06T08:13:15.1492332Z   CARGO_HOME: C:\Users\runneradmin\.cargo
2026-01-06T08:13:15.1492663Z   CARGO_INCREMENTAL: 0
2026-01-06T08:13:15.1492844Z   CARGO_TERM_COLOR: always
2026-01-06T08:13:15.1493031Z ##[endgroup]
2026-01-06T08:13:15.2907197Z ##[group]Run rustc +stable --version --verbose
2026-01-06T08:13:15.2907700Z [36;1mrustc +stable --version --verbose[0m
2026-01-06T08:13:15.2930931Z shell: C:\Program Files\Git\bin\bash.EXE --noprofile --norc -e -o pipefail {0}
2026-01-06T08:13:15.2931526Z env:
2026-01-06T08:13:15.2931803Z   CARGO_HOME: C:\Users\runneradmin\.cargo
2026-01-06T08:13:15.2932207Z   CARGO_INCREMENTAL: 0
2026-01-06T08:13:15.2932535Z   CARGO_TERM_COLOR: always
2026-01-06T08:13:15.2932856Z ##[endgroup]
2026-01-06T08:13:15.3773746Z rustc 1.92.0 (ded5c06cf 2025-12-08)
2026-01-06T08:13:15.3774335Z binary: rustc
2026-01-06T08:13:15.3775206Z commit-hash: ded5c06cf21d2b93bffd5d884aa6e96934ee4234
2026-01-06T08:13:15.3775837Z commit-date: 2025-12-08
2026-01-06T08:13:15.3776340Z host: x86_64-pc-windows-msvc
2026-01-06T08:13:15.3776803Z release: 1.92.0
2026-01-06T08:13:15.3777195Z LLVM version: 21.1.3
2026-01-06T08:13:15.4065983Z ##[group]Run Swatinem/rust-cache@v2
2026-01-06T08:13:15.4066259Z with:
2026-01-06T08:13:15.4066435Z   workspaces: ./app/src-tauri -> target
2026-01-06T08:13:15.4066676Z   prefix-key: v0-rust
2026-01-06T08:13:15.4066861Z   add-job-id-key: true
2026-01-06T08:13:15.4067054Z   add-rust-environment-hash-key: true
2026-01-06T08:13:15.4067283Z   cache-targets: true
2026-01-06T08:13:15.4067462Z   cache-all-crates: false
2026-01-06T08:13:15.4067653Z   cache-workspace-crates: false
2026-01-06T08:13:15.4068047Z   save-if: true
2026-01-06T08:13:15.4068216Z   cache-provider: github
2026-01-06T08:13:15.4068395Z   cache-bin: true
2026-01-06T08:13:15.4068557Z   lookup-only: false
2026-01-06T08:13:15.4068720Z env:
2026-01-06T08:13:15.4068878Z   CARGO_HOME: C:\Users\runneradmin\.cargo
2026-01-06T08:13:15.4069104Z   CARGO_INCREMENTAL: 0
2026-01-06T08:13:15.4069281Z   CARGO_TERM_COLOR: always
2026-01-06T08:13:15.4069454Z ##[endgroup]
2026-01-06T08:13:20.2877716Z ##[group]Cache Configuration
2026-01-06T08:13:20.2916514Z Cache Provider:
2026-01-06T08:13:20.2931586Z     github
2026-01-06T08:13:20.2932199Z Workspaces:
2026-01-06T08:13:20.2932599Z     D:\a\screen_inu\screen_inu\app\src-tauri
2026-01-06T08:13:20.2933022Z Cache Paths:
2026-01-06T08:13:20.2933961Z     C:\Users\runneradmin\.cargo\bin
2026-01-06T08:13:20.2934463Z     C:\Users\runneradmin\.cargo\.crates.toml
2026-01-06T08:13:20.2944362Z     C:\Users\runneradmin\.cargo\.crates2.json
2026-01-06T08:13:20.2945111Z     C:\Users\runneradmin\.cargo\registry
2026-01-06T08:13:20.2946132Z     C:\Users\runneradmin\.cargo\git
2026-01-06T08:13:20.2947001Z     D:\a\screen_inu\screen_inu\app\src-tauri\target
2026-01-06T08:13:20.2948271Z Restore Key:
2026-01-06T08:13:20.2949287Z     v0-rust-test-Windows_NT-x64-7a6c70a5
2026-01-06T08:13:20.2950218Z Cache Key:
2026-01-06T08:13:20.2950666Z     v0-rust-test-Windows_NT-x64-7a6c70a5-f0b09920
2026-01-06T08:13:20.2951636Z .. Prefix:
2026-01-06T08:13:20.2952006Z   - v0-rust-test-Windows_NT-x64
2026-01-06T08:13:20.2953095Z .. Environment considered:
2026-01-06T08:13:20.2954344Z   - Rust Version: 1.92.0 x86_64-pc-windows-msvc (ded5c06cf21d2b93bffd5d884aa6e96934ee4234)
2026-01-06T08:13:20.2955534Z   - CARGO_HOME
2026-01-06T08:13:20.2955873Z   - CARGO_INCREMENTAL
2026-01-06T08:13:20.2956689Z   - CARGO_TERM_COLOR
2026-01-06T08:13:20.2957109Z .. Lockfiles considered:
2026-01-06T08:13:20.2958085Z   - D:\a\screen_inu\screen_inu\app\src-tauri\Cargo.lock
2026-01-06T08:13:20.2958760Z   - D:\a\screen_inu\screen_inu\app\src-tauri\Cargo.toml
2026-01-06T08:13:20.2959999Z ##[endgroup]
2026-01-06T08:13:20.2960187Z 
2026-01-06T08:13:20.2960708Z ... Restoring cache ...
2026-01-06T08:13:20.6412856Z Cache hit for restore-key: v0-rust-test-Windows_NT-x64-7a6c70a5-4900814c
2026-01-06T08:13:21.8784852Z Received 58720256 of 880901010 (6.7%), 55.7 MBs/sec
2026-01-06T08:13:22.8904096Z Received 188743680 of 880901010 (21.4%), 89.2 MBs/sec
2026-01-06T08:13:23.8909067Z Received 339738624 of 880901010 (38.6%), 107.4 MBs/sec
2026-01-06T08:13:24.9034827Z Received 398458880 of 880901010 (45.2%), 94.3 MBs/sec
2026-01-06T08:13:25.9149082Z Received 494927872 of 880901010 (56.2%), 93.6 MBs/sec
2026-01-06T08:13:26.9174504Z Received 637534208 of 880901010 (72.4%), 100.6 MBs/sec
2026-01-06T08:13:27.9302026Z Received 775946240 of 880901010 (88.1%), 105.0 MBs/sec
2026-01-06T08:13:28.7762006Z Received 880901010 of 880901010 (100.0%), 106.3 MBs/sec
2026-01-06T08:13:28.7766580Z Cache Size: ~840 MB (880901010 B)
2026-01-06T08:13:28.7882964Z [command]"C:\Program Files\Git\usr\bin\tar.exe" -xf D:/a/_temp/70e07363-f599-47ea-ad57-ebc026481379/cache.tzst -P -C D:/a/screen_inu/screen_inu --force-local --use-compress-program "zstd -d"
2026-01-06T08:13:49.1813106Z Cache restored successfully
2026-01-06T08:13:49.2413207Z Restored from cache key "v0-rust-test-Windows_NT-x64-7a6c70a5-4900814c" full match: false.
2026-01-06T08:13:49.2783294Z ##[group]Run mkdir -p app/src-tauri/binaries
2026-01-06T08:13:49.2783702Z [36;1mmkdir -p app/src-tauri/binaries[0m
2026-01-06T08:13:49.2784094Z [36;1mtouch app/src-tauri/binaries/tesseract-x86_64-pc-windows-msvc.exe[0m
2026-01-06T08:13:49.2805129Z shell: C:\Program Files\Git\bin\bash.EXE --noprofile --norc -e -o pipefail {0}
2026-01-06T08:13:49.2805663Z env:
2026-01-06T08:13:49.2805912Z   CARGO_HOME: C:\Users\runneradmin\.cargo
2026-01-06T08:13:49.2806168Z   CARGO_INCREMENTAL: 0
2026-01-06T08:13:49.2806366Z   CARGO_TERM_COLOR: always
2026-01-06T08:13:49.2806569Z   CACHE_ON_FAILURE: false
2026-01-06T08:13:49.2806970Z ##[endgroup]
2026-01-06T08:13:49.3796476Z ##[group]Run npm install
2026-01-06T08:13:49.3796774Z [36;1mnpm install[0m
2026-01-06T08:13:49.3796998Z [36;1mnpx playwright install chromium[0m
2026-01-06T08:13:49.4310520Z shell: C:\Program Files\PowerShell\7\pwsh.EXE -command ". '{0}'"
2026-01-06T08:13:49.4310840Z env:
2026-01-06T08:13:49.4311030Z   CARGO_HOME: C:\Users\runneradmin\.cargo
2026-01-06T08:13:49.4311271Z   CARGO_INCREMENTAL: 0
2026-01-06T08:13:49.4311461Z   CARGO_TERM_COLOR: always
2026-01-06T08:13:49.4311665Z   CACHE_ON_FAILURE: false
2026-01-06T08:13:49.4311863Z ##[endgroup]
2026-01-06T08:14:10.7992994Z 
2026-01-06T08:14:10.7993693Z added 200 packages, and audited 201 packages in 11s
2026-01-06T08:14:10.7994109Z 
2026-01-06T08:14:10.7996041Z 36 packages are looking for funding
2026-01-06T08:14:10.7996382Z   run `npm fund` for details
2026-01-06T08:14:10.8007211Z 
2026-01-06T08:14:10.8007574Z found 0 vulnerabilities
2026-01-06T08:14:13.7090721Z Downloading Chromium 143.0.7499.4 (playwright build v1200)[2m from https://cdn.playwright.dev/dbazure/download/playwright/builds/chromium/1200/chromium-win64.zip[22m
2026-01-06T08:14:14.0055402Z |                                                                                |   0% of 169.8 MiB
2026-01-06T08:14:14.2848314Z |■■■■■■■■                                                                        |  10% of 169.8 MiB
2026-01-06T08:14:14.4899069Z |■■■■■■■■■■■■■■■■                                                                |  20% of 169.8 MiB
2026-01-06T08:14:14.6561048Z |■■■■■■■■■■■■■■■■■■■■■■■■                                                        |  30% of 169.8 MiB
2026-01-06T08:14:14.8351246Z |■■■■■■■■■■■■■■■■■■■■■■■■■■■■■■■■                                                |  40% of 169.8 MiB
2026-01-06T08:14:14.9983966Z |■■■■■■■■■■■■■■■■■■■■■■■■■■■■■■■■■■■■■■■■                                        |  50% of 169.8 MiB
2026-01-06T08:14:15.1524132Z |■■■■■■■■■■■■■■■■■■■■■■■■■■■■■■■■■■■■■■■■■■■■■■■■                                |  60% of 169.8 MiB
2026-01-06T08:14:15.3080955Z |■■■■■■■■■■■■■■■■■■■■■■■■■■■■■■■■■■■■■■■■■■■■■■■■■■■■■■■■                        |  70% of 169.8 MiB
2026-01-06T08:14:15.4656579Z |■■■■■■■■■■■■■■■■■■■■■■■■■■■■■■■■■■■■■■■■■■■■■■■■■■■■■■■■■■■■■■■■                |  80% of 169.8 MiB
2026-01-06T08:14:15.6224881Z |■■■■■■■■■■■■■■■■■■■■■■■■■■■■■■■■■■■■■■■■■■■■■■■■■■■■■■■■■■■■■■■■■■■■■■■■        |  90% of 169.8 MiB
2026-01-06T08:14:15.7748126Z |■■■■■■■■■■■■■■■■■■■■■■■■■■■■■■■■■■■■■■■■■■■■■■■■■■■■■■■■■■■■■■■■■■■■■■■■■■■■■■■■| 100% of 169.8 MiB
2026-01-06T08:14:21.2869695Z Chromium 143.0.7499.4 (playwright build v1200) downloaded to C:\Users\runneradmin\AppData\Local\ms-playwright\chromium-1200
2026-01-06T08:14:21.2877610Z Downloading FFMPEG playwright build v1011[2m from https://cdn.playwright.dev/dbazure/download/playwright/builds/ffmpeg/1011/ffmpeg-win64.zip[22m
2026-01-06T08:14:21.5684804Z |                                                                                |   1% of 1.3 MiB
2026-01-06T08:14:21.5922036Z |■■■■■■■■                                                                        |  10% of 1.3 MiB
2026-01-06T08:14:21.6116503Z |■■■■■■■■■■■■■■■■                                                                |  20% of 1.3 MiB
2026-01-06T08:14:21.6199297Z |■■■■■■■■■■■■■■■■■■■■■■■■                                                        |  30% of 1.3 MiB
2026-01-06T08:14:21.6296786Z |■■■■■■■■■■■■■■■■■■■■■■■■■■■■■■■■                                                |  40% of 1.3 MiB
2026-01-06T08:14:21.6350444Z |■■■■■■■■■■■■■■■■■■■■■■■■■■■■■■■■■■■■■■■■                                        |  51% of 1.3 MiB
2026-01-06T08:14:21.6409328Z |■■■■■■■■■■■■■■■■■■■■■■■■■■■■■■■■■■■■■■■■■■■■■■■■                                |  61% of 1.3 MiB
2026-01-06T08:14:21.6441718Z |■■■■■■■■■■■■■■■■■■■■■■■■■■■■■■■■■■■■■■■■■■■■■■■■■■■■■■■■                        |  70% of 1.3 MiB
2026-01-06T08:14:21.6475282Z |■■■■■■■■■■■■■■■■■■■■■■■■■■■■■■■■■■■■■■■■■■■■■■■■■■■■■■■■■■■■■■■■                |  80% of 1.3 MiB
2026-01-06T08:14:21.6524212Z |■■■■■■■■■■■■■■■■■■■■■■■■■■■■■■■■■■■■■■■■■■■■■■■■■■■■■■■■■■■■■■■■■■■■■■■■        |  90% of 1.3 MiB
2026-01-06T08:14:21.6549983Z |■■■■■■■■■■■■■■■■■■■■■■■■■■■■■■■■■■■■■■■■■■■■■■■■■■■■■■■■■■■■■■■■■■■■■■■■■■■■■■■■| 100% of 1.3 MiB
2026-01-06T08:14:21.7274376Z FFMPEG playwright build v1011 downloaded to C:\Users\runneradmin\AppData\Local\ms-playwright\ffmpeg-1011
2026-01-06T08:14:21.7282128Z Downloading Chromium Headless Shell 143.0.7499.4 (playwright build v1200)[2m from https://cdn.playwright.dev/dbazure/download/playwright/builds/chromium/1200/chromium-headless-shell-win64.zip[22m
2026-01-06T08:14:21.9982774Z |                                                                                |   0% of 107.2 MiB
2026-01-06T08:14:22.2189724Z |■■■■■■■■                                                                        |  10% of 107.2 MiB
2026-01-06T08:14:22.3453194Z |■■■■■■■■■■■■■■■■                                                                |  20% of 107.2 MiB
2026-01-06T08:14:22.4943560Z |■■■■■■■■■■■■■■■■■■■■■■■■                                                        |  30% of 107.2 MiB
2026-01-06T08:14:22.6420583Z |■■■■■■■■■■■■■■■■■■■■■■■■■■■■■■■■                                                |  40% of 107.2 MiB
2026-01-06T08:14:22.7674640Z |■■■■■■■■■■■■■■■■■■■■■■■■■■■■■■■■■■■■■■■■                                        |  50% of 107.2 MiB
2026-01-06T08:14:22.8983537Z |■■■■■■■■■■■■■■■■■■■■■■■■■■■■■■■■■■■■■■■■■■■■■■■■                                |  60% of 107.2 MiB
2026-01-06T08:14:23.0065913Z |■■■■■■■■■■■■■■■■■■■■■■■■■■■■■■■■■■■■■■■■■■■■■■■■■■■■■■■■                        |  70% of 107.2 MiB
2026-01-06T08:14:23.1156574Z |■■■■■■■■■■■■■■■■■■■■■■■■■■■■■■■■■■■■■■■■■■■■■■■■■■■■■■■■■■■■■■■■                |  80% of 107.2 MiB
2026-01-06T08:14:23.2123492Z |■■■■■■■■■■■■■■■■■■■■■■■■■■■■■■■■■■■■■■■■■■■■■■■■■■■■■■■■■■■■■■■■■■■■■■■■        |  90% of 107.2 MiB
2026-01-06T08:14:23.3075263Z |■■■■■■■■■■■■■■■■■■■■■■■■■■■■■■■■■■■■■■■■■■■■■■■■■■■■■■■■■■■■■■■■■■■■■■■■■■■■■■■■| 100% of 107.2 MiB
2026-01-06T08:14:27.4938407Z Chromium Headless Shell 143.0.7499.4 (playwright build v1200) downloaded to C:\Users\runneradmin\AppData\Local\ms-playwright\chromium_headless_shell-1200
2026-01-06T08:14:27.4945236Z Downloading Winldd playwright build v1007[2m from https://cdn.playwright.dev/dbazure/download/playwright/builds/winldd/1007/winldd-win64.zip[22m
2026-01-06T08:14:27.7610763Z |■■■■■■■■                                                                        |  12% of 0.1 MiB
2026-01-06T08:14:27.7613219Z |■■■■■■■■■■■■■■■■                                                                |  25% of 0.1 MiB
2026-01-06T08:14:27.7630740Z |■■■■■■■■■■■■■■■■■■■■■■■■                                                        |  38% of 0.1 MiB
2026-01-06T08:14:27.7748802Z |■■■■■■■■■■■■■■■■■■■■■■■■■■■■■■■■■■■■■■■■                                        |  51% of 0.1 MiB
2026-01-06T08:14:27.7774622Z |■■■■■■■■■■■■■■■■■■■■■■■■■■■■■■■■■■■■■■■■■■■■■■■■■■■■■■■■                        |  70% of 0.1 MiB
2026-01-06T08:14:27.7800778Z |■■■■■■■■■■■■■■■■■■■■■■■■■■■■■■■■■■■■■■■■■■■■■■■■■■■■■■■■■■■■■■■■                |  82% of 0.1 MiB
2026-01-06T08:14:27.7823895Z |■■■■■■■■■■■■■■■■■■■■■■■■■■■■■■■■■■■■■■■■■■■■■■■■■■■■■■■■■■■■■■■■■■■■■■■■■■■■■■■■| 100% of 0.1 MiB
2026-01-06T08:14:27.8101516Z Winldd playwright build v1007 downloaded to C:\Users\runneradmin\AppData\Local\ms-playwright\winldd-1007
2026-01-06T08:14:28.1992899Z ##[group]Run npx playwright test
2026-01-06T08:14:28.1993295Z [36;1mnpx playwright test[0m
2026-01-06T08:14:28.2069828Z shell: C:\Program Files\PowerShell\7\pwsh.EXE -command ". '{0}'"
2026-01-06T08:14:28.2070142Z env:
2026-01-06T08:14:28.2070328Z   CARGO_HOME: C:\Users\runneradmin\.cargo
2026-01-06T08:14:28.2070572Z   CARGO_INCREMENTAL: 0
2026-01-06T08:14:28.2070766Z   CARGO_TERM_COLOR: always
2026-01-06T08:14:28.2070968Z   CACHE_ON_FAILURE: false
2026-01-06T08:14:28.2071282Z   WEBVIEW2_ADDITIONAL_BROWSER_ARGUMENTS: --remote-debugging-port=19222
2026-01-06T08:14:28.2071620Z   CI: true
2026-01-06T08:14:28.2071775Z ##[endgroup]
2026-01-06T08:14:33.4904469Z [2m[WebServer] [22m     Running BeforeDevCommand (`npm run dev`)
2026-01-06T08:14:35.4496563Z 
2026-01-06T08:14:35.4497438Z Running 32 tests using 1 worker
2026-01-06T08:14:37.4811733Z Connecting to Tauri app via CDP...
2026-01-06T08:14:37.5019810Z Connection attempt 0 failed. Waiting...
2026-01-06T08:14:37.5128840Z [2m[WebServer] [22m     Running DevCommand (`cargo  run --no-default-features --color always --`)
2026-01-06T08:14:37.6370687Z [2m[WebServer] [22m        Info Watching D:\a\screen_inu\screen_inu\app\src-tauri for changes...
2026-01-06T08:14:38.9478850Z [2m[WebServer] [22m[1m[92m    Updating[0m crates.io index
2026-01-06T08:14:39.6662296Z [2m[WebServer] [22m[1m[96m       Fetch[0m [========>                        ] 2 comple…
2026-01-06T08:14:39.9278483Z [2m[WebServer] [22m[1m[96m       Fetch[0m [========>                        ] 3 comple…
2026-01-06T08:14:40.0505701Z [2m[WebServer] [22m[1m[96m       Fetch[0m [===========>                     ] 11 compl…
2026-01-06T08:14:40.3010250Z [2m[WebServer] [22m[1m[96m       Fetch[0m [===========>                     ] 14 compl…
2026-01-06T08:14:40.4210826Z [2m[WebServer] [22m[1m[96m       Fetch[0m [==============>                  ] 32 compl…
2026-01-06T08:14:40.6122273Z [2m[WebServer] [22m[1m[96m       Fetch[0m [=================>               ] 38 compl…
2026-01-06T08:14:41.2058337Z [2m[WebServer] [22m[1m[96m       Fetch[0m [=================>               ] 51 compl…
2026-01-06T08:14:41.2758869Z [2m[WebServer] [22m[1m[96m Downloading[0m 1 crate                                      
2026-01-06T08:14:41.5370038Z [2m[WebServer] [22m[1m[96m Downloading[0m 2 crates                                     
2026-01-06T08:14:41.9591067Z [2m[WebServer] [22m[1m[96m Downloading[0m 3 crates                                     
2026-01-06T08:14:44.1968647Z [2m[WebServer] [22m[1m[96m Downloading[0m 4 crates                                     
2026-01-06T08:14:44.3927514Z [2m[WebServer] [22m[1m[96m Downloading[0m 5 crates                                     
2026-01-06T08:14:44.3929562Z [2m[WebServer] [22m[1m[96m Downloading[0m 6 crates                                     
2026-01-06T08:14:44.5084844Z [2m[WebServer] [22m[1m[96m Downloading[0m 7 crates                                     
2026-01-06T08:14:44.5089791Z [2m[WebServer] [22m[1m[96m Downloading[0m 8 crates                                     
2026-01-06T08:14:44.5095235Z [2m[WebServer] [22m[1m[96m Downloading[0m 9 crates                                     
2026-01-06T08:14:44.5100030Z [2m[WebServer] [22m[1m[96m Downloading[0m 10 crates                                    
2026-01-06T08:14:44.7081910Z [2m[WebServer] [22m[1m[96m Downloading[0m 11 crates                                    
2026-01-06T08:14:47.0365088Z [2m[WebServer] [22m[1m[96m Downloading[0m 12 crates                                    
2026-01-06T08:14:47.2513250Z [2m[WebServer] [22m[1m[96m Downloading[0m 13 crates                                    
2026-01-06T08:14:47.2514709Z [2m[WebServer] [22m[1m[96m Downloading[0m 14 crates                                    
2026-01-06T08:14:47.3723354Z [2m[WebServer] [22m[1m[96m Downloading[0m 15 crates                                    
2026-01-06T08:14:47.3727083Z [2m[WebServer] [22m[1m[96m Downloading[0m 16 crates                                    
2026-01-06T08:14:47.3729550Z [2m[WebServer] [22m[1m[96m Downloading[0m 17 crates                                    
2026-01-06T08:14:47.6284164Z Connection attempt 10 failed. Waiting...
2026-01-06T08:14:48.9227085Z [2m[WebServer] [22m[1m[96m Downloading[0m 18 crates                                    
2026-01-06T08:14:49.6349957Z [2m[WebServer] [22m[1m[96m Downloading[0m 19 crates                                    
2026-01-06T08:14:50.0246287Z [2m[WebServer] [22m[1m[96m Downloading[0m 20 crates                                    
2026-01-06T08:14:51.4697486Z [2m[WebServer] [22m[1m[96m Downloading[0m 21 crates                                    
2026-01-06T08:14:51.4699331Z [2m[WebServer] [22m[1m[96m Downloading[0m 22 crates                                    
2026-01-06T08:14:51.4704183Z [2m[WebServer] [22m[1m[96m Downloading[0m 23 crates                                    
2026-01-06T08:14:51.4708898Z [2m[WebServer] [22m[1m[96m Downloading[0m 24 crates                                    
2026-01-06T08:14:51.4713289Z [2m[WebServer] [22m[1m[96m Downloading[0m 25 crates                                    
2026-01-06T08:14:51.4717951Z [2m[WebServer] [22m[1m[96m Downloading[0m 26 crates                                    
2026-01-06T08:14:51.4722333Z [2m[WebServer] [22m[1m[96m Downloading[0m 27 crates                                    
2026-01-06T08:14:51.4727679Z [2m[WebServer] [22m[1m[96m Downloading[0m 28 crates                                    
2026-01-06T08:14:51.4899211Z [2m[WebServer] [22m[1m[96m Downloading[0m 29 crates                                    
2026-01-06T08:14:51.5920862Z [2m[WebServer] [22m[1m[96m Downloading[0m 30 crates                                    
2026-01-06T08:14:52.6392057Z [2m[WebServer] [22m[1m[96m Downloading[0m 31 crates                                    
2026-01-06T08:14:52.6477570Z [2m[WebServer] [22m[1m[96m Downloading[0m 32 crates                                    
2026-01-06T08:14:52.6481379Z [2m[WebServer] [22m[1m[96m Downloading[0m 33 crates                                    
2026-01-06T08:14:52.6486041Z [2m[WebServer] [22m[1m[96m Downloading[0m 34 crates                                    
2026-01-06T08:14:52.6490756Z [2m[WebServer] [22m[1m[96m Downloading[0m 35 crates                                    
2026-01-06T08:14:52.7417832Z [2m[WebServer] [22m[1m[96m Downloading[0m 36 crates                                    
2026-01-06T08:14:55.8612957Z [2m[WebServer] [22m[1m[96m Downloading[0m 37 crates                                    
2026-01-06T08:14:55.9921336Z [2m[WebServer] [22m[1m[96m Downloading[0m 38 crates                                    
2026-01-06T08:14:57.7797841Z Connection attempt 20 failed. Waiting...
2026-01-06T08:14:58.1044084Z [2m[WebServer] [22m[1m[96m Downloading[0m 39 crates                                    
2026-01-06T08:14:59.3761857Z [2m[WebServer] [22m[1m[96m Downloading[0m 40 crates                                    
2026-01-06T08:15:02.9154204Z [2m[WebServer] [22m[1m[96m Downloading[0m 41 crates                                    
2026-01-06T08:15:02.9156097Z [2m[WebServer] [22m[1m[96m Downloading[0m 42 crates                                    
2026-01-06T08:15:04.2515084Z [2m[WebServer] [22m[1m[96m Downloading[0m 43 crates                                    
2026-01-06T08:15:04.4385188Z [2m[WebServer] [22m[1m[96m Downloading[0m 44 crates                                    
2026-01-06T08:15:05.5250127Z [2m[WebServer] [22m[1m[96m Downloading[0m 45 crates                                    
2026-01-06T08:15:07.9492563Z Connection attempt 30 failed. Waiting...
2026-01-06T08:15:08.0849529Z [2m[WebServer] [22m[1m[96m Downloading[0m 46 crates                                    
2026-01-06T08:15:14.9367062Z [2m[WebServer] [22m[1m[96m Downloading[0m 47 crates                                    
2026-01-06T08:15:14.9470510Z [2m[WebServer] [22m[1m[96m Downloading[0m 48 crates                                    
2026-01-06T08:15:16.8481717Z [2m[WebServer] [22m[1m[96m Downloading[0m 49 crates                                    
2026-01-06T08:15:16.8483558Z [2m[WebServer] [22m                                                            
2026-01-06T08:15:16.8484275Z [1m[92m  Downloaded[0m hash32 v0.3.1
2026-01-06T08:15:16.8723322Z [2m[WebServer] [22m[1m[96m Downloading[0m 48 crates, remaining bytes: 2.6MiB           
2026-01-06T08:15:16.8724442Z [2m[WebServer] [22m                                                            
2026-01-06T08:15:16.8725985Z [1m[92m  Downloaded[0m num v0.4.3
2026-01-06T08:15:16.8807772Z [2m[WebServer] [22m[1m[96m Downloading[0m 47 crates, remaining bytes: 2.3MiB           
2026-01-06T08:15:16.8808994Z [2m[WebServer] [22m                                                            
2026-01-06T08:15:16.8809903Z [1m[92m  Downloaded[0m file-id v0.2.3
2026-01-06T08:15:16.8903133Z [2m[WebServer] [22m[1m[96m Downloading[0m 46 crates, remaining bytes: 2.3MiB           
2026-01-06T08:15:16.8904361Z [2m[WebServer] [22m                                                            
2026-01-06T08:15:16.8905236Z [1m[92m  Downloaded[0m notify-types v2.0.0
2026-01-06T08:15:16.9347280Z [2m[WebServer] [22m[1m[96m Downloading[0m 45 crates, remaining bytes: 2.1MiB           
2026-01-06T08:15:16.9348295Z [2m[WebServer] [22m                                                            
2026-01-06T08:15:16.9348983Z [1m[92m  Downloaded[0m xxhash-rust v0.8.15
2026-01-06T08:15:16.9539564Z [2m[WebServer] [22m[1m[96m Downloading[0m 44 crates, remaining bytes: 1.9MiB           
2026-01-06T08:15:16.9540466Z [2m[WebServer] [22m                                                            
2026-01-06T08:15:16.9541430Z [1m[92m  Downloaded[0m twox-hash v2.1.2
2026-01-06T08:15:16.9814743Z [2m[WebServer] [22m[1m[96m Downloading[0m 43 crates, remaining bytes: 1.6MiB           
2026-01-06T08:15:16.9815880Z [2m[WebServer] [22m                                                            
2026-01-06T08:15:16.9816654Z [1m[92m  Downloaded[0m quick_cache v0.6.18
2026-01-06T08:15:17.0027806Z [2m[WebServer] [22m[1m[96m Downloading[0m 42 crates, remaining bytes: 1.4MiB           
2026-01-06T08:15:17.0028719Z [2m[WebServer] [22m                                                            
2026-01-06T08:15:17.0029132Z [1m[92m  Downloaded[0m yansi v1.0.1
2026-01-06T08:15:17.0240619Z [2m[WebServer] [22m[1m[96m Downloading[0m 41 crates, remaining bytes: 1.3MiB           
2026-01-06T08:15:17.0242045Z [2m[WebServer] [22m                                                            
2026-01-06T08:15:17.0242802Z [1m[92m  Downloaded[0m heapless v0.8.0
2026-01-06T08:15:17.0579025Z [2m[WebServer] [22m[1m[96m Downloading[0m 40 crates, remaining bytes: 1.2MiB           
2026-01-06T08:15:17.0580158Z [2m[WebServer] [22m                                                            
2026-01-06T08:15:17.0580921Z [1m[92m  Downloaded[0m loro v1.10.3
2026-01-06T08:15:17.0824787Z [2m[WebServer] [22m[1m[96m Downloading[0m 39 crates, remaining bytes: 1.1MiB           
2026-01-06T08:15:17.0825474Z [2m[WebServer] [22m                                                            
2026-01-06T08:15:17.0825930Z [1m[92m  Downloaded[0m pretty_assertions v1.4.1
2026-01-06T08:15:17.0971344Z [2m[WebServer] [22m[1m[96m Downloading[0m 38 crates, remaining bytes: 1.0MiB           
2026-01-06T08:15:17.0972285Z [2m[WebServer] [22m                                                            
2026-01-06T08:15:17.0972749Z [1m[92m  Downloaded[0m itertools v0.11.0
2026-01-06T08:15:17.1576113Z [2m[WebServer] [22m[1m[96m Downloading[0m 37 crates, remaining bytes: 1007.1KiB        
2026-01-06T08:15:17.1577263Z [2m[WebServer] [22m                                                            
2026-01-06T08:15:17.1578275Z [1m[92m  Downloaded[0m im v15.1.0
2026-01-06T08:15:17.1862688Z [2m[WebServer] [22m[1m[96m Downloading[0m 36 crates, remaining bytes: 987.7KiB         
2026-01-06T08:15:17.1863463Z [2m[WebServer] [22m                                                            
2026-01-06T08:15:17.1863886Z [1m[92m  Downloaded[0m heapless v0.9.2
2026-01-06T08:15:17.2415776Z [2m[WebServer] [22m[1m[96m Downloading[0m 35 crates, remaining bytes: 971.7KiB         
2026-01-06T08:15:17.2416649Z [2m[WebServer] [22m                                                            
2026-01-06T08:15:17.2417113Z [1m[92m  Downloaded[0m lz4_flex v0.11.5
2026-01-06T08:15:17.2598008Z [2m[WebServer] [22m[1m[96m Downloading[0m 34 crates, remaining bytes: 955.7KiB         
2026-01-06T08:15:17.2599404Z [2m[WebServer] [22m                                                            
2026-01-06T08:15:17.2600212Z [1m[92m  Downloaded[0m generic-btree v0.10.7
2026-01-06T08:15:17.3139626Z [2m[WebServer] [22m[1m[96m Downloading[0m 33 crates, remaining bytes: 939.7KiB         
2026-01-06T08:15:17.3140781Z [2m[WebServer] [22m                                                            
2026-01-06T08:15:17.3141533Z [1m[92m  Downloaded[0m diff v0.1.13
2026-01-06T08:15:17.3321196Z [2m[WebServer] [22m[1m[96m Downloading[0m 32 crates, remaining bytes: 923.7KiB         
2026-01-06T08:15:17.3322873Z [2m[WebServer] [22m                                                            
2026-01-06T08:15:17.3323667Z [1m[92m  Downloaded[0m spin v0.9.8
2026-01-06T08:15:17.3548965Z [2m[WebServer] [22m[1m[96m Downloading[0m 31 crates, remaining bytes: 907.7KiB         
2026-01-06T08:15:17.3551522Z [2m[WebServer] [22m                                                            
2026-01-06T08:15:17.3552312Z [1m[92m  Downloaded[0m sized-chunks v0.6.5
2026-01-06T08:15:17.3800008Z [2m[WebServer] [22m[1m[96m Downloading[0m 30 crates, remaining bytes: 887.7KiB         
2026-01-06T08:15:17.3801597Z [2m[WebServer] [22m                                                            
2026-01-06T08:15:17.3802575Z [1m[92m  Downloaded[0m serde_columnar v0.3.14
2026-01-06T08:15:17.4271389Z [2m[WebServer] [22m[1m[96m Downloading[0m 29 crates, remaining bytes: 871.7KiB         
2026-01-06T08:15:17.4272492Z [2m[WebServer] [22m                                                            
2026-01-06T08:15:17.4273253Z [1m[92m  Downloaded[0m postcard v1.1.3
2026-01-06T08:15:17.4481448Z [2m[WebServer] [22m[1m[96m Downloading[0m 28 crates, remaining bytes: 855.7KiB         
2026-01-06T08:15:17.4483698Z [2m[WebServer] [22m                                                            
2026-01-06T08:15:17.4484448Z [1m[92m  Downloaded[0m notify v8.2.0
2026-01-06T08:15:17.4806995Z [2m[WebServer] [22m[1m[96m Downloading[0m 27 crates, remaining bytes: 839.7KiB         
2026-01-06T08:15:17.4807900Z [2m[WebServer] [22m                                                            
2026-01-06T08:15:17.4808588Z [1m[92m  Downloaded[0m loro-thunderdome v0.6.2
2026-01-06T08:15:17.5021992Z [2m[WebServer] [22m[1m[96m Downloading[0m 26 crates, remaining bytes: 823.7KiB         
2026-01-06T08:15:17.5023037Z [2m[WebServer] [22m                                                            
2026-01-06T08:15:17.5023487Z [1m[92m  Downloaded[0m loro-kv-store v1.10.0
2026-01-06T08:15:17.5158704Z [2m[WebServer] [22m[1m[96m Downloading[0m 25 crates, remaining bytes: 807.7KiB         
2026-01-06T08:15:17.5159793Z [2m[WebServer] [22m                                                            
2026-01-06T08:15:17.5160614Z [1m[92m  Downloaded[0m loro-delta v1.9.1
2026-01-06T08:15:17.5346118Z [2m[WebServer] [22m[1m[96m Downloading[0m 24 crates, remaining bytes: 787.7KiB         
2026-01-06T08:15:17.5347219Z [2m[WebServer] [22m                                                            
2026-01-06T08:15:17.5347978Z [1m[92m  Downloaded[0m heapless v0.7.17
2026-01-06T08:15:17.5698098Z [2m[WebServer] [22m[1m[96m Downloading[0m 23 crates, remaining bytes: 771.7KiB         
2026-01-06T08:15:17.5699277Z [2m[WebServer] [22m                                                            
2026-01-06T08:15:17.5700080Z [1m[92m  Downloaded[0m enum_dispatch v0.3.13
2026-01-06T08:15:17.6141239Z [2m[WebServer] [22m[1m[96m Downloading[0m 22 crates, remaining bytes: 755.7KiB         
2026-01-06T08:15:17.6142422Z [2m[WebServer] [22m                                                            
2026-01-06T08:15:17.6143259Z [1m[92m  Downloaded[0m thread_local v1.1.9
2026-01-06T08:15:17.6295346Z [2m[WebServer] [22m[1m[96m Downloading[0m 21 crates, remaining bytes: 739.7KiB         
2026-01-06T08:15:17.6296028Z [2m[WebServer] [22m                                                            
2026-01-06T08:15:17.6296478Z [1m[92m  Downloaded[0m serde_columnar_derive v0.3.7
2026-01-06T08:15:17.6497930Z [2m[WebServer] [22m[1m[96m Downloading[0m 20 crates, remaining bytes: 723.7KiB         
2026-01-06T08:15:17.6499059Z [2m[WebServer] [22m                                                            
2026-01-06T08:15:17.6499855Z [1m[92m  Downloaded[0m rand_xoshiro v0.6.0
2026-01-06T08:15:17.6745894Z [2m[WebServer] [22m[1m[96m Downloading[0m 19 crates, remaining bytes: 707.7KiB         
2026-01-06T08:15:17.6747062Z [2m[WebServer] [22m                                                            
2026-01-06T08:15:17.6747821Z [1m[92m  Downloaded[0m num-iter v0.1.45
2026-01-06T08:15:17.6858764Z [2m[WebServer] [22m[1m[96m Downloading[0m 18 crates, remaining bytes: 687.7KiB         
2026-01-06T08:15:17.6861043Z [2m[WebServer] [22m                                                            
2026-01-06T08:15:17.6861898Z [1m[92m  Downloaded[0m notify-debouncer-full v0.6.0
2026-01-06T08:15:17.7526792Z [2m[WebServer] [22m[1m[96m Downloading[0m 17 crates, remaining bytes: 671.7KiB         
2026-01-06T08:15:17.7527966Z [2m[WebServer] [22m                                                            
2026-01-06T08:15:17.7528780Z [1m[92m  Downloaded[0m loro-common v1.10.0
2026-01-06T08:15:17.7659488Z [2m[WebServer] [22m[1m[96m Downloading[0m 16 crates, remaining bytes: 655.7KiB         
2026-01-06T08:15:17.7660605Z [2m[WebServer] [22m                                                            
2026-01-06T08:15:17.7661352Z [1m[92m  Downloaded[0m cobs v0.3.0
2026-01-06T08:15:17.7780248Z [2m[WebServer] [22m[1m[96m Downloading[0m 15 crates, remaining bytes: 639.7KiB         
2026-01-06T08:15:17.7781806Z [2m[WebServer] [22m                                                            
2026-01-06T08:15:17.7782704Z [1m[92m  Downloaded[0m loro_fractional_index v1.6.0
2026-01-06T08:15:17.7888260Z [2m[WebServer] [22m[1m[96m Downloading[0m 14 crates, remaining bytes: 623.7KiB         
2026-01-06T08:15:17.7889373Z [2m[WebServer] [22m                                                            
2026-01-06T08:15:17.7890190Z [1m[92m  Downloaded[0m enum-as-inner v0.5.1
2026-01-06T08:15:17.8056620Z [2m[WebServer] [22m[1m[96m Downloading[0m 13 crates, remaining bytes: 607.7KiB         
2026-01-06T08:15:17.8057775Z [2m[WebServer] [22m                                                            
2026-01-06T08:15:17.8058566Z [1m[92m  Downloaded[0m embedded-io v0.6.1
2026-01-06T08:15:17.8188598Z [2m[WebServer] [22m[1m[96m Downloading[0m 12 crates, remaining bytes: 587.7KiB         
2026-01-06T08:15:17.8189725Z [2m[WebServer] [22m                                                            
2026-01-06T08:15:17.8190526Z [1m[92m  Downloaded[0m enum-as-inner v0.6.1
2026-01-06T08:15:17.8355842Z [2m[WebServer] [22m[1m[96m Downloading[0m 11 crates, remaining bytes: 571.7KiB         
2026-01-06T08:15:17.8357274Z [2m[WebServer] [22m                                                            
2026-01-06T08:15:17.8357932Z [1m[92m  Downloaded[0m bitmaps v2.1.0
2026-01-06T08:15:17.8473128Z [2m[WebServer] [22m[1m[96m Downloading[0m 10 crates, remaining bytes: 555.7KiB         
2026-01-06T08:15:17.8474256Z [2m[WebServer] [22m                                                            
2026-01-06T08:15:17.8475330Z [1m[92m  Downloaded[0m arref v0.1.0
2026-01-06T08:15:17.8549602Z [2m[WebServer] [22m[1m[96m Downloading[0m 9 crates, remaining bytes: 539.7KiB          
2026-01-06T08:15:17.8550776Z [2m[WebServer] [22m                                                            
2026-01-06T08:15:17.8552189Z [1m[92m  Downloaded[0m append-only-bytes v0.1.12
2026-01-06T08:15:17.8622249Z [2m[WebServer] [22m[1m[96m Downloading[0m 8 crates, remaining bytes: 523.7KiB          
2026-01-06T08:15:17.8623388Z [2m[WebServer] [22m                                                            
2026-01-06T08:15:17.8624134Z [1m[92m  Downloaded[0m nonmax v0.5.5
2026-01-06T08:15:17.8720111Z [2m[WebServer] [22m[1m[96m Downloading[0m 7 crates, remaining bytes: 507.7KiB          
2026-01-06T08:15:17.8721257Z [2m[WebServer] [22m                                                            
2026-01-06T08:15:17.8722000Z [1m[92m  Downloaded[0m md5 v0.7.0
2026-01-06T08:15:17.8822144Z [2m[WebServer] [22m[1m[96m Downloading[0m 6 crates, remaining bytes: 487.7KiB          
2026-01-06T08:15:17.8823245Z [2m[WebServer] [22m                                                            
2026-01-06T08:15:17.8823990Z [1m[92m  Downloaded[0m loro-rle v1.6.0
2026-01-06T08:15:17.8927090Z [2m[WebServer] [22m[1m[96m Downloading[0m 5 crates, remaining bytes: 471.7KiB          
2026-01-06T08:15:17.8928222Z [2m[WebServer] [22m                                                            
2026-01-06T08:15:17.8929223Z [1m[92m  Downloaded[0m leb128 v0.2.5
2026-01-06T08:15:17.9043478Z [2m[WebServer] [22m[1m[96m Downloading[0m 4 crates, remaining bytes: 455.7KiB          
2026-01-06T08:15:17.9044543Z [2m[WebServer] [22m                                                            
2026-01-06T08:15:17.9045299Z [1m[92m  Downloaded[0m hash32 v0.2.1
2026-01-06T08:15:17.9171989Z [2m[WebServer] [22m[1m[96m Downloading[0m 3 crates, remaining bytes: 439.7KiB          
2026-01-06T08:15:17.9173066Z [2m[WebServer] [22m                                                            
2026-01-06T08:15:17.9173835Z [1m[92m  Downloaded[0m embedded-io v0.4.0
2026-01-06T08:15:17.9320256Z [2m[WebServer] [22m[1m[96m Downloading[0m 2 crates, remaining bytes: 423.7KiB          
2026-01-06T08:15:17.9321342Z [2m[WebServer] [22m                                                            
2026-01-06T08:15:17.9322220Z [1m[92m  Downloaded[0m ensure-cov v0.1.0
2026-01-06T08:15:17.9418159Z [2m[WebServer] [22m[1m[96m Downloading[0m 1 crate, remaining bytes: 407.7KiB           
2026-01-06T08:15:17.9419237Z [2m[WebServer] [22m                                                            
2026-01-06T08:15:17.9420034Z [1m[92m  Downloaded[0m loro-internal v1.10.3
2026-01-06T08:15:18.0566924Z Connection attempt 40 failed. Waiting...
2026-01-06T08:15:18.9447032Z [2m[WebServer] [22m[1m[96m Downloading[0m 0 crates, extracting loro-internal ...       
2026-01-06T08:15:18.9447674Z [2m[WebServer] [22m                                                            
2026-01-06T08:15:18.9448278Z [1m[92m  Downloaded[0m 49 crates (2.7MiB) in 37.98s (largest was `loro-internal` at 1.2MiB)
2026-01-06T08:15:19.7955742Z [2m[WebServer] [22m[1m[92m   Compiling[0m unicode-ident v1.0.22
2026-01-06T08:15:19.8231386Z [2m[WebServer] [22m[1m[92m   Compiling[0m hashbrown v0.16.1
2026-01-06T08:15:19.8255361Z [2m[WebServer] [22m[1m[92m   Compiling[0m windows-sys v0.60.2
2026-01-06T08:15:19.8300831Z [2m[WebServer] [22m[1m[92m   Compiling[0m typenum v1.19.0
2026-01-06T08:15:19.8740575Z [2m[WebServer] [22m[1m[96m    Building[0m [======>                  ] 213/754: unicode…
2026-01-06T08:15:19.8741681Z [2m[WebServer] [22m                                                            
2026-01-06T08:15:19.8742731Z [1m[92m   Compiling[0m num-rational v0.4.2
2026-01-06T08:15:28.3184917Z Connection attempt 50 failed. Waiting...
2026-01-06T08:15:28.9500984Z [2m[WebServer] [22m[1m[96m    Building[0m [======>                  ] 215/754: num-rat…
2026-01-06T08:15:28.9648556Z [2m[WebServer] [22m                                                            
2026-01-06T08:15:28.9887555Z [1m[92m   Compiling[0m proc-macro2 v1.0.104
2026-01-06T08:15:29.0178888Z [2m[WebServer] [22m[1m[96m    Building[0m [======>                  ] 216/754: num-rat…
2026-01-06T08:15:29.0258868Z [2m[WebServer] [22m                                                            
2026-01-06T08:15:29.0544162Z [1m[92m   Compiling[0m indexmap v2.12.1
2026-01-06T08:15:30.2524658Z [2m[WebServer] [22m[1m[96m    Building[0m [======>                  ] 217/754: num-rat…
2026-01-06T08:15:31.0726705Z [2m[WebServer] [22m[1m[96m    Building[0m [======>                  ] 225/754: typenum…
2026-01-06T08:15:31.0913414Z [2m[WebServer] [22m                                                            
2026-01-06T08:15:31.1130170Z [1m[92m   Compiling[0m quote v1.0.42
2026-01-06T08:15:31.5805626Z [2m[WebServer] [22m[1m[96m    Building[0m [======>                  ] 226/754: typenum…
2026-01-06T08:15:31.5917915Z [2m[WebServer] [22m                                                            
2026-01-06T08:15:31.5963936Z [1m[92m   Compiling[0m syn v2.0.112
2026-01-06T08:15:31.8874238Z [2m[WebServer] [22m[1m[96m    Building[0m [======>                  ] 227/754: typenum…
2026-01-06T08:15:31.9250596Z [2m[WebServer] [22m                                                            
2026-01-06T08:15:31.9542511Z [1m[92m   Compiling[0m syn v1.0.109
2026-01-06T08:15:31.9605724Z [2m[WebServer] [22m[1m[96m    Building[0m [======>                  ] 228/754: syn, sy…
2026-01-06T08:15:31.9837973Z [2m[WebServer] [22m                                                            
2026-01-06T08:15:31.9871068Z [1m[92m   Compiling[0m ucd-trie v0.1.7
2026-01-06T08:15:32.8404319Z [2m[WebServer] [22m[1m[96m    Building[0m [======>                  ] 239/754: syn, sy…
2026-01-06T08:15:32.8425031Z [2m[WebServer] [22m                                                            
2026-01-06T08:15:32.8449237Z [1m[92m   Compiling[0m pest v2.8.5
2026-01-06T08:15:35.0949546Z [2m[WebServer] [22m[1m[96m    Building[0m [======>                  ] 240/754: syn, sy…
2026-01-06T08:15:35.0950858Z [2m[WebServer] [22m                                                            
2026-01-06T08:15:35.0979245Z [1m[92m   Compiling[0m socket2 v0.6.1
2026-01-06T08:15:35.7005888Z [2m[WebServer] [22m[1m[96m    Building[0m [======>                  ] 241/754: syn, sy…
2026-01-06T08:15:35.7061023Z [2m[WebServer] [22m                                                            
2026-01-06T08:15:35.7068821Z [1m[92m   Compiling[0m pest_meta v2.8.5
2026-01-06T08:15:36.0116461Z [2m[WebServer] [22m[1m[96m    Building[0m [=======>                 ] 249/754: pest_me…
2026-01-06T08:15:36.0118241Z [2m[WebServer] [22m                                                            
2026-01-06T08:15:36.0119469Z [1m[92m   Compiling[0m generic-array v0.14.7
2026-01-06T08:15:36.9328541Z [2m[WebServer] [22m[1m[96m    Building[0m [=======>                 ] 260/754: generic…
2026-01-06T08:15:36.9330178Z [2m[WebServer] [22m                                                            
2026-01-06T08:15:36.9362362Z [1m[92m   Compiling[0m simd_helpers v0.1.0
2026-01-06T08:15:38.5829551Z [2m[WebServer] [22m[1m[96m    Building[0m [========>                ] 274/754: pest_me…
2026-01-06T08:15:38.5831065Z [2m[WebServer] [22m                                                            
2026-01-06T08:15:38.5832183Z [1m[92m   Compiling[0m synstructure v0.13.2
2026-01-06T08:15:38.7623740Z Connection attempt 60 failed. Waiting...
2026-01-06T08:15:39.4667951Z [2m[WebServer] [22m[1m[96m    Building[0m [========>                ] 275/754: syn, sy…
2026-01-06T08:15:39.4669218Z [2m[WebServer] [22m                                                            
2026-01-06T08:15:39.4670022Z [1m[92m   Compiling[0m darling_core v0.21.3
2026-01-06T08:15:39.4670912Z [2m[WebServer] [22m[1m[92m   Compiling[0m serde_derive_internals v0.29.1
2026-01-06T08:15:40.2806541Z [2m[WebServer] [22m[1m[96m    Building[0m [========>                ] 277/754: darling…
2026-01-06T08:15:40.2807627Z [2m[WebServer] [22m                                                            
2026-01-06T08:15:40.2808382Z [1m[92m   Compiling[0m cssparser v0.29.6
2026-01-06T08:15:40.8513883Z [2m[WebServer] [22m[1m[96m    Building[0m [========>                ] 278/754: darling…
2026-01-06T08:15:40.8518432Z [2m[WebServer] [22m                                                            
2026-01-06T08:15:40.8543941Z [1m[92m   Compiling[0m serde_derive v1.0.228
2026-01-06T08:15:41.1580746Z [2m[WebServer] [22m[1m[96m    Building[0m [========>                ] 279/754: darling…
2026-01-06T08:15:41.1582650Z [2m[WebServer] [22m                                                            
2026-01-06T08:15:41.1583865Z [1m[92m   Compiling[0m zerocopy-derive v0.8.31
2026-01-06T08:15:42.9045799Z [2m[WebServer] [22m[1m[96m    Building[0m [========>                ] 280/754: darling…
2026-01-06T08:15:42.9047246Z [2m[WebServer] [22m                                                            
2026-01-06T08:15:42.9079525Z [1m[92m   Compiling[0m zerofrom-derive v0.1.6
2026-01-06T08:15:43.2455528Z [2m[WebServer] [22m[1m[96m    Building[0m [========>                ] 281/754: darling…
2026-01-06T08:15:43.2458926Z [2m[WebServer] [22m                                                            
2026-01-06T08:15:43.2492757Z [1m[92m   Compiling[0m zerocopy v0.8.31
2026-01-06T08:15:44.3343202Z [2m[WebServer] [22m[1m[96m    Building[0m [========>                ] 282/754: darling…
2026-01-06T08:15:44.3344864Z [2m[WebServer] [22m                                                            
2026-01-06T08:15:44.3379539Z [1m[92m   Compiling[0m yoke-derive v0.8.1
2026-01-06T08:15:45.0488243Z [2m[WebServer] [22m[1m[96m    Building[0m [========>                ] 283/754: zerofro…
2026-01-06T08:15:45.0489959Z [2m[WebServer] [22m                                                            
2026-01-06T08:15:45.0524035Z [1m[92m   Compiling[0m zerofrom v0.1.6
2026-01-06T08:15:45.1998590Z [2m[WebServer] [22m[1m[96m    Building[0m [========>                ] 284/754: serde_d…
2026-01-06T08:15:45.2000091Z [2m[WebServer] [22m                                                            
2026-01-06T08:15:45.2032542Z [1m[92m   Compiling[0m zerovec-derive v0.11.2
2026-01-06T08:15:46.0670405Z [2m[WebServer] [22m[1m[96m    Building[0m [========>                ] 285/754: serde_d…
2026-01-06T08:15:46.0671992Z [2m[WebServer] [22m                                                            
2026-01-06T08:15:46.0678748Z [1m[92m   Compiling[0m displaydoc v0.2.5
2026-01-06T08:15:46.1900187Z [2m[WebServer] [22m[1m[96m    Building[0m [========>                ] 286/754: serde_d…
2026-01-06T08:15:46.1901725Z [2m[WebServer] [22m                                                            
2026-01-06T08:15:46.1934852Z [1m[92m   Compiling[0m serde v1.0.228
2026-01-06T08:15:46.2881124Z [2m[WebServer] [22m[1m[96m    Building[0m [========>                ] 287/754: serde, …
2026-01-06T08:15:46.2882107Z [2m[WebServer] [22m                                                            
2026-01-06T08:15:46.2882778Z [1m[92m   Compiling[0m ppv-lite86 v0.2.21
2026-01-06T08:15:46.9300324Z [2m[WebServer] [22m[1m[96m    Building[0m [========>                ] 288/754: serde, …
2026-01-06T08:15:46.9301638Z [2m[WebServer] [22m                                                            
2026-01-06T08:15:46.9329765Z [1m[92m   Compiling[0m thiserror-impl v2.0.17
2026-01-06T08:15:46.9713331Z [2m[WebServer] [22m[1m[96m    Building[0m [========>                ] 289/754: serde, …
2026-01-06T08:15:46.9725428Z [2m[WebServer] [22m                                                            
2026-01-06T08:15:46.9766612Z [1m[92m   Compiling[0m rand_chacha v0.3.1
2026-01-06T08:15:47.0449501Z [2m[WebServer] [22m[1m[96m    Building[0m [========>                ] 290/754: serde, …
2026-01-06T08:15:47.1872830Z [2m[WebServer] [22m[1m[96m    Building[0m [========>                ] 291/754: serde, …
2026-01-06T08:15:47.1874516Z [2m[WebServer] [22m                                                            
2026-01-06T08:15:47.1908303Z [1m[92m   Compiling[0m yoke v0.8.1
2026-01-06T08:15:47.4368770Z [2m[WebServer] [22m[1m[96m    Building[0m [========>                ] 292/754: yoke, r…
2026-01-06T08:15:47.4376617Z [2m[WebServer] [22m                                                            
2026-01-06T08:15:47.4377654Z [1m[92m   Compiling[0m rand v0.8.5
2026-01-06T08:15:47.8897673Z [2m[WebServer] [22m[1m[96m    Building[0m [========>                ] 293/754: rand, r…
2026-01-06T08:15:47.8899180Z [2m[WebServer] [22m                                                            
2026-01-06T08:15:47.8918509Z [1m[92m   Compiling[0m zerovec v0.11.5
2026-01-06T08:15:47.9610900Z [2m[WebServer] [22m[1m[96m    Building[0m [========>                ] 294/754: rand, r…
2026-01-06T08:15:47.9612884Z [2m[WebServer] [22m                                                            
2026-01-06T08:15:47.9614222Z [1m[92m   Compiling[0m smallvec v1.15.1
2026-01-06T08:15:48.2683725Z [2m[WebServer] [22m[1m[96m    Building[0m [========>                ] 295/754: rand, s…
2026-01-06T08:15:48.2685720Z [2m[WebServer] [22m                                                            
2026-01-06T08:15:48.2719536Z [1m[92m   Compiling[0m thiserror-impl v1.0.69
2026-01-06T08:15:48.6334287Z [2m[WebServer] [22m[1m[96m    Building[0m [========>                ] 296/754: thiserr…
2026-01-06T08:15:48.6336431Z [2m[WebServer] [22m                                                            
2026-01-06T08:15:48.6337694Z [1m[92m   Compiling[0m phf_generator v0.11.3
2026-01-06T08:15:48.7565688Z [2m[WebServer] [22m[1m[96m    Building[0m [========>                ] 297/754: phf_gen…
2026-01-06T08:15:48.7567246Z [2m[WebServer] [22m                                                            
2026-01-06T08:15:48.7588179Z [1m[92m   Compiling[0m tinystr v0.8.2
2026-01-06T08:15:48.9345190Z [2m[WebServer] [22m[1m[96m    Building[0m [========>                ] 298/754: phf_gen…
2026-01-06T08:15:48.9353863Z [2m[WebServer] [22m                                                            
2026-01-06T08:15:48.9360926Z [1m[92m   Compiling[0m phf_macros v0.11.3
2026-01-06T08:15:49.0036161Z [2m[WebServer] [22m[1m[96m    Building[0m [========>                ] 299/754: phf_mac…
2026-01-06T08:15:49.0037477Z [2m[WebServer] [22m                                                            
2026-01-06T08:15:49.0048830Z [1m[92m   Compiling[0m thiserror v2.0.17
2026-01-06T08:15:49.0227789Z Connection attempt 70 failed. Waiting...
2026-01-06T08:15:49.0773533Z [2m[WebServer] [22m[1m[96m    Building[0m [========>                ] 300/754: phf_mac…
2026-01-06T08:15:49.0775098Z [2m[WebServer] [22m                                                            
2026-01-06T08:15:49.0802964Z [1m[92m   Compiling[0m icu_locale_core v2.1.1
2026-01-06T08:15:49.1024115Z [2m[WebServer] [22m[1m[96m    Building[0m [========>                ] 301/754: phf_mac…
2026-01-06T08:15:49.1025606Z [2m[WebServer] [22m                                                            
2026-01-06T08:15:49.1051967Z [1m[92m   Compiling[0m potential_utf v0.1.4
2026-01-06T08:15:49.2969275Z [2m[WebServer] [22m[1m[96m    Building[0m [=========>               ] 302/754: phf_mac…
2026-01-06T08:15:49.2970847Z [2m[WebServer] [22m                                                            
2026-01-06T08:15:49.3003512Z [1m[92m   Compiling[0m zerotrie v0.2.3
2026-01-06T08:15:49.7867007Z [2m[WebServer] [22m[1m[96m    Building[0m [=========>               ] 303/754: phf_mac…
2026-01-06T08:15:49.7869085Z [2m[WebServer] [22m                                                            
2026-01-06T08:15:49.7870370Z [1m[92m   Compiling[0m icu_collections v2.1.1
2026-01-06T08:15:49.9001964Z [2m[WebServer] [22m[1m[96m    Building[0m [=========>               ] 304/754: phf_mac…
2026-01-06T08:15:49.9003181Z [2m[WebServer] [22m                                                            
2026-01-06T08:15:49.9004041Z [1m[92m   Compiling[0m rand_chacha v0.2.2
2026-01-06T08:15:50.2520119Z [2m[WebServer] [22m[1m[96m    Building[0m [=========>               ] 305/754: rand_ch…
2026-01-06T08:15:50.2522153Z [2m[WebServer] [22m                                                            
2026-01-06T08:15:50.2523284Z [1m[92m   Compiling[0m thiserror v1.0.69
2026-01-06T08:15:50.3483420Z [2m[WebServer] [22m[1m[96m    Building[0m [=========>               ] 306/754: rand_ch…
2026-01-06T08:15:50.3484883Z [2m[WebServer] [22m                                                            
2026-01-06T08:15:50.3515049Z [1m[92m   Compiling[0m icu_provider v2.1.1
2026-01-06T08:15:50.5200440Z [2m[WebServer] [22m[1m[96m    Building[0m [=========>               ] 307/754: rand_ch…
2026-01-06T08:15:50.5201943Z [2m[WebServer] [22m                                                            
2026-01-06T08:15:50.5233554Z [1m[92m   Compiling[0m darling_macro v0.21.3
2026-01-06T08:15:50.7671486Z [2m[WebServer] [22m[1m[96m    Building[0m [=========>               ] 308/754: icu_pro…
2026-01-06T08:15:50.7673363Z [2m[WebServer] [22m                                                            
2026-01-06T08:15:50.7705423Z [1m[92m   Compiling[0m rand v0.7.3
2026-01-06T08:15:50.7926873Z [2m[WebServer] [22m[1m[96m    Building[0m [=========>               ] 309/754: icu_pro…
2026-01-06T08:15:50.7941917Z [2m[WebServer] [22m                                                            
2026-01-06T08:15:50.7959297Z [1m[92m   Compiling[0m icu_normalizer v2.1.1
2026-01-06T08:15:51.1057968Z [2m[WebServer] [22m[1m[96m    Building[0m [=========>               ] 310/754: icu_nor…
2026-01-06T08:15:51.1062413Z [2m[WebServer] [22m                                                            
2026-01-06T08:15:51.1064003Z [1m[92m   Compiling[0m darling v0.21.3
2026-01-06T08:15:51.1331474Z [2m[WebServer] [22m[1m[96m    Building[0m [=========>               ] 311/754: icu_nor…
2026-01-06T08:15:51.1336341Z [2m[WebServer] [22m                                                            
2026-01-06T08:15:51.1337822Z [1m[92m   Compiling[0m icu_properties v2.1.2
2026-01-06T08:15:51.1837853Z [2m[WebServer] [22m[1m[96m    Building[0m [=========>               ] 312/754: icu_nor…
2026-01-06T08:15:51.1842292Z [2m[WebServer] [22m                                                            
2026-01-06T08:15:51.1843835Z [1m[92m   Compiling[0m serde_with_macros v3.16.1
2026-01-06T08:15:51.9769280Z [2m[WebServer] [22m[1m[96m    Building[0m [=========>               ] 313/754: icu_nor…
2026-01-06T08:15:51.9773785Z [2m[WebServer] [22m                                                            
2026-01-06T08:15:51.9775193Z [1m[92m   Compiling[0m phf_generator v0.8.0
2026-01-06T08:15:51.9952509Z [2m[WebServer] [22m[1m[96m    Building[0m [=========>               ] 314/754: serde_w…
2026-01-06T08:15:51.9957295Z [2m[WebServer] [22m                                                            
2026-01-06T08:15:51.9986310Z [1m[92m   Compiling[0m string_cache_codegen v0.5.4
2026-01-06T08:15:52.0976492Z [2m[WebServer] [22m[1m[96m    Building[0m [=========>               ] 315/754: string_…
2026-01-06T08:15:52.0991669Z [2m[WebServer] [22m                                                            
2026-01-06T08:15:52.1016117Z [1m[92m   Compiling[0m phf_codegen v0.11.3
2026-01-06T08:15:52.2410317Z [2m[WebServer] [22m[1m[96m    Building[0m [=========>               ] 316/754: string_…
2026-01-06T08:15:52.2411737Z [2m[WebServer] [22m                                                            
2026-01-06T08:15:52.2412692Z [1m[92m   Compiling[0m phf_generator v0.10.0
2026-01-06T08:15:52.3571683Z [2m[WebServer] [22m[1m[96m    Building[0m [=========>               ] 317/754: string_…
2026-01-06T08:15:52.3573301Z [2m[WebServer] [22m                                                            
2026-01-06T08:15:52.3608831Z [1m[92m   Compiling[0m phf_macros v0.10.0
2026-01-06T08:15:52.6155960Z [2m[WebServer] [22m[1m[96m    Building[0m [=========>               ] 318/754: string_…
2026-01-06T08:15:52.6157794Z [2m[WebServer] [22m                                                            
2026-01-06T08:15:52.6162267Z [1m[92m   Compiling[0m markup5ever v0.14.1
2026-01-06T08:15:52.8619289Z [2m[WebServer] [22m[1m[96m    Building[0m [=========>               ] 319/754: serde_w…
2026-01-06T08:15:52.8620889Z [2m[WebServer] [22m                                                            
2026-01-06T08:15:52.8642909Z [1m[92m   Compiling[0m idna_adapter v1.2.1
2026-01-06T08:15:53.0119799Z [2m[WebServer] [22m[1m[96m    Building[0m [=========>               ] 320/754: idna_ad…
2026-01-06T08:15:53.0121408Z [2m[WebServer] [22m                                                            
2026-01-06T08:15:53.0156686Z [1m[92m   Compiling[0m phf_codegen v0.8.0
2026-01-06T08:15:53.1375855Z [2m[WebServer] [22m[1m[96m    Building[0m [=========>               ] 321/754: phf_mac…
2026-01-06T08:15:53.1377814Z [2m[WebServer] [22m                                                            
2026-01-06T08:15:53.1413363Z [1m[92m   Compiling[0m selectors v0.24.0
2026-01-06T08:15:53.3180458Z [2m[WebServer] [22m[1m[96m    Building[0m [=========>               ] 322/754: phf_mac…
2026-01-06T08:15:53.5782355Z [2m[WebServer] [22m[1m[96m    Building[0m [=========>               ] 323/754: markup5…
2026-01-06T08:15:53.5783930Z [2m[WebServer] [22m                                                            
2026-01-06T08:15:53.5803571Z [1m[92m   Compiling[0m idna v1.1.0
2026-01-06T08:15:53.5885358Z [2m[WebServer] [22m[1m[96m    Building[0m [=========>               ] 324/754: markup5…
2026-01-06T08:15:53.5889260Z [2m[WebServer] [22m                                                            
2026-01-06T08:15:53.5891163Z [1m[92m   Compiling[0m phf v0.10.1
2026-01-06T08:15:53.7703446Z [2m[WebServer] [22m[1m[96m    Building[0m [=========>               ] 325/754: markup5…
2026-01-06T08:15:53.7706317Z [2m[WebServer] [22m                                                            
2026-01-06T08:15:53.7720724Z [1m[92m   Compiling[0m phf v0.11.3
2026-01-06T08:15:53.7806726Z [2m[WebServer] [22m[1m[96m    Building[0m [=========>               ] 326/754: phf, ma…
2026-01-06T08:15:53.7809700Z [2m[WebServer] [22m                                                            
2026-01-06T08:15:53.7811419Z [1m[92m   Compiling[0m string_cache v0.8.9
2026-01-06T08:15:53.9580499Z [2m[WebServer] [22m[1m[96m    Building[0m [=========>               ] 327/754: phf, ma…
2026-01-06T08:15:53.9751217Z [2m[WebServer] [22m[1m[96m    Building[0m [=========>               ] 328/754: csspars…
2026-01-06T08:15:53.9755944Z [2m[WebServer] [22m                                                            
2026-01-06T08:15:53.9757566Z [1m[92m   Compiling[0m ctor v0.2.9
2026-01-06T08:15:54.0252506Z [2m[WebServer] [22m[1m[96m    Building[0m [=========>               ] 329/754: csspars…
2026-01-06T08:15:54.0257330Z [2m[WebServer] [22m                                                            
2026-01-06T08:15:54.0258951Z [1m[92m   Compiling[0m cssparser-macros v0.6.1
2026-01-06T08:15:54.3294856Z [2m[WebServer] [22m[1m[96m    Building[0m [=========>               ] 330/754: csspars…
2026-01-06T08:15:54.5983870Z [2m[WebServer] [22m[1m[96m    Building[0m [=========>               ] 331/754: markup5…
2026-01-06T08:15:54.7325458Z [2m[WebServer] [22m[1m[96m    Building[0m [==========>              ] 332/754: markup5…
2026-01-06T08:15:54.7329870Z [2m[WebServer] [22m                                                            
2026-01-06T08:15:54.7331023Z [1m[92m   Compiling[0m url v2.5.7
2026-01-06T08:15:55.2739347Z [2m[WebServer] [22m[1m[96m    Building[0m [==========>              ] 333/754: markup5…
2026-01-06T08:15:55.2948340Z [2m[WebServer] [22m[1m[96m    Building[0m [==========>              ] 334/754: markup5…
2026-01-06T08:15:55.2951947Z [2m[WebServer] [22m                                                            
2026-01-06T08:15:55.2953250Z [1m[92m   Compiling[0m match_token v0.1.0
2026-01-06T08:15:55.6895094Z [2m[WebServer] [22m[1m[96m    Building[0m [==========>              ] 335/754: match_t…
2026-01-06T08:15:55.6896425Z [2m[WebServer] [22m                                                            
2026-01-06T08:15:55.6902742Z [1m[92m   Compiling[0m derive_more v0.99.20
2026-01-06T08:15:55.7646435Z [2m[WebServer] [22m[1m[96m    Building[0m [==========>              ] 336/754: match_t…
2026-01-06T08:15:55.7651251Z [2m[WebServer] [22m                                                            
2026-01-06T08:15:55.7672712Z [1m[92m   Compiling[0m indexmap v1.9.3
2026-01-06T08:15:55.9251488Z [2m[WebServer] [22m[1m[96m    Building[0m [==========>              ] 337/754: match_t…
2026-01-06T08:15:55.9252832Z [2m[WebServer] [22m                                                            
2026-01-06T08:15:55.9258221Z [1m[92m   Compiling[0m html5ever v0.29.1
2026-01-06T08:15:56.3701844Z [2m[WebServer] [22m[1m[96m    Building[0m [==========>              ] 338/754: indexma…
2026-01-06T08:15:56.3703537Z [2m[WebServer] [22m                                                            
2026-01-06T08:15:56.3704669Z [1m[92m   Compiling[0m jsonptr v0.6.3
2026-01-06T08:15:56.4406808Z [2m[WebServer] [22m[1m[96m    Building[0m [==========>              ] 339/754: jsonptr…
2026-01-06T08:15:56.4408762Z [2m[WebServer] [22m                                                            
2026-01-06T08:15:56.4409958Z [1m[92m   Compiling[0m cargo-platform v0.1.9
2026-01-06T08:15:56.7475481Z [2m[WebServer] [22m[1m[96m    Building[0m [==========>              ] 340/754: jsonptr…
2026-01-06T08:15:56.7477066Z [2m[WebServer] [22m                                                            
2026-01-06T08:15:56.7506418Z [1m[92m   Compiling[0m schemars_derive v0.8.22
2026-01-06T08:15:57.2097357Z [2m[WebServer] [22m[1m[96m    Building[0m [==========>              ] 341/754: jsonptr…
2026-01-06T08:15:57.2098931Z [2m[WebServer] [22m                                                            
2026-01-06T08:15:57.2131260Z [1m[92m   Compiling[0m json-patch v3.0.1
2026-01-06T08:15:57.3317203Z [2m[WebServer] [22m[1m[96m    Building[0m [==========>              ] 342/754: jsonptr…
2026-01-06T08:15:57.3318976Z [2m[WebServer] [22m                                                            
2026-01-06T08:15:57.3320099Z [1m[92m   Compiling[0m cargo_metadata v0.19.2
2026-01-06T08:15:58.1518797Z [2m[WebServer] [22m[1m[96m    Building[0m [==========>              ] 343/754: json-pa…
2026-01-06T08:15:58.1520741Z [2m[WebServer] [22m                                                            
2026-01-06T08:15:58.1522049Z [1m[92m   Compiling[0m urlpattern v0.3.0
2026-01-06T08:15:58.8753288Z [2m[WebServer] [22m[1m[96m    Building[0m [==========>              ] 344/754: derive_…
2026-01-06T08:15:58.8760753Z [2m[WebServer] [22m                                                            
2026-01-06T08:15:58.8762065Z [1m[92m   Compiling[0m schemars v0.8.22
2026-01-06T08:15:59.3071945Z Connection attempt 80 failed. Waiting...
2026-01-06T08:15:59.9114509Z [2m[WebServer] [22m[1m[96m    Building[0m [==========>              ] 345/754: schemar…
2026-01-06T08:15:59.9116359Z [2m[WebServer] [22m                                                            
2026-01-06T08:15:59.9117569Z [1m[92m   Compiling[0m serde_with v3.16.1
2026-01-06T08:16:00.2195009Z [2m[WebServer] [22m[1m[96m    Building[0m [==========>              ] 346/754: schemar…
2026-01-06T08:16:00.4751550Z [2m[WebServer] [22m[1m[96m    Building[0m [==========>              ] 347/754: schemar…
2026-01-06T08:16:00.7150094Z [2m[WebServer] [22m[1m[96m    Building[0m [==========>              ] 348/754: schemar…
2026-01-06T08:16:01.2653346Z [2m[WebServer] [22m[1m[96m    Building[0m [==========>              ] 349/754: schemar…
2026-01-06T08:16:01.2654959Z [2m[WebServer] [22m                                                            
2026-01-06T08:16:01.2675737Z [1m[92m   Compiling[0m kuchikiki v0.8.8-speedreader
2026-01-06T08:16:01.3626804Z [2m[WebServer] [22m[1m[96m    Building[0m [==========>              ] 350/754: schemar…
2026-01-06T08:16:01.3628734Z [2m[WebServer] [22m                                                            
2026-01-06T08:16:01.3630441Z [1m[92m   Compiling[0m parking_lot_core v0.9.12
2026-01-06T08:16:01.5683304Z [2m[WebServer] [22m[1m[96m    Building[0m [==========>              ] 351/754: zerovec…
2026-01-06T08:16:01.8219692Z [2m[WebServer] [22m[1m[96m    Building[0m [==========>              ] 352/754: tinystr…
2026-01-06T08:16:01.8221166Z [2m[WebServer] [22m                                                            
2026-01-06T08:16:01.8222242Z [1m[92m   Compiling[0m parking_lot v0.12.5
2026-01-06T08:16:01.8692988Z [2m[WebServer] [22m[1m[96m    Building[0m [==========>              ] 353/754: parking…
2026-01-06T08:16:02.1522845Z [2m[WebServer] [22m[1m[96m    Building[0m [==========>              ] 354/754: parking…
2026-01-06T08:16:02.3437956Z [2m[WebServer] [22m[1m[96m    Building[0m [==========>              ] 355/754: parking…
2026-01-06T08:16:02.6488211Z [2m[WebServer] [22m[1m[96m    Building[0m [==========>              ] 356/754: parking…
2026-01-06T08:16:02.6489774Z [2m[WebServer] [22m                                                            
2026-01-06T08:16:02.6520718Z [1m[92m   Compiling[0m cargo_toml v0.22.3
2026-01-06T08:16:02.7854473Z [2m[WebServer] [22m[1m[96m    Building[0m [==========>              ] 357/754: zerotri…
2026-01-06T08:16:02.7855885Z [2m[WebServer] [22m                                                            
2026-01-06T08:16:02.7887455Z [1m[92m   Compiling[0m tauri-utils v2.8.1
2026-01-06T08:16:02.8835695Z [2m[WebServer] [22m[1m[96m    Building[0m [==========>              ] 358/754: cargo_t…
2026-01-06T08:16:02.8837730Z [2m[WebServer] [22m                                                            
2026-01-06T08:16:02.8838951Z [1m[92m   Compiling[0m half v2.7.1
2026-01-06T08:16:03.7604610Z [2m[WebServer] [22m[1m[96m    Building[0m [==========>              ] 359/754: cargo_t…
2026-01-06T08:16:03.7606038Z [2m[WebServer] [22m                                                            
2026-01-06T08:16:03.7636488Z [1m[92m   Compiling[0m windows-implement v0.60.2
2026-01-06T08:16:03.8012457Z [2m[WebServer] [22m[1m[96m    Building[0m [==========>              ] 360/754: cargo_t…
2026-01-06T08:16:03.8014272Z [2m[WebServer] [22m                                                            
2026-01-06T08:16:03.8015570Z [1m[92m   Compiling[0m tracing-attributes v0.1.31
2026-01-06T08:16:04.8079458Z [2m[WebServer] [22m[1m[96m    Building[0m [==========>              ] 361/754: tracing…
2026-01-06T08:16:04.8081043Z [2m[WebServer] [22m                                                            
2026-01-06T08:16:04.8114713Z [1m[92m   Compiling[0m windows-interface v0.59.3
2026-01-06T08:16:05.9201228Z [2m[WebServer] [22m[1m[96m    Building[0m [===========>             ] 362/754: tracing…
2026-01-06T08:16:05.9203084Z [2m[WebServer] [22m                                                            
2026-01-06T08:16:05.9208625Z [1m[92m   Compiling[0m tokio-macros v2.6.0
2026-01-06T08:16:05.9322315Z [2m[WebServer] [22m[1m[96m    Building[0m [===========>             ] 363/754: tracing…
2026-01-06T08:16:05.9325271Z [2m[WebServer] [22m                                                            
2026-01-06T08:16:05.9326787Z [1m[92m   Compiling[0m tracing v0.1.44
2026-01-06T08:16:06.2578903Z [2m[WebServer] [22m[1m[96m    Building[0m [===========>             ] 364/754: tracing…
2026-01-06T08:16:06.2580417Z [2m[WebServer] [22m                                                            
2026-01-06T08:16:06.2613817Z [1m[92m   Compiling[0m windows-core v0.61.2
2026-01-06T08:16:06.9534553Z [2m[WebServer] [22m[1m[96m    Building[0m [===========>             ] 365/754: cargo_t…
2026-01-06T08:16:06.9536168Z [2m[WebServer] [22m                                                            
2026-01-06T08:16:06.9570587Z [1m[92m   Compiling[0m tokio v1.49.0
2026-01-06T08:16:07.1331978Z [2m[WebServer] [22m[1m[96m    Building[0m [===========>             ] 366/754: tokio, …
2026-01-06T08:16:07.5733498Z [2m[WebServer] [22m[1m[96m    Building[0m [===========>             ] 367/754: tokio, …
2026-01-06T08:16:08.1774253Z [2m[WebServer] [22m[1m[96m    Building[0m [===========>             ] 368/754: tokio, …
2026-01-06T08:16:08.1775539Z [2m[WebServer] [22m                                                            
2026-01-06T08:16:08.1776302Z [1m[92m   Compiling[0m equator-macro v0.4.2
2026-01-06T08:16:08.5359296Z [2m[WebServer] [22m[1m[96m    Building[0m [===========>             ] 369/754: tokio, …
2026-01-06T08:16:09.1588032Z [2m[WebServer] [22m[1m[96m    Building[0m [===========>             ] 370/754: tokio, …
2026-01-06T08:16:09.1589215Z [2m[WebServer] [22m                                                            
2026-01-06T08:16:09.1590028Z [1m[92m   Compiling[0m equator v0.4.2
2026-01-06T08:16:09.4808516Z [2m[WebServer] [22m[1m[96m    Building[0m [===========>             ] 371/754: equator…
2026-01-06T08:16:09.5929861Z Connection attempt 90 failed. Waiting...
2026-01-06T08:16:10.6269076Z [2m[WebServer] [22m[1m[96m    Building[0m [===========>             ] 372/754: tokio, …
2026-01-06T08:16:10.8328307Z [2m[WebServer] [22m[1m[96m    Building[0m [===========>             ] 373/754: tokio, …
2026-01-06T08:16:10.8330036Z [2m[WebServer] [22m                                                            
2026-01-06T08:16:10.8331197Z [1m[92m   Compiling[0m aligned-vec v0.6.4
2026-01-06T08:16:10.9221623Z [2m[WebServer] [22m[1m[96m    Building[0m [===========>             ] 374/754: tokio, …
2026-01-06T08:16:10.9223483Z [2m[WebServer] [22m                                                            
2026-01-06T08:16:10.9224686Z [1m[92m   Compiling[0m windows-numerics v0.2.0
2026-01-06T08:16:11.0898289Z [2m[WebServer] [22m[1m[96m    Building[0m [===========>             ] 375/754: tokio, …
2026-01-06T08:16:11.0899929Z [2m[WebServer] [22m                                                            
2026-01-06T08:16:11.0931084Z [1m[92m   Compiling[0m windows-collections v0.2.0
2026-01-06T08:16:11.1789321Z [2m[WebServer] [22m[1m[96m    Building[0m [===========>             ] 376/754: tokio, …
2026-01-06T08:16:11.1790876Z [2m[WebServer] [22m                                                            
2026-01-06T08:16:11.1817227Z [1m[92m   Compiling[0m windows-future v0.2.1
2026-01-06T08:16:11.3857030Z [2m[WebServer] [22m[1m[96m    Building[0m [===========>             ] 377/754: tokio, …
2026-01-06T08:16:11.3859089Z [2m[WebServer] [22m                                                            
2026-01-06T08:16:11.3860472Z [1m[92m   Compiling[0m v_frame v0.3.9
2026-01-06T08:16:11.6800088Z [2m[WebServer] [22m[1m[96m    Building[0m [===========>             ] 378/754: tokio, …
2026-01-06T08:16:11.6801973Z [2m[WebServer] [22m                                                            
2026-01-06T08:16:11.6841733Z [1m[92m   Compiling[0m windows v0.61.3
2026-01-06T08:16:11.7050622Z [2m[WebServer] [22m[1m[96m    Building[0m [===========>             ] 379/754: tokio, …
2026-01-06T08:16:13.3837522Z [2m[WebServer] [22m[1m[96m    Building[0m [===========>             ] 380/754: idna, t…
2026-01-06T08:16:15.1602357Z [2m[WebServer] [22m[1m[96m    Building[0m [===========>             ] 381/754: tokio, …
2026-01-06T08:16:15.1616208Z [2m[WebServer] [22m                                                            
2026-01-06T08:16:15.1835064Z [1m[92m   Compiling[0m tauri-plugin v2.5.2
2026-01-06T08:16:15.9069268Z [2m[WebServer] [22m[1m[96m    Building[0m [===========>             ] 382/754: tauri-p…
2026-01-06T08:16:15.9070821Z [2m[WebServer] [22m                                                            
2026-01-06T08:16:15.9119221Z [1m[92m   Compiling[0m tauri-build v2.5.3
2026-01-06T08:16:17.8854830Z [2m[WebServer] [22m[1m[96m    Building[0m [===========>             ] 383/754: tokio, …
2026-01-06T08:16:17.8856532Z [2m[WebServer] [22m                                                            
2026-01-06T08:16:17.8888509Z [1m[92m   Compiling[0m webview2-com-sys v0.38.0
2026-01-06T08:16:18.0330919Z [2m[WebServer] [22m[1m[96m    Building[0m [===========>             ] 384/754: webview…
2026-01-06T08:16:18.0332276Z [2m[WebServer] [22m                                                            
2026-01-06T08:16:18.0353752Z [1m[92m   Compiling[0m ahash v0.8.12
2026-01-06T08:16:18.2056351Z [2m[WebServer] [22m[1m[96m    Building[0m [===========>             ] 385/754: webview…
2026-01-06T08:16:18.2058195Z [2m[WebServer] [22m                                                            
2026-01-06T08:16:18.2059288Z [1m[92m   Compiling[0m dpi v0.1.2
2026-01-06T08:16:18.3623653Z [2m[WebServer] [22m[1m[96m    Building[0m [===========>             ] 386/754: dpi, ah…
2026-01-06T08:16:18.3625563Z [2m[WebServer] [22m                                                            
2026-01-06T08:16:18.3626758Z [1m[92m   Compiling[0m arg_enum_proc_macro v0.3.4
2026-01-06T08:16:18.7082271Z [2m[WebServer] [22m[1m[96m    Building[0m [===========>             ] 387/754: dpi, ar…
2026-01-06T08:16:18.7084029Z [2m[WebServer] [22m                                                            
2026-01-06T08:16:18.7085147Z [1m[92m   Compiling[0m profiling-procmacros v1.0.17
2026-01-06T08:16:19.1614449Z [2m[WebServer] [22m[1m[96m    Building[0m [===========>             ] 388/754: arg_enu…
2026-01-06T08:16:19.1626202Z [2m[WebServer] [22m                                                            
2026-01-06T08:16:19.1643404Z [1m[92m   Compiling[0m pest_generator v2.8.5
2026-01-06T08:16:19.1818342Z [2m[WebServer] [22m[1m[96m    Building[0m [===========>             ] 389/754: profili…
2026-01-06T08:16:19.1819625Z [2m[WebServer] [22m                                                            
2026-01-06T08:16:19.1847350Z [1m[92m   Compiling[0m profiling v1.0.17
2026-01-06T08:16:19.2442419Z [2m[WebServer] [22m[1m[96m    Building[0m [===========>             ] 390/754: profili…
2026-01-06T08:16:19.2444214Z [2m[WebServer] [22m                                                            
2026-01-06T08:16:19.2445400Z [1m[92m   Compiling[0m av-scenechange v0.14.1
2026-01-06T08:16:19.8826466Z Connection attempt 100 failed. Waiting...
2026-01-06T08:16:20.2999886Z [2m[WebServer] [22m[1m[96m    Building[0m [===========>             ] 391/754: av-scen…
2026-01-06T08:16:20.3001519Z [2m[WebServer] [22m                                                            
2026-01-06T08:16:20.3031478Z [1m[92m   Compiling[0m pest_derive v2.8.5
2026-01-06T08:16:20.4331295Z [2m[WebServer] [22m[1m[96m    Building[0m [===========>             ] 392/754: av-scen…
2026-01-06T08:16:20.4823009Z [2m[WebServer] [22m[1m[96m    Building[0m [============>            ] 393/754: pest_de…
2026-01-06T08:16:20.4824389Z [2m[WebServer] [22m                                                            
2026-01-06T08:16:20.4856012Z [1m[92m   Compiling[0m av1-grain v0.2.5
2026-01-06T08:16:20.7455074Z [2m[WebServer] [22m[1m[96m    Building[0m [============>            ] 394/754: av1-gra…
2026-01-06T08:16:20.7456602Z [2m[WebServer] [22m                                                            
2026-01-06T08:16:20.7488181Z [1m[92m   Compiling[0m fax_derive v0.2.0
2026-01-06T08:16:21.5215773Z [2m[WebServer] [22m[1m[96m    Building[0m [============>            ] 395/754: av1-gra…
2026-01-06T08:16:21.5217352Z [2m[WebServer] [22m                                                            
2026-01-06T08:16:21.5248603Z [1m[92m   Compiling[0m num-derive v0.4.2
2026-01-06T08:16:22.4858602Z [2m[WebServer] [22m[1m[96m    Building[0m [============>            ] 396/754: av1-gra…
2026-01-06T08:16:23.0095450Z [2m[WebServer] [22m[1m[96m    Building[0m [============>            ] 404/754: hashbro…
2026-01-06T08:16:23.0097047Z [2m[WebServer] [22m                                                            
2026-01-06T08:16:23.0131334Z [1m[92m   Compiling[0m rav1e v0.8.1
2026-01-06T08:16:23.4746005Z [2m[WebServer] [22m[1m[96m    Building[0m [============>            ] 407/754: hashbro…
2026-01-06T08:16:23.4788102Z [2m[WebServer] [22m                                                            
2026-01-06T08:16:23.5064130Z [1m[92m   Compiling[0m fax v0.2.6
2026-01-06T08:16:24.0409563Z [2m[WebServer] [22m[1m[96m    Building[0m [============>            ] 411/754: rav1e, …
2026-01-06T08:16:24.9633455Z [2m[WebServer] [22m[1m[96m    Building[0m [============>            ] 412/754: rav1e, …
2026-01-06T08:16:24.9635304Z [2m[WebServer] [22m                                                            
2026-01-06T08:16:24.9636576Z [1m[92m   Compiling[0m webview2-com-macros v0.8.0
2026-01-06T08:16:25.6164685Z [2m[WebServer] [22m[1m[96m    Building[0m [============>            ] 413/754: rav1e, …
2026-01-06T08:16:25.6166226Z [2m[WebServer] [22m                                                            
2026-01-06T08:16:25.6199845Z [1m[92m   Compiling[0m darling_core v0.20.11
2026-01-06T08:16:30.1000249Z [2m[WebServer] [22m[1m[96m    Building[0m [============>            ] 414/754: rav1e, …
2026-01-06T08:16:30.1001982Z [2m[WebServer] [22m                                                            
2026-01-06T08:16:30.1003034Z [1m[92m   Compiling[0m block-buffer v0.10.4
2026-01-06T08:16:30.1608212Z [2m[WebServer] [22m[1m[96m    Building[0m [============>            ] 416/754: block-b…
2026-01-06T08:16:30.1610043Z [2m[WebServer] [22m                                                            
2026-01-06T08:16:30.1611218Z [1m[92m   Compiling[0m tauri v2.9.5
2026-01-06T08:16:30.2187556Z Connection attempt 110 failed. Waiting...
2026-01-06T08:16:30.2449889Z [2m[WebServer] [22m[1m[96m    Building[0m [============>            ] 417/754: block-b…
2026-01-06T08:16:30.2451336Z [2m[WebServer] [22m                                                            
2026-01-06T08:16:30.2454253Z [1m[92m   Compiling[0m crypto-common v0.1.7
2026-01-06T08:16:30.3590270Z [2m[WebServer] [22m[1m[96m    Building[0m [============>            ] 418/754: tauri(b…
2026-01-06T08:16:30.3591793Z [2m[WebServer] [22m                                                            
2026-01-06T08:16:30.3623588Z [1m[92m   Compiling[0m ravif v0.12.0
2026-01-06T08:16:31.7167028Z [2m[WebServer] [22m[1m[96m    Building[0m [=============>           ] 436/754: tauri(b…
2026-01-06T08:16:31.7307195Z [2m[WebServer] [22m                                                            
2026-01-06T08:16:31.7424497Z [1m[92m   Compiling[0m exr v1.74.0
2026-01-06T08:16:31.8975838Z [2m[WebServer] [22m[1m[96m    Building[0m [=============>           ] 438/754: exr, ta…
2026-01-06T08:16:32.0465284Z [2m[WebServer] [22m[1m[96m    Building[0m [=============>           ] 439/754: exr, ra…
2026-01-06T08:16:32.2344696Z [2m[WebServer] [22m[1m[96m    Building[0m [=============>           ] 443/754: phf, ex…
2026-01-06T08:16:32.2346188Z [2m[WebServer] [22m                                                            
2026-01-06T08:16:32.2378064Z [1m[92m   Compiling[0m digest v0.10.7
2026-01-06T08:16:32.4774208Z [2m[WebServer] [22m[1m[96m    Building[0m [=============>           ] 446/754: exr, di…
2026-01-06T08:16:32.4775713Z [2m[WebServer] [22m                                                            
2026-01-06T08:16:32.4805625Z [1m[92m   Compiling[0m darling_macro v0.20.11
2026-01-06T08:16:33.1579485Z [2m[WebServer] [22m[1m[96m    Building[0m [=============>           ] 447/754: darling…
2026-01-06T08:16:34.7267722Z [2m[WebServer] [22m[1m[96m    Building[0m [=============>           ] 448/754: json-pa…
2026-01-06T08:16:34.7309106Z [2m[WebServer] [22m                                                            
2026-01-06T08:16:34.7310400Z [1m[92m   Compiling[0m tiff v0.10.3
2026-01-06T08:16:37.9813823Z [2m[WebServer] [22m[1m[96m    Building[0m [=============>           ] 449/754: tiff, e…
2026-01-06T08:16:39.1366097Z [2m[WebServer] [22m[1m[96m    Building[0m [=============>           ] 452/754: exr, ur…
2026-01-06T08:16:40.3650206Z [2m[WebServer] [22m[1m[96m    Building[0m [==============>          ] 453/754: serde_w…
2026-01-06T08:16:40.3651732Z [2m[WebServer] [22m                                                            
2026-01-06T08:16:40.3684728Z [1m[92m   Compiling[0m kstring v2.0.2
2026-01-06T08:16:40.6942819Z [2m[WebServer] [22m[1m[96m    Building[0m [==============>          ] 454/754: serde_w…
2026-01-06T08:16:40.6943561Z Connection attempt 120 failed. Waiting...
2026-01-06T08:16:40.7003691Z [2m[WebServer] [22m                                                            
2026-01-06T08:16:40.7043585Z [1m[92m   Compiling[0m keyboard-types v0.7.0
2026-01-06T08:16:42.5774904Z [2m[WebServer] [22m[1m[96m    Building[0m [==============>          ] 455/754: serde_w…
2026-01-06T08:16:42.5777122Z [2m[WebServer] [22m                                                            
2026-01-06T08:16:42.5858095Z [1m[92m   Compiling[0m liquid-derive v0.26.8
2026-01-06T08:16:43.4521512Z [2m[WebServer] [22m[1m[96m    Building[0m [==============>          ] 456/754: liquid-…
2026-01-06T08:16:43.4522968Z [2m[WebServer] [22m                                                            
2026-01-06T08:16:43.4556444Z [1m[92m   Compiling[0m sha2 v0.10.9
2026-01-06T08:16:44.0468578Z [2m[WebServer] [22m[1m[96m    Building[0m [==============>          ] 468/754: liquid-…
2026-01-06T08:16:44.5539159Z [2m[WebServer] [22m[1m[96m    Building[0m [==============>          ] 470/754: liquid-…
2026-01-06T08:16:44.5541137Z [2m[WebServer] [22m                                                            
2026-01-06T08:16:44.5560499Z [1m[92m   Compiling[0m liquid-core v0.26.8
2026-01-06T08:16:49.0033392Z [2m[WebServer] [22m[1m[96m    Building[0m [==============>          ] 471/754: liquid-…
2026-01-06T08:16:49.0142450Z [2m[WebServer] [22m                                                            
2026-01-06T08:16:49.0313292Z [1m[92m   Compiling[0m image v0.25.9
2026-01-06T08:16:49.1653102Z [2m[WebServer] [22m[1m[96m    Building[0m [==============>          ] 472/754: image, …
2026-01-06T08:16:49.1654730Z [2m[WebServer] [22m                                                            
2026-01-06T08:16:49.1655712Z [1m[92m   Compiling[0m darling v0.20.11
2026-01-06T08:16:49.2413085Z [2m[WebServer] [22m[1m[96m    Building[0m [==============>          ] 474/754: image, …
2026-01-06T08:16:49.2414595Z [2m[WebServer] [22m                                                            
2026-01-06T08:16:49.2448013Z [1m[92m   Compiling[0m tauri-codegen v2.5.2
2026-01-06T08:16:51.1476316Z Connection attempt 130 failed. Waiting...
2026-01-06T08:16:52.1341677Z [2m[WebServer] [22m[1m[96m    Building[0m [===============>         ] 484/754: image, …
2026-01-06T08:16:52.1343077Z [2m[WebServer] [22m                                                            
2026-01-06T08:16:52.1371458Z [1m[92m   Compiling[0m liquid-lib v0.26.8
2026-01-06T08:16:56.5312313Z [2m[WebServer] [22m[1m[96m    Building[0m [===============>         ] 485/754: image, …
2026-01-06T08:16:56.5314242Z [2m[WebServer] [22m                                                            
2026-01-06T08:16:56.5315416Z [1m[92m   Compiling[0m muda v0.17.1
2026-01-06T08:16:59.7324567Z [2m[WebServer] [22m[1m[96m    Building[0m [===============>         ] 487/754: image, …
2026-01-06T08:16:59.7327070Z [2m[WebServer] [22m                                                            
2026-01-06T08:16:59.7328530Z [1m[92m   Compiling[0m softbuffer v0.4.8
2026-01-06T08:17:01.0938640Z [2m[WebServer] [22m[1m[96m    Building[0m [===============>         ] 488/754: image, …
2026-01-06T08:17:01.0966617Z [2m[WebServer] [22m                                                            
2026-01-06T08:17:01.1140515Z [1m[92m   Compiling[0m serialize-to-javascript-impl v0.1.2
2026-01-06T08:17:01.4644470Z Connection attempt 140 failed. Waiting...
2026-01-06T08:17:01.7332464Z [2m[WebServer] [22m[1m[96m    Building[0m [===============>         ] 489/754: image, …
2026-01-06T08:17:01.7333937Z [2m[WebServer] [22m                                                            
2026-01-06T08:17:01.7366479Z [1m[92m   Compiling[0m serialize-to-javascript v0.1.2
2026-01-06T08:17:01.9036419Z [2m[WebServer] [22m[1m[96m    Building[0m [===============>         ] 499/754: image, …
2026-01-06T08:17:01.9038058Z [2m[WebServer] [22m                                                            
2026-01-06T08:17:01.9039078Z [1m[92m   Compiling[0m tray-icon v0.21.2
2026-01-06T08:17:02.9647842Z [2m[WebServer] [22m[1m[96m    Building[0m [===============>         ] 500/754: image, …
2026-01-06T08:17:02.9910251Z [2m[WebServer] [22m                                                            
2026-01-06T08:17:02.9965639Z [1m[92m   Compiling[0m liquid v0.26.8
2026-01-06T08:17:03.7188064Z [2m[WebServer] [22m[1m[96m    Building[0m [===============>         ] 501/754: image, …
2026-01-06T08:17:03.7190095Z [2m[WebServer] [22m                                                            
2026-01-06T08:17:03.7191617Z [1m[92m   Compiling[0m tauri-macros v2.5.2
2026-01-06T08:17:06.7084968Z [2m[WebServer] [22m[1m[96m    Building[0m [===============>         ] 502/754: image, …
2026-01-06T08:17:06.7221375Z [2m[WebServer] [22m[1m[96m    Building[0m [===============>         ] 505/754: image, …
2026-01-06T08:17:07.5340051Z [2m[WebServer] [22m[1m[96m    Building[0m [===============>         ] 506/754: image, …
2026-01-06T08:17:07.5342177Z [2m[WebServer] [22m                                                            
2026-01-06T08:17:07.5343608Z [1m[92m   Compiling[0m hashbrown v0.14.5
2026-01-06T08:17:07.7014490Z [2m[WebServer] [22m[1m[96m    Building[0m [===============>         ] 507/754: image, …
2026-01-06T08:17:07.7016389Z [2m[WebServer] [22m                                                            
2026-01-06T08:17:07.7017717Z [1m[92m   Compiling[0m futures-macro v0.3.31
2026-01-06T08:17:08.3947051Z [2m[WebServer] [22m[1m[96m    Building[0m [===============>         ] 508/754: image, …
2026-01-06T08:17:08.3948619Z [2m[WebServer] [22m                                                            
2026-01-06T08:17:08.3949704Z [1m[92m   Compiling[0m serde_repr v0.1.20
2026-01-06T08:17:08.9202129Z [2m[WebServer] [22m[1m[96m    Building[0m [===============>         ] 509/754: image, …
2026-01-06T08:17:08.9212223Z [2m[WebServer] [22m                                                            
2026-01-06T08:17:08.9247383Z [1m[92m   Compiling[0m heapless v0.7.17
2026-01-06T08:17:09.0424733Z [2m[WebServer] [22m[1m[96m    Building[0m [===============>         ] 510/754: image, …
2026-01-06T08:17:09.0426284Z [2m[WebServer] [22m                                                            
2026-01-06T08:17:09.0452180Z [1m[92m   Compiling[0m futures-util v0.3.31
2026-01-06T08:17:09.2191848Z [2m[WebServer] [22m[1m[96m    Building[0m [================>        ] 517/754: image, …
2026-01-06T08:17:09.2662421Z [2m[WebServer] [22m[1m[96m    Building[0m [================>        ] 518/754: image, …
2026-01-06T08:17:09.2664324Z [2m[WebServer] [22m                                                            
2026-01-06T08:17:09.2665652Z [1m[92m   Compiling[0m string-interner v0.15.0
2026-01-06T08:17:09.5990564Z [2m[WebServer] [22m[1m[96m    Building[0m [================>        ] 520/754: image, …
2026-01-06T08:17:09.5992993Z [2m[WebServer] [22m                                                            
2026-01-06T08:17:09.5994725Z [1m[92m   Compiling[0m tract-linalg v0.21.10
2026-01-06T08:17:10.6228305Z [2m[WebServer] [22m[1m[96m    Building[0m [================>        ] 521/754: image, …
2026-01-06T08:17:10.6230203Z [2m[WebServer] [22m                                                            
2026-01-06T08:17:10.6231447Z [1m[92m   Compiling[0m tokio-util v0.7.17
2026-01-06T08:17:11.2166412Z [2m[WebServer] [22m[1m[96m    Building[0m [================>        ] 523/754: tract-l…
2026-01-06T08:17:11.2167792Z [2m[WebServer] [22m                                                            
2026-01-06T08:17:11.2168703Z [1m[92m   Compiling[0m spin v0.9.8
2026-01-06T08:17:11.4719632Z [2m[WebServer] [22m[1m[96m    Building[0m [================>        ] 525/754: spin, f…
2026-01-06T08:17:11.4734795Z [2m[WebServer] [22m                                                            
2026-01-06T08:17:11.4735828Z [1m[92m   Compiling[0m itertools v0.11.0
2026-01-06T08:17:11.8342919Z Connection attempt 150 failed. Waiting...
2026-01-06T08:17:11.9884513Z [2m[WebServer] [22m[1m[96m    Building[0m [================>        ] 526/754: itertoo…
2026-01-06T08:17:11.9886457Z [2m[WebServer] [22m                                                            
2026-01-06T08:17:11.9887690Z [1m[92m   Compiling[0m hash32 v0.2.1
2026-01-06T08:17:12.2284211Z [2m[WebServer] [22m[1m[96m    Building[0m [================>        ] 527/754: itertoo…
2026-01-06T08:17:12.2285847Z [2m[WebServer] [22m                                                            
2026-01-06T08:17:12.2318228Z [1m[92m   Compiling[0m tract-data v0.21.10
2026-01-06T08:17:13.4045559Z [2m[WebServer] [22m[1m[96m    Building[0m [================>        ] 536/754: tract-d…
2026-01-06T08:17:13.4046914Z [2m[WebServer] [22m                                                            
2026-01-06T08:17:13.4076403Z [1m[92m   Compiling[0m h2 v0.4.12
2026-01-06T08:17:13.4776282Z [2m[WebServer] [22m[1m[96m    Building[0m [================>        ] 538/754: tract-d…
2026-01-06T08:17:14.2792638Z [2m[WebServer] [22m[1m[96m    Building[0m [================>        ] 541/754: tract-d…
2026-01-06T08:17:19.7054576Z [2m[WebServer] [22m[1m[96m    Building[0m [================>        ] 542/754: tract-d…
2026-01-06T08:17:19.7056193Z [2m[WebServer] [22m                                                            
2026-01-06T08:17:19.7090764Z [1m[92m   Compiling[0m webview2-com v0.38.0
2026-01-06T08:17:21.4601284Z [2m[WebServer] [22m[1m[96m    Building[0m [=================>       ] 543/754: tract-d…
2026-01-06T08:17:21.4603089Z [2m[WebServer] [22m                                                            
2026-01-06T08:17:21.4604079Z [1m[92m   Compiling[0m tao v0.34.5
2026-01-06T08:17:22.1743317Z Connection attempt 160 failed. Waiting...
2026-01-06T08:17:27.1130551Z [2m[WebServer] [22m[1m[96m    Building[0m [=================>       ] 544/754: tract-d…
2026-01-06T08:17:27.1132753Z [2m[WebServer] [22m                                                            
2026-01-06T08:17:27.1286940Z [1m[92m   Compiling[0m tauri-runtime v2.9.2
2026-01-06T08:17:27.3949375Z [2m[WebServer] [22m[1m[96m    Building[0m [=================>       ] 545/754: tract-d…
2026-01-06T08:17:27.3950892Z [2m[WebServer] [22m                                                            
2026-01-06T08:17:27.3956146Z [1m[92m   Compiling[0m wry v0.53.5
2026-01-06T08:17:27.9845232Z [2m[WebServer] [22m[1m[96m    Building[0m [=================>       ] 546/754: tract-d…
2026-01-06T08:17:28.7441481Z [2m[WebServer] [22m[1m[96m    Building[0m [=================>       ] 547/754: tract-d…
2026-01-06T08:17:28.7443610Z [2m[WebServer] [22m                                                            
2026-01-06T08:17:28.7444787Z [1m[92m   Compiling[0m tauri-runtime-wry v2.9.3
2026-01-06T08:17:29.5354835Z [2m[WebServer] [22m[1m[96m    Building[0m [=================>       ] 548/754: tauri-r…
2026-01-06T08:17:29.5356163Z [2m[WebServer] [22m                                                            
2026-01-06T08:17:29.5360030Z [1m[92m   Compiling[0m cobs v0.3.0
2026-01-06T08:17:29.7731793Z [2m[WebServer] [22m[1m[96m    Building[0m [=================>       ] 551/754: tauri-r…
2026-01-06T08:17:29.7733281Z [2m[WebServer] [22m                                                            
2026-01-06T08:17:29.7750917Z [1m[92m   Compiling[0m derive-new v0.5.9
2026-01-06T08:17:30.2703204Z [2m[WebServer] [22m[1m[96m    Building[0m [=================>       ] 552/754: tauri-r…
2026-01-06T08:17:30.4601953Z [2m[WebServer] [22m[1m[96m    Building[0m [=================>       ] 553/754: tauri-r…
2026-01-06T08:17:30.4603774Z [2m[WebServer] [22m                                                            
2026-01-06T08:17:30.4635983Z [1m[92m   Compiling[0m num-iter v0.1.45
2026-01-06T08:17:30.5777328Z [2m[WebServer] [22m[1m[96m    Building[0m [=================>       ] 555/754: tauri-r…
2026-01-06T08:17:30.5778952Z [2m[WebServer] [22m                                                            
2026-01-06T08:17:30.5810724Z [1m[92m   Compiling[0m hash32 v0.3.1
2026-01-06T08:17:30.7422427Z [2m[WebServer] [22m[1m[96m    Building[0m [=================>       ] 556/754: tauri-r…
2026-01-06T08:17:31.0183303Z [2m[WebServer] [22m[1m[96m    Building[0m [=================>       ] 560/754: tauri-r…
2026-01-06T08:17:31.0184261Z [2m[WebServer] [22m                                                            
2026-01-06T08:17:31.0184910Z [1m[92m   Compiling[0m heapless v0.9.2
2026-01-06T08:17:31.1480283Z [2m[WebServer] [22m[1m[96m    Building[0m [=================>       ] 561/754: tauri, …
2026-01-06T08:17:31.1481815Z [2m[WebServer] [22m                                                            
2026-01-06T08:17:31.1482841Z [1m[92m   Compiling[0m rustc-hash v2.1.1
2026-01-06T08:17:31.2702868Z [2m[WebServer] [22m[1m[96m    Building[0m [=================>       ] 563/754: tauri, …
2026-01-06T08:17:31.3385315Z [2m[WebServer] [22m[1m[96m    Building[0m [=================>       ] 567/754: proc-ma…
2026-01-06T08:17:31.6326288Z [2m[WebServer] [22m[1m[96m    Building[0m [=================>       ] 568/754: proc-ma…
2026-01-06T08:17:31.6327708Z [2m[WebServer] [22m                                                            
2026-01-06T08:17:31.6357397Z [1m[92m   Compiling[0m num v0.4.3
2026-01-06T08:17:31.7013938Z [2m[WebServer] [22m[1m[96m    Building[0m [=================>       ] 571/754: proc-ma…
2026-01-06T08:17:31.7122076Z [2m[WebServer] [22m[1m[96m    Building[0m [=================>       ] 573/754: proc-ma…
2026-01-06T08:17:31.7124476Z [2m[WebServer] [22m                                                            
2026-01-06T08:17:31.7127349Z [1m[92m   Compiling[0m postcard v1.1.3
2026-01-06T08:17:32.2230647Z [2m[WebServer] [22m[1m[96m    Building[0m [==================>      ] 574/754: tauri, …
2026-01-06T08:17:32.2232420Z [2m[WebServer] [22m                                                            
2026-01-06T08:17:32.2233469Z [1m[92m   Compiling[0m hyper v1.8.1
2026-01-06T08:17:32.4278100Z Connection attempt 170 failed. Waiting...
2026-01-06T08:17:34.3131226Z [2m[WebServer] [22m[1m[96m    Building[0m [==================>      ] 575/754: tauri, …
2026-01-06T08:17:34.3133103Z [2m[WebServer] [22m                                                            
2026-01-06T08:17:34.3134348Z [1m[92m   Compiling[0m serde_columnar_derive v0.3.7
2026-01-06T08:17:35.0299756Z [2m[WebServer] [22m[1m[96m    Building[0m [==================>      ] 577/754: tauri, …
2026-01-06T08:17:35.0301620Z [2m[WebServer] [22m                                                            
2026-01-06T08:17:35.0332488Z [1m[92m   Compiling[0m tauri-plugin-fs v2.4.4
2026-01-06T08:17:36.6305812Z [2m[WebServer] [22m[1m[96m    Building[0m [==================>      ] 578/754: tauri, …
2026-01-06T08:17:36.6452397Z [2m[WebServer] [22m                                                            
2026-01-06T08:17:36.6565618Z [1m[92m   Compiling[0m derive_arbitrary v1.4.2
2026-01-06T08:17:36.8217129Z [2m[WebServer] [22m[1m[96m    Building[0m [==================>      ] 579/754: tauri, …
2026-01-06T08:17:36.8219040Z [2m[WebServer] [22m                                                            
2026-01-06T08:17:36.8220352Z [1m[92m   Compiling[0m append-only-bytes v0.1.12
2026-01-06T08:17:37.0553596Z [2m[WebServer] [22m[1m[96m    Building[0m [==================>      ] 581/754: tauri, …
2026-01-06T08:17:37.0555466Z [2m[WebServer] [22m                                                            
2026-01-06T08:17:37.0556990Z [1m[92m   Compiling[0m heapless v0.8.0
2026-01-06T08:17:37.3884081Z [2m[WebServer] [22m[1m[96m    Building[0m [==================>      ] 588/754: heaples…
2026-01-06T08:17:37.4647211Z [2m[WebServer] [22m[1m[96m    Building[0m [==================>      ] 589/754: tauri, …
2026-01-06T08:17:37.4648686Z [2m[WebServer] [22m                                                            
2026-01-06T08:17:37.4677296Z [1m[92m   Compiling[0m tract-core v0.21.10
2026-01-06T08:17:37.8350339Z [2m[WebServer] [22m[1m[96m    Building[0m [==================>      ] 591/754: tauri, …
2026-01-06T08:17:37.8351847Z [2m[WebServer] [22m                                                            
2026-01-06T08:17:37.8387811Z [1m[92m   Compiling[0m arbitrary v1.4.2
2026-01-06T08:17:39.3675473Z [2m[WebServer] [22m[1m[96m    Building[0m [==================>      ] 592/754: tauri, …
2026-01-06T08:17:39.3677014Z [2m[WebServer] [22m                                                            
2026-01-06T08:17:39.3691325Z [1m[92m   Compiling[0m hyper-util v0.1.19
2026-01-06T08:17:42.5581011Z [2m[WebServer] [22m[1m[96m    Building[0m [==================>      ] 593/754: tauri, …
2026-01-06T08:17:42.5583422Z [2m[WebServer] [22m                                                            
2026-01-06T08:17:42.5584757Z [1m[92m   Compiling[0m loro-rle v1.6.0
2026-01-06T08:17:42.7796821Z Connection attempt 180 failed. Waiting...
2026-01-06T08:17:42.8446862Z [2m[WebServer] [22m[1m[96m    Building[0m [==================>      ] 596/754: tauri, …
2026-01-06T08:17:42.9263675Z [2m[WebServer] [22m[1m[96m    Building[0m [==================>      ] 598/754: tauri, …
2026-01-06T08:17:42.9265533Z [2m[WebServer] [22m                                                            
2026-01-06T08:17:42.9266748Z [1m[92m   Compiling[0m serde_columnar v0.3.14
2026-01-06T08:17:43.6841266Z [2m[WebServer] [22m[1m[96m    Building[0m [==================>      ] 599/754: tauri, …
2026-01-06T08:17:45.1815205Z [2m[WebServer] [22m[1m[96m    Building[0m [==================>      ] 600/754: tauri, …
2026-01-06T08:17:46.1775511Z [2m[WebServer] [22m[1m[96m    Building[0m [==================>      ] 601/754: heaples…
2026-01-06T08:17:46.1777724Z [2m[WebServer] [22m                                                            
2026-01-06T08:17:46.1778966Z [1m[92m   Compiling[0m notify-types v2.0.0
2026-01-06T08:17:46.9389206Z [2m[WebServer] [22m[1m[96m    Building[0m [==================>      ] 602/754: tauri, …
2026-01-06T08:17:46.9390546Z [2m[WebServer] [22m                                                            
2026-01-06T08:17:46.9417254Z [1m[92m   Compiling[0m enum-as-inner v0.6.1
2026-01-06T08:17:47.5687920Z [2m[WebServer] [22m[1m[96m    Building[0m [==================>      ] 603/754: tauri, …
2026-01-06T08:17:47.5689273Z [2m[WebServer] [22m                                                            
2026-01-06T08:17:47.5717758Z [1m[92m   Compiling[0m filetime v0.2.26
2026-01-06T08:17:47.7769826Z [2m[WebServer] [22m[1m[96m    Building[0m [===================>     ] 605/754: tauri, …
2026-01-06T08:17:47.7771693Z [2m[WebServer] [22m                                                            
2026-01-06T08:17:47.7772873Z [1m[92m   Compiling[0m bitmaps v2.1.0
2026-01-06T08:17:48.5496168Z [2m[WebServer] [22m[1m[96m    Building[0m [===================>     ] 606/754: tauri, …
2026-01-06T08:17:48.5497773Z [2m[WebServer] [22m                                                            
2026-01-06T08:17:48.5531581Z [1m[92m   Compiling[0m im v15.1.0
2026-01-06T08:17:48.8042546Z [2m[WebServer] [22m[1m[96m    Building[0m [===================>     ] 608/754: bitmaps…
2026-01-06T08:17:48.8044098Z [2m[WebServer] [22m                                                            
2026-01-06T08:17:48.8075378Z [1m[92m   Compiling[0m arref v0.1.0
2026-01-06T08:17:48.8717752Z [2m[WebServer] [22m[1m[96m    Building[0m [===================>     ] 609/754: arref, …
2026-01-06T08:17:48.8719165Z [2m[WebServer] [22m                                                            
2026-01-06T08:17:48.8720368Z [1m[92m   Compiling[0m nonmax v0.5.5
2026-01-06T08:17:48.8850023Z [2m[WebServer] [22m[1m[96m    Building[0m [===================>     ] 610/754: arref, …
2026-01-06T08:17:48.8852146Z [2m[WebServer] [22m                                                            
2026-01-06T08:17:48.8853289Z [1m[92m   Compiling[0m leb128 v0.2.5
2026-01-06T08:17:49.0356625Z [2m[WebServer] [22m[1m[96m    Building[0m [===================>     ] 612/754: nonmax,…
2026-01-06T08:17:49.0358289Z [2m[WebServer] [22m                                                            
2026-01-06T08:17:49.0393328Z [1m[92m   Compiling[0m twox-hash v2.1.2
2026-01-06T08:17:49.1902910Z [2m[WebServer] [22m[1m[96m    Building[0m [===================>     ] 613/754: nonmax,…
2026-01-06T08:17:49.1904484Z [2m[WebServer] [22m                                                            
2026-01-06T08:17:49.1932783Z [1m[92m   Compiling[0m heck v0.4.1
2026-01-06T08:17:49.3972690Z [2m[WebServer] [22m[1m[96m    Building[0m [===================>     ] 614/754: nonmax,…
2026-01-06T08:17:49.3974249Z [2m[WebServer] [22m                                                            
2026-01-06T08:17:49.3984278Z [1m[92m   Compiling[0m loro-thunderdome v0.6.2
2026-01-06T08:17:49.4786583Z [2m[WebServer] [22m[1m[96m    Building[0m [===================>     ] 616/754: tract-l…
2026-01-06T08:17:49.4788117Z [2m[WebServer] [22m                                                            
2026-01-06T08:17:49.4801466Z [1m[92m   Compiling[0m enum-as-inner v0.5.1
2026-01-06T08:17:49.6224190Z [2m[WebServer] [22m[1m[96m    Building[0m [===================>     ] 617/754: enum-as…
2026-01-06T08:17:49.6225764Z [2m[WebServer] [22m                                                            
2026-01-06T08:17:49.6259434Z [1m[92m   Compiling[0m generic-btree v0.10.7
2026-01-06T08:17:50.0876501Z [2m[WebServer] [22m[1m[96m    Building[0m [===================>     ] 618/754: enum-as…
2026-01-06T08:17:50.0877984Z [2m[WebServer] [22m                                                            
2026-01-06T08:17:50.0909158Z [1m[92m   Compiling[0m tower v0.5.2
2026-01-06T08:17:50.9180074Z [2m[WebServer] [22m[1m[96m    Building[0m [===================>     ] 619/754: tract-l…
2026-01-06T08:17:50.9182209Z [2m[WebServer] [22m                                                            
2026-01-06T08:17:50.9216160Z [1m[92m   Compiling[0m loro-common v1.10.0
2026-01-06T08:17:51.4637132Z [2m[WebServer] [22m[1m[96m    Building[0m [===================>     ] 620/754: tract-l…
2026-01-06T08:17:51.4639068Z [2m[WebServer] [22m                                                            
2026-01-06T08:17:51.4640254Z [1m[92m   Compiling[0m lz4_flex v0.11.5
2026-01-06T08:17:51.5064235Z [2m[WebServer] [22m[1m[96m    Building[0m [===================>     ] 621/754: lz4_fle…
2026-01-06T08:17:51.5529086Z [2m[WebServer] [22m[1m[96m    Building[0m [===================>     ] 623/754: lz4_fle…
2026-01-06T08:17:51.5530599Z [2m[WebServer] [22m                                                            
2026-01-06T08:17:51.5565873Z [1m[92m   Compiling[0m sized-chunks v0.6.5
2026-01-06T08:17:51.8851172Z [2m[WebServer] [22m[1m[96m    Building[0m [===================>     ] 624/754: lz4_fle…
2026-01-06T08:17:51.8883586Z [2m[WebServer] [22m                                                            
2026-01-06T08:17:51.8903801Z [1m[92m   Compiling[0m tar v0.4.44
2026-01-06T08:17:52.0931218Z [2m[WebServer] [22m[1m[96m    Building[0m [===================>     ] 626/754: lz4_fle…
2026-01-06T08:17:52.0943340Z [2m[WebServer] [22m                                                            
2026-01-06T08:17:52.0978471Z [1m[92m   Compiling[0m notify v8.2.0
2026-01-06T08:17:53.0696625Z Connection attempt 190 failed. Waiting...
2026-01-06T08:17:53.4571383Z [2m[WebServer] [22m[1m[96m    Building[0m [===================>     ] 627/754: notify,…
2026-01-06T08:17:53.4573332Z [2m[WebServer] [22m                                                            
2026-01-06T08:17:53.4574735Z [1m[92m   Compiling[0m tokio-native-tls v0.3.1
2026-01-06T08:17:53.6642092Z [2m[WebServer] [22m[1m[96m    Building[0m [===================>     ] 628/754: notify,…
2026-01-06T08:17:53.6644116Z [2m[WebServer] [22m                                                            
2026-01-06T08:17:53.6676136Z [1m[92m   Compiling[0m tokio-rustls v0.26.4
2026-01-06T08:17:54.0557243Z [2m[WebServer] [22m[1m[96m    Building[0m [===================>     ] 631/754: notify,…
2026-01-06T08:17:54.1092264Z [2m[WebServer] [22m[1m[96m    Building[0m [===================>     ] 632/754: notify,…
2026-01-06T08:17:54.1094074Z [2m[WebServer] [22m                                                            
2026-01-06T08:17:54.1095293Z [1m[92m   Compiling[0m derive_builder_core v0.20.2
2026-01-06T08:17:54.7333985Z [2m[WebServer] [22m[1m[96m    Building[0m [====================>    ] 635/754: notify,…
2026-01-06T08:17:54.7335813Z [2m[WebServer] [22m                                                            
2026-01-06T08:17:54.7370589Z [1m[92m   Compiling[0m tauri-plugin-process v2.3.1
2026-01-06T08:17:54.7924309Z [2m[WebServer] [22m[1m[96m    Building[0m [====================>    ] 636/754: notify,…
2026-01-06T08:17:54.7926587Z [2m[WebServer] [22m                                                            
2026-01-06T08:17:54.7927878Z [1m[92m   Compiling[0m tauri-plugin-store v2.4.1
2026-01-06T08:17:56.0015125Z [2m[WebServer] [22m[1m[96m    Building[0m [====================>    ] 637/754: tauri-p…
2026-01-06T08:17:56.0020091Z [2m[WebServer] [22m                                                            
2026-01-06T08:17:56.0082117Z [1m[92m   Compiling[0m tauri-plugin-opener v2.5.2
2026-01-06T08:17:56.0884849Z [2m[WebServer] [22m[1m[96m    Building[0m [====================>    ] 638/754: tauri-p…
2026-01-06T08:17:56.0886486Z [2m[WebServer] [22m                                                            
2026-01-06T08:17:56.0919463Z [1m[92m   Compiling[0m tauri-plugin-updater v2.9.0
2026-01-06T08:17:56.2039151Z [2m[WebServer] [22m[1m[96m    Building[0m [====================>    ] 639/754: tauri-p…
2026-01-06T08:17:56.2040829Z [2m[WebServer] [22m                                                            
2026-01-06T08:17:56.2072348Z [1m[92m   Compiling[0m tauri-plugin-global-shortcut v2.3.1
2026-01-06T08:17:57.5514920Z [2m[WebServer] [22m[1m[96m    Building[0m [====================>    ] 640/754: tauri-p…
2026-01-06T08:17:57.5517510Z [2m[WebServer] [22m                                                            
2026-01-06T08:17:57.5522091Z [1m[92m   Compiling[0m tauri-plugin-dialog v2.4.2
2026-01-06T08:17:57.6154067Z [2m[WebServer] [22m[1m[96m    Building[0m [====================>    ] 641/754: tauri-p…
2026-01-06T08:17:57.6155587Z [2m[WebServer] [22m                                                            
2026-01-06T08:17:57.6178451Z [1m[92m   Compiling[0m quick_cache v0.6.18
2026-01-06T08:17:57.7342860Z [2m[WebServer] [22m[1m[96m    Building[0m [====================>    ] 642/754: tauri-p…
2026-01-06T08:17:57.7344391Z [2m[WebServer] [22m                                                            
2026-01-06T08:17:57.7363930Z [1m[92m   Compiling[0m windows-interface v0.58.0
2026-01-06T08:17:58.2432860Z [2m[WebServer] [22m[1m[96m    Building[0m [====================>    ] 643/754: tauri-p…
2026-01-06T08:17:58.2434108Z [2m[WebServer] [22m                                                            
2026-01-06T08:17:58.2445166Z [1m[92m   Compiling[0m windows-implement v0.58.0
2026-01-06T08:17:58.7721440Z [2m[WebServer] [22m[1m[96m    Building[0m [====================>    ] 644/754: tauri-p…
2026-01-06T08:17:58.7723885Z [2m[WebServer] [22m                                                            
2026-01-06T08:17:58.7725097Z [1m[92m   Compiling[0m file-id v0.2.3
2026-01-06T08:17:58.9557905Z [2m[WebServer] [22m[1m[96m    Building[0m [====================>    ] 646/754: windows…
2026-01-06T08:17:58.9568697Z [2m[WebServer] [22m                                                            
2026-01-06T08:17:58.9575192Z [1m[92m   Compiling[0m rand_xoshiro v0.6.0
2026-01-06T08:17:59.0213846Z [2m[WebServer] [22m[1m[96m    Building[0m [====================>    ] 649/754: rand_xo…
2026-01-06T08:17:59.0215493Z [2m[WebServer] [22m                                                            
2026-01-06T08:17:59.0220652Z [1m[92m   Compiling[0m yansi v1.0.1
2026-01-06T08:17:59.3660137Z [2m[WebServer] [22m[1m[96m    Building[0m [====================>    ] 655/754: rand_xo…
2026-01-06T08:17:59.3661705Z [2m[WebServer] [22m                                                            
2026-01-06T08:17:59.3674195Z [1m[92m   Compiling[0m ensure-cov v0.1.0
2026-01-06T08:17:59.5240822Z [2m[WebServer] [22m[1m[96m    Building[0m [====================>    ] 657/754: rand_xo…
2026-01-06T08:17:59.5242663Z [2m[WebServer] [22m                                                            
2026-01-06T08:17:59.5243898Z [1m[92m   Compiling[0m diff v0.1.13
2026-01-06T08:17:59.5346996Z [2m[WebServer] [22m[1m[96m    Building[0m [====================>    ] 659/754: rand_xo…
2026-01-06T08:17:59.5349676Z [2m[WebServer] [22m                                                            
2026-01-06T08:17:59.5351170Z [2m[WebServer] [22m[1m[92m   Compiling[0m xxhash-rust v0.8.15
2026-01-06T08:17:59.6150078Z [2m[WebServer] [22m[1m[96m    Building[0m [====================>    ] 660/754: xxhash-…
2026-01-06T08:17:59.6151641Z [2m[WebServer] [22m                                                            
2026-01-06T08:17:59.6175144Z [1m[92m   Compiling[0m windows-core v0.58.0
2026-01-06T08:17:59.6891065Z [2m[WebServer] [22m[1m[96m    Building[0m [====================>    ] 663/754: xxhash-…
2026-01-06T08:17:59.6892987Z [2m[WebServer] [22m                                                            
2026-01-06T08:17:59.6894237Z [1m[92m   Compiling[0m pretty_assertions v1.4.1
2026-01-06T08:18:00.0699882Z [2m[WebServer] [22m[1m[96m    Building[0m [=====================>   ] 664/754: diff, w…
2026-01-06T08:18:00.0701471Z [2m[WebServer] [22m                                                            
2026-01-06T08:18:00.0733747Z [1m[92m   Compiling[0m loro-kv-store v1.10.0
2026-01-06T08:18:00.1140965Z [2m[WebServer] [22m[1m[96m    Building[0m [=====================>   ] 665/754: windows…
2026-01-06T08:18:00.6111412Z [2m[WebServer] [22m[1m[96m    Building[0m [=====================>   ] 666/754: windows…
2026-01-06T08:18:00.6113430Z [2m[WebServer] [22m                                                            
2026-01-06T08:18:00.6114684Z [1m[92m   Compiling[0m g2gen v1.2.2
2026-01-06T08:18:01.3678273Z [2m[WebServer] [22m[1m[96m    Building[0m [=====================>   ] 667/754: g2gen, …
2026-01-06T08:18:01.3679589Z [2m[WebServer] [22m                                                            
2026-01-06T08:18:01.3709882Z [1m[92m   Compiling[0m tower-http v0.6.8
2026-01-06T08:18:02.0834119Z [2m[WebServer] [22m[1m[96m    Building[0m [=====================>   ] 668/754: tower-h…
2026-01-06T08:18:02.0844630Z [2m[WebServer] [22m                                                            
2026-01-06T08:18:02.0845712Z [1m[92m   Compiling[0m rand_chacha v0.9.0
2026-01-06T08:18:02.0846937Z [2m[WebServer] [22m[1m[92m   Compiling[0m notify-debouncer-full v0.6.0
2026-01-06T08:18:02.6953575Z [2m[WebServer] [22m[1m[96m    Building[0m [=====================>   ] 672/754: rand_ch…
2026-01-06T08:18:02.6955428Z [2m[WebServer] [22m                                                            
2026-01-06T08:18:02.6957870Z [1m[92m   Compiling[0m prost-derive v0.11.9
2026-01-06T08:18:02.9492140Z [2m[WebServer] [22m[1m[96m    Building[0m [=====================>   ] 673/754: rand_ch…
2026-01-06T08:18:02.9769815Z [2m[WebServer] [22m[1m[96m    Building[0m [=====================>   ] 674/754: notify-…
2026-01-06T08:18:02.9833636Z [2m[WebServer] [22m[1m[96m    Building[0m [=====================>   ] 675/754: tauri-p…
2026-01-06T08:18:03.0048494Z [2m[WebServer] [22m[1m[96m    Building[0m [=====================>   ] 676/754: tauri-p…
2026-01-06T08:18:03.0099206Z [2m[WebServer] [22m[1m[96m    Building[0m [=====================>   ] 677/754: tauri-p…
2026-01-06T08:18:03.0343051Z [2m[WebServer] [22m[1m[96m    Building[0m [=====================>   ] 678/754: tauri-p…
2026-01-06T08:18:03.0445796Z [2m[WebServer] [22m[1m[96m    Building[0m [=====================>   ] 679/754: tauri-p…
2026-01-06T08:18:03.0448085Z [2m[WebServer] [22m                                                            
2026-01-06T08:18:03.0449266Z [1m[92m   Compiling[0m derive_builder_macro v0.20.2
2026-01-06T08:18:03.0620020Z [2m[WebServer] [22m[1m[96m    Building[0m [=====================>   ] 680/754: tauri-p…
2026-01-06T08:18:03.0622205Z [2m[WebServer] [22m                                                            
2026-01-06T08:18:03.0641896Z [1m[92m   Compiling[0m loro-delta v1.9.1
2026-01-06T08:18:03.3682256Z Connection attempt 200 failed. Waiting...
2026-01-06T08:18:03.4862977Z [2m[WebServer] [22m[1m[96m    Building[0m [=====================>   ] 681/754: loro-de…
2026-01-06T08:18:03.4864802Z [2m[WebServer] [22m                                                            
2026-01-06T08:18:03.4865936Z [1m[92m   Compiling[0m hyper-tls v0.6.0
2026-01-06T08:18:03.5003413Z [2m[WebServer] [22m[1m[96m    Building[0m [=====================>   ] 682/754: loro-de…
2026-01-06T08:18:03.5005252Z [2m[WebServer] [22m                                                            
2026-01-06T08:18:03.5006459Z [1m[92m   Compiling[0m hyper-rustls v0.27.7
2026-01-06T08:18:03.8074771Z [2m[WebServer] [22m[1m[96m    Building[0m [=====================>   ] 683/754: hyper-r…
2026-01-06T08:18:03.8076377Z [2m[WebServer] [22m                                                            
2026-01-06T08:18:03.8108871Z [1m[92m   Compiling[0m tract-nnef v0.21.10
2026-01-06T08:18:04.0157469Z [2m[WebServer] [22m[1m[96m    Building[0m [=====================>   ] 686/754: hyper-r…
2026-01-06T08:18:04.0158923Z [2m[WebServer] [22m                                                            
2026-01-06T08:18:04.0187750Z [1m[92m   Compiling[0m serde_urlencoded v0.7.1
2026-01-06T08:18:04.3705931Z [2m[WebServer] [22m[1m[96m    Building[0m [=====================>   ] 688/754: tract-n…
2026-01-06T08:18:04.3708017Z [2m[WebServer] [22m                                                            
2026-01-06T08:18:04.3709329Z [1m[92m   Compiling[0m rand_distr v0.4.3
2026-01-06T08:18:05.0490068Z [2m[WebServer] [22m[1m[96m    Building[0m [=====================>   ] 689/754: tract-n…
2026-01-06T08:18:05.0491495Z [2m[WebServer] [22m                                                            
2026-01-06T08:18:05.0520104Z [1m[92m   Compiling[0m loro_fractional_index v1.6.0
2026-01-06T08:18:05.0879834Z [2m[WebServer] [22m[1m[96m    Building[0m [=====================>   ] 690/754: tract-n…
2026-01-06T08:18:05.0882780Z [2m[WebServer] [22m                                                            
2026-01-06T08:18:05.0884100Z [1m[92m   Compiling[0m enum_dispatch v0.3.13
2026-01-06T08:18:05.3865717Z [2m[WebServer] [22m[1m[96m    Building[0m [=====================>   ] 691/754: enum_di…
2026-01-06T08:18:05.3867572Z [2m[WebServer] [22m                                                            
2026-01-06T08:18:05.3868719Z [1m[92m   Compiling[0m monostate-impl v0.1.18
2026-01-06T08:18:05.8825313Z [2m[WebServer] [22m[1m[96m    Building[0m [=====================>   ] 692/754: enum_di…
2026-01-06T08:18:05.8827436Z [2m[WebServer] [22m                                                            
2026-01-06T08:18:05.8858993Z [1m[92m   Compiling[0m dyn-clonable-impl v0.9.2
2026-01-06T08:18:06.3503543Z [2m[WebServer] [22m[1m[96m    Building[0m [=====================>   ] 693/754: enum_di…
2026-01-06T08:18:06.3505195Z [2m[WebServer] [22m                                                            
2026-01-06T08:18:06.3506270Z [1m[92m   Compiling[0m thread_local v1.1.9
2026-01-06T08:18:06.4715357Z [2m[WebServer] [22m[1m[96m    Building[0m [======================>  ] 694/754: enum_di…
2026-01-06T08:18:06.4716918Z [2m[WebServer] [22m                                                            
2026-01-06T08:18:06.4725819Z [1m[92m   Compiling[0m md5 v0.7.0
2026-01-06T08:18:06.7118497Z [2m[WebServer] [22m[1m[96m    Building[0m [======================>  ] 696/754: tract-n…
2026-01-06T08:18:06.7119942Z [2m[WebServer] [22m                                                            
2026-01-06T08:18:06.7150949Z [1m[92m   Compiling[0m spm_precompiled v0.1.4
2026-01-06T08:18:06.7204383Z [2m[WebServer] [22m[1m[96m    Building[0m [======================>  ] 703/754: tract-n…
2026-01-06T08:18:06.7237643Z [2m[WebServer] [22m                                                            
2026-01-06T08:18:06.7257845Z [1m[92m   Compiling[0m loro-internal v1.10.3
2026-01-06T08:18:07.0649709Z [2m[WebServer] [22m[1m[96m    Building[0m [======================>  ] 707/754: tract-n…
2026-01-06T08:18:07.0651255Z [2m[WebServer] [22m                                                            
2026-01-06T08:18:07.0677616Z [1m[92m   Compiling[0m reqwest v0.12.28
2026-01-06T08:18:13.6618267Z Connection attempt 210 failed. Waiting...
2026-01-06T08:18:17.5420736Z [2m[WebServer] [22m[1m[96m    Building[0m [======================>  ] 708/754: tract-n…
2026-01-06T08:18:17.5422438Z [2m[WebServer] [22m                                                            
2026-01-06T08:18:17.5457543Z [1m[92m   Compiling[0m tract-onnx-opl v0.21.10
2026-01-06T08:18:21.6595609Z [2m[WebServer] [22m[1m[96m    Building[0m [======================>  ] 709/754: loro-in…
2026-01-06T08:18:21.6597336Z [2m[WebServer] [22m                                                            
2026-01-06T08:18:21.6625859Z [1m[92m   Compiling[0m dyn-clonable v0.9.2
2026-01-06T08:18:21.7341778Z [2m[WebServer] [22m[1m[96m    Building[0m [======================>  ] 710/754: dyn-clo…
2026-01-06T08:18:21.7343554Z [2m[WebServer] [22m                                                            
2026-01-06T08:18:21.7353268Z [1m[92m   Compiling[0m monostate v0.1.18
2026-01-06T08:18:21.9874097Z [2m[WebServer] [22m[1m[96m    Building[0m [======================>  ] 711/754: monosta…
2026-01-06T08:18:21.9875848Z [2m[WebServer] [22m                                                            
2026-01-06T08:18:21.9877077Z [1m[92m   Compiling[0m prost v0.11.9
2026-01-06T08:18:22.0665587Z [2m[WebServer] [22m[1m[96m    Building[0m [======================>  ] 712/754: monosta…
2026-01-06T08:18:22.0667303Z [2m[WebServer] [22m                                                            
2026-01-06T08:18:22.0668371Z [1m[92m   Compiling[0m compact_str v0.9.0
2026-01-06T08:18:22.5337130Z [2m[WebServer] [22m[1m[96m    Building[0m [======================>  ] 714/754: prost, …
2026-01-06T08:18:22.5339070Z [2m[WebServer] [22m                                                            
2026-01-06T08:18:22.5340286Z [1m[92m   Compiling[0m derive_builder v0.20.2
2026-01-06T08:18:22.6426016Z [2m[WebServer] [22m[1m[96m    Building[0m [======================>  ] 715/754: loro-in…
2026-01-06T08:18:23.1915492Z [2m[WebServer] [22m[1m[96m    Building[0m [======================>  ] 716/754: tauri-p…
2026-01-06T08:18:23.1917451Z [2m[WebServer] [22m                                                            
2026-01-06T08:18:23.1919163Z [2m[WebServer] [22m[1m[92m   Compiling[0m rand v0.9.2
2026-01-06T08:18:23.9485758Z Connection attempt 220 failed. Waiting...
2026-01-06T08:18:24.1926913Z [2m[WebServer] [22m[1m[96m    Building[0m [======================>  ] 717/754: tauri-p…
2026-01-06T08:18:24.1928528Z [2m[WebServer] [22m                                                            
2026-01-06T08:18:24.1960901Z [1m[92m   Compiling[0m g2p v1.2.2
2026-01-06T08:18:24.2857963Z [2m[WebServer] [22m[1m[96m    Building[0m [======================>  ] 720/754: tauri-p…
2026-01-06T08:18:24.2859596Z [2m[WebServer] [22m                                                            
2026-01-06T08:18:24.2898687Z [1m[92m   Compiling[0m windows v0.58.0
2026-01-06T08:18:24.6946178Z [2m[WebServer] [22m[1m[96m    Building[0m [======================>  ] 721/754: tauri-p…
2026-01-06T08:18:24.6947898Z [2m[WebServer] [22m                                                            
2026-01-06T08:18:24.6982120Z [1m[92m   Compiling[0m tract-hir v0.21.10
2026-01-06T08:18:34.3665058Z Connection attempt 230 failed. Waiting...
2026-01-06T08:18:39.4459895Z [2m[WebServer] [22m[1m[96m    Building[0m [======================>  ] 723/754: loro-in…
2026-01-06T08:18:39.4461397Z [2m[WebServer] [22m                                                            
2026-01-06T08:18:39.4462252Z [1m[92m   Compiling[0m zip v4.6.1
2026-01-06T08:18:41.5137376Z [2m[WebServer] [22m[1m[96m    Building[0m [=======================> ] 724/754: zip, lo…
2026-01-06T08:18:41.5140720Z [2m[WebServer] [22m                                                            
2026-01-06T08:18:41.5142238Z [1m[92m   Compiling[0m global-hotkey v0.7.0
2026-01-06T08:18:42.6155717Z [2m[WebServer] [22m[1m[96m    Building[0m [=======================> ] 725/754: global-…
2026-01-06T08:18:42.6158452Z [2m[WebServer] [22m                                                            
2026-01-06T08:18:42.6160043Z [2m[WebServer] [22m[1m[92m   Compiling[0m screen-inu v0.2.6 (D:\a\screen_inu\screen_inu\app\src-tauri)
2026-01-06T08:18:44.2562423Z [2m[WebServer] [22m[1m[96m    Building[0m [=======================> ] 726/754: screen-…
2026-01-06T08:18:44.2564026Z [2m[WebServer] [22m                                                            
2026-01-06T08:18:44.2591599Z [1m[92m   Compiling[0m unicode-normalization-alignments v0.1.12
2026-01-06T08:18:44.6271577Z Connection attempt 240 failed. Waiting...
2026-01-06T08:18:45.1581006Z [2m[WebServer] [22m[1m[96m    Building[0m [=======================> ] 727/754: loro-in…
2026-01-06T08:18:45.1582596Z [2m[WebServer] [22m                                                            
2026-01-06T08:18:45.1616875Z [1m[92m   Compiling[0m dary_heap v0.3.8
2026-01-06T08:18:45.3620043Z [2m[WebServer] [22m[1m[96m    Building[0m [=======================> ] 728/754: loro-in…
2026-01-06T08:18:45.3621672Z [2m[WebServer] [22m                                                            
2026-01-06T08:18:45.3655917Z [1m[92m   Compiling[0m tract-onnx v0.21.10
2026-01-06T08:18:46.1783114Z [2m[WebServer] [22m[1m[96m    Building[0m [=======================> ] 736/754: loro-in…
2026-01-06T08:18:46.1784996Z [2m[WebServer] [22m                                                            
2026-01-06T08:18:46.1786182Z [1m[92m   Compiling[0m tts v0.26.3
2026-01-06T08:18:48.5092621Z [2m[WebServer] [22m[1m[96m    Building[0m [=======================> ] 737/754: loro-in…
2026-01-06T08:18:48.5094143Z [2m[WebServer] [22m                                                            
2026-01-06T08:18:48.5128455Z [1m[92m   Compiling[0m tokenizers v0.21.4
2026-01-06T08:18:55.0707419Z Connection attempt 250 failed. Waiting...
2026-01-06T08:19:02.6629493Z [2m[WebServer] [22m[1m[96m    Building[0m [=======================> ] 738/754: tokeniz…
2026-01-06T08:19:02.6631221Z [2m[WebServer] [22m                                                            
2026-01-06T08:19:02.6668802Z [1m[92m   Compiling[0m xcap v0.8.1
2026-01-06T08:19:04.5399744Z [2m[WebServer] [22m[1m[96m    Building[0m [=======================> ] 739/754: xcap, t…
2026-01-06T08:19:05.4199648Z Connection attempt 260 failed. Waiting...
2026-01-06T08:19:06.8933905Z [2m[WebServer] [22m[1m[96m    Building[0m [=======================> ] 740/754: tauri-p…
2026-01-06T08:19:07.8327143Z [2m[WebServer] [22m[1m[96m    Building[0m [=======================> ] 741/754: tauri-p…
2026-01-06T08:19:08.1642012Z [2m[WebServer] [22m[1m[96m    Building[0m [=======================> ] 742/754: tokeniz…
2026-01-06T08:19:08.3756901Z [2m[WebServer] [22m[1m[96m    Building[0m [=======================> ] 743/754: tokeniz…
2026-01-06T08:19:09.0411339Z [2m[WebServer] [22m[1m[96m    Building[0m [=======================> ] 744/754: tauri-p…
2026-01-06T08:19:09.0413090Z [2m[WebServer] [22m                                                            
2026-01-06T08:19:09.0414101Z [1m[92m   Compiling[0m rqrr v0.8.0
2026-01-06T08:19:09.9662129Z [2m[WebServer] [22m[1m[96m    Building[0m [=======================> ] 745/754: tauri-p…
2026-01-06T08:19:09.9837366Z [2m[WebServer] [22m                                                            
2026-01-06T08:19:09.9900309Z [1m[92m   Compiling[0m loro v1.10.3
2026-01-06T08:19:11.0026522Z [2m[WebServer] [22m[1m[96m    Building[0m [=======================> ] 746/754: tokeniz…
2026-01-06T08:19:11.2835274Z [2m[WebServer] [22m[1m[96m    Building[0m [=======================> ] 747/754: tauri-p…
2026-01-06T08:19:12.1501932Z [2m[WebServer] [22m[1m[96m    Building[0m [=======================> ] 748/754: tokeniz…
2026-01-06T08:19:13.1256267Z [2m[WebServer] [22m[1m[96m    Building[0m [=======================> ] 749/754: tokeniz…
2026-01-06T08:19:13.3629271Z [2m[WebServer] [22m[1m[96m    Building[0m [=======================> ] 750/754: tokeniz…
2026-01-06T08:19:15.7032539Z Connection attempt 270 failed. Waiting...
2026-01-06T08:19:25.7876322Z Connection attempt 280 failed. Waiting...
2026-01-06T08:19:27.8659942Z [2m[WebServer] [22m[1m[96m    Building[0m [=======================> ] 751/754: tract-c…
2026-01-06T08:19:29.5480112Z [2m[WebServer] [22m[1m[96m    Building[0m [=======================> ] 752/754: screen-…
2026-01-06T08:19:29.5481821Z [2m[WebServer] [22m                                                            
2026-01-06T08:19:29.5482652Z [1m[93mwarning[0m[1m[97m: variable does not need to be mutable[0m
2026-01-06T08:19:29.5483537Z [2m[WebServer] [22m   [1m[96m--> [0msrc\sync.rs:209:9
2026-01-06T08:19:29.5484201Z [2m[WebServer] [22m    [1m[96m|[0m
2026-01-06T08:19:29.5485156Z [2m[WebServer] [22m[1m[96m209[0m [1m[96m|[0m     let mut guard = SYNC_MANAGER.lock().map_err(|e| e.to_string())?;
2026-01-06T08:19:29.5485955Z [2m[WebServer] [22m    [1m[96m|[0m         [1m[96m----[0m[1m[93m^^^^^[0m
2026-01-06T08:19:29.5486485Z [2m[WebServer] [22m    [1m[96m|[0m         [1m[96m|[0m
2026-01-06T08:19:29.5487005Z [2m[WebServer] [22m    [1m[96m|[0m         [1m[96mhelp: remove this `mut`[0m
2026-01-06T08:19:29.5487404Z [2m[WebServer] [22m    [1m[96m|[0m
2026-01-06T08:19:29.5487985Z [2m[WebServer] [22m    [1m[96m= [0m[1m[97mnote[0m: `#[warn(unused_mut)]` (part of `#[warn(unused)]`) on by default
2026-01-06T08:19:29.5488417Z [2m[WebServer] [22m
2026-01-06T08:19:35.8867685Z Connection attempt 290 failed. Waiting...
2026-01-06T08:19:39.4029295Z ×°°°°°°°°°°°°°°°°Connecting to Tauri app via CDP...
2026-01-06T08:19:39.4505064Z Connection attempt 0 failed. Waiting...
2026-01-06T08:19:49.6324064Z Connection attempt 10 failed. Waiting...
2026-01-06T08:19:53.7640712Z [2m[WebServer] [22m[1m[96m    Building[0m [=======================> ] 752/754: screen-…
2026-01-06T08:19:53.7641852Z [2m[WebServer] [22m                                                            
2026-01-06T08:19:53.7643304Z [1m[93mwarning[0m: `screen-inu` (lib) generated 1 warning (run `cargo fix --lib -p screen-inu` to apply 1 suggestion)
2026-01-06T08:19:59.7950572Z Connection attempt 20 failed. Waiting...
2026-01-06T08:20:01.5134694Z [2m[WebServer] [22m[1m[96m    Building[0m [=======================> ] 753/754: screen-…
2026-01-06T08:20:02.0286664Z [2m[WebServer] [22m                                                            
2026-01-06T08:20:02.0287570Z [2m[WebServer] [22m[1m[92m    Finished[0m `dev` profile [unoptimized + debuginfo] target(s) in 5m 23s
2026-01-06T08:20:02.3178348Z [2m[WebServer] [22m[1m[92m     Running[0m `target\debug\screen-inu.exe`
2026-01-06T08:20:09.8939949Z Connection attempt 30 failed. Waiting...
2026-01-06T08:20:19.9404816Z Connection attempt 40 failed. Waiting...
2026-01-06T08:20:29.9903565Z Connection attempt 50 failed. Waiting...
2026-01-06T08:20:40.0508289Z Connection attempt 60 failed. Waiting...
2026-01-06T08:20:50.1013070Z Connection attempt 70 failed. Waiting...
2026-01-06T08:21:00.1429511Z Connection attempt 80 failed. Waiting...
2026-01-06T08:21:10.1817942Z Connection attempt 90 failed. Waiting...
2026-01-06T08:21:20.2233362Z Connection attempt 100 failed. Waiting...
2026-01-06T08:21:30.2675712Z Connection attempt 110 failed. Waiting...
2026-01-06T08:21:40.3098410Z Connection attempt 120 failed. Waiting...
2026-01-06T08:21:50.3523690Z Connection attempt 130 failed. Waiting...
2026-01-06T08:22:00.3916294Z Connection attempt 140 failed. Waiting...
2026-01-06T08:22:10.4314930Z Connection attempt 150 failed. Waiting...
2026-01-06T08:22:20.4741685Z Connection attempt 160 failed. Waiting...
2026-01-06T08:22:30.5810883Z Connection attempt 170 failed. Waiting...
2026-01-06T08:22:40.6237143Z Connection attempt 180 failed. Waiting...
2026-01-06T08:22:50.6738522Z Connection attempt 190 failed. Waiting...
2026-01-06T08:23:00.7151212Z Connection attempt 200 failed. Waiting...
2026-01-06T08:23:10.7542735Z Connection attempt 210 failed. Waiting...
2026-01-06T08:23:20.7965794Z Connection attempt 220 failed. Waiting...
2026-01-06T08:23:30.8392355Z Connection attempt 230 failed. Waiting...
2026-01-06T08:23:40.8802801Z Connection attempt 240 failed. Waiting...
2026-01-06T08:23:50.9177231Z Connection attempt 250 failed. Waiting...
2026-01-06T08:24:00.9593114Z Connection attempt 260 failed. Waiting...
2026-01-06T08:24:10.9992549Z Connection attempt 270 failed. Waiting...
2026-01-06T08:24:21.0394765Z Connection attempt 280 failed. Waiting...
2026-01-06T08:24:31.0852546Z Connection attempt 290 failed. Waiting...
2026-01-06T08:24:40.4968485Z ×°°°°°°°°°°°°°°°°Connecting to Tauri app via CDP...
2026-01-06T08:24:40.5163356Z Connection attempt 0 failed. Waiting...
2026-01-06T08:24:50.5797799Z Connection attempt 10 failed. Waiting...
2026-01-06T08:25:00.6413597Z Connection attempt 20 failed. Waiting...
2026-01-06T08:25:10.6940754Z Connection attempt 30 failed. Waiting...
2026-01-06T08:25:20.7470952Z Connection attempt 40 failed. Waiting...
2026-01-06T08:25:30.8035675Z Connection attempt 50 failed. Waiting...
2026-01-06T08:25:40.8710331Z Connection attempt 60 failed. Waiting...
2026-01-06T08:25:50.9192788Z Connection attempt 70 failed. Waiting...
2026-01-06T08:26:00.9670691Z Connection attempt 80 failed. Waiting...
2026-01-06T08:26:11.0154710Z Connection attempt 90 failed. Waiting...
2026-01-06T08:26:21.0671941Z Connection attempt 100 failed. Waiting...
2026-01-06T08:26:31.1109145Z Connection attempt 110 failed. Waiting...
2026-01-06T08:26:41.1580511Z Connection attempt 120 failed. Waiting...
2026-01-06T08:26:51.2027288Z Connection attempt 130 failed. Waiting...
2026-01-06T08:27:01.2524014Z Connection attempt 140 failed. Waiting...
2026-01-06T08:27:11.2942396Z Connection attempt 150 failed. Waiting...
2026-01-06T08:27:21.3400830Z Connection attempt 160 failed. Waiting...
2026-01-06T08:27:31.3840250Z Connection attempt 170 failed. Waiting...
2026-01-06T08:27:41.4277156Z Connection attempt 180 failed. Waiting...
2026-01-06T08:27:51.4694378Z Connection attempt 190 failed. Waiting...
2026-01-06T08:28:01.5163250Z Connection attempt 200 failed. Waiting...
2026-01-06T08:28:11.5591446Z Connection attempt 210 failed. Waiting...
2026-01-06T08:28:21.6056314Z Connection attempt 220 failed. Waiting...
2026-01-06T08:28:31.6459471Z Connection attempt 230 failed. Waiting...
2026-01-06T08:28:41.6915011Z Connection attempt 240 failed. Waiting...
2026-01-06T08:28:51.7332209Z Connection attempt 250 failed. Waiting...
2026-01-06T08:29:01.7807101Z Connection attempt 260 failed. Waiting...
2026-01-06T08:29:11.8244826Z Connection attempt 270 failed. Waiting...
2026-01-06T08:29:21.8680609Z Connection attempt 280 failed. Waiting...
2026-01-06T08:29:31.9174804Z Connection attempt 290 failed. Waiting...
2026-01-06T08:29:41.6338842Z T°°°°°°°°°°°°°°°°Connecting to Tauri app via CDP...
2026-01-06T08:29:41.6946217Z Connected to CDP!
2026-01-06T08:29:41.6946926Z   [Setup] Available pages:
2026-01-06T08:29:41.7154265Z     - Title: "Screen Inu", URL: http://localhost:1420/
2026-01-06T08:29:41.7185093Z   [Setup] Selected page: "Screen Inu" (http://localhost:1420/)
2026-01-06T08:29:41.8155393Z   [beforeEach] Reloading page to enforce clean state...
2026-01-06T08:29:42.5692104Z   [Helper] Cleaning up existing modals (if any)
2026-01-06T08:29:42.6097854Z   [Helper] Finding Settings button
2026-01-06T08:29:42.6165215Z   [Helper] Clicking Settings button
2026-01-06T08:29:44.0179502Z   [Helper] Waiting for settings title
2026-01-06T08:29:44.3690200Z   [Helper] Closing settings modal
2026-01-06T08:29:44.8059546Z ·  [beforeEach] Reloading page to enforce clean state...
2026-01-06T08:29:45.5649802Z   [Helper] Cleaning up existing modals (if any)
2026-01-06T08:29:45.6049192Z   [Helper] Finding Settings button
2026-01-06T08:29:45.6087064Z   [Helper] Clicking Settings button
2026-01-06T08:29:46.0783461Z   [Helper] Waiting for settings title
2026-01-06T08:29:47.6172043Z ×Connecting to Tauri app via CDP...
2026-01-06T08:29:47.7107628Z Connected to CDP!
2026-01-06T08:29:47.7108377Z   [Setup] Available pages:
2026-01-06T08:29:47.7250939Z     - Title: "Screen Inu", URL: http://localhost:1420/
2026-01-06T08:29:47.7288581Z   [Setup] Selected page: "Screen Inu" (http://localhost:1420/)
2026-01-06T08:29:47.8481571Z   [beforeEach] Closing open modal...
2026-01-06T08:29:48.4022661Z   [beforeEach] Reloading page to enforce clean state...
2026-01-06T08:29:49.3812514Z   [Helper] Cleaning up existing modals (if any)
2026-01-06T08:29:49.4148981Z   [Helper] Finding Settings button
2026-01-06T08:29:49.4284606Z   [Helper] Clicking Settings button
2026-01-06T08:29:49.7948193Z   [Helper] Waiting for settings title
2026-01-06T08:29:51.7020967Z ×Connecting to Tauri app via CDP...
2026-01-06T08:29:51.7833370Z Connected to CDP!
2026-01-06T08:29:51.7834500Z   [Setup] Available pages:
2026-01-06T08:29:51.7903472Z     - Title: "Screen Inu", URL: http://localhost:1420/
2026-01-06T08:29:51.7947463Z   [Setup] Selected page: "Screen Inu" (http://localhost:1420/)
2026-01-06T08:29:51.8997165Z   [beforeEach] Closing open modal...
2026-01-06T08:29:52.4367378Z   [beforeEach] Reloading page to enforce clean state...
2026-01-06T08:29:53.1562824Z   [Helper] Cleaning up existing modals (if any)
2026-01-06T08:29:53.1833853Z   [Helper] Finding Settings button
2026-01-06T08:29:53.1897662Z   [Helper] Clicking Settings button
2026-01-06T08:29:54.1760966Z   [Helper] Waiting for settings title
2026-01-06T08:29:55.7221315Z FConnecting to Tauri app via CDP...
2026-01-06T08:29:55.7881059Z Connected to CDP!
2026-01-06T08:29:55.7882014Z   [Setup] Available pages:
2026-01-06T08:29:55.8049893Z     - Title: "Screen Inu", URL: http://localhost:1420/
2026-01-06T08:29:55.8085504Z   [Setup] Selected page: "Screen Inu" (http://localhost:1420/)
2026-01-06T08:29:55.8731832Z   [beforeEach] Closing open modal...
2026-01-06T08:29:56.4129116Z   [beforeEach] Reloading page to enforce clean state...
2026-01-06T08:29:57.1805215Z   [Helper] Opening History Drawer
2026-01-06T08:29:59.0092957Z ·  [beforeEach] Reloading page to enforce clean state...
2026-01-06T08:29:59.7592786Z   [Helper] Opening History Drawer
2026-01-06T08:30:02.4042001Z ×Connecting to Tauri app via CDP...
2026-01-06T08:30:02.5216981Z Connected to CDP!
2026-01-06T08:30:02.5218052Z   [Setup] Available pages:
2026-01-06T08:30:02.5386495Z     - Title: "Screen Inu", URL: http://localhost:1420/
2026-01-06T08:30:02.5542206Z   [Setup] Selected page: "Screen Inu" (http://localhost:1420/)
2026-01-06T08:30:02.7247885Z   [beforeEach] Closing open modal...
2026-01-06T08:30:03.2752979Z   [beforeEach] Reloading page to enforce clean state...
2026-01-06T08:30:04.2901268Z   [Helper] Opening History Drawer
2026-01-06T08:30:06.7172764Z ×Connecting to Tauri app via CDP...
2026-01-06T08:30:06.7884635Z Connected to CDP!
2026-01-06T08:30:06.7886721Z   [Setup] Available pages:
2026-01-06T08:30:06.8065880Z     - Title: "Screen Inu", URL: http://localhost:1420/
2026-01-06T08:30:06.8105197Z   [Setup] Selected page: "Screen Inu" (http://localhost:1420/)
2026-01-06T08:30:06.9285986Z   [beforeEach] Closing open modal...
2026-01-06T08:30:07.4809234Z   [beforeEach] Reloading page to enforce clean state...
2026-01-06T08:30:08.2444606Z   [Helper] Opening History Drawer
2026-01-06T08:30:10.8841899Z FConnecting to Tauri app via CDP...
2026-01-06T08:30:10.9563612Z Connected to CDP!
2026-01-06T08:30:10.9576199Z   [Setup] Available pages:
2026-01-06T08:30:10.9737017Z     - Title: "Screen Inu", URL: http://localhost:1420/
2026-01-06T08:30:10.9772719Z   [Setup] Selected page: "Screen Inu" (http://localhost:1420/)
2026-01-06T08:30:11.0754805Z   [beforeEach] Closing open modal...
2026-01-06T08:30:11.6310519Z   [beforeEach] Reloading page to enforce clean state...
2026-01-06T08:30:12.3098620Z   [Helper] Cleaning up existing modals (if any)
2026-01-06T08:30:12.3368834Z   [Helper] Finding Settings button
2026-01-06T08:30:12.3427725Z   [Helper] Clicking Settings button
2026-01-06T08:30:13.3503019Z   [Helper] Waiting for settings title
2026-01-06T08:30:13.6834723Z   [Helper] Closing settings modal
2026-01-06T08:30:14.1513278Z ·  [beforeEach] Reloading page to enforce clean state...
2026-01-06T08:30:14.9877861Z ·  [beforeEach] Reloading page to enforce clean state...
2026-01-06T08:30:15.8288876Z ·  [beforeEach] Reloading page to enforce clean state...
2026-01-06T08:30:16.6230937Z   [Helper] Opening History Drawer
2026-01-06T08:30:19.0743833Z   [Test] Initial history items: 0
2026-01-06T08:30:19.4620025Z ·  [beforeEach] Reloading page to enforce clean state...
2026-01-06T08:30:20.2683785Z   [Helper] Opening History Drawer
2026-01-06T08:30:22.7341849Z   [Helper] Opening History Drawer
2026-01-06T08:30:24.1387653Z ·  [beforeEach] Reloading page to enforce clean state...
2026-01-06T08:30:25.0686939Z   [Helper] Cleaning up existing modals (if any)
2026-01-06T08:30:25.0961254Z   [Helper] Finding Settings button
2026-01-06T08:30:25.0989328Z   [Helper] Clicking Settings button
2026-01-06T08:30:26.0990837Z   [Helper] Waiting for settings title
2026-01-06T08:30:26.4200086Z   [Test] Current language: auto
2026-01-06T08:30:26.4200955Z   [Helper] Closing settings modal
2026-01-06T08:30:26.8325528Z   [Helper] Cleaning up existing modals (if any)
2026-01-06T08:30:26.8358915Z   [Helper] Finding Settings button
2026-01-06T08:30:26.8382090Z   [Helper] Clicking Settings button
2026-01-06T08:30:26.9494400Z   [Helper] Waiting for settings title
2026-01-06T08:30:27.2737095Z   [Helper] Closing settings modal
2026-01-06T08:30:27.7345322Z ·  [beforeEach] Reloading page to enforce clean state...
2026-01-06T08:30:28.5059036Z   [Helper] Cleaning up existing modals (if any)
2026-01-06T08:30:28.5350333Z   [Helper] Finding Settings button
2026-01-06T08:30:28.5381078Z   [Helper] Clicking Settings button
2026-01-06T08:30:29.5144113Z   [Helper] Waiting for settings title
2026-01-06T08:30:29.8315365Z   [Helper] Closing settings modal
2026-01-06T08:30:50.8845136Z ····[Setup] Connecting to Tauri app via CDP...
2026-01-06T08:31:52.2000140Z ×[Setup] Connecting to Tauri app via CDP...
2026-01-06T08:32:54.9983206Z ×[Setup] Connecting to Tauri app via CDP...
2026-01-06T08:33:55.2001799Z T
2026-01-06T08:33:55.2018165Z 
2026-01-06T08:33:55.2045516Z   1) e2e\playwright\app.spec.ts:135:5 › Basic App › should load main interface ─────────────────────
2026-01-06T08:33:55.2048935Z 
2026-01-06T08:33:55.2049423Z     [31m"beforeAll" hook timeout of 300000ms exceeded.[39m
2026-01-06T08:33:55.2049866Z 
2026-01-06T08:33:55.2050030Z        6 | let page: Page;
2026-01-06T08:33:55.2050547Z        7 |
2026-01-06T08:33:55.2050983Z     >  8 | test.beforeAll(async () => {
2026-01-06T08:33:55.2051450Z          |      ^
2026-01-06T08:33:55.2052091Z        9 |     // Increase timeout for the hook to 5 minutes to accommodate slow CI builds
2026-01-06T08:33:55.2052829Z       10 |     test.setTimeout(300000);
2026-01-06T08:33:55.2053497Z       11 |     console.log('Connecting to Tauri app via CDP...');
2026-01-06T08:33:55.2054533Z         at D:\a\screen_inu\screen_inu\app\e2e\playwright\app.spec.ts:8:6
2026-01-06T08:33:55.2054996Z 
2026-01-06T08:33:55.2055609Z     Retry #1 ───────────────────────────────────────────────────────────────────────────────────────
2026-01-06T08:33:55.2056077Z 
2026-01-06T08:33:55.2056496Z     [31m"beforeAll" hook timeout of 300000ms exceeded.[39m
2026-01-06T08:33:55.2056876Z 
2026-01-06T08:33:55.2057078Z        6 | let page: Page;
2026-01-06T08:33:55.2057444Z        7 |
2026-01-06T08:33:55.2057847Z     >  8 | test.beforeAll(async () => {
2026-01-06T08:33:55.2058344Z          |      ^
2026-01-06T08:33:55.2058984Z        9 |     // Increase timeout for the hook to 5 minutes to accommodate slow CI builds
2026-01-06T08:33:55.2059682Z       10 |     test.setTimeout(300000);
2026-01-06T08:33:55.2060281Z       11 |     console.log('Connecting to Tauri app via CDP...');
2026-01-06T08:33:55.2061029Z         at D:\a\screen_inu\screen_inu\app\e2e\playwright\app.spec.ts:8:6
2026-01-06T08:33:55.2061433Z 
2026-01-06T08:33:55.2062090Z     attachment #1: trace (application/zip) ─────────────────────────────────────────────────────────
2026-01-06T08:33:55.2063123Z     test-results\app-Basic-App-should-load-main-interface-retry1\trace.zip
2026-01-06T08:33:55.2063820Z     Usage:
2026-01-06T08:33:55.2063995Z 
2026-01-06T08:33:55.2064589Z         npx playwright show-trace test-results\app-Basic-App-should-load-main-interface-retry1\trace.zip
2026-01-06T08:33:55.2065262Z 
2026-01-06T08:33:55.2066115Z     ────────────────────────────────────────────────────────────────────────────────────────────────
2026-01-06T08:33:55.2066543Z 
2026-01-06T08:33:55.2067095Z     Retry #2 ───────────────────────────────────────────────────────────────────────────────────────
2026-01-06T08:33:55.2067529Z 
2026-01-06T08:33:55.2067992Z     [31m"beforeAll" hook timeout of 300000ms exceeded.[39m
2026-01-06T08:33:55.2068387Z 
2026-01-06T08:33:55.2068590Z        6 | let page: Page;
2026-01-06T08:33:55.2069002Z        7 |
2026-01-06T08:33:55.2069401Z     >  8 | test.beforeAll(async () => {
2026-01-06T08:33:55.2069869Z          |      ^
2026-01-06T08:33:55.2070490Z        9 |     // Increase timeout for the hook to 5 minutes to accommodate slow CI builds
2026-01-06T08:33:55.2071488Z       10 |     test.setTimeout(300000);
2026-01-06T08:33:55.2072106Z       11 |     console.log('Connecting to Tauri app via CDP...');
2026-01-06T08:33:55.2072871Z         at D:\a\screen_inu\screen_inu\app\e2e\playwright\app.spec.ts:8:6
2026-01-06T08:33:55.2073354Z 
2026-01-06T08:33:55.2074209Z   2) e2e\playwright\cloud_sync.spec.ts:175:5 › Cloud Sync (CRDT) › should display Reset button for Storage Location 
2026-01-06T08:33:55.2075213Z 
2026-01-06T08:33:55.2075969Z     Error: [2mexpect([22m[31mreceived[39m[2m).[22mtoBeGreaterThanOrEqual[2m([22m[32mexpected[39m[2m)[22m
2026-01-06T08:33:55.2076666Z 
2026-01-06T08:33:55.2076889Z     Expected: >= [32m1[39m
2026-01-06T08:33:55.2077381Z     Received:    [31m0[39m
2026-01-06T08:33:55.2077669Z 
2026-01-06T08:33:55.2077895Z       178 |         // Look for reset/default button
2026-01-06T08:33:55.2105926Z       179 |         const resetButton = page.locator('button').filter({ hasText: /reset|default|重設|預設/i });
2026-01-06T08:33:55.2107012Z     > 180 |         expect(await resetButton.count()).toBeGreaterThanOrEqual(1);
2026-01-06T08:33:55.2108014Z           |                                           ^
2026-01-06T08:33:55.2108499Z       181 |
2026-01-06T08:33:55.2108946Z       182 |         await closeSettings();
2026-01-06T08:33:55.2109502Z       183 |     });
2026-01-06T08:33:55.2110173Z         at D:\a\screen_inu\screen_inu\app\e2e\playwright\cloud_sync.spec.ts:180:43
2026-01-06T08:33:55.2110669Z 
2026-01-06T08:33:55.2111383Z     Error Context: test-results\cloud_sync-Cloud-Sync-CRDT-5d963-button-for-Storage-Location\error-context.md
2026-01-06T08:33:55.2112124Z 
2026-01-06T08:33:55.2112755Z     Retry #1 ───────────────────────────────────────────────────────────────────────────────────────
2026-01-06T08:33:55.2113190Z 
2026-01-06T08:33:55.2113978Z     Error: [2mexpect([22m[31mreceived[39m[2m).[22mtoBeGreaterThanOrEqual[2m([22m[32mexpected[39m[2m)[22m
2026-01-06T08:33:55.2115039Z 
2026-01-06T08:33:55.2115371Z     Expected: >= [32m1[39m
2026-01-06T08:33:55.2115922Z     Received:    [31m0[39m
2026-01-06T08:33:55.2116186Z 
2026-01-06T08:33:55.2116458Z       178 |         // Look for reset/default button
2026-01-06T08:33:55.2119074Z       179 |         const resetButton = page.locator('button').filter({ hasText: /reset|default|重設|預設/i });
2026-01-06T08:33:55.2120174Z     > 180 |         expect(await resetButton.count()).toBeGreaterThanOrEqual(1);
2026-01-06T08:33:55.2120905Z           |                                           ^
2026-01-06T08:33:55.2121459Z       181 |
2026-01-06T08:33:55.2121955Z       182 |         await closeSettings();
2026-01-06T08:33:55.2122524Z       183 |     });
2026-01-06T08:33:55.2123237Z         at D:\a\screen_inu\screen_inu\app\e2e\playwright\cloud_sync.spec.ts:180:43
2026-01-06T08:33:55.2123789Z 
2026-01-06T08:33:55.2124530Z     Error Context: test-results\cloud_sync-Cloud-Sync-CRDT-5d963-button-for-Storage-Location-retry1\error-context.md
2026-01-06T08:33:55.2125373Z 
2026-01-06T08:33:55.2126490Z     attachment #2: trace (application/zip) ─────────────────────────────────────────────────────────
2026-01-06T08:33:55.2127910Z     test-results\cloud_sync-Cloud-Sync-CRDT-5d963-button-for-Storage-Location-retry1\trace.zip
2026-01-06T08:33:55.2128729Z     Usage:
2026-01-06T08:33:55.2129320Z 
2026-01-06T08:33:55.2130093Z         npx playwright show-trace test-results\cloud_sync-Cloud-Sync-CRDT-5d963-button-for-Storage-Location-retry1\trace.zip
2026-01-06T08:33:55.2130942Z 
2026-01-06T08:33:55.2131505Z     ────────────────────────────────────────────────────────────────────────────────────────────────
2026-01-06T08:33:55.2131945Z 
2026-01-06T08:33:55.2132471Z     Retry #2 ───────────────────────────────────────────────────────────────────────────────────────
2026-01-06T08:33:55.2132928Z 
2026-01-06T08:33:55.2133716Z     Error: [2mexpect([22m[31mreceived[39m[2m).[22mtoBeGreaterThanOrEqual[2m([22m[32mexpected[39m[2m)[22m
2026-01-06T08:33:55.2134789Z 
2026-01-06T08:33:55.2135241Z     Expected: >= [32m1[39m
2026-01-06T08:33:55.2135834Z     Received:    [31m0[39m
2026-01-06T08:33:55.2136166Z 
2026-01-06T08:33:55.2136432Z       178 |         // Look for reset/default button
2026-01-06T08:33:55.2138151Z       179 |         const resetButton = page.locator('button').filter({ hasText: /reset|default|重設|預設/i });
2026-01-06T08:33:55.2139197Z     > 180 |         expect(await resetButton.count()).toBeGreaterThanOrEqual(1);
2026-01-06T08:33:55.2139871Z           |                                           ^
2026-01-06T08:33:55.2140343Z       181 |
2026-01-06T08:33:55.2140734Z       182 |         await closeSettings();
2026-01-06T08:33:55.2141183Z       183 |     });
2026-01-06T08:33:55.2141732Z         at D:\a\screen_inu\screen_inu\app\e2e\playwright\cloud_sync.spec.ts:180:43
2026-01-06T08:33:55.2142224Z 
2026-01-06T08:33:55.2142896Z     Error Context: test-results\cloud_sync-Cloud-Sync-CRDT-5d963-button-for-Storage-Location-retry2\error-context.md
2026-01-06T08:33:55.2143668Z 
2026-01-06T08:33:55.2144579Z   3) e2e\playwright\cloud_sync.spec.ts:197:5 › Cloud Sync (CRDT) › should display Clear History button in History Drawer 
2026-01-06T08:33:55.2145218Z 
2026-01-06T08:33:55.2146187Z     Error: [2mexpect([22m[31mreceived[39m[2m).[22mtoBeGreaterThanOrEqual[2m([22m[32mexpected[39m[2m)[22m
2026-01-06T08:33:55.2146920Z 
2026-01-06T08:33:55.2147274Z     Expected: >= [32m1[39m
2026-01-06T08:33:55.2147834Z     Received:    [31m0[39m
2026-01-06T08:33:55.2148100Z 
2026-01-06T08:33:55.2148384Z       200 |         // Look for clear/dig button
2026-01-06T08:33:55.2162594Z       201 |         const clearButton = page.locator('button').filter({ hasText: /clear|dig|清除|挖/i });
2026-01-06T08:33:55.2163920Z     > 202 |         expect(await clearButton.count()).toBeGreaterThanOrEqual(1);
2026-01-06T08:33:55.2164644Z           |                                           ^
2026-01-06T08:33:55.2165108Z       203 |
2026-01-06T08:33:55.2165533Z       204 |         // Close drawer
2026-01-06T08:33:55.2166124Z       205 |         await page.keyboard.press('Escape');
2026-01-06T08:33:55.2166924Z         at D:\a\screen_inu\screen_inu\app\e2e\playwright\cloud_sync.spec.ts:202:43
2026-01-06T08:33:55.2167458Z 
2026-01-06T08:33:55.2168138Z     Error Context: test-results\cloud_sync-Cloud-Sync-CRDT-b8c3b-ry-button-in-History-Drawer\error-context.md
2026-01-06T08:33:55.2168914Z 
2026-01-06T08:33:55.2169511Z     Retry #1 ───────────────────────────────────────────────────────────────────────────────────────
2026-01-06T08:33:55.2169994Z 
2026-01-06T08:33:55.2170765Z     Error: [2mexpect([22m[31mreceived[39m[2m).[22mtoBeGreaterThanOrEqual[2m([22m[32mexpected[39m[2m)[22m
2026-01-06T08:33:55.2171482Z 
2026-01-06T08:33:55.2171714Z     Expected: >= [32m1[39m
2026-01-06T08:33:55.2172238Z     Received:    [31m0[39m
2026-01-06T08:33:55.2172528Z 
2026-01-06T08:33:55.2173008Z       200 |         // Look for clear/dig button
2026-01-06T08:33:55.2174035Z       201 |         const clearButton = page.locator('button').filter({ hasText: /clear|dig|清除|挖/i });
2026-01-06T08:33:55.2175028Z     > 202 |         expect(await clearButton.count()).toBeGreaterThanOrEqual(1);
2026-01-06T08:33:55.2175747Z           |                                           ^
2026-01-06T08:33:55.2176241Z       203 |
2026-01-06T08:33:55.2176631Z       204 |         // Close drawer
2026-01-06T08:33:55.2177204Z       205 |         await page.keyboard.press('Escape');
2026-01-06T08:33:55.2177992Z         at D:\a\screen_inu\screen_inu\app\e2e\playwright\cloud_sync.spec.ts:202:43
2026-01-06T08:33:55.2178479Z 
2026-01-06T08:33:55.2179242Z     Error Context: test-results\cloud_sync-Cloud-Sync-CRDT-b8c3b-ry-button-in-History-Drawer-retry1\error-context.md
2026-01-06T08:33:55.2180033Z 
2026-01-06T08:33:55.2180757Z     attachment #2: trace (application/zip) ─────────────────────────────────────────────────────────
2026-01-06T08:33:55.2181941Z     test-results\cloud_sync-Cloud-Sync-CRDT-b8c3b-ry-button-in-History-Drawer-retry1\trace.zip
2026-01-06T08:33:55.2182766Z     Usage:
2026-01-06T08:33:55.2182951Z 
2026-01-06T08:33:55.2183752Z         npx playwright show-trace test-results\cloud_sync-Cloud-Sync-CRDT-b8c3b-ry-button-in-History-Drawer-retry1\trace.zip
2026-01-06T08:33:55.2184580Z 
2026-01-06T08:33:55.2185177Z     ────────────────────────────────────────────────────────────────────────────────────────────────
2026-01-06T08:33:55.2185596Z 
2026-01-06T08:33:55.2186174Z     Retry #2 ───────────────────────────────────────────────────────────────────────────────────────
2026-01-06T08:33:55.2186603Z 
2026-01-06T08:33:55.2187816Z     Error: [2mexpect([22m[31mreceived[39m[2m).[22mtoBeGreaterThanOrEqual[2m([22m[32mexpected[39m[2m)[22m
2026-01-06T08:33:55.2188783Z 
2026-01-06T08:33:55.2189083Z     Expected: >= [32m1[39m
2026-01-06T08:33:55.2189642Z     Received:    [31m0[39m
2026-01-06T08:33:55.2189943Z 
2026-01-06T08:33:55.2190204Z       200 |         // Look for clear/dig button
2026-01-06T08:33:55.2191235Z       201 |         const clearButton = page.locator('button').filter({ hasText: /clear|dig|清除|挖/i });
2026-01-06T08:33:55.2192295Z     > 202 |         expect(await clearButton.count()).toBeGreaterThanOrEqual(1);
2026-01-06T08:33:55.2193292Z           |                                           ^
2026-01-06T08:33:55.2193819Z       203 |
2026-01-06T08:33:55.2194219Z       204 |         // Close drawer
2026-01-06T08:33:55.2194807Z       205 |         await page.keyboard.press('Escape');
2026-01-06T08:33:55.2195597Z         at D:\a\screen_inu\screen_inu\app\e2e\playwright\cloud_sync.spec.ts:202:43
2026-01-06T08:33:55.2196115Z 
2026-01-06T08:33:55.2196809Z     Error Context: test-results\cloud_sync-Cloud-Sync-CRDT-b8c3b-ry-button-in-History-Drawer-retry2\error-context.md
2026-01-06T08:33:55.2197681Z 
2026-01-06T08:33:55.2198517Z   4) e2e\playwright\tts.spec.ts:49:5 › TTS Feature › should verify TTS button visibility via history item load 
2026-01-06T08:33:55.2199267Z 
2026-01-06T08:33:55.2199716Z     [31m"beforeAll" hook timeout of 60000ms exceeded.[39m
2026-01-06T08:33:55.2200151Z 
2026-01-06T08:33:55.2200333Z        6 | let page: Page;
2026-01-06T08:33:55.2200809Z        7 |
2026-01-06T08:33:55.2201246Z     >  8 | test.beforeAll(async () => {
2026-01-06T08:33:55.2201833Z          |      ^
2026-01-06T08:33:55.2202358Z        9 |     test.setTimeout(60000); // 1 min setup timeout
2026-01-06T08:33:55.2203131Z       10 |     console.log('[Setup] Connecting to Tauri app via CDP...');
2026-01-06T08:33:55.2203763Z       11 |     for (let i = 0; i < 60; i++) {
2026-01-06T08:33:55.2204392Z         at D:\a\screen_inu\screen_inu\app\e2e\playwright\tts.spec.ts:8:6
2026-01-06T08:33:55.2204820Z 
2026-01-06T08:33:55.2205390Z     Retry #1 ───────────────────────────────────────────────────────────────────────────────────────
2026-01-06T08:33:55.2205854Z 
2026-01-06T08:33:55.2207103Z     [31m"beforeAll" hook timeout of 60000ms exceeded.[39m
2026-01-06T08:33:55.2207581Z 
2026-01-06T08:33:55.2207763Z        6 | let page: Page;
2026-01-06T08:33:55.2209405Z        7 |
2026-01-06T08:33:55.2209908Z     >  8 | test.beforeAll(async () => {
2026-01-06T08:33:55.2210401Z          |      ^
2026-01-06T08:33:55.2210919Z        9 |     test.setTimeout(60000); // 1 min setup timeout
2026-01-06T08:33:55.2211657Z       10 |     console.log('[Setup] Connecting to Tauri app via CDP...');
2026-01-06T08:33:55.2212283Z       11 |     for (let i = 0; i < 60; i++) {
2026-01-06T08:33:55.2212970Z         at D:\a\screen_inu\screen_inu\app\e2e\playwright\tts.spec.ts:8:6
2026-01-06T08:33:55.2213446Z 
2026-01-06T08:33:55.2214157Z     attachment #1: trace (application/zip) ─────────────────────────────────────────────────────────
2026-01-06T08:33:55.2215412Z     test-results\tts-TTS-Feature-should-ver-8d211-ility-via-history-item-load-retry1\trace.zip
2026-01-06T08:33:55.2216311Z     Usage:
2026-01-06T08:33:55.2216572Z 
2026-01-06T08:33:55.2217346Z         npx playwright show-trace test-results\tts-TTS-Feature-should-ver-8d211-ility-via-history-item-load-retry1\trace.zip
2026-01-06T08:33:55.2218253Z 
2026-01-06T08:33:55.2218829Z     ────────────────────────────────────────────────────────────────────────────────────────────────
2026-01-06T08:33:55.2219284Z 
2026-01-06T08:33:55.2220030Z     Retry #2 ───────────────────────────────────────────────────────────────────────────────────────
2026-01-06T08:33:55.2220508Z 
2026-01-06T08:33:55.2221192Z     [31m"beforeAll" hook timeout of 60000ms exceeded.[39m
2026-01-06T08:33:55.2221668Z 
2026-01-06T08:33:55.2221855Z        6 | let page: Page;
2026-01-06T08:33:55.2222303Z        7 |
2026-01-06T08:33:55.2223207Z     >  8 | test.beforeAll(async () => {
2026-01-06T08:33:55.2223709Z          |      ^
2026-01-06T08:33:55.2224215Z        9 |     test.setTimeout(60000); // 1 min setup timeout
2026-01-06T08:33:55.2224950Z       10 |     console.log('[Setup] Connecting to Tauri app via CDP...');
2026-01-06T08:33:55.2225688Z       11 |     for (let i = 0; i < 60; i++) {
2026-01-06T08:33:55.2226432Z         at D:\a\screen_inu\screen_inu\app\e2e\playwright\tts.spec.ts:8:6
2026-01-06T08:33:55.2226923Z 
2026-01-06T08:33:55.2227107Z   4 failed
2026-01-06T08:33:55.2228059Z     e2e\playwright\app.spec.ts:135:5 › Basic App › should load main interface ──────────────────────
2026-01-06T08:33:55.2229577Z     e2e\playwright\cloud_sync.spec.ts:175:5 › Cloud Sync (CRDT) › should display Reset button for Storage Location 
2026-01-06T08:33:55.2231172Z     e2e\playwright\cloud_sync.spec.ts:197:5 › Cloud Sync (CRDT) › should display Clear History button in History Drawer 
2026-01-06T08:33:55.2232677Z     e2e\playwright\tts.spec.ts:49:5 › TTS Feature › should verify TTS button visibility via history item load 
2026-01-06T08:33:55.2233738Z   16 did not run
2026-01-06T08:33:55.2234190Z   12 passed (19.4m)
2026-01-06T08:33:55.7733001Z ##[error]Process completed with exit code 1.
2026-01-06T08:33:55.8832597Z Post job cleanup.
2026-01-06T08:33:56.1681241Z [command]"C:\Program Files\Git\bin\git.exe" version
2026-01-06T08:33:56.2501462Z git version 2.52.0.windows.1
2026-01-06T08:33:56.2577807Z Temporarily overriding HOME='D:\a\_temp\07501d3f-7fbf-4bc2-b2d9-b40391c427b3' before making global git config changes
2026-01-06T08:33:56.2578957Z Adding repository directory to the temporary git global config as a safe directory
2026-01-06T08:33:56.2590793Z [command]"C:\Program Files\Git\bin\git.exe" config --global --add safe.directory D:\a\screen_inu\screen_inu
2026-01-06T08:33:56.2948672Z [command]"C:\Program Files\Git\bin\git.exe" config --local --name-only --get-regexp core\.sshCommand
2026-01-06T08:33:56.3244431Z [command]"C:\Program Files\Git\bin\git.exe" submodule foreach --recursive "sh -c \"git config --local --name-only --get-regexp 'core\.sshCommand' && git config --local --unset-all 'core.sshCommand' || :\""
2026-01-06T08:33:56.9090411Z fatal: No url found for submodule path 'homebrew-screen-inu' in .gitmodules
2026-01-06T08:33:56.9202017Z ##[warning]The process 'C:\Program Files\Git\bin\git.exe' failed with exit code 128
2026-01-06T08:33:56.9334516Z Cleaning up orphan processes
